Archive member included to satisfy reference by file (symbol)

c:/mounriver/mounriver_studio/toolchain/risc-v embedded gcc/bin/../lib/gcc/riscv-none-embed/8.2.0/../../../../riscv-none-embed/lib/rv32imafc/ilp32f\libm.a(lib_a-wf_asin.o)
                              ./General_Files/eMPL/inv_mpu.o (asinf)
c:/mounriver/mounriver_studio/toolchain/risc-v embedded gcc/bin/../lib/gcc/riscv-none-embed/8.2.0/../../../../riscv-none-embed/lib/rv32imafc/ilp32f\libm.a(lib_a-wf_atan2.o)
                              ./General_Files/eMPL/inv_mpu.o (atan2f)
c:/mounriver/mounriver_studio/toolchain/risc-v embedded gcc/bin/../lib/gcc/riscv-none-embed/8.2.0/../../../../riscv-none-embed/lib/rv32imafc/ilp32f\libm.a(lib_a-ef_asin.o)
                              c:/mounriver/mounriver_studio/toolchain/risc-v embedded gcc/bin/../lib/gcc/riscv-none-embed/8.2.0/../../../../riscv-none-embed/lib/rv32imafc/ilp32f\libm.a(lib_a-wf_asin.o) (__ieee754_asinf)
c:/mounriver/mounriver_studio/toolchain/risc-v embedded gcc/bin/../lib/gcc/riscv-none-embed/8.2.0/../../../../riscv-none-embed/lib/rv32imafc/ilp32f\libm.a(lib_a-ef_atan2.o)
                              c:/mounriver/mounriver_studio/toolchain/risc-v embedded gcc/bin/../lib/gcc/riscv-none-embed/8.2.0/../../../../riscv-none-embed/lib/rv32imafc/ilp32f\libm.a(lib_a-wf_atan2.o) (__ieee754_atan2f)
c:/mounriver/mounriver_studio/toolchain/risc-v embedded gcc/bin/../lib/gcc/riscv-none-embed/8.2.0/../../../../riscv-none-embed/lib/rv32imafc/ilp32f\libm.a(lib_a-ef_sqrt.o)
                              c:/mounriver/mounriver_studio/toolchain/risc-v embedded gcc/bin/../lib/gcc/riscv-none-embed/8.2.0/../../../../riscv-none-embed/lib/rv32imafc/ilp32f\libm.a(lib_a-ef_asin.o) (__ieee754_sqrtf)
c:/mounriver/mounriver_studio/toolchain/risc-v embedded gcc/bin/../lib/gcc/riscv-none-embed/8.2.0/../../../../riscv-none-embed/lib/rv32imafc/ilp32f\libm.a(lib_a-s_lib_ver.o)
                              c:/mounriver/mounriver_studio/toolchain/risc-v embedded gcc/bin/../lib/gcc/riscv-none-embed/8.2.0/../../../../riscv-none-embed/lib/rv32imafc/ilp32f\libm.a(lib_a-wf_asin.o) (__fdlib_version)
c:/mounriver/mounriver_studio/toolchain/risc-v embedded gcc/bin/../lib/gcc/riscv-none-embed/8.2.0/../../../../riscv-none-embed/lib/rv32imafc/ilp32f\libm.a(lib_a-s_matherr.o)
                              c:/mounriver/mounriver_studio/toolchain/risc-v embedded gcc/bin/../lib/gcc/riscv-none-embed/8.2.0/../../../../riscv-none-embed/lib/rv32imafc/ilp32f\libm.a(lib_a-wf_asin.o) (matherr)
c:/mounriver/mounriver_studio/toolchain/risc-v embedded gcc/bin/../lib/gcc/riscv-none-embed/8.2.0/../../../../riscv-none-embed/lib/rv32imafc/ilp32f\libm.a(lib_a-s_nan.o)
                              c:/mounriver/mounriver_studio/toolchain/risc-v embedded gcc/bin/../lib/gcc/riscv-none-embed/8.2.0/../../../../riscv-none-embed/lib/rv32imafc/ilp32f\libm.a(lib_a-wf_asin.o) (nan)
c:/mounriver/mounriver_studio/toolchain/risc-v embedded gcc/bin/../lib/gcc/riscv-none-embed/8.2.0/../../../../riscv-none-embed/lib/rv32imafc/ilp32f\libm.a(lib_a-sf_atan.o)
                              c:/mounriver/mounriver_studio/toolchain/risc-v embedded gcc/bin/../lib/gcc/riscv-none-embed/8.2.0/../../../../riscv-none-embed/lib/rv32imafc/ilp32f\libm.a(lib_a-ef_atan2.o) (atanf)
c:/mounriver/mounriver_studio/toolchain/risc-v embedded gcc/bin/../lib/gcc/riscv-none-embed/8.2.0/../../../../riscv-none-embed/lib/rv32imafc/ilp32f\libm.a(lib_a-sf_fabs.o)
                              c:/mounriver/mounriver_studio/toolchain/risc-v embedded gcc/bin/../lib/gcc/riscv-none-embed/8.2.0/../../../../riscv-none-embed/lib/rv32imafc/ilp32f\libm.a(lib_a-wf_asin.o) (fabsf)
c:/mounriver/mounriver_studio/toolchain/risc-v embedded gcc/bin/../lib/gcc/riscv-none-embed/8.2.0/../../../../riscv-none-embed/lib/rv32imafc/ilp32f\libprintfloat.a(printfloat.o)
                              ./User/main.o (printf)
c:/mounriver/mounriver_studio/toolchain/risc-v embedded gcc/bin/../lib/gcc/riscv-none-embed/8.2.0/rv32imafc/ilp32f\libgcc.a(_divdi3.o)
                              ./General_Files/eMPL/inv_mpu.o (__divdi3)
c:/mounriver/mounriver_studio/toolchain/risc-v embedded gcc/bin/../lib/gcc/riscv-none-embed/8.2.0/rv32imafc/ilp32f\libgcc.a(_udivdi3.o)
                              c:/mounriver/mounriver_studio/toolchain/risc-v embedded gcc/bin/../lib/gcc/riscv-none-embed/8.2.0/../../../../riscv-none-embed/lib/rv32imafc/ilp32f\libprintfloat.a(printfloat.o) (__udivdi3)
c:/mounriver/mounriver_studio/toolchain/risc-v embedded gcc/bin/../lib/gcc/riscv-none-embed/8.2.0/rv32imafc/ilp32f\libgcc.a(_umoddi3.o)
                              c:/mounriver/mounriver_studio/toolchain/risc-v embedded gcc/bin/../lib/gcc/riscv-none-embed/8.2.0/../../../../riscv-none-embed/lib/rv32imafc/ilp32f\libprintfloat.a(printfloat.o) (__umoddi3)
c:/mounriver/mounriver_studio/toolchain/risc-v embedded gcc/bin/../lib/gcc/riscv-none-embed/8.2.0/rv32imafc/ilp32f\libgcc.a(adddf3.o)
[...]
Memory Configuration

Name             Origin             Length             Attributes
FLASH            0x0000000000000000 0x0000000000048000 xr
RAM              0x0000000020000000 0x0000000000008000 xrw
*default*        0x0000000000000000 0xffffffffffffffff

Linker script and memory map

LOAD ./User/ch32v30x_it.o
LOAD ./User/main.o
LOAD ./User/system_ch32v30x.o
LOAD ./Startup/startup_ch32v30x_D8C.o
LOAD ./Peripheral/src/ch32v30x_adc.o
LOAD ./Peripheral/src/ch32v30x_bkp.o
LOAD ./Peripheral/src/ch32v30x_can.o
LOAD ./Peripheral/src/ch32v30x_crc.o
LOAD ./Peripheral/src/ch32v30x_dac.o
LOAD ./Peripheral/src/ch32v30x_dbgmcu.o
LOAD ./Peripheral/src/ch32v30x_dma.o
LOAD ./Peripheral/src/ch32v30x_dvp.o
LOAD ./Peripheral/src/ch32v30x_eth.o
LOAD ./Peripheral/src/ch32v30x_exti.o
LOAD ./Peripheral/src/ch32v30x_flash.o
LOAD ./Peripheral/src/ch32v30x_fsmc.o
LOAD ./Peripheral/src/ch32v30x_gpio.o
LOAD ./Peripheral/src/ch32v30x_i2c.o
LOAD ./Peripheral/src/ch32v30x_iwdg.o
LOAD ./Peripheral/src/ch32v30x_misc.o
LOAD ./Peripheral/src/ch32v30x_opa.o
LOAD ./Peripheral/src/ch32v30x_pwr.o
LOAD ./Peripheral/src/ch32v30x_rcc.o
LOAD ./Peripheral/src/ch32v30x_rng.o
LOAD ./Peripheral/src/ch32v30x_rtc.o
LOAD ./Peripheral/src/ch32v30x_sdio.o
LOAD ./Peripheral/src/ch32v30x_spi.o
LOAD ./Peripheral/src/ch32v30x_tim.o
LOAD ./Peripheral/src/ch32v30x_usart.o
LOAD ./Peripheral/src/ch32v30x_wwdg.o
LOAD ./General_Files/eMPL/inv_mpu.o
LOAD ./General_Files/eMPL/inv_mpu_dmp_motion_driver.o
LOAD ./General_Files/drivers/BMP280.o
LOAD ./General_Files/drivers/MPU6050.o
LOAD ./General_Files/drivers/MyI2C.o
LOAD ./General_Files/drivers/adc.o
LOAD ./General_Files/drivers/gpio.o
LOAD ./General_Files/drivers/mtf01.o
LOAD ./General_Files/drivers/pwm.o
LOAD ./General_Files/drivers/tim.o
LOAD ./General_Files/drivers/uart.o
LOAD ./General_Files/apps/src/CRC.o
LOAD ./General_Files/apps/src/CRSF.o
LOAD ./General_Files/apps/src/control.o
LOAD ./General_Files/apps/src/pid.o
LOAD ./General_Files/system.o
LOAD ./Debug/debug.o
LOAD ./Core/core_riscv.o
LOAD c:/mounriver/mounriver_studio/toolchain/risc-v embedded gcc/bin/../lib/gcc/riscv-none-embed/8.2.0/../../../../riscv-none-embed/lib/rv32imafc/ilp32f\libm.a
LOAD c:/mounriver/mounriver_studio/toolchain/risc-v embedded gcc/bin/../lib/gcc/riscv-none-embed/8.2.0/../../../../riscv-none-embed/lib/rv32imafc/ilp32f\libprintfloat.a
LOAD c:/mounriver/mounriver_studio/toolchain/risc-v embedded gcc/bin/../lib/gcc/riscv-none-embed/8.2.0/rv32imafc/ilp32f\libgcc.a
LOAD c:/mounriver/mounriver_studio/toolchain/risc-v embedded gcc/bin/../lib/gcc/riscv-none-embed/8.2.0/../../../../riscv-none-embed/lib/rv32imafc/ilp32f\libg_nano.a
LOAD c:/mounriver/mounriver_studio/toolchain/risc-v embedded gcc/bin/../lib/gcc/riscv-none-embed/8.2.0/../../../../riscv-none-embed/lib/rv32imafc/ilp32f\libc_nano.a
LOAD c:/mounriver/mounriver_studio/toolchain/risc-v embedded gcc/bin/../lib/gcc/riscv-none-embed/8.2.0/rv32imafc/ilp32f\libgcc.a
START GROUP
LOAD c:/mounriver/mounriver_studio/toolchain/risc-v embedded gcc/bin/../lib/gcc/riscv-none-embed/8.2.0/rv32imafc/ilp32f\libgcc.a
LOAD c:/mounriver/mounriver_studio/toolchain/risc-v embedded gcc/bin/../lib/gcc/riscv-none-embed/8.2.0/../../../../riscv-none-embed/lib/rv32imafc/ilp32f\libc_nano.a
LOAD c:/mounriver/mounriver_studio/toolchain/risc-v embedded gcc/bin/../lib/gcc/riscv-none-embed/8.2.0/../../../../riscv-none-embed/lib/rv32imafc/ilp32f\libnosys.a
END GROUP
START GROUP
LOAD c:/mounriver/mounriver_studio/toolchain/risc-v embedded gcc/bin/../lib/gcc/riscv-none-embed/8.2.0/rv32imafc/ilp32f\libgcc.a
LOAD c:/mounriver/mounriver_studio/toolchain/risc-v embedded gcc/bin/../lib/gcc/riscv-none-embed/8.2.0/../../../../riscv-none-embed/lib/rv32imafc/ilp32f\libc_nano.a
LOAD c:/mounriver/mounriver_studio/toolchain/risc-v embedded gcc/bin/../lib/gcc/riscv-none-embed/8.2.0/../../../../riscv-none-embed/lib/rv32imafc/ilp32f\libnosys.a
END GROUP
                0x0000000000000800                __stack_size = 0x800
                [!provide]                        PROVIDE (_stack_size = __stack_size)

.init           0x0000000000000000       0x38
                0x0000000000000000                _sinit = .
                0x0000000000000000                . = ALIGN (0x4)
 *(SORT_NONE(.init))
 .init          0x0000000000000000       0x38 ./Startup/startup_ch32v30x_D8C.o
                0x0000000000000000                _start
                0x0000000000000038                . = ALIGN (0x4)
                0x0000000000000038                _einit = .

.vector         0x0000000000000038      0x1c8
 *(.vector)
 .vector        0x0000000000000038      0x1a0 ./Startup/startup_ch32v30x_D8C.o
                0x0000000000000200                . = ALIGN (0x40)
 *fill*         0x00000000000001d8       0x28 

.text           0x0000000000000200     0x9a34
                0x0000000000000200                . = ALIGN (0x4)
 *(.text)
 .text          0x0000000000000200       0xa8 c:/mounriver/mounriver_studio/toolchain/risc-v embedded gcc/bin/../lib/gcc/riscv-none-embed/8.2.0/../../../../riscv-none-embed/lib/rv32imafc/ilp32f\libg_nano.a(lib_a-memset.o)
                0x0000000000000200                memset
 *(.text.*)
 .text.NMI_Handler
                0x00000000000002a8        0x4 ./User/ch32v30x_it.o
                0x00000000000002a8                NMI_Handler
 .text.HardFault_Handler
                0x00000000000002ac        0x2 ./User/ch32v30x_it.o
                0x00000000000002ac                HardFault_Handler
 .text.Motor_sort_start
                0x00000000000002ae      0x10a ./User/main.o
                0x00000000000002ae                Motor_sort_start
 .text.startup.main
                0x00000000000003b8       0x48 ./User/main.o
                0x00000000000003b8                main
 .text.SystemInit
                0x0000000000000400       0xfa ./User/system_ch32v30x.o
                0x0000000000000400                SystemInit
 .text.vector_handler
                0x00000000000004fa       0xbe ./Startup/startup_ch32v30x_D8C.o
                0x00000000000004fe                Ecall_M_Mode_Handler
                0x0000000000000500                Ecall_U_Mode_Handler
                0x0000000000000502                Break_Point_Handler
                0x0000000000000504                SysTick_Handler
                0x0000000000000506                SW_Handler
                0x0000000000000508                WWDG_IRQHandler
                0x000000000000050a                PVD_IRQHandler
                0x000000000000050c                TAMPER_IRQHandler
                0x000000000000050e                RTC_IRQHandler
                0x0000000000000510                FLASH_IRQHandler
                0x0000000000000512                RCC_IRQHandler
                0x0000000000000514                EXTI0_IRQHandler
                0x0000000000000516                EXTI1_IRQHandler
                0x0000000000000518                EXTI2_IRQHandler
                0x000000000000051a                EXTI3_IRQHandler
                0x000000000000051c                EXTI4_IRQHandler
                0x000000000000051e                DMA1_Channel1_IRQHandler
                0x0000000000000520                DMA1_Channel2_IRQHandler
                0x0000000000000522                DMA1_Channel3_IRQHandler
                0x0000000000000524                DMA1_Channel4_IRQHandler
                0x0000000000000526                DMA1_Channel5_IRQHandler
                0x0000000000000528                DMA1_Channel6_IRQHandler
                0x000000000000052a                DMA1_Channel7_IRQHandler
                0x000000000000052c                ADC1_2_IRQHandler
                0x000000000000052e                USB_HP_CAN1_TX_IRQHandler
                0x0000000000000530                USB_LP_CAN1_RX0_IRQHandler
                0x0000000000000532                CAN1_RX1_IRQHandler
                0x0000000000000534                CAN1_SCE_IRQHandler
                0x0000000000000536                EXTI9_5_IRQHandler
                0x0000000000000538                TIM1_BRK_IRQHandler
                0x000000000000053a                TIM1_UP_IRQHandler
                0x000000000000053c                TIM1_TRG_COM_IRQHandler
                0x000000000000053e                TIM1_CC_IRQHandler
                0x0000000000000540                TIM2_IRQHandler
                0x0000000000000546                I2C1_EV_IRQHandler
                0x0000000000000548                I2C1_ER_IRQHandler
                0x000000000000054a                I2C2_EV_IRQHandler
                0x000000000000054c                I2C2_ER_IRQHandler
                0x000000000000054e                SPI1_IRQHandler
                0x0000000000000550                SPI2_IRQHandler
                0x0000000000000552                USART1_IRQHandler
                0x0000000000000556                USART3_IRQHandler
                0x0000000000000558                EXTI15_10_IRQHandler
                0x000000000000055a                RTCAlarm_IRQHandler
                0x000000000000055c                USBWakeUp_IRQHandler
                0x000000000000055e                TIM8_BRK_IRQHandler
                0x0000000000000560                TIM8_UP_IRQHandler
                0x0000000000000562                TIM8_TRG_COM_IRQHandler
                0x0000000000000564                TIM8_CC_IRQHandler
                0x0000000000000566                RNG_IRQHandler
                0x0000000000000568                FSMC_IRQHandler
                0x000000000000056a                SDIO_IRQHandler
                0x000000000000056c                TIM5_IRQHandler
                0x000000000000056e                SPI3_IRQHandler
                0x0000000000000570                UART4_IRQHandler
                0x0000000000000572                UART5_IRQHandler
                0x0000000000000574                TIM6_IRQHandler
                0x0000000000000576                TIM7_IRQHandler
                0x0000000000000578                DMA2_Channel1_IRQHandler
                0x000000000000057a                DMA2_Channel2_IRQHandler
                0x000000000000057c                DMA2_Channel3_IRQHandler
                0x000000000000057e                DMA2_Channel4_IRQHandler
                0x0000000000000580                DMA2_Channel5_IRQHandler
                0x0000000000000582                ETH_IRQHandler
                0x0000000000000584                ETH_WKUP_IRQHandler
                0x0000000000000586                CAN2_TX_IRQHandler
                0x0000000000000588                CAN2_RX0_IRQHandler
                0x000000000000058a                CAN2_RX1_IRQHandler
                0x000000000000058c                CAN2_SCE_IRQHandler
                0x000000000000058e                OTG_FS_IRQHandler
                0x0000000000000590                USBHSWakeup_IRQHandler
                0x0000000000000592                USBHS_IRQHandler
                0x0000000000000594                DVP_IRQHandler
                0x0000000000000596                UART6_IRQHandler
                0x0000000000000598                UART7_IRQHandler
                0x000000000000059a                UART8_IRQHandler
                0x000000000000059c                TIM9_BRK_IRQHandler
                0x000000000000059e                TIM9_UP_IRQHandler
                0x00000000000005a0                TIM9_TRG_COM_IRQHandler
                0x00000000000005a2                TIM9_CC_IRQHandler
                0x00000000000005a4                TIM10_BRK_IRQHandler
                0x00000000000005a6                TIM10_UP_IRQHandler
                0x00000000000005a8                TIM10_TRG_COM_IRQHandler
                0x00000000000005aa                TIM10_CC_IRQHandler
                0x00000000000005ac                DMA2_Channel6_IRQHandler
                0x00000000000005ae                DMA2_Channel7_IRQHandler
                0x00000000000005b0                DMA2_Channel8_IRQHandler
                0x00000000000005b2                DMA2_Channel9_IRQHandler
                0x00000000000005b4                DMA2_Channel10_IRQHandler
                0x00000000000005b6                DMA2_Channel11_IRQHandler
 .text.handle_reset
                0x00000000000005b8       0x8a ./Startup/startup_ch32v30x_D8C.o
                0x00000000000005b8                handle_reset
 .text.ADC_DeInit
                0x0000000000000642       0x4c ./Peripheral/src/ch32v30x_adc.o
                0x0000000000000642                ADC_DeInit
 .text.ADC_Init
                0x000000000000068e       0x58 ./Peripheral/src/ch32v30x_adc.o
                0x000000000000068e                ADC_Init
 .text.ADC_Cmd  0x00000000000006e6       0x10 ./Peripheral/src/ch32v30x_adc.o
                0x00000000000006e6                ADC_Cmd
 .text.ADC_DMACmd
                0x00000000000006f6       0x12 ./Peripheral/src/ch32v30x_adc.o
                0x00000000000006f6                ADC_DMACmd
 .text.ADC_ResetCalibration
                0x0000000000000708        0xa ./Peripheral/src/ch32v30x_adc.o
                0x0000000000000708                ADC_ResetCalibration
 .text.ADC_GetResetCalibrationStatus
                0x0000000000000712        0x8 ./Peripheral/src/ch32v30x_adc.o
                0x0000000000000712                ADC_GetResetCalibrationStatus
 .text.ADC_StartCalibration
                0x000000000000071a        0xa ./Peripheral/src/ch32v30x_adc.o
                0x000000000000071a                ADC_StartCalibration
 .text.ADC_GetCalibrationStatus
                0x0000000000000724        0x8 ./Peripheral/src/ch32v30x_adc.o
                0x0000000000000724                ADC_GetCalibrationStatus
 .text.ADC_SoftwareStartConvCmd
                0x000000000000072c       0x18 ./Peripheral/src/ch32v30x_adc.o
                0x000000000000072c                ADC_SoftwareStartConvCmd
 .text.ADC_RegularChannelConfig
                0x0000000000000744       0xb8 ./Peripheral/src/ch32v30x_adc.o
                0x0000000000000744                ADC_RegularChannelConfig
 .text.ADC_BufferCmd
                0x00000000000007fc       0x18 ./Peripheral/src/ch32v30x_adc.o
                0x00000000000007fc                ADC_BufferCmd
 .text.Get_CalibrationValue
                0x0000000000000814      0x16e ./Peripheral/src/ch32v30x_adc.o
                0x0000000000000814                Get_CalibrationValue
 .text.DMA_DeInit
                0x0000000000000982      0x16c ./Peripheral/src/ch32v30x_dma.o
                0x0000000000000982                DMA_DeInit
 .text.DMA_Init
                0x0000000000000aee       0x38 ./Peripheral/src/ch32v30x_dma.o
                0x0000000000000aee                DMA_Init
 .text.DMA_Cmd  0x0000000000000b26       0x14 ./Peripheral/src/ch32v30x_dma.o
                0x0000000000000b26                DMA_Cmd
 .text.GPIO_TogglePin
                0x0000000000000b3a        0xe ./Peripheral/src/ch32v30x_gpio.o
                0x0000000000000b3a                GPIO_TogglePin
 .text.GPIO_Init
                0x0000000000000b48       0xc2 ./Peripheral/src/ch32v30x_gpio.o
                0x0000000000000b48                GPIO_Init
 .text.GPIO_ReadInputDataBit
                0x0000000000000c0a        0xa ./Peripheral/src/ch32v30x_gpio.o
                0x0000000000000c0a                GPIO_ReadInputDataBit
 .text.GPIO_SetBits
                0x0000000000000c14        0x4 ./Peripheral/src/ch32v30x_gpio.o
                0x0000000000000c14                GPIO_SetBits
 .text.GPIO_WriteBit
                0x0000000000000c18        0xa ./Peripheral/src/ch32v30x_gpio.o
                0x0000000000000c18                GPIO_WriteBit
 .text.GPIO_PinRemapConfig
                0x0000000000000c22       0xc4 ./Peripheral/src/ch32v30x_gpio.o
                0x0000000000000c22                GPIO_PinRemapConfig
 .text.I2C_Init
                0x0000000000000ce6      0x11a ./Peripheral/src/ch32v30x_i2c.o
                0x0000000000000ce6                I2C_Init
 .text.I2C_Cmd  0x0000000000000e00       0x1c ./Peripheral/src/ch32v30x_i2c.o
                0x0000000000000e00                I2C_Cmd
 .text.I2C_GenerateSTART
                0x0000000000000e1c       0x1e ./Peripheral/src/ch32v30x_i2c.o
                0x0000000000000e1c                I2C_GenerateSTART
 .text.I2C_GenerateSTOP
                0x0000000000000e3a       0x1e ./Peripheral/src/ch32v30x_i2c.o
                0x0000000000000e3a                I2C_GenerateSTOP
 .text.I2C_AcknowledgeConfig
                0x0000000000000e58       0x1e ./Peripheral/src/ch32v30x_i2c.o
                0x0000000000000e58                I2C_AcknowledgeConfig
 .text.I2C_SendData
                0x0000000000000e76        0x6 ./Peripheral/src/ch32v30x_i2c.o
                0x0000000000000e76                I2C_SendData
 .text.I2C_ReceiveData
                0x0000000000000e7c        0xa ./Peripheral/src/ch32v30x_i2c.o
                0x0000000000000e7c                I2C_ReceiveData
 .text.I2C_Send7bitAddress
                0x0000000000000e86       0x14 ./Peripheral/src/ch32v30x_i2c.o
                0x0000000000000e86                I2C_Send7bitAddress
 .text.I2C_CheckEvent
                0x0000000000000e9a       0x1a ./Peripheral/src/ch32v30x_i2c.o
                0x0000000000000e9a                I2C_CheckEvent
 .text.I2C_GetFlagStatus
                0x0000000000000eb4       0x32 ./Peripheral/src/ch32v30x_i2c.o
                0x0000000000000eb4                I2C_GetFlagStatus
 .text.NVIC_PriorityGroupConfig
                0x0000000000000ee6        0x6 ./Peripheral/src/ch32v30x_misc.o
                0x0000000000000ee6                NVIC_PriorityGroupConfig
 .text.NVIC_Init
                0x0000000000000eec       0xb8 ./Peripheral/src/ch32v30x_misc.o
                0x0000000000000eec                NVIC_Init
 .text.RCC_ADCCLKConfig
                0x0000000000000fa4       0x12 ./Peripheral/src/ch32v30x_rcc.o
                0x0000000000000fa4                RCC_ADCCLKConfig
 .text.RCC_GetClocksFreq
                0x0000000000000fb6      0x10e ./Peripheral/src/ch32v30x_rcc.o
                0x0000000000000fb6                RCC_GetClocksFreq
 .text.RCC_AHBPeriphClockCmd
                0x00000000000010c4       0x1e ./Peripheral/src/ch32v30x_rcc.o
                0x00000000000010c4                RCC_AHBPeriphClockCmd
 .text.RCC_APB2PeriphClockCmd
                0x00000000000010e2       0x1e ./Peripheral/src/ch32v30x_rcc.o
                0x00000000000010e2                RCC_APB2PeriphClockCmd
 .text.RCC_APB1PeriphClockCmd
                0x0000000000001100       0x1e ./Peripheral/src/ch32v30x_rcc.o
                0x0000000000001100                RCC_APB1PeriphClockCmd
 .text.RCC_APB2PeriphResetCmd
                0x000000000000111e       0x1e ./Peripheral/src/ch32v30x_rcc.o
                0x000000000000111e                RCC_APB2PeriphResetCmd
 .text.TIM_TimeBaseInit
                0x000000000000113c       0xc0 ./Peripheral/src/ch32v30x_tim.o
                0x000000000000113c                TIM_TimeBaseInit
 .text.TIM_OC1Init
                0x00000000000011fc       0xa0 ./Peripheral/src/ch32v30x_tim.o
                0x00000000000011fc                TIM_OC1Init
 .text.TIM_OC2Init
                0x000000000000129c       0xcc ./Peripheral/src/ch32v30x_tim.o
                0x000000000000129c                TIM_OC2Init
 .text.TIM_OC3Init
                0x0000000000001368       0xca ./Peripheral/src/ch32v30x_tim.o
                0x0000000000001368                TIM_OC3Init
 .text.TIM_OC4Init
                0x0000000000001432       0x9e ./Peripheral/src/ch32v30x_tim.o
                0x0000000000001432                TIM_OC4Init
 .text.TIM_Cmd  0x00000000000014d0       0x1c ./Peripheral/src/ch32v30x_tim.o
                0x00000000000014d0                TIM_Cmd
 .text.TIM_CtrlPWMOutputs
                0x00000000000014ec       0x16 ./Peripheral/src/ch32v30x_tim.o
                0x00000000000014ec                TIM_CtrlPWMOutputs
 .text.TIM_ITConfig
                0x0000000000001502       0x16 ./Peripheral/src/ch32v30x_tim.o
                0x0000000000001502                TIM_ITConfig
 .text.TIM_ARRPreloadConfig
                0x0000000000001518       0x1e ./Peripheral/src/ch32v30x_tim.o
                0x0000000000001518                TIM_ARRPreloadConfig
 .text.TIM_OC1PreloadConfig
                0x0000000000001536       0x12 ./Peripheral/src/ch32v30x_tim.o
                0x0000000000001536                TIM_OC1PreloadConfig
 .text.TIM_OC2PreloadConfig
                0x0000000000001548       0x1a ./Peripheral/src/ch32v30x_tim.o
                0x0000000000001548                TIM_OC2PreloadConfig
 .text.TIM_OC3PreloadConfig
                0x0000000000001562       0x12 ./Peripheral/src/ch32v30x_tim.o
                0x0000000000001562                TIM_OC3PreloadConfig
 .text.TIM_OC4PreloadConfig
                0x0000000000001574       0x1a ./Peripheral/src/ch32v30x_tim.o
                0x0000000000001574                TIM_OC4PreloadConfig
 .text.TIM_SetCompare1
                0x000000000000158e        0x6 ./Peripheral/src/ch32v30x_tim.o
                0x000000000000158e                TIM_SetCompare1
 .text.TIM_SetCompare2
                0x0000000000001594        0x6 ./Peripheral/src/ch32v30x_tim.o
                0x0000000000001594                TIM_SetCompare2
 .text.TIM_SetCompare3
                0x000000000000159a        0x6 ./Peripheral/src/ch32v30x_tim.o
                0x000000000000159a                TIM_SetCompare3
 .text.TIM_SetCompare4
                0x00000000000015a0        0x6 ./Peripheral/src/ch32v30x_tim.o
                0x00000000000015a0                TIM_SetCompare4
 .text.TIM_GetCapture1
                0x00000000000015a6        0x6 ./Peripheral/src/ch32v30x_tim.o
                0x00000000000015a6                TIM_GetCapture1
 .text.TIM_GetCapture2
                0x00000000000015ac        0x6 ./Peripheral/src/ch32v30x_tim.o
                0x00000000000015ac                TIM_GetCapture2
 .text.TIM_GetCapture3
                0x00000000000015b2        0x6 ./Peripheral/src/ch32v30x_tim.o
                0x00000000000015b2                TIM_GetCapture3
 .text.TIM_GetCapture4
                0x00000000000015b8        0x6 ./Peripheral/src/ch32v30x_tim.o
                0x00000000000015b8                TIM_GetCapture4
 .text.TIM_ClearFlag
                0x00000000000015be        0xe ./Peripheral/src/ch32v30x_tim.o
                0x00000000000015be                TIM_ClearFlag
 .text.USART_Init
                0x00000000000015cc       0xd8 ./Peripheral/src/ch32v30x_usart.o
                0x00000000000015cc                USART_Init
 .text.USART_Cmd
                0x00000000000016a4       0x1c ./Peripheral/src/ch32v30x_usart.o
                0x00000000000016a4                USART_Cmd
 .text.USART_ITConfig
                0x00000000000016c0       0x36 ./Peripheral/src/ch32v30x_usart.o
                0x00000000000016c0                USART_ITConfig
 .text.USART_SendData
                0x00000000000016f6        0xa ./Peripheral/src/ch32v30x_usart.o
                0x00000000000016f6                USART_SendData
 .text.USART_ReceiveData
                0x0000000000001700        0xa ./Peripheral/src/ch32v30x_usart.o
                0x0000000000001700                USART_ReceiveData
 .text.USART_GetFlagStatus
                0x000000000000170a        0xc ./Peripheral/src/ch32v30x_usart.o
                0x000000000000170a                USART_GetFlagStatus
 .text.USART_ClearFlag
                0x0000000000001716        0xe ./Peripheral/src/ch32v30x_usart.o
                0x0000000000001716                USART_ClearFlag
 .text.USART_GetITStatus
                0x0000000000001724       0x44 ./Peripheral/src/ch32v30x_usart.o
                0x0000000000001724                USART_GetITStatus
 .text.get_st_biases
                0x0000000000001768      0x402 ./General_Files/eMPL/inv_mpu.o
 .text.set_int_enable
                0x0000000000001b6a       0x6a ./General_Files/eMPL/inv_mpu.o
 .text.mpu_reset_fifo
                0x0000000000001bd4      0x17e ./General_Files/eMPL/inv_mpu.o
                0x0000000000001bd4                mpu_reset_fifo
 .text.mpu_get_gyro_fsr
                0x0000000000001d52       0x40 ./General_Files/eMPL/inv_mpu.o
                0x0000000000001d52                mpu_get_gyro_fsr
 .text.mpu_set_gyro_fsr
                0x0000000000001d92       0x8e ./General_Files/eMPL/inv_mpu.o
                0x0000000000001d92                mpu_set_gyro_fsr
 .text.mpu_get_accel_fsr
                0x0000000000001e20       0x50 ./General_Files/eMPL/inv_mpu.o
                0x0000000000001e20                mpu_get_accel_fsr
 .text.mpu_set_accel_fsr
                0x0000000000001e70       0x86 ./General_Files/eMPL/inv_mpu.o
                0x0000000000001e70                mpu_set_accel_fsr
 .text.mpu_get_lpf
                0x0000000000001ef6       0x4c ./General_Files/eMPL/inv_mpu.o
                0x0000000000001ef6                mpu_get_lpf
 .text.mpu_set_lpf
                0x0000000000001f42       0x90 ./General_Files/eMPL/inv_mpu.o
                0x0000000000001f42                mpu_set_lpf
 .text.mpu_get_sample_rate
                0x0000000000001fd2       0x1e ./General_Files/eMPL/inv_mpu.o
                0x0000000000001fd2                mpu_get_sample_rate
 .text.mpu_get_gyro_sens
                0x0000000000001ff0       0x4c ./General_Files/eMPL/inv_mpu.o
                0x0000000000001ff0                mpu_get_gyro_sens
 .text.mpu_get_accel_sens
                0x000000000000203c       0x58 ./General_Files/eMPL/inv_mpu.o
                0x000000000000203c                mpu_get_accel_sens
 .text.mpu_configure_fifo
                0x0000000000002094       0x6a ./General_Files/eMPL/inv_mpu.o
                0x0000000000002094                mpu_configure_fifo
 .text.mpu_read_fifo_stream
                0x00000000000020fe       0xc2 ./General_Files/eMPL/inv_mpu.o
                0x00000000000020fe                mpu_read_fifo_stream
 .text.mpu_set_bypass
                0x00000000000021c0       0xf8 ./General_Files/eMPL/inv_mpu.o
                0x00000000000021c0                mpu_set_bypass
 .text.mpu_set_int_latched
                0x00000000000022b8       0x70 ./General_Files/eMPL/inv_mpu.o
                0x00000000000022b8                mpu_set_int_latched
 .text.mpu_lp_accel_mode
                0x0000000000002328       0xc6 ./General_Files/eMPL/inv_mpu.o
                0x0000000000002328                mpu_lp_accel_mode
 .text.mpu_set_sample_rate
                0x00000000000023ee       0xac ./General_Files/eMPL/inv_mpu.o
                0x00000000000023ee                mpu_set_sample_rate
 .text.mpu_set_sensors
                0x000000000000249a       0xde ./General_Files/eMPL/inv_mpu.o
                0x000000000000249a                mpu_set_sensors
 .text.mpu_init
                0x0000000000002578      0x158 ./General_Files/eMPL/inv_mpu.o
                0x0000000000002578                mpu_init
 .text.mpu_write_mem
                0x00000000000026d0       0x7a ./General_Files/eMPL/inv_mpu.o
                0x00000000000026d0                mpu_write_mem
 .text.mpu_read_mem
                0x000000000000274a       0x7a ./General_Files/eMPL/inv_mpu.o
                0x000000000000274a                mpu_read_mem
 .text.mpu_load_firmware
                0x00000000000027c4       0xd6 ./General_Files/eMPL/inv_mpu.o
                0x00000000000027c4                mpu_load_firmware
 .text.mpu_set_dmp_state
                0x000000000000289a       0x8a ./General_Files/eMPL/inv_mpu.o
                0x000000000000289a                mpu_set_dmp_state
 .text.mpu_run_self_test
                0x0000000000002924      0x2fa ./General_Files/eMPL/inv_mpu.o
                0x0000000000002924                mpu_run_self_test
 .text.mget_ms  0x0000000000002c1e        0x2 ./General_Files/eMPL/inv_mpu.o
                0x0000000000002c1e                mget_ms
 .text.run_self_test
                0x0000000000002c20       0x80 ./General_Files/eMPL/inv_mpu.o
                0x0000000000002c20                run_self_test
 .text.inv_row_2_scale
                0x0000000000002ca0       0x30 ./General_Files/eMPL/inv_mpu.o
                0x0000000000002ca0                inv_row_2_scale
 .text.inv_orientation_matrix_to_scalar
                0x0000000000002cd0       0x3a ./General_Files/eMPL/inv_mpu.o
                0x0000000000002cd0                inv_orientation_matrix_to_scalar
 .text.mpu_dmp_init
                0x0000000000002d0a       0xa4 ./General_Files/eMPL/inv_mpu.o
                0x0000000000002d0a                mpu_dmp_init
 .text.mpu_dmp_get_data
                0x0000000000002dae      0x10c ./General_Files/eMPL/inv_mpu.o
                0x0000000000002dae                mpu_dmp_get_data
 .text.dmp_enable_gyro_cal.part.0
                0x0000000000002eba       0x32 ./General_Files/eMPL/inv_mpu_dmp_motion_driver.o
 .text.dmp_load_motion_driver_firmware
                0x0000000000002eec       0x18 ./General_Files/eMPL/inv_mpu_dmp_motion_driver.o
                0x0000000000002eec                dmp_load_motion_driver_firmware
 .text.dmp_set_orientation
                0x0000000000002f04      0x124 ./General_Files/eMPL/inv_mpu_dmp_motion_driver.o
                0x0000000000002f04                dmp_set_orientation
 .text.dmp_set_gyro_bias
                0x0000000000003028      0x110 ./General_Files/eMPL/inv_mpu_dmp_motion_driver.o
                0x0000000000003028                dmp_set_gyro_bias
 .text.dmp_set_accel_bias
                0x0000000000003138      0x112 ./General_Files/eMPL/inv_mpu_dmp_motion_driver.o
                0x0000000000003138                dmp_set_accel_bias
 .text.dmp_set_fifo_rate
                0x000000000000324a       0x5a ./General_Files/eMPL/inv_mpu_dmp_motion_driver.o
                0x000000000000324a                dmp_set_fifo_rate
 .text.dmp_set_tap_thresh
                0x00000000000032a4      0x172 ./General_Files/eMPL/inv_mpu_dmp_motion_driver.o
                0x00000000000032a4                dmp_set_tap_thresh
 .text.dmp_set_tap_axes
                0x0000000000003416       0x4e ./General_Files/eMPL/inv_mpu_dmp_motion_driver.o
                0x0000000000003416                dmp_set_tap_axes
 .text.dmp_set_tap_count
                0x0000000000003464       0x2e ./General_Files/eMPL/inv_mpu_dmp_motion_driver.o
                0x0000000000003464                dmp_set_tap_count
 .text.dmp_set_tap_time
                0x0000000000003492       0x28 ./General_Files/eMPL/inv_mpu_dmp_motion_driver.o
                0x0000000000003492                dmp_set_tap_time
 .text.dmp_set_tap_time_multi
                0x00000000000034ba       0x28 ./General_Files/eMPL/inv_mpu_dmp_motion_driver.o
                0x00000000000034ba                dmp_set_tap_time_multi
 .text.dmp_set_shake_reject_thresh
                0x00000000000034e2       0x42 ./General_Files/eMPL/inv_mpu_dmp_motion_driver.o
                0x00000000000034e2                dmp_set_shake_reject_thresh
 .text.dmp_set_shake_reject_time
                0x0000000000003524       0x28 ./General_Files/eMPL/inv_mpu_dmp_motion_driver.o
                0x0000000000003524                dmp_set_shake_reject_time
 .text.dmp_set_shake_reject_timeout
                0x000000000000354c       0x28 ./General_Files/eMPL/inv_mpu_dmp_motion_driver.o
                0x000000000000354c                dmp_set_shake_reject_timeout
 .text.dmp_enable_gyro_cal
                0x0000000000003574       0x2c ./General_Files/eMPL/inv_mpu_dmp_motion_driver.o
                0x0000000000003574                dmp_enable_gyro_cal
 .text.dmp_enable_lp_quat
                0x00000000000035a0       0x32 ./General_Files/eMPL/inv_mpu_dmp_motion_driver.o
                0x00000000000035a0                dmp_enable_lp_quat
 .text.dmp_enable_6x_lp_quat
                0x00000000000035d2       0x32 ./General_Files/eMPL/inv_mpu_dmp_motion_driver.o
                0x00000000000035d2                dmp_enable_6x_lp_quat
 .text.dmp_enable_feature
                0x0000000000003604      0x1fe ./General_Files/eMPL/inv_mpu_dmp_motion_driver.o
                0x0000000000003604                dmp_enable_feature
 .text.dmp_read_fifo
                0x0000000000003802      0x202 ./General_Files/eMPL/inv_mpu_dmp_motion_driver.o
                0x0000000000003802                dmp_read_fifo
 .text.BMP280_Read_Byte
                0x0000000000003a04       0x46 ./General_Files/drivers/BMP280.o
                0x0000000000003a04                BMP280_Read_Byte
 .text.BMP280_Write_Byte
                0x0000000000003a4a       0x3a ./General_Files/drivers/BMP280.o
                0x0000000000003a4a                BMP280_Write_Byte
 .text.BMP280_Set_TemOversamp
                0x0000000000003a84       0x18 ./General_Files/drivers/BMP280.o
                0x0000000000003a84                BMP280_Set_TemOversamp
 .text.BMP280_Set_Standby_FILTER
                0x0000000000003a9c       0x18 ./General_Files/drivers/BMP280.o
                0x0000000000003a9c                BMP280_Set_Standby_FILTER
 .text.Bmp_Init
                0x0000000000003ab4      0x15c ./General_Files/drivers/BMP280.o
                0x0000000000003ab4                Bmp_Init
 .text.MPU6050_I2C_Mem_Write
                0x0000000000003c10       0xe8 ./General_Files/drivers/MPU6050.o
                0x0000000000003c10                MPU6050_I2C_Mem_Write
 .text.MPU6050_WriteByte
                0x0000000000003cf8       0x1c ./General_Files/drivers/MPU6050.o
 .text.MPU6050_Init
                0x0000000000003d14      0x106 ./General_Files/drivers/MPU6050.o
                0x0000000000003d14                MPU6050_Init
 .text.MPU6050_I2C_Mem_Read
                0x0000000000003e1a      0x14a ./General_Files/drivers/MPU6050.o
                0x0000000000003e1a                MPU6050_I2C_Mem_Read
 .text.MPU6050_Get_Data
                0x0000000000003f64       0x3e ./General_Files/drivers/MPU6050.o
                0x0000000000003f64                MPU6050_Get_Data
 .text.MPU6050_MPU_DMP_GetData
                0x0000000000003fa2       0x50 ./General_Files/drivers/MPU6050.o
                0x0000000000003fa2                MPU6050_MPU_DMP_GetData
 .text.MyI2C_W_SCL
                0x0000000000003ff2       0x20 ./General_Files/drivers/MyI2C.o
                0x0000000000003ff2                MyI2C_W_SCL
 .text.MyI2C_W_SDA
                0x0000000000004012       0x20 ./General_Files/drivers/MyI2C.o
                0x0000000000004012                MyI2C_W_SDA
 .text.MyI2C_R_SDA
                0x0000000000004032       0x28 ./General_Files/drivers/MyI2C.o
                0x0000000000004032                MyI2C_R_SDA
 .text.MyI2C_Init
                0x000000000000405a       0x40 ./General_Files/drivers/MyI2C.o
                0x000000000000405a                MyI2C_Init
 .text.MyI2C_Start
                0x000000000000409a       0x18 ./General_Files/drivers/MyI2C.o
                0x000000000000409a                MyI2C_Start
 .text.MyI2C_Stop
                0x00000000000040b2       0x14 ./General_Files/drivers/MyI2C.o
                0x00000000000040b2                MyI2C_Stop
 .text.MyI2C_SendByte
                0x00000000000040c6       0x3c ./General_Files/drivers/MyI2C.o
                0x00000000000040c6                MyI2C_SendByte
 .text.MyI2C_ReceiveByte
                0x0000000000004102       0x4a ./General_Files/drivers/MyI2C.o
                0x0000000000004102                MyI2C_ReceiveByte
 .text.MyI2C_ReceiveAck
                0x000000000000414c       0x24 ./General_Files/drivers/MyI2C.o
                0x000000000000414c                MyI2C_ReceiveAck
 .text.ADC_Function_Init
                0x0000000000004170       0xd4 ./General_Files/drivers/adc.o
                0x0000000000004170                ADC_Function_Init
 .text.DMA_Tx_Init
                0x0000000000004244       0x6a ./General_Files/drivers/adc.o
                0x0000000000004244                DMA_Tx_Init
 .text.BAT_ADC_Init
                0x00000000000042ae       0x5e ./General_Files/drivers/adc.o
                0x00000000000042ae                BAT_ADC_Init
 .text.LED_Init
                0x000000000000430c       0x48 ./General_Files/drivers/gpio.o
                0x000000000000430c                LED_Init
 .text.TIM9_PWMOut_Init
                0x0000000000004354      0x106 ./General_Files/drivers/pwm.o
                0x0000000000004354                TIM9_PWMOut_Init
 .text.PWM_Init
                0x000000000000445a       0x52 ./General_Files/drivers/pwm.o
                0x000000000000445a                PWM_Init
 .text.Motor_ctr
                0x00000000000044ac       0xa0 ./General_Files/drivers/pwm.o
                0x00000000000044ac                Motor_ctr
 .text.Motor_ctr_SOFT_START
                0x000000000000454c       0x78 ./General_Files/drivers/pwm.o
                0x000000000000454c                Motor_ctr_SOFT_START
 .text.TIM3_Interrupt_Init
                0x00000000000045c4       0x26 ./General_Files/drivers/tim.o
                0x00000000000045c4                TIM3_Interrupt_Init
 .text.TIM3_Init
                0x00000000000045ea       0x62 ./General_Files/drivers/tim.o
                0x00000000000045ea                TIM3_Init
 .text.TIM3_IRQHandler
                0x000000000000464c       0xc2 ./General_Files/drivers/tim.o
                0x000000000000464c                TIM3_IRQHandler
 .text.TIM4_Interrupt_Init
                0x000000000000470e       0x26 ./General_Files/drivers/tim.o
                0x000000000000470e                TIM4_Interrupt_Init
 .text.TIM4_Init
                0x0000000000004734       0x62 ./General_Files/drivers/tim.o
                0x0000000000004734                TIM4_Init
 .text.TIM4_IRQHandler
                0x0000000000004796       0x76 ./General_Files/drivers/tim.o
                0x0000000000004796                TIM4_IRQHandler
 .text.USARTx_CFG
                0x000000000000480c       0xb4 ./General_Files/drivers/uart.o
                0x000000000000480c                USARTx_CFG
 .text.UART_RxCpltCallback
                0x00000000000048c0       0x44 ./General_Files/drivers/uart.o
                0x00000000000048c0                UART_RxCpltCallback
 .text.USART2_IRQHandler
                0x0000000000004904       0x84 ./General_Files/drivers/uart.o
                0x0000000000004904                USART2_IRQHandler
 .text.print_status
                0x0000000000004988      0x15a ./General_Files/drivers/uart.o
                0x0000000000004988                print_status
 .text.Crc_init
                0x0000000000004ae2       0x3a ./General_Files/apps/src/CRC.o
                0x0000000000004ae2                Crc_init
 .text.Calc     0x0000000000004b1c       0x24 ./General_Files/apps/src/CRC.o
                0x0000000000004b1c                Calc
 .text.ShiftRxBuffer
                0x0000000000004b40       0x38 ./General_Files/apps/src/CRSF.o
                0x0000000000004b40                ShiftRxBuffer
 .text.PacketChannelsPacked
                0x0000000000004b78      0x15c ./General_Files/apps/src/CRSF.o
                0x0000000000004b78                PacketChannelsPacked
 .text.PacketLinkStatistics
                0x0000000000004cd4       0x34 ./General_Files/apps/src/CRSF.o
                0x0000000000004cd4                PacketLinkStatistics
 .text.ProcessPacketIn
                0x0000000000004d08       0x32 ./General_Files/apps/src/CRSF.o
                0x0000000000004d08                ProcessPacketIn
 .text.HandleByteReceived
                0x0000000000004d3a       0x80 ./General_Files/apps/src/CRSF.o
                0x0000000000004d3a                HandleByteReceived
 .text.PIDSTRUCT_Init
                0x0000000000004dba      0x1ae ./General_Files/apps/src/control.o
                0x0000000000004dba                PIDSTRUCT_Init
 .text.ELRS_Convert_angle
                0x0000000000004f68       0x30 ./General_Files/apps/src/control.o
                0x0000000000004f68                ELRS_Convert_angle
 .text.ELRS_Convert_throttle
                0x0000000000004f98       0x38 ./General_Files/apps/src/control.o
                0x0000000000004f98                ELRS_Convert_throttle
 .text.ELRS_Convert_lock
                0x0000000000004fd0       0x16 ./General_Files/apps/src/control.o
                0x0000000000004fd0                ELRS_Convert_lock
 .text.ELRS_Convert_flight_mode
                0x0000000000004fe6       0x2e ./General_Files/apps/src/control.o
                0x0000000000004fe6                ELRS_Convert_flight_mode
 .text.Roll_outerloop_ctr
                0x0000000000005014       0x1e ./General_Files/apps/src/control.o
                0x0000000000005014                Roll_outerloop_ctr
 .text.Roll_innerloop_ctr
                0x0000000000005032       0x1a ./General_Files/apps/src/control.o
                0x0000000000005032                Roll_innerloop_ctr
 .text.Yaw_outerloop_ctr
                0x000000000000504c       0x1e ./General_Files/apps/src/control.o
                0x000000000000504c                Yaw_outerloop_ctr
 .text.Yaw_innerloop_ctr
                0x000000000000506a       0x1e ./General_Files/apps/src/control.o
                0x000000000000506a                Yaw_innerloop_ctr
 .text.Pitch_outerloop_ctr
                0x0000000000005088       0x22 ./General_Files/apps/src/control.o
                0x0000000000005088                Pitch_outerloop_ctr
 .text.Pitch_innerloop_ctr
                0x00000000000050aa       0x1e ./General_Files/apps/src/control.o
                0x00000000000050aa                Pitch_innerloop_ctr
 .text.Check_control_mode
                0x00000000000050c8       0x20 ./General_Files/apps/src/control.o
                0x00000000000050c8                Check_control_mode
 .text.Update_ELRS
                0x00000000000050e8       0x4a ./General_Files/apps/src/control.o
                0x00000000000050e8                Update_ELRS
 .text.Flight_control
                0x0000000000005132      0x19c ./General_Files/apps/src/control.o
                0x0000000000005132                Flight_control
 .text.Stop_motor
                0x00000000000052ce       0x30 ./General_Files/apps/src/control.o
                0x00000000000052ce                Stop_motor
 .text.pid_reset
                0x00000000000052fe       0x2e ./General_Files/apps/src/pid.o
                0x00000000000052fe                pid_reset
 .text.pid_init
                0x000000000000532c       0x2a ./General_Files/apps/src/pid.o
                0x000000000000532c                pid_init
 .text.pid_clc  0x0000000000005356       0x32 ./General_Files/apps/src/pid.o
                0x0000000000005356                pid_clc
 .text.pid_calc
                0x0000000000005388       0x70 ./General_Files/apps/src/pid.o
                0x0000000000005388                pid_calc
 .text.System_Init
                0x00000000000053f8       0x52 ./General_Files/system.o
                0x00000000000053f8                System_Init
 .text.System_Loop
                0x000000000000544a        0x2 ./General_Files/system.o
                0x000000000000544a                System_Loop
 .text.Delay_Init
                0x000000000000544c       0x26 ./Debug/debug.o
                0x000000000000544c                Delay_Init
 .text.Delay_Us
                0x0000000000005472       0x36 ./Debug/debug.o
                0x0000000000005472                Delay_Us
 .text.Delay_Ms
                0x00000000000054a8       0x36 ./Debug/debug.o
                0x00000000000054a8                Delay_Ms
 .text.USART_Printf_Init
                0x00000000000054de       0x5e ./Debug/debug.o
                0x00000000000054de                USART_Printf_Init
 .text._write   0x000000000000553c       0x50 ./Debug/debug.o
                0x000000000000553c                _write
 .text.asinf    0x000000000000558c       0xbe c:/mounriver/mounriver_studio/toolchain/risc-v embedded gcc/bin/../lib/gcc/riscv-none-embed/8.2.0/../../../../riscv-none-embed/lib/rv32imafc/ilp32f\libm.a(lib_a-wf_asin.o)
                0x000000000000558c                asinf
 .text.atan2f   0x000000000000564a        0x2 c:/mounriver/mounriver_studio/toolchain/risc-v embedded gcc/bin/../lib/gcc/riscv-none-embed/8.2.0/../../../../riscv-none-embed/lib/rv32imafc/ilp32f\libm.a(lib_a-wf_atan2.o)
                0x000000000000564a                atan2f
 .text.__ieee754_asinf
                0x000000000000564c      0x252 c:/mounriver/mounriver_studio/toolchain/risc-v embedded gcc/bin/../lib/gcc/riscv-none-embed/8.2.0/../../../../riscv-none-embed/lib/rv32imafc/ilp32f\libm.a(lib_a-ef_asin.o)
                0x000000000000564c                __ieee754_asinf
 .text.__ieee754_atan2f
                0x000000000000589e      0x1be c:/mounriver/mounriver_studio/toolchain/risc-v embedded gcc/bin/../lib/gcc/riscv-none-embed/8.2.0/../../../../riscv-none-embed/lib/rv32imafc/ilp32f\libm.a(lib_a-ef_atan2.o)
                0x000000000000589e                __ieee754_atan2f
 .text.__ieee754_sqrtf
                0x0000000000005a5c       0xcc c:/mounriver/mounriver_studio/toolchain/risc-v embedded gcc/bin/../lib/gcc/riscv-none-embed/8.2.0/../../../../riscv-none-embed/lib/rv32imafc/ilp32f\libm.a(lib_a-ef_sqrt.o)
                0x0000000000005a5c                __ieee754_sqrtf
 .text.matherr  0x0000000000005b28        0x4 c:/mounriver/mounriver_studio/toolchain/risc-v embedded gcc/bin/../lib/gcc/riscv-none-embed/8.2.0/../../../../riscv-none-embed/lib/rv32imafc/ilp32f\libm.a(lib_a-s_matherr.o)
                0x0000000000005b28                matherr
 .text.nan      0x0000000000005b2c        0xe c:/mounriver/mounriver_studio/toolchain/risc-v embedded gcc/bin/../lib/gcc/riscv-none-embed/8.2.0/../../../../riscv-none-embed/lib/rv32imafc/ilp32f\libm.a(lib_a-s_nan.o)
                0x0000000000005b2c                nan
 .text.atanf    0x0000000000005b3a      0x204 c:/mounriver/mounriver_studio/toolchain/risc-v embedded gcc/bin/../lib/gcc/riscv-none-embed/8.2.0/../../../../riscv-none-embed/lib/rv32imafc/ilp32f\libm.a(lib_a-sf_atan.o)
                0x0000000000005b3a                atanf
 .text.fabsf    0x0000000000005d3e        0xe c:/mounriver/mounriver_studio/toolchain/risc-v embedded gcc/bin/../lib/gcc/riscv-none-embed/8.2.0/../../../../riscv-none-embed/lib/rv32imafc/ilp32f\libm.a(lib_a-sf_fabs.o)
                0x0000000000005d3e                fabsf
 .text.printchar
                0x0000000000005d4c       0x4c c:/mounriver/mounriver_studio/toolchain/risc-v embedded gcc/bin/../lib/gcc/riscv-none-embed/8.2.0/../../../../riscv-none-embed/lib/rv32imafc/ilp32f\libprintfloat.a(printfloat.o)
                0x0000000000005d4c                printchar
 .text.prints   0x0000000000005d98       0xe0 c:/mounriver/mounriver_studio/toolchain/risc-v embedded gcc/bin/../lib/gcc/riscv-none-embed/8.2.0/../../../../riscv-none-embed/lib/rv32imafc/ilp32f\libprintfloat.a(printfloat.o)
                0x0000000000005d98                prints
 .text.printInt
                0x0000000000005e78       0xf4 c:/mounriver/mounriver_studio/toolchain/risc-v embedded gcc/bin/../lib/gcc/riscv-none-embed/8.2.0/../../../../riscv-none-embed/lib/rv32imafc/ilp32f\libprintfloat.a(printfloat.o)
                0x0000000000005e78                printInt
 .text.printLongLongInt
                0x0000000000005f6c      0x126 c:/mounriver/mounriver_studio/toolchain/risc-v embedded gcc/bin/../lib/gcc/riscv-none-embed/8.2.0/../../../../riscv-none-embed/lib/rv32imafc/ilp32f\libprintfloat.a(printfloat.o)
                0x0000000000005f6c                printLongLongInt
 .text.printDouble
                0x0000000000006092      0x100 c:/mounriver/mounriver_studio/toolchain/risc-v embedded gcc/bin/../lib/gcc/riscv-none-embed/8.2.0/../../../../riscv-none-embed/lib/rv32imafc/ilp32f\libprintfloat.a(printfloat.o)
                0x0000000000006092                printDouble
 .text.print    0x0000000000006192      0x358 c:/mounriver/mounriver_studio/toolchain/risc-v embedded gcc/bin/../lib/gcc/riscv-none-embed/8.2.0/../../../../riscv-none-embed/lib/rv32imafc/ilp32f\libprintfloat.a(printfloat.o)
                0x0000000000006192                print
 .text.printf   0x00000000000064ea       0x24 c:/mounriver/mounriver_studio/toolchain/risc-v embedded gcc/bin/../lib/gcc/riscv-none-embed/8.2.0/../../../../riscv-none-embed/lib/rv32imafc/ilp32f\libprintfloat.a(printfloat.o)
                0x00000000000064ea                printf
 .text.puts     0x000000000000650e       0x54 c:/mounriver/mounriver_studio/toolchain/risc-v embedded gcc/bin/../lib/gcc/riscv-none-embed/8.2.0/../../../../riscv-none-embed/lib/rv32imafc/ilp32f\libprintfloat.a(printfloat.o)
                0x000000000000650e                puts
 .text.__divdi3
                0x0000000000006562      0x3d8 c:/mounriver/mounriver_studio/toolchain/risc-v embedded gcc/bin/../lib/gcc/riscv-none-embed/8.2.0/rv32imafc/ilp32f\libgcc.a(_divdi3.o)
                0x0000000000006562                __divdi3
 .text.__udivdi3
                0x000000000000693a      0x398 c:/mounriver/mounriver_studio/toolchain/risc-v embedded gcc/bin/../lib/gcc/riscv-none-embed/8.2.0/rv32imafc/ilp32f\libgcc.a(_udivdi3.o)
                0x000000000000693a                __udivdi3
 .text.__umoddi3
                0x0000000000006cd2      0x38e c:/mounriver/mounriver_studio/toolchain/risc-v embedded gcc/bin/../lib/gcc/riscv-none-embed/8.2.0/rv32imafc/ilp32f\libgcc.a(_umoddi3.o)
                0x0000000000006cd2                __umoddi3
 .text.__ledf2  0x0000000000007060       0xb6 c:/mounriver/mounriver_studio/toolchain/risc-v embedded gcc/bin/../lib/gcc/riscv-none-embed/8.2.0/rv32imafc/ilp32f\libgcc.a(ledf2.o)
                0x0000000000007060                __ledf2
                0x0000000000007060                __ltdf2
 .text.__muldf3
                0x0000000000007116      0x656 c:/mounriver/mounriver_studio/toolchain/risc-v embedded gcc/bin/../lib/gcc/riscv-none-embed/8.2.0/rv32imafc/ilp32f\libgcc.a(muldf3.o)
                0x0000000000007116                __muldf3
 .text.__subdf3
                0x000000000000776c      0xa8c c:/mounriver/mounriver_studio/toolchain/risc-v embedded gcc/bin/../lib/gcc/riscv-none-embed/8.2.0/rv32imafc/ilp32f\libgcc.a(subdf3.o)
                0x000000000000776c                __subdf3
 .text.__fixdfdi
                0x00000000000081f8      0x130 c:/mounriver/mounriver_studio/toolchain/risc-v embedded gcc/bin/../lib/gcc/riscv-none-embed/8.2.0/rv32imafc/ilp32f\libgcc.a(fixdfdi.o)
                0x00000000000081f8                __fixdfdi
 .text.__floatdidf
                0x0000000000008328      0x21c c:/mounriver/mounriver_studio/toolchain/risc-v embedded gcc/bin/../lib/gcc/riscv-none-embed/8.2.0/rv32imafc/ilp32f\libgcc.a(floatdidf.o)
                0x0000000000008328                __floatdidf
 .text.__extendsfdf2
                0x0000000000008544       0xe8 c:/mounriver/mounriver_studio/toolchain/risc-v embedded gcc/bin/../lib/gcc/riscv-none-embed/8.2.0/rv32imafc/ilp32f\libgcc.a(extendsfdf2.o)
                0x0000000000008544                __extendsfdf2
 .text.__truncdfsf2
                0x000000000000862c      0x31e c:/mounriver/mounriver_studio/toolchain/risc-v embedded gcc/bin/../lib/gcc/riscv-none-embed/8.2.0/rv32imafc/ilp32f\libgcc.a(truncdfsf2.o)
                0x000000000000862c                __truncdfsf2
 .text.__clzsi2
                0x000000000000894a       0x76 c:/mounriver/mounriver_studio/toolchain/risc-v embedded gcc/bin/../lib/gcc/riscv-none-embed/8.2.0/rv32imafc/ilp32f\libgcc.a(_clzsi2.o)
                0x000000000000894a                __clzsi2
 .text.__errno  0x00000000000089c0        0x8 c:/mounriver/mounriver_studio/toolchain/risc-v embedded gcc/bin/../lib/gcc/riscv-none-embed/8.2.0/../../../../riscv-none-embed/lib/rv32imafc/ilp32f\libg_nano.a(lib_a-errno.o)
                0x00000000000089c0                __errno
 .text.memcmp   0x00000000000089c8       0x26 c:/mounriver/mounriver_studio/toolchain/risc-v embedded gcc/bin/../lib/gcc/riscv-none-embed/8.2.0/../../../../riscv-none-embed/lib/rv32imafc/ilp32f\libg_nano.a(lib_a-memcmp.o)
                0x00000000000089c8                memcmp
 .text.memcpy   0x00000000000089ee       0xb6 c:/mounriver/mounriver_studio/toolchain/risc-v embedded gcc/bin/../lib/gcc/riscv-none-embed/8.2.0/../../../../riscv-none-embed/lib/rv32imafc/ilp32f\libg_nano.a(lib_a-memcpy.o)
                0x00000000000089ee                memcpy
 *(.rodata)
 .rodata        0x0000000000008aa4       0x2f ./General_Files/eMPL/inv_mpu_dmp_motion_driver.o
 *(.rodata*)
 *fill*         0x0000000000008ad3        0x1 
 .rodata.Motor_sort_start.cst4
                0x0000000000008ad4        0x8 ./User/main.o
 .rodata.Motor_sort_start.str1.4
                0x0000000000008adc       0x21 ./User/main.o
 *fill*         0x0000000000008afd        0x3 
 .rodata.main.str1.4
                0x0000000000008b00       0x28 ./User/main.o
 .rodata.mpu_get_lpf
                0x0000000000008b28       0x18 ./General_Files/eMPL/inv_mpu.o
 .rodata.hw     0x0000000000008b40        0xc ./General_Files/eMPL/inv_mpu.o
                0x0000000000008b40                hw
 .rodata.mpu_dmp_get_data.cst4
                0x0000000000008b4c        0xc ./General_Files/eMPL/inv_mpu.o
 .rodata.mpu_dmp_init.str1.4
                0x0000000000008b58       0x12 ./General_Files/eMPL/inv_mpu.o
 *fill*         0x0000000000008b6a        0x2 
 .rodata.mpu_get_gyro_sens.cst4
                0x0000000000008b6c       0x10 ./General_Files/eMPL/inv_mpu.o
 .rodata.mpu_init.str1.4
                0x0000000000008b7c       0x91 ./General_Files/eMPL/inv_mpu.o
 *fill*         0x0000000000008c0d        0x3 
 .rodata.mpu_run_self_test.cst4
                0x0000000000008c10       0x30 ./General_Files/eMPL/inv_mpu.o
 .rodata.reg    0x0000000000008c40       0x1b ./General_Files/eMPL/inv_mpu.o
                0x0000000000008c40                reg
 *fill*         0x0000000000008c5b        0x1 
 .rodata.test   0x0000000000008c5c       0x28 ./General_Files/eMPL/inv_mpu.o
                0x0000000000008c5c                test
 .rodata.dmp_memory
                0x0000000000008c84      0xbf6 ./General_Files/eMPL/inv_mpu_dmp_motion_driver.o
 *fill*         0x000000000000987a        0x2 
 .rodata.dmp_set_tap_thresh.cst4
                0x000000000000987c       0x24 ./General_Files/eMPL/inv_mpu_dmp_motion_driver.o
 .rodata.MPU6050_Init.str1.4
                0x00000000000098a0       0x1b ./General_Files/drivers/MPU6050.o
 *fill*         0x00000000000098bb        0x1 
 .rodata.BAT_ADC_Init.str1.4
                0x00000000000098bc       0x16 ./General_Files/drivers/adc.o
 *fill*         0x00000000000098d2        0x2 
 .rodata.print_status.str1.4
                0x00000000000098d4      0x10b ./General_Files/drivers/uart.o
 *fill*         0x00000000000099df        0x1 
 .rodata.ELRS_Convert_angle.cst4
                0x00000000000099e0        0x4 ./General_Files/apps/src/control.o
 .rodata.ELRS_Convert_throttle.cst4
                0x00000000000099e4        0x8 ./General_Files/apps/src/control.o
 .rodata.PIDSTRUCT_Init.cst4
                0x00000000000099ec       0x2c ./General_Files/apps/src/control.o
                                         0x30 (size before relaxing)
 .rodata.System_Init.str1.4
                0x0000000000009a18       0x11 ./General_Files/system.o
 .rodata.asinf.cst4
                0x0000000000009a29        0x4 c:/mounriver/mounriver_studio/toolchain/risc-v embedded gcc/bin/../lib/gcc/riscv-none-embed/8.2.0/../../../../riscv-none-embed/lib/rv32imafc/ilp32f\libm.a(lib_a-wf_asin.o)
 *fill*         0x0000000000009a29        0x3 
 .rodata.asinf.str1.4
                0x0000000000009a2c        0x6 c:/mounriver/mounriver_studio/toolchain/risc-v embedded gcc/bin/../lib/gcc/riscv-none-embed/8.2.0/../../../../riscv-none-embed/lib/rv32imafc/ilp32f\libm.a(lib_a-wf_asin.o)
                                          0x9 (size before relaxing)
 *fill*         0x0000000000009a32        0x2 
 .rodata.__ieee754_asinf.cst4
                0x0000000000009a34       0x40 c:/mounriver/mounriver_studio/toolchain/risc-v embedded gcc/bin/../lib/gcc/riscv-none-embed/8.2.0/../../../../riscv-none-embed/lib/rv32imafc/ilp32f\libm.a(lib_a-ef_asin.o)
                                         0x48 (size before relaxing)
 .rodata.__ieee754_atan2f.cst4
                0x0000000000009a74       0x1c c:/mounriver/mounriver_studio/toolchain/risc-v embedded gcc/bin/../lib/gcc/riscv-none-embed/8.2.0/../../../../riscv-none-embed/lib/rv32imafc/ilp32f\libm.a(lib_a-ef_atan2.o)
                                         0x28 (size before relaxing)
 *fill*         0x0000000000009a90        0x0 
 .rodata.nan.cst8
                0x0000000000009a90        0x8 c:/mounriver/mounriver_studio/toolchain/risc-v embedded gcc/bin/../lib/gcc/riscv-none-embed/8.2.0/../../../../riscv-none-embed/lib/rv32imafc/ilp32f\libm.a(lib_a-s_nan.o)
 .rodata.atanf.cst4
                0x0000000000009a98       0x34 c:/mounriver/mounriver_studio/toolchain/risc-v embedded gcc/bin/../lib/gcc/riscv-none-embed/8.2.0/../../../../riscv-none-embed/lib/rv32imafc/ilp32f\libm.a(lib_a-sf_atan.o)
                                         0x48 (size before relaxing)
 .rodata.atanhi
                0x0000000000009acc       0x10 c:/mounriver/mounriver_studio/toolchain/risc-v embedded gcc/bin/../lib/gcc/riscv-none-embed/8.2.0/../../../../riscv-none-embed/lib/rv32imafc/ilp32f\libm.a(lib_a-sf_atan.o)
 .rodata.atanlo
                0x0000000000009adc       0x10 c:/mounriver/mounriver_studio/toolchain/risc-v embedded gcc/bin/../lib/gcc/riscv-none-embed/8.2.0/../../../../riscv-none-embed/lib/rv32imafc/ilp32f\libm.a(lib_a-sf_atan.o)
 .rodata.print.str1.4
                0x0000000000009aec        0x8 c:/mounriver/mounriver_studio/toolchain/risc-v embedded gcc/bin/../lib/gcc/riscv-none-embed/8.2.0/../../../../riscv-none-embed/lib/rv32imafc/ilp32f\libprintfloat.a(printfloat.o)
                                          0x7 (size before relaxing)
 .rodata.__muldf3
                0x0000000000009af4       0x40 c:/mounriver/mounriver_studio/toolchain/risc-v embedded gcc/bin/../lib/gcc/riscv-none-embed/8.2.0/rv32imafc/ilp32f\libgcc.a(muldf3.o)
 .rodata.__clz_tab
                0x0000000000009b34      0x100 c:/mounriver/mounriver_studio/toolchain/risc-v embedded gcc/bin/../lib/gcc/riscv-none-embed/8.2.0/rv32imafc/ilp32f\libgcc.a(_clz.o)
                0x0000000000009b34                __clz_tab
 *(.glue_7)
 *(.glue_7t)
 *(.gnu.linkonce.t.*)
                0x0000000000009c34                . = ALIGN (0x4)

.rela.dyn       0x0000000000009c34        0x0
 .rela.text.Motor_sort_start
                0x0000000000009c34        0x0 ./User/ch32v30x_it.o
 .rela.text.startup.main
                0x0000000000009c34        0x0 ./User/ch32v30x_it.o
 .rela.init     0x0000000000009c34        0x0 ./User/ch32v30x_it.o
 .rela.vector   0x0000000000009c34        0x0 ./User/ch32v30x_it.o
 .rela.text.handle_reset
                0x0000000000009c34        0x0 ./User/ch32v30x_it.o
 .rela.text.mpu_init
                0x0000000000009c34        0x0 ./User/ch32v30x_it.o
 .rela.text.mpu_dmp_init
                0x0000000000009c34        0x0 ./User/ch32v30x_it.o
 .rela.sdata.bmp280
                0x0000000000009c34        0x0 ./User/ch32v30x_it.o
 .rela.text.MPU6050_Init
                0x0000000000009c34        0x0 ./User/ch32v30x_it.o
 .rela.text.BAT_ADC_Init
                0x0000000000009c34        0x0 ./User/ch32v30x_it.o
 .rela.text.UART_RxCpltCallback
                0x0000000000009c34        0x0 ./User/ch32v30x_it.o
 .rela.text.print_status
                0x0000000000009c34        0x0 ./User/ch32v30x_it.o
 .rela.text.Crc_init
                0x0000000000009c34        0x0 ./User/ch32v30x_it.o
 .rela.text.Calc
                0x0000000000009c34        0x0 ./User/ch32v30x_it.o
 .rela.text.ShiftRxBuffer
                0x0000000000009c34        0x0 ./User/ch32v30x_it.o
 .rela.text.PacketChannelsPacked
                0x0000000000009c34        0x0 ./User/ch32v30x_it.o
 .rela.text.PacketLinkStatistics
                0x0000000000009c34        0x0 ./User/ch32v30x_it.o
 .rela.text.ProcessPacketIn
                0x0000000000009c34        0x0 ./User/ch32v30x_it.o
 .rela.text.HandleByteReceived
                0x0000000000009c34        0x0 ./User/ch32v30x_it.o
 .rela.text.PIDSTRUCT_Init
                0x0000000000009c34        0x0 ./User/ch32v30x_it.o
 .rela.text.ELRS_Convert_lock
                0x0000000000009c34        0x0 ./User/ch32v30x_it.o
 .rela.text.ELRS_Convert_flight_mode
                0x0000000000009c34        0x0 ./User/ch32v30x_it.o
 .rela.text.Roll_outerloop_ctr
                0x0000000000009c34        0x0 ./User/ch32v30x_it.o
 .rela.text.Roll_innerloop_ctr
                0x0000000000009c34        0x0 ./User/ch32v30x_it.o
 .rela.text.Yaw_outerloop_ctr
                0x0000000000009c34        0x0 ./User/ch32v30x_it.o
 .rela.text.Yaw_innerloop_ctr
                0x0000000000009c34        0x0 ./User/ch32v30x_it.o
 .rela.text.Pitch_outerloop_ctr
                0x0000000000009c34        0x0 ./User/ch32v30x_it.o
 .rela.text.Pitch_innerloop_ctr
                0x0000000000009c34        0x0 ./User/ch32v30x_it.o
 .rela.text.Check_control_mode
                0x0000000000009c34        0x0 ./User/ch32v30x_it.o
 .rela.text.Update_ELRS
                0x0000000000009c34        0x0 ./User/ch32v30x_it.o
 .rela.text.Flight_control
                0x0000000000009c34        0x0 ./User/ch32v30x_it.o
 .rela.text.System_Init
                0x0000000000009c34        0x0 ./User/ch32v30x_it.o
 .rela.text.prints
                0x0000000000009c34        0x0 ./User/ch32v30x_it.o
 .rela.text.printInt
                0x0000000000009c34        0x0 ./User/ch32v30x_it.o
 .rela.text.printLongLongInt
                0x0000000000009c34        0x0 ./User/ch32v30x_it.o
 .rela.text.printDouble
                0x0000000000009c34        0x0 ./User/ch32v30x_it.o
 .rela.text.print
                0x0000000000009c34        0x0 ./User/ch32v30x_it.o
 .rela.text.printf
                0x0000000000009c34        0x0 ./User/ch32v30x_it.o
 .rela.data.impure_data
                0x0000000000009c34        0x0 ./User/ch32v30x_it.o

.fini           0x0000000000009c34        0x0
 *(SORT_NONE(.fini))
                0x0000000000009c34                . = ALIGN (0x4)
                [!provide]                        PROVIDE (_etext = .)
                [!provide]                        PROVIDE (_eitcm = .)

.preinit_array  0x0000000000009c34        0x0
                [!provide]                        PROVIDE (__preinit_array_start = .)
 *(.preinit_array)
                [!provide]                        PROVIDE (__preinit_array_end = .)

.init_array     0x0000000000009c34        0x0
                [!provide]                        PROVIDE (__init_array_start = .)
 *(SORT_BY_INIT_PRIORITY(.init_array.*) SORT_BY_INIT_PRIORITY(.ctors.*))
 *(.init_array EXCLUDE_FILE(*crtend?.o *crtend.o *crtbegin?.o *crtbegin.o) .ctors)
                [!provide]                        PROVIDE (__init_array_end = .)

.fini_array     0x0000000000009c34        0x0
                [!provide]                        PROVIDE (__fini_array_start = .)
 *(SORT_BY_INIT_PRIORITY(.fini_array.*) SORT_BY_INIT_PRIORITY(.dtors.*))
 *(.fini_array EXCLUDE_FILE(*crtend?.o *crtend.o *crtbegin?.o *crtbegin.o) .dtors)
                [!provide]                        PROVIDE (__fini_array_end = .)

.ctors
 *crtbegin.o(.ctors)
 *crtbegin?.o(.ctors)
 *(EXCLUDE_FILE(*crtend?.o *crtend.o) .ctors)
 *(SORT_BY_NAME(.ctors.*))
 *(.ctors)

.dtors
 *crtbegin.o(.dtors)
 *crtbegin?.o(.dtors)
 *(EXCLUDE_FILE(*crtend?.o *crtend.o) .dtors)
 *(SORT_BY_NAME(.dtors.*))
 *(.dtors)

.dalign         0x0000000020000000        0x0 load address 0x0000000000009c34
                0x0000000020000000                . = ALIGN (0x4)
                0x0000000020000000                PROVIDE (_data_vma = .)

.dlalign        0x0000000000009c34        0x0
                0x0000000000009c34                . = ALIGN (0x4)
                0x0000000000009c34                PROVIDE (_data_lma = .)

.data           0x0000000020000000       0xe0 load address 0x0000000000009c34
 *(.gnu.linkonce.r.*)
 *(.data .data.*)
 .data.APBAHBPrescTable
                0x0000000020000000       0x10 ./Peripheral/src/ch32v30x_rcc.o
 .data.gyro_orientation
                0x0000000020000010        0x9 ./General_Files/eMPL/inv_mpu.o
 *fill*         0x0000000020000019        0x3 
 .data.st       0x000000002000001c       0x2c ./General_Files/eMPL/inv_mpu.o
 .data.pid_func
                0x0000000020000048       0x10 ./General_Files/apps/src/pid.o
                0x0000000020000048                pid_func
 .data.impure_data
                0x0000000020000058       0x60 c:/mounriver/mounriver_studio/toolchain/risc-v embedded gcc/bin/../lib/gcc/riscv-none-embed/8.2.0/../../../../riscv-none-embed/lib/rv32imafc/ilp32f\libg_nano.a(lib_a-impure.o)
 *(.gnu.linkonce.d.*)
                0x00000000200000b8                . = ALIGN (0x8)
                0x00000000200008b8                PROVIDE (__global_pointer$ = (. + 0x800))
 *(.sdata .sdata.*)
 .sdata.Motor_speed_set
                0x00000000200000b8        0x4 ./User/main.o
                0x00000000200000b8                Motor_speed_set
 .sdata.last_RC_lock_state
                0x00000000200000bc        0x4 ./User/main.o
                0x00000000200000bc                last_RC_lock_state
 .sdata.SystemCoreClock
                0x00000000200000c0        0x4 ./User/system_ch32v30x.o
                0x00000000200000c0                SystemCoreClock
 .sdata.ADCPrescTable
                0x00000000200000c4        0x4 ./Peripheral/src/ch32v30x_rcc.o
 .sdata.bmp280  0x00000000200000c8        0x4 ./General_Files/drivers/BMP280.o
                0x00000000200000c8                bmp280
 .sdata.CONTROL_MODE
                0x00000000200000cc        0x4 ./General_Files/apps/src/control.o
                0x00000000200000cc                CONTROL_MODE
 .sdata.MOTOR_MODE
                0x00000000200000d0        0x4 ./General_Files/apps/src/control.o
                0x00000000200000d0                MOTOR_MODE
 .sdata.flight_mode
                0x00000000200000d4        0x1 ./General_Files/apps/src/control.o
                0x00000000200000d4                flight_mode
 .sdata.is_locked
                0x00000000200000d5        0x1 ./General_Files/apps/src/control.o
                0x00000000200000d5                is_locked
 *fill*         0x00000000200000d6        0x2 
 .sdata.__fdlib_version
                0x00000000200000d8        0x4 c:/mounriver/mounriver_studio/toolchain/risc-v embedded gcc/bin/../lib/gcc/riscv-none-embed/8.2.0/../../../../riscv-none-embed/lib/rv32imafc/ilp32f\libm.a(lib_a-s_lib_ver.o)
                0x00000000200000d8                __fdlib_version
 .sdata._impure_ptr
                0x00000000200000dc        0x4 c:/mounriver/mounriver_studio/toolchain/risc-v embedded gcc/bin/../lib/gcc/riscv-none-embed/8.2.0/../../../../riscv-none-embed/lib/rv32imafc/ilp32f\libg_nano.a(lib_a-impure.o)
                0x00000000200000dc                _impure_ptr
 *(.sdata2.*)
 *(.gnu.linkonce.s.*)
                0x00000000200000e0                . = ALIGN (0x8)
 *(.srodata.cst16)
 *(.srodata.cst8)
 *(.srodata.cst4)
 *(.srodata.cst2)
 *(.srodata .srodata.*)
                0x00000000200000e0                . = ALIGN (0x4)
                0x00000000200000e0                PROVIDE (_edata = .)

.bss            0x00000000200000e0      0x3c4 load address 0x0000000000009d14
                0x00000000200000e0                . = ALIGN (0x4)
                0x00000000200000e0                PROVIDE (_sbss = .)
 *(.sbss*)
 .sbss.NVIC_Priority_Group
                0x00000000200000e0        0x4 ./Peripheral/src/ch32v30x_misc.o
                0x00000000200000e0                NVIC_Priority_Group
 .sbss.Calibrattion_Val
                0x00000000200000e4        0x2 ./General_Files/drivers/adc.o
                0x00000000200000e4                Calibrattion_Val
 *fill*         0x00000000200000e6        0x2 
 .sbss.Mech_zero_yaw
                0x00000000200000e8        0x4 ./General_Files/apps/src/control.o
                0x00000000200000e8                Mech_zero_yaw
 .sbss.PWM_Out1
                0x00000000200000ec        0x2 ./General_Files/apps/src/control.o
                0x00000000200000ec                PWM_Out1
 .sbss.PWM_Out2
                0x00000000200000ee        0x2 ./General_Files/apps/src/control.o
                0x00000000200000ee                PWM_Out2
 .sbss.PWM_Out3
                0x00000000200000f0        0x2 ./General_Files/apps/src/control.o
                0x00000000200000f0                PWM_Out3
 .sbss.PWM_Out4
                0x00000000200000f2        0x2 ./General_Files/apps/src/control.o
                0x00000000200000f2                PWM_Out4
 .sbss.Pitch    0x00000000200000f4        0x4 ./General_Files/apps/src/control.o
                0x00000000200000f4                Pitch
 .sbss.Roll     0x00000000200000f8        0x4 ./General_Files/apps/src/control.o
                0x00000000200000f8                Roll
 .sbss.Throttle
                0x00000000200000fc        0x2 ./General_Files/apps/src/control.o
                0x00000000200000fc                Throttle
 *fill*         0x00000000200000fe        0x2 
 .sbss.Yaw      0x0000000020000100        0x4 ./General_Files/apps/src/control.o
                0x0000000020000100                Yaw
 .sbss.p_ms     0x0000000020000104        0x2 ./Debug/debug.o
 .sbss.p_us     0x0000000020000106        0x1 ./Debug/debug.o
 *(.gnu.linkonce.sb.*)
 *(.bss*)
 *fill*         0x0000000020000107        0x1 
 .bss.dmp       0x0000000020000108       0x10 ./General_Files/eMPL/inv_mpu_dmp_motion_driver.o
 .bss.MPU6050_para
                0x0000000020000118       0x14 ./General_Files/drivers/MPU6050.o
                0x0000000020000118                MPU6050_para
 *(.gnu.linkonce.b.*)
 *(COMMON*)
 COMMON         0x000000002000012c       0x40 ./User/main.o
                0x000000002000012c                CrsfChannels
 COMMON         0x000000002000016c       0x1c ./General_Files/drivers/BMP280.o
                0x000000002000016c                bmp280_inst
                0x0000000020000184                t_fine
 COMMON         0x0000000020000188        0x2 ./General_Files/drivers/adc.o
                0x0000000020000188                TxBuf
 *fill*         0x000000002000018a        0x2 
 COMMON         0x000000002000018c      0x100 ./General_Files/apps/src/CRC.o
                0x000000002000018c                _lut
 COMMON         0x000000002000028c       0x50 ./General_Files/apps/src/CRSF.o
                0x000000002000028c                RxBuf_Index
                0x0000000020000290                LinkStatistics
                0x000000002000029c                RxBuf
 COMMON         0x00000000200002dc      0x1c8 ./General_Files/apps/src/control.o
                0x00000000200002dc                PID_roll_innerloop
                0x0000000020000328                PID_yaw_outerloop
                0x0000000020000374                PID_pitch_outerloop
                0x00000000200003c0                PID_yaw_innerloop
                0x000000002000040c                PID_roll_outerloop
                0x0000000020000458                PID_pitch_innerloop
                0x00000000200004a4                . = ALIGN (0x4)
                0x00000000200004a4                PROVIDE (_ebss = .)
                0x00000000200004a4                PROVIDE (_end = _ebss)
                [!provide]                        PROVIDE (end = .)

.stack          0x0000000020007800      0x800
                0x0000000020007800                PROVIDE (_heap_end = .)
                0x0000000020007800                . = ALIGN (0x4)
                [!provide]                        PROVIDE (_susrstack = .)
                0x0000000020008000                . = (. + __stack_size)
 *fill*         0x0000000020007800      0x800 
                0x0000000020008000                PROVIDE (_eusrstack = .)
OUTPUT(FPV_demo.elf elf32-littleriscv)

.debug_info     0x0000000000000000    0x20aa2
 .debug_info    0x0000000000000000      0x962 ./User/ch32v30x_it.o
 .debug_info    0x0000000000000962      0xd79 ./User/main.o
 .debug_info    0x00000000000016db      0xb99 ./User/system_ch32v30x.o
 .debug_info    0x0000000000002274       0x22 ./Startup/startup_ch32v30x_D8C.o
 .debug_info    0x0000000000002296     0x16ed ./Peripheral/src/ch32v30x_adc.o
 .debug_info    0x0000000000003983      0xd13 ./Peripheral/src/ch32v30x_dma.o
 .debug_info    0x0000000000004696     0x115e ./Peripheral/src/ch32v30x_gpio.o
 .debug_info    0x00000000000057f4     0x1481 ./Peripheral/src/ch32v30x_i2c.o
 .debug_info    0x0000000000006c75      0xf6d ./Peripheral/src/ch32v30x_misc.o
 .debug_info    0x0000000000007be2     0x155d ./Peripheral/src/ch32v30x_rcc.o
 .debug_info    0x000000000000913f     0x2a18 ./Peripheral/src/ch32v30x_tim.o
 .debug_info    0x000000000000bb57     0x1420 ./Peripheral/src/ch32v30x_usart.o
 .debug_info    0x000000000000cf77     0x434e ./General_Files/eMPL/inv_mpu.o
 .debug_info    0x00000000000112c5     0x1b5d ./General_Files/eMPL/inv_mpu_dmp_motion_driver.o
 .debug_info    0x0000000000012e22     0x13d1 ./General_Files/drivers/BMP280.o
 .debug_info    0x00000000000141f3     0x15ff ./General_Files/drivers/MPU6050.o
 .debug_info    0x00000000000157f2      0xfbb ./General_Files/drivers/MyI2C.o
 .debug_info    0x00000000000167ad     0x12e0 ./General_Files/drivers/adc.o
 .debug_info    0x0000000000017a8d      0xb5b ./General_Files/drivers/gpio.o
 .debug_info    0x00000000000185e8     0x14b5 ./General_Files/drivers/pwm.o
 .debug_info    0x0000000000019a9d     0x1614 ./General_Files/drivers/tim.o
 .debug_info    0x000000000001b0b1     0x17d5 ./General_Files/drivers/uart.o
 .debug_info    0x000000000001c886      0x15e ./General_Files/apps/src/CRC.o
 .debug_info    0x000000000001c9e4      0xef2 ./General_Files/apps/src/CRSF.o
 .debug_info    0x000000000001d8d6     0x124e ./General_Files/apps/src/control.o
 .debug_info    0x000000000001eb24      0x266 ./General_Files/apps/src/pid.o
 .debug_info    0x000000000001ed8a      0xdfc ./General_Files/system.o
 .debug_info    0x000000000001fb86      0xf1c ./Debug/debug.o

.debug_abbrev   0x0000000000000000     0x523c
 .debug_abbrev  0x0000000000000000      0x1cf ./User/ch32v30x_it.o
 .debug_abbrev  0x00000000000001cf      0x2a6 ./User/main.o
 .debug_abbrev  0x0000000000000475      0x2c0 ./User/system_ch32v30x.o
 .debug_abbrev  0x0000000000000735       0x12 ./Startup/startup_ch32v30x_D8C.o
 .debug_abbrev  0x0000000000000747      0x3ac ./Peripheral/src/ch32v30x_adc.o
 .debug_abbrev  0x0000000000000af3      0x2fd ./Peripheral/src/ch32v30x_dma.o
 .debug_abbrev  0x0000000000000df0      0x3e9 ./Peripheral/src/ch32v30x_gpio.o
 .debug_abbrev  0x00000000000011d9      0x3aa ./Peripheral/src/ch32v30x_i2c.o
 .debug_abbrev  0x0000000000001583      0x2fb ./Peripheral/src/ch32v30x_misc.o
 .debug_abbrev  0x000000000000187e      0x351 ./Peripheral/src/ch32v30x_rcc.o
 .debug_abbrev  0x0000000000001bcf      0x421 ./Peripheral/src/ch32v30x_tim.o
 .debug_abbrev  0x0000000000001ff0      0x325 ./Peripheral/src/ch32v30x_usart.o
 .debug_abbrev  0x0000000000002315      0x4bf ./General_Files/eMPL/inv_mpu.o
 .debug_abbrev  0x00000000000027d4      0x3bb ./General_Files/eMPL/inv_mpu_dmp_motion_driver.o
 .debug_abbrev  0x0000000000002b8f      0x376 ./General_Files/drivers/BMP280.o
 .debug_abbrev  0x0000000000002f05      0x3d6 ./General_Files/drivers/MPU6050.o
 .debug_abbrev  0x00000000000032db      0x2ca ./General_Files/drivers/MyI2C.o
 .debug_abbrev  0x00000000000035a5      0x32f ./General_Files/drivers/adc.o
 .debug_abbrev  0x00000000000038d4      0x25e ./General_Files/drivers/gpio.o
 .debug_abbrev  0x0000000000003b32      0x2b1 ./General_Files/drivers/pwm.o
 .debug_abbrev  0x0000000000003de3      0x2cf ./General_Files/drivers/tim.o
 .debug_abbrev  0x00000000000040b2      0x303 ./General_Files/drivers/uart.o
 .debug_abbrev  0x00000000000043b5      0x104 ./General_Files/apps/src/CRC.o
 .debug_abbrev  0x00000000000044b9      0x3ba ./General_Files/apps/src/CRSF.o
 .debug_abbrev  0x0000000000004873      0x36b ./General_Files/apps/src/control.o
 .debug_abbrev  0x0000000000004bde      0x106 ./General_Files/apps/src/pid.o
 .debug_abbrev  0x0000000000004ce4      0x25f ./General_Files/system.o
 .debug_abbrev  0x0000000000004f43      0x2f9 ./Debug/debug.o

.debug_aranges  0x0000000000000000     0x1048
 .debug_aranges
                0x0000000000000000       0x28 ./User/ch32v30x_it.o
 .debug_aranges
                0x0000000000000028       0x28 ./User/main.o
 .debug_aranges
                0x0000000000000050       0x28 ./User/system_ch32v30x.o
 .debug_aranges
                0x0000000000000078       0x30 ./Startup/startup_ch32v30x_D8C.o
 .debug_aranges
                0x00000000000000a8      0x150 ./Peripheral/src/ch32v30x_adc.o
 .debug_aranges
                0x00000000000001f8       0x60 ./Peripheral/src/ch32v30x_dma.o
 .debug_aranges
                0x0000000000000258       0xb0 ./Peripheral/src/ch32v30x_gpio.o
 .debug_aranges
                0x0000000000000308      0x110 ./Peripheral/src/ch32v30x_i2c.o
 .debug_aranges
                0x0000000000000418       0x28 ./Peripheral/src/ch32v30x_misc.o
 .debug_aranges
                0x0000000000000440      0x1a8 ./Peripheral/src/ch32v30x_rcc.o
 .debug_aranges
                0x00000000000005e8      0x2d0 ./Peripheral/src/ch32v30x_tim.o
 .debug_aranges
                0x00000000000008b8      0x100 ./Peripheral/src/ch32v30x_usart.o
 .debug_aranges
                0x00000000000009b8      0x1b0 ./General_Files/eMPL/inv_mpu.o
 .debug_aranges
                0x0000000000000b68       0xf8 ./General_Files/eMPL/inv_mpu_dmp_motion_driver.o
 .debug_aranges
                0x0000000000000c60       0x70 ./General_Files/drivers/BMP280.o
 .debug_aranges
                0x0000000000000cd0       0x50 ./General_Files/drivers/MPU6050.o
 .debug_aranges
                0x0000000000000d20       0x68 ./General_Files/drivers/MyI2C.o
 .debug_aranges
                0x0000000000000d88       0x48 ./General_Files/drivers/adc.o
 .debug_aranges
                0x0000000000000dd0       0x20 ./General_Files/drivers/gpio.o
 .debug_aranges
                0x0000000000000df0       0x38 ./General_Files/drivers/pwm.o
 .debug_aranges
                0x0000000000000e28       0x48 ./General_Files/drivers/tim.o
 .debug_aranges
                0x0000000000000e70       0x38 ./General_Files/drivers/uart.o
 .debug_aranges
                0x0000000000000ea8       0x28 ./General_Files/apps/src/CRC.o
 .debug_aranges
                0x0000000000000ed0       0x40 ./General_Files/apps/src/CRSF.o
 .debug_aranges
                0x0000000000000f10       0x90 ./General_Files/apps/src/control.o
 .debug_aranges
                0x0000000000000fa0       0x38 ./General_Files/apps/src/pid.o
 .debug_aranges
                0x0000000000000fd8       0x28 ./General_Files/system.o
 .debug_aranges
                0x0000000000001000       0x48 ./Debug/debug.o

.debug_ranges   0x0000000000000000     0x1740
 .debug_ranges  0x0000000000000000       0x18 ./User/ch32v30x_it.o
 .debug_ranges  0x0000000000000018       0x30 ./User/main.o
 .debug_ranges  0x0000000000000048       0x38 ./User/system_ch32v30x.o
 .debug_ranges  0x0000000000000080       0x28 ./Startup/startup_ch32v30x_D8C.o
 .debug_ranges  0x00000000000000a8      0x140 ./Peripheral/src/ch32v30x_adc.o
 .debug_ranges  0x00000000000001e8       0x50 ./Peripheral/src/ch32v30x_dma.o
 .debug_ranges  0x0000000000000238       0xd0 ./Peripheral/src/ch32v30x_gpio.o
 .debug_ranges  0x0000000000000308      0x100 ./Peripheral/src/ch32v30x_i2c.o
 .debug_ranges  0x0000000000000408       0x48 ./Peripheral/src/ch32v30x_misc.o
 .debug_ranges  0x0000000000000450      0x198 ./Peripheral/src/ch32v30x_rcc.o
 .debug_ranges  0x00000000000005e8      0x308 ./Peripheral/src/ch32v30x_tim.o
 .debug_ranges  0x00000000000008f0       0xf0 ./Peripheral/src/ch32v30x_usart.o
 .debug_ranges  0x00000000000009e0      0x860 ./General_Files/eMPL/inv_mpu.o
 .debug_ranges  0x0000000000001240      0x120 ./General_Files/eMPL/inv_mpu_dmp_motion_driver.o
 .debug_ranges  0x0000000000001360       0x60 ./General_Files/drivers/BMP280.o
 .debug_ranges  0x00000000000013c0       0x88 ./General_Files/drivers/MPU6050.o
 .debug_ranges  0x0000000000001448       0x58 ./General_Files/drivers/MyI2C.o
 .debug_ranges  0x00000000000014a0       0x38 ./General_Files/drivers/adc.o
 .debug_ranges  0x00000000000014d8       0x10 ./General_Files/drivers/gpio.o
 .debug_ranges  0x00000000000014e8       0x28 ./General_Files/drivers/pwm.o
 .debug_ranges  0x0000000000001510       0x38 ./General_Files/drivers/tim.o
 .debug_ranges  0x0000000000001548       0x28 ./General_Files/drivers/uart.o
 .debug_ranges  0x0000000000001570       0x50 ./General_Files/apps/src/CRC.o
 .debug_ranges  0x00000000000015c0       0x70 ./General_Files/apps/src/CRSF.o
 .debug_ranges  0x0000000000001630       0x98 ./General_Files/apps/src/control.o
 .debug_ranges  0x00000000000016c8       0x28 ./General_Files/apps/src/pid.o
 .debug_ranges  0x00000000000016f0       0x18 ./General_Files/system.o
 .debug_ranges  0x0000000000001708       0x38 ./Debug/debug.o

.debug_line     0x0000000000000000    0x1a2bc
 .debug_line    0x0000000000000000      0x246 ./User/ch32v30x_it.o
 .debug_line    0x0000000000000246      0x76a ./User/main.o
 .debug_line    0x00000000000009b0      0x93d ./User/system_ch32v30x.o
 .debug_line    0x00000000000012ed      0x356 ./Startup/startup_ch32v30x_D8C.o
 .debug_line    0x0000000000001643     0x18f7 ./Peripheral/src/ch32v30x_adc.o
 .debug_line    0x0000000000002f3a      0xa20 ./Peripheral/src/ch32v30x_dma.o
 .debug_line    0x000000000000395a      0xe94 ./Peripheral/src/ch32v30x_gpio.o
 .debug_line    0x00000000000047ee     0x11b6 ./Peripheral/src/ch32v30x_i2c.o
 .debug_line    0x00000000000059a4      0x51f ./Peripheral/src/ch32v30x_misc.o
 .debug_line    0x0000000000005ec3     0x1840 ./Peripheral/src/ch32v30x_rcc.o
 .debug_line    0x0000000000007703     0x3464 ./Peripheral/src/ch32v30x_tim.o
 .debug_line    0x000000000000ab67     0x10f9 ./Peripheral/src/ch32v30x_usart.o
 .debug_line    0x000000000000bc60     0x50d9 ./General_Files/eMPL/inv_mpu.o
 .debug_line    0x0000000000010d39     0x2375 ./General_Files/eMPL/inv_mpu_dmp_motion_driver.o
 .debug_line    0x00000000000130ae      0xf40 ./General_Files/drivers/BMP280.o
 .debug_line    0x0000000000013fee      0xd22 ./General_Files/drivers/MPU6050.o
 .debug_line    0x0000000000014d10      0x842 ./General_Files/drivers/MyI2C.o
 .debug_line    0x0000000000015552      0x8a2 ./General_Files/drivers/adc.o
 .debug_line    0x0000000000015df4      0x3ae ./General_Files/drivers/gpio.o
 .debug_line    0x00000000000161a2      0x715 ./General_Files/drivers/pwm.o
 .debug_line    0x00000000000168b7      0x83b ./General_Files/drivers/tim.o
 .debug_line    0x00000000000170f2      0x8cd ./General_Files/drivers/uart.o
 .debug_line    0x00000000000179bf      0x257 ./General_Files/apps/src/CRC.o
 .debug_line    0x0000000000017c16      0x6cf ./General_Files/apps/src/CRSF.o
 .debug_line    0x00000000000182e5      0xf80 ./General_Files/apps/src/control.o
 .debug_line    0x0000000000019265      0x46c ./General_Files/apps/src/pid.o
 .debug_line    0x00000000000196d1      0x48b ./General_Files/system.o
 .debug_line    0x0000000000019b5c      0x760 ./Debug/debug.o

.debug_str      0x0000000000000000     0x5255
 .debug_str     0x0000000000000000      0x556 ./User/ch32v30x_it.o
                                        0x5e0 (size before relaxing)
 .debug_str     0x0000000000000556      0x1a2 ./User/main.o
                                        0x781 (size before relaxing)
 .debug_str     0x00000000000006f8      0x11f ./User/system_ch32v30x.o
                                        0x6ff (size before relaxing)
 .debug_str     0x0000000000000817       0x2e ./Startup/startup_ch32v30x_D8C.o
                                         0x81 (size before relaxing)
 .debug_str     0x0000000000000845      0x60e ./Peripheral/src/ch32v30x_adc.o
                                        0xc41 (size before relaxing)
 .debug_str     0x0000000000000e53      0x205 ./Peripheral/src/ch32v30x_dma.o
                                        0x81d (size before relaxing)
 .debug_str     0x0000000000001058      0x388 ./Peripheral/src/ch32v30x_gpio.o
                                        0x9aa (size before relaxing)
 .debug_str     0x00000000000013e0      0x484 ./Peripheral/src/ch32v30x_i2c.o
                                        0xb0a (size before relaxing)
 .debug_str     0x0000000000001864      0x6a5 ./Peripheral/src/ch32v30x_misc.o
                                        0xcf5 (size before relaxing)
 .debug_str     0x0000000000001f09      0x539 ./Peripheral/src/ch32v30x_rcc.o
                                        0xceb (size before relaxing)
 .debug_str     0x0000000000002442      0xb95 ./Peripheral/src/ch32v30x_tim.o
                                       0x12a5 (size before relaxing)
 .debug_str     0x0000000000002fd7      0x409 ./Peripheral/src/ch32v30x_usart.o
                                        0xb41 (size before relaxing)
 .debug_str     0x00000000000033e0      0xae1 ./General_Files/eMPL/inv_mpu.o
                                       0x11e2 (size before relaxing)
 .debug_str     0x0000000000003ec1      0x371 ./General_Files/eMPL/inv_mpu_dmp_motion_driver.o
                                        0xad9 (size before relaxing)
 .debug_str     0x0000000000004232      0x485 ./General_Files/drivers/BMP280.o
                                        0xac3 (size before relaxing)
 .debug_str     0x00000000000046b7       0xdd ./General_Files/drivers/MPU6050.o
                                        0xa92 (size before relaxing)
 .debug_str     0x0000000000004794       0x6c ./General_Files/drivers/MyI2C.o
                                        0x87b (size before relaxing)
 .debug_str     0x0000000000004800       0xcf ./General_Files/drivers/adc.o
                                        0xba3 (size before relaxing)
 .debug_str     0x00000000000048cf       0x29 ./General_Files/drivers/gpio.o
                                        0x780 (size before relaxing)
 .debug_str     0x00000000000048f8       0x71 ./General_Files/drivers/pwm.o
                                        0xc12 (size before relaxing)
 .debug_str     0x0000000000004969       0xd5 ./General_Files/drivers/tim.o
                                       0x105f (size before relaxing)
 .debug_str     0x0000000000004a3e       0x9a ./General_Files/drivers/uart.o
                                       0x11c1 (size before relaxing)
 .debug_str     0x0000000000004ad8       0x2f ./General_Files/apps/src/CRC.o
                                        0x1f3 (size before relaxing)
 .debug_str     0x0000000000004b07      0x4ca ./General_Files/apps/src/CRSF.o
                                        0xb07 (size before relaxing)
 .debug_str     0x0000000000004fd1      0x1c4 ./General_Files/apps/src/control.o
                                        0x953 (size before relaxing)
 .debug_str     0x0000000000005195       0x44 ./General_Files/apps/src/pid.o
                                        0x1e9 (size before relaxing)
 .debug_str     0x00000000000051d9       0x1a ./General_Files/system.o
                                        0x79f (size before relaxing)
 .debug_str     0x00000000000051f3       0x62 ./Debug/debug.o
                                        0x929 (size before relaxing)

.comment        0x0000000000000000       0x33
 .comment       0x0000000000000000       0x33 ./User/ch32v30x_it.o
                                         0x34 (size before relaxing)
 .comment       0x0000000000000033       0x34 ./User/main.o
 .comment       0x0000000000000033       0x34 ./User/system_ch32v30x.o
 .comment       0x0000000000000033       0x34 ./Peripheral/src/ch32v30x_adc.o
 .comment       0x0000000000000033       0x34 ./Peripheral/src/ch32v30x_dma.o
 .comment       0x0000000000000033       0x34 ./Peripheral/src/ch32v30x_gpio.o
 .comment       0x0000000000000033       0x34 ./Peripheral/src/ch32v30x_i2c.o
 .comment       0x0000000000000033       0x34 ./Peripheral/src/ch32v30x_misc.o
 .comment       0x0000000000000033       0x34 ./Peripheral/src/ch32v30x_rcc.o
 .comment       0x0000000000000033       0x34 ./Peripheral/src/ch32v30x_tim.o
 .comment       0x0000000000000033       0x34 ./Peripheral/src/ch32v30x_usart.o
 .comment       0x0000000000000033       0x34 ./General_Files/eMPL/inv_mpu.o
 .comment       0x0000000000000033       0x34 ./General_Files/eMPL/inv_mpu_dmp_motion_driver.o
 .comment       0x0000000000000033       0x34 ./General_Files/drivers/BMP280.o
 .comment       0x0000000000000033       0x34 ./General_Files/drivers/MPU6050.o
 .comment       0x0000000000000033       0x34 ./General_Files/drivers/MyI2C.o
 .comment       0x0000000000000033       0x34 ./General_Files/drivers/adc.o
 .comment       0x0000000000000033       0x34 ./General_Files/drivers/gpio.o
 .comment       0x0000000000000033       0x34 ./General_Files/drivers/pwm.o
 .comment       0x0000000000000033       0x34 ./General_Files/drivers/tim.o
 .comment       0x0000000000000033       0x34 ./General_Files/drivers/uart.o
 .comment       0x0000000000000033       0x34 ./General_Files/apps/src/CRC.o
 .comment       0x0000000000000033       0x34 ./General_Files/apps/src/CRSF.o
 .comment       0x0000000000000033       0x34 ./General_Files/apps/src/control.o
 .comment       0x0000000000000033       0x34 ./General_Files/apps/src/pid.o
 .comment       0x0000000000000033       0x34 ./General_Files/system.o
 .comment       0x0000000000000033       0x34 ./Debug/debug.o
 .comment       0x0000000000000033       0x34 c:/mounriver/mounriver_studio/toolchain/risc-v embedded gcc/bin/../lib/gcc/riscv-none-embed/8.2.0/../../../../riscv-none-embed/lib/rv32imafc/ilp32f\libprintfloat.a(printfloat.o)

.debug_frame    0x0000000000000000     0x2dd0
 .debug_frame   0x0000000000000000       0x30 ./User/ch32v30x_it.o
 .debug_frame   0x0000000000000030       0x80 ./User/main.o
 .debug_frame   0x00000000000000b0       0x3c ./User/system_ch32v30x.o
 .debug_frame   0x00000000000000ec      0x2bc ./Peripheral/src/ch32v30x_adc.o
 .debug_frame   0x00000000000003a8       0xc0 ./Peripheral/src/ch32v30x_dma.o
 .debug_frame   0x0000000000000468      0x160 ./Peripheral/src/ch32v30x_gpio.o
 .debug_frame   0x00000000000005c8      0x25c ./Peripheral/src/ch32v30x_i2c.o
 .debug_frame   0x0000000000000824       0x30 ./Peripheral/src/ch32v30x_misc.o
 .debug_frame   0x0000000000000854      0x340 ./Peripheral/src/ch32v30x_rcc.o
 .debug_frame   0x0000000000000b94      0x66c ./Peripheral/src/ch32v30x_tim.o
 .debug_frame   0x0000000000001200      0x210 ./Peripheral/src/ch32v30x_usart.o
 .debug_frame   0x0000000000001410      0x6f0 ./General_Files/eMPL/inv_mpu.o
 .debug_frame   0x0000000000001b00      0x38c ./General_Files/eMPL/inv_mpu_dmp_motion_driver.o
 .debug_frame   0x0000000000001e8c      0x194 ./General_Files/drivers/BMP280.o
 .debug_frame   0x0000000000002020      0x12c ./General_Files/drivers/MPU6050.o
 .debug_frame   0x000000000000214c      0x154 ./General_Files/drivers/MyI2C.o
 .debug_frame   0x00000000000022a0       0xc8 ./General_Files/drivers/adc.o
 .debug_frame   0x0000000000002368       0x30 ./General_Files/drivers/gpio.o
 .debug_frame   0x0000000000002398       0x78 ./General_Files/drivers/pwm.o
 .debug_frame   0x0000000000002410      0x170 ./General_Files/drivers/tim.o
 .debug_frame   0x0000000000002580       0xe8 ./General_Files/drivers/uart.o
 .debug_frame   0x0000000000002668       0x30 ./General_Files/apps/src/CRC.o
 .debug_frame   0x0000000000002698       0x98 ./General_Files/apps/src/CRSF.o
 .debug_frame   0x0000000000002730      0x18c ./General_Files/apps/src/control.o
 .debug_frame   0x00000000000028bc       0x50 ./General_Files/apps/src/pid.o
 .debug_frame   0x000000000000290c       0x40 ./General_Files/system.o
 .debug_frame   0x000000000000294c       0xa4 ./Debug/debug.o
 .debug_frame   0x00000000000029f0       0x4c c:/mounriver/mounriver_studio/toolchain/risc-v embedded gcc/bin/../lib/gcc/riscv-none-embed/8.2.0/../../../../riscv-none-embed/lib/rv32imafc/ilp32f\libm.a(lib_a-wf_asin.o)
 .debug_frame   0x0000000000002a3c       0x20 c:/mounriver/mounriver_studio/toolchain/risc-v embedded gcc/bin/../lib/gcc/riscv-none-embed/8.2.0/../../../../riscv-none-embed/lib/rv32imafc/ilp32f\libm.a(lib_a-wf_atan2.o)
 .debug_frame   0x0000000000002a5c       0x4c c:/mounriver/mounriver_studio/toolchain/risc-v embedded gcc/bin/../lib/gcc/riscv-none-embed/8.2.0/../../../../riscv-none-embed/lib/rv32imafc/ilp32f\libm.a(lib_a-ef_asin.o)
 .debug_frame   0x0000000000002aa8       0x44 c:/mounriver/mounriver_studio/toolchain/risc-v embedded gcc/bin/../lib/gcc/riscv-none-embed/8.2.0/../../../../riscv-none-embed/lib/rv32imafc/ilp32f\libm.a(lib_a-ef_atan2.o)
 .debug_frame   0x0000000000002aec       0x20 c:/mounriver/mounriver_studio/toolchain/risc-v embedded gcc/bin/../lib/gcc/riscv-none-embed/8.2.0/../../../../riscv-none-embed/lib/rv32imafc/ilp32f\libm.a(lib_a-ef_sqrt.o)
 .debug_frame   0x0000000000002b0c       0x20 c:/mounriver/mounriver_studio/toolchain/risc-v embedded gcc/bin/../lib/gcc/riscv-none-embed/8.2.0/../../../../riscv-none-embed/lib/rv32imafc/ilp32f\libm.a(lib_a-s_matherr.o)
 .debug_frame   0x0000000000002b2c       0x20 c:/mounriver/mounriver_studio/toolchain/risc-v embedded gcc/bin/../lib/gcc/riscv-none-embed/8.2.0/../../../../riscv-none-embed/lib/rv32imafc/ilp32f\libm.a(lib_a-s_nan.o)
 .debug_frame   0x0000000000002b4c       0x68 c:/mounriver/mounriver_studio/toolchain/risc-v embedded gcc/bin/../lib/gcc/riscv-none-embed/8.2.0/../../../../riscv-none-embed/lib/rv32imafc/ilp32f\libm.a(lib_a-sf_atan.o)
 .debug_frame   0x0000000000002bb4       0x20 c:/mounriver/mounriver_studio/toolchain/risc-v embedded gcc/bin/../lib/gcc/riscv-none-embed/8.2.0/../../../../riscv-none-embed/lib/rv32imafc/ilp32f\libm.a(lib_a-sf_fabs.o)
 .debug_frame   0x0000000000002bd4       0x20 c:/mounriver/mounriver_studio/toolchain/risc-v embedded gcc/bin/../lib/gcc/riscv-none-embed/8.2.0/rv32imafc/ilp32f\libgcc.a(ledf2.o)
 .debug_frame   0x0000000000002bf4       0x58 c:/mounriver/mounriver_studio/toolchain/risc-v embedded gcc/bin/../lib/gcc/riscv-none-embed/8.2.0/rv32imafc/ilp32f\libgcc.a(muldf3.o)