Archive member included to satisfy reference by file (symbol)

c:/mounriver/mounriver_studio/toolchain/risc-v embedded gcc/bin/../lib/gcc/riscv-none-embed/8.2.0/../../../../riscv-none-embed/lib/rv32imafc/ilp32f\libm.a(lib_a-wf_asin.o)
                              ./General_Files/eMPL/inv_mpu.o (asinf)
c:/mounriver/mounriver_studio/toolchain/risc-v embedded gcc/bin/../lib/gcc/riscv-none-embed/8.2.0/../../../../riscv-none-embed/lib/rv32imafc/ilp32f\libm.a(lib_a-wf_atan2.o)
                              ./General_Files/eMPL/inv_mpu.o (atan2f)
c:/mounriver/mounriver_studio/toolchain/risc-v embedded gcc/bin/../lib/gcc/riscv-none-embed/8.2.0/../../../../riscv-none-embed/lib/rv32imafc/ilp32f\libm.a(lib_a-ef_asin.o)
                              c:/mounriver/mounriver_studio/toolchain/risc-v embedded gcc/bin/../lib/gcc/riscv-none-embed/8.2.0/../../../../riscv-none-embed/lib/rv32imafc/ilp32f\libm.a(lib_a-wf_asin.o) (__ieee754_asinf)
c:/mounriver/mounriver_studio/toolchain/risc-v embedded gcc/bin/../lib/gcc/riscv-none-embed/8.2.0/../../../../riscv-none-embed/lib/rv32imafc/ilp32f\libm.a(lib_a-ef_atan2.o)
                              c:/mounriver/mounriver_studio/toolchain/risc-v embedded gcc/bin/../lib/gcc/riscv-none-embed/8.2.0/../../../../riscv-none-embed/lib/rv32imafc/ilp32f\libm.a(lib_a-wf_atan2.o) (__ieee754_atan2f)
c:/mounriver/mounriver_studio/toolchain/risc-v embedded gcc/bin/../lib/gcc/riscv-none-embed/8.2.0/../../../../riscv-none-embed/lib/rv32imafc/ilp32f\libm.a(lib_a-ef_sqrt.o)
                              c:/mounriver/mounriver_studio/toolchain/risc-v embedded gcc/bin/../lib/gcc/riscv-none-embed/8.2.0/../../../../riscv-none-embed/lib/rv32imafc/ilp32f\libm.a(lib_a-ef_asin.o) (__ieee754_sqrtf)
c:/mounriver/mounriver_studio/toolchain/risc-v embedded gcc/bin/../lib/gcc/riscv-none-embed/8.2.0/../../../../riscv-none-embed/lib/rv32imafc/ilp32f\libm.a(lib_a-s_lib_ver.o)
                              c:/mounriver/mounriver_studio/toolchain/risc-v embedded gcc/bin/../lib/gcc/riscv-none-embed/8.2.0/../../../../riscv-none-embed/lib/rv32imafc/ilp32f\libm.a(lib_a-wf_asin.o) (__fdlib_version)
c:/mounriver/mounriver_studio/toolchain/risc-v embedded gcc/bin/../lib/gcc/riscv-none-embed/8.2.0/../../../../riscv-none-embed/lib/rv32imafc/ilp32f\libm.a(lib_a-s_matherr.o)
                              c:/mounriver/mounriver_studio/toolchain/risc-v embedded gcc/bin/../lib/gcc/riscv-none-embed/8.2.0/../../../../riscv-none-embed/lib/rv32imafc/ilp32f\libm.a(lib_a-wf_asin.o) (matherr)
c:/mounriver/mounriver_studio/toolchain/risc-v embedded gcc/bin/../lib/gcc/riscv-none-embed/8.2.0/../../../../riscv-none-embed/lib/rv32imafc/ilp32f\libm.a(lib_a-s_nan.o)
                              c:/mounriver/mounriver_studio/toolchain/risc-v embedded gcc/bin/../lib/gcc/riscv-none-embed/8.2.0/../../../../riscv-none-embed/lib/rv32imafc/ilp32f\libm.a(lib_a-wf_asin.o) (nan)
c:/mounriver/mounriver_studio/toolchain/risc-v embedded gcc/bin/../lib/gcc/riscv-none-embed/8.2.0/../../../../riscv-none-embed/lib/rv32imafc/ilp32f\libm.a(lib_a-sf_atan.o)
                              c:/mounriver/mounriver_studio/toolchain/risc-v embedded gcc/bin/../lib/gcc/riscv-none-embed/8.2.0/../../../../riscv-none-embed/lib/rv32imafc/ilp32f\libm.a(lib_a-ef_atan2.o) (atanf)
c:/mounriver/mounriver_studio/toolchain/risc-v embedded gcc/bin/../lib/gcc/riscv-none-embed/8.2.0/../../../../riscv-none-embed/lib/rv32imafc/ilp32f\libm.a(lib_a-sf_fabs.o)
                              c:/mounriver/mounriver_studio/toolchain/risc-v embedded gcc/bin/../lib/gcc/riscv-none-embed/8.2.0/../../../../riscv-none-embed/lib/rv32imafc/ilp32f\libm.a(lib_a-wf_asin.o) (fabsf)
c:/mounriver/mounriver_studio/toolchain/risc-v embedded gcc/bin/../lib/gcc/riscv-none-embed/8.2.0/../../../../riscv-none-embed/lib/rv32imafc/ilp32f\libprintfloat.a(printfloat.o)
                              ./User/main.o (printf)
c:/mounriver/mounriver_studio/toolchain/risc-v embedded gcc/bin/../lib/gcc/riscv-none-embed/8.2.0/rv32imafc/ilp32f\libgcc.a(_divdi3.o)
                              ./General_Files/eMPL/inv_mpu.o (__divdi3)
c:/mounriver/mounriver_studio/toolchain/risc-v embedded gcc/bin/../lib/gcc/riscv-none-embed/8.2.0/rv32imafc/ilp32f\libgcc.a(_udivdi3.o)
                              c:/mounriver/mounriver_studio/toolchain/risc-v embedded gcc/bin/../lib/gcc/riscv-none-embed/8.2.0/../../../../riscv-none-embed/lib/rv32imafc/ilp32f\libprintfloat.a(printfloat.o) (__udivdi3)
c:/mounriver/mounriver_studio/toolchain/risc-v embedded gcc/bin/../lib/gcc/riscv-none-embed/8.2.0/rv32imafc/ilp32f\libgcc.a(_umoddi3.o)
                              c:/mounriver/mounriver_studio/toolchain/risc-v embedded gcc/bin/../lib/gcc/riscv-none-embed/8.2.0/../../../../riscv-none-embed/lib/rv32imafc/ilp32f\libprintfloat.a(printfloat.o) (__umoddi3)
c:/mounriver/mounriver_studio/toolchain/risc-v embedded gcc/bin/../lib/gcc/riscv-none-embed/8.2.0/rv32imafc/ilp32f\libgcc.a(adddf3.o)
[...]
Memory Configuration

Name             Origin             Length             Attributes
FLASH            0x0000000000000000 0x0000000000048000 xr
RAM              0x0000000020000000 0x0000000000008000 xrw
*default*        0x0000000000000000 0xffffffffffffffff

Linker script and memory map

LOAD ./User/ch32v30x_it.o
LOAD ./User/main.o
LOAD ./User/system_ch32v30x.o
LOAD ./Startup/startup_ch32v30x_D8C.o
LOAD ./Peripheral/src/ch32v30x_adc.o
LOAD ./Peripheral/src/ch32v30x_bkp.o
LOAD ./Peripheral/src/ch32v30x_can.o
LOAD ./Peripheral/src/ch32v30x_crc.o
LOAD ./Peripheral/src/ch32v30x_dac.o
LOAD ./Peripheral/src/ch32v30x_dbgmcu.o
LOAD ./Peripheral/src/ch32v30x_dma.o
LOAD ./Peripheral/src/ch32v30x_dvp.o
LOAD ./Peripheral/src/ch32v30x_eth.o
LOAD ./Peripheral/src/ch32v30x_exti.o
LOAD ./Peripheral/src/ch32v30x_flash.o
LOAD ./Peripheral/src/ch32v30x_fsmc.o
LOAD ./Peripheral/src/ch32v30x_gpio.o
LOAD ./Peripheral/src/ch32v30x_i2c.o
LOAD ./Peripheral/src/ch32v30x_iwdg.o
LOAD ./Peripheral/src/ch32v30x_misc.o
LOAD ./Peripheral/src/ch32v30x_opa.o
LOAD ./Peripheral/src/ch32v30x_pwr.o
LOAD ./Peripheral/src/ch32v30x_rcc.o
LOAD ./Peripheral/src/ch32v30x_rng.o
LOAD ./Peripheral/src/ch32v30x_rtc.o
LOAD ./Peripheral/src/ch32v30x_sdio.o
LOAD ./Peripheral/src/ch32v30x_spi.o
LOAD ./Peripheral/src/ch32v30x_tim.o
LOAD ./Peripheral/src/ch32v30x_usart.o
LOAD ./Peripheral/src/ch32v30x_wwdg.o
LOAD ./General_Files/eMPL/inv_mpu.o
LOAD ./General_Files/eMPL/inv_mpu_dmp_motion_driver.o
LOAD ./General_Files/drivers/BMP280.o
LOAD ./General_Files/drivers/MPU6050.o
LOAD ./General_Files/drivers/MyI2C.o
LOAD ./General_Files/drivers/adc.o
LOAD ./General_Files/drivers/gpio.o
LOAD ./General_Files/drivers/mtf01.o
LOAD ./General_Files/drivers/pwm.o
LOAD ./General_Files/drivers/tim.o
LOAD ./General_Files/drivers/uart.o
LOAD ./General_Files/apps/src/CRC.o
LOAD ./General_Files/apps/src/CRSF.o
LOAD ./General_Files/apps/src/control.o
LOAD ./General_Files/apps/src/pid.o
LOAD ./General_Files/system.o
LOAD ./Debug/debug.o
LOAD ./Core/core_riscv.o
LOAD c:/mounriver/mounriver_studio/toolchain/risc-v embedded gcc/bin/../lib/gcc/riscv-none-embed/8.2.0/../../../../riscv-none-embed/lib/rv32imafc/ilp32f\libm.a
LOAD c:/mounriver/mounriver_studio/toolchain/risc-v embedded gcc/bin/../lib/gcc/riscv-none-embed/8.2.0/../../../../riscv-none-embed/lib/rv32imafc/ilp32f\libprintfloat.a
LOAD c:/mounriver/mounriver_studio/toolchain/risc-v embedded gcc/bin/../lib/gcc/riscv-none-embed/8.2.0/rv32imafc/ilp32f\libgcc.a
LOAD c:/mounriver/mounriver_studio/toolchain/risc-v embedded gcc/bin/../lib/gcc/riscv-none-embed/8.2.0/../../../../riscv-none-embed/lib/rv32imafc/ilp32f\libg_nano.a
LOAD c:/mounriver/mounriver_studio/toolchain/risc-v embedded gcc/bin/../lib/gcc/riscv-none-embed/8.2.0/../../../../riscv-none-embed/lib/rv32imafc/ilp32f\libc_nano.a
LOAD c:/mounriver/mounriver_studio/toolchain/risc-v embedded gcc/bin/../lib/gcc/riscv-none-embed/8.2.0/rv32imafc/ilp32f\libgcc.a
START GROUP
LOAD c:/mounriver/mounriver_studio/toolchain/risc-v embedded gcc/bin/../lib/gcc/riscv-none-embed/8.2.0/rv32imafc/ilp32f\libgcc.a
LOAD c:/mounriver/mounriver_studio/toolchain/risc-v embedded gcc/bin/../lib/gcc/riscv-none-embed/8.2.0/../../../../riscv-none-embed/lib/rv32imafc/ilp32f\libc_nano.a
LOAD c:/mounriver/mounriver_studio/toolchain/risc-v embedded gcc/bin/../lib/gcc/riscv-none-embed/8.2.0/../../../../riscv-none-embed/lib/rv32imafc/ilp32f\libnosys.a
END GROUP
START GROUP
LOAD c:/mounriver/mounriver_studio/toolchain/risc-v embedded gcc/bin/../lib/gcc/riscv-none-embed/8.2.0/rv32imafc/ilp32f\libgcc.a
LOAD c:/mounriver/mounriver_studio/toolchain/risc-v embedded gcc/bin/../lib/gcc/riscv-none-embed/8.2.0/../../../../riscv-none-embed/lib/rv32imafc/ilp32f\libc_nano.a
LOAD c:/mounriver/mounriver_studio/toolchain/risc-v embedded gcc/bin/../lib/gcc/riscv-none-embed/8.2.0/../../../../riscv-none-embed/lib/rv32imafc/ilp32f\libnosys.a
END GROUP
                0x0000000000000800                __stack_size = 0x800
                [!provide]                        PROVIDE (_stack_size = __stack_size)

.init           0x0000000000000000       0x38
                0x0000000000000000                _sinit = .
                0x0000000000000000                . = ALIGN (0x4)
 *(SORT_NONE(.init))
 .init          0x0000000000000000       0x38 ./Startup/startup_ch32v30x_D8C.o
                0x0000000000000000                _start
                0x0000000000000038                . = ALIGN (0x4)
                0x0000000000000038                _einit = .

.vector         0x0000000000000038      0x1c8
 *(.vector)
 .vector        0x0000000000000038      0x1a0 ./Startup/startup_ch32v30x_D8C.o
                0x0000000000000200                . = ALIGN (0x40)
 *fill*         0x00000000000001d8       0x28 

.text           0x0000000000000200     0x97cc
                0x0000000000000200                . = ALIGN (0x4)
 *(.text)
 .text          0x0000000000000200       0xa8 c:/mounriver/mounriver_studio/toolchain/risc-v embedded gcc/bin/../lib/gcc/riscv-none-embed/8.2.0/../../../../riscv-none-embed/lib/rv32imafc/ilp32f\libg_nano.a(lib_a-memset.o)
                0x0000000000000200                memset
 *(.text.*)
 .text.NMI_Handler
                0x00000000000002a8        0x4 ./User/ch32v30x_it.o
                0x00000000000002a8                NMI_Handler
 .text.HardFault_Handler
                0x00000000000002ac        0x2 ./User/ch32v30x_it.o
                0x00000000000002ac                HardFault_Handler
 .text.startup.main
                0x00000000000002ae       0x4a ./User/main.o
                0x00000000000002ae                main
 .text.SystemInit
                0x00000000000002f8       0xfa ./User/system_ch32v30x.o
                0x00000000000002f8                SystemInit
 .text.vector_handler
                0x00000000000003f2       0xbe ./Startup/startup_ch32v30x_D8C.o
                0x00000000000003f6                Ecall_M_Mode_Handler
                0x00000000000003f8                Ecall_U_Mode_Handler
                0x00000000000003fa                Break_Point_Handler
                0x00000000000003fc                SysTick_Handler
                0x00000000000003fe                SW_Handler
                0x0000000000000400                WWDG_IRQHandler
                0x0000000000000402                PVD_IRQHandler
                0x0000000000000404                TAMPER_IRQHandler
                0x0000000000000406                RTC_IRQHandler
                0x0000000000000408                FLASH_IRQHandler
                0x000000000000040a                RCC_IRQHandler
                0x000000000000040c                EXTI0_IRQHandler
                0x000000000000040e                EXTI1_IRQHandler
                0x0000000000000410                EXTI2_IRQHandler
                0x0000000000000412                EXTI3_IRQHandler
                0x0000000000000414                EXTI4_IRQHandler
                0x0000000000000416                DMA1_Channel1_IRQHandler
                0x0000000000000418                DMA1_Channel2_IRQHandler
                0x000000000000041a                DMA1_Channel3_IRQHandler
                0x000000000000041c                DMA1_Channel4_IRQHandler
                0x000000000000041e                DMA1_Channel5_IRQHandler
                0x0000000000000420                DMA1_Channel6_IRQHandler
                0x0000000000000422                DMA1_Channel7_IRQHandler
                0x0000000000000424                ADC1_2_IRQHandler
                0x0000000000000426                USB_HP_CAN1_TX_IRQHandler
                0x0000000000000428                USB_LP_CAN1_RX0_IRQHandler
                0x000000000000042a                CAN1_RX1_IRQHandler
                0x000000000000042c                CAN1_SCE_IRQHandler
                0x000000000000042e                EXTI9_5_IRQHandler
                0x0000000000000430                TIM1_BRK_IRQHandler
                0x0000000000000432                TIM1_UP_IRQHandler
                0x0000000000000434                TIM1_TRG_COM_IRQHandler
                0x0000000000000436                TIM1_CC_IRQHandler
                0x0000000000000438                TIM2_IRQHandler
                0x000000000000043e                I2C1_EV_IRQHandler
                0x0000000000000440                I2C1_ER_IRQHandler
                0x0000000000000442                I2C2_EV_IRQHandler
                0x0000000000000444                I2C2_ER_IRQHandler
                0x0000000000000446                SPI1_IRQHandler
                0x0000000000000448                SPI2_IRQHandler
                0x000000000000044a                USART1_IRQHandler
                0x000000000000044e                USART3_IRQHandler
                0x0000000000000450                EXTI15_10_IRQHandler
                0x0000000000000452                RTCAlarm_IRQHandler
                0x0000000000000454                USBWakeUp_IRQHandler
                0x0000000000000456                TIM8_BRK_IRQHandler
                0x0000000000000458                TIM8_UP_IRQHandler
                0x000000000000045a                TIM8_TRG_COM_IRQHandler
                0x000000000000045c                TIM8_CC_IRQHandler
                0x000000000000045e                RNG_IRQHandler
                0x0000000000000460                FSMC_IRQHandler
                0x0000000000000462                SDIO_IRQHandler
                0x0000000000000464                TIM5_IRQHandler
                0x0000000000000466                SPI3_IRQHandler
                0x0000000000000468                UART4_IRQHandler
                0x000000000000046a                UART5_IRQHandler
                0x000000000000046c                TIM6_IRQHandler
                0x000000000000046e                TIM7_IRQHandler
                0x0000000000000470                DMA2_Channel1_IRQHandler
                0x0000000000000472                DMA2_Channel2_IRQHandler
                0x0000000000000474                DMA2_Channel3_IRQHandler
                0x0000000000000476                DMA2_Channel4_IRQHandler
                0x0000000000000478                DMA2_Channel5_IRQHandler
                0x000000000000047a                ETH_IRQHandler
                0x000000000000047c                ETH_WKUP_IRQHandler
                0x000000000000047e                CAN2_TX_IRQHandler
                0x0000000000000480                CAN2_RX0_IRQHandler
                0x0000000000000482                CAN2_RX1_IRQHandler
                0x0000000000000484                CAN2_SCE_IRQHandler
                0x0000000000000486                OTG_FS_IRQHandler
                0x0000000000000488                USBHSWakeup_IRQHandler
                0x000000000000048a                USBHS_IRQHandler
                0x000000000000048c                DVP_IRQHandler
                0x000000000000048e                UART6_IRQHandler
                0x0000000000000490                UART7_IRQHandler
                0x0000000000000492                UART8_IRQHandler
                0x0000000000000494                TIM9_BRK_IRQHandler
                0x0000000000000496                TIM9_UP_IRQHandler
                0x0000000000000498                TIM9_TRG_COM_IRQHandler
                0x000000000000049a                TIM9_CC_IRQHandler
                0x000000000000049c                TIM10_BRK_IRQHandler
                0x000000000000049e                TIM10_UP_IRQHandler
                0x00000000000004a0                TIM10_TRG_COM_IRQHandler
                0x00000000000004a2                TIM10_CC_IRQHandler
                0x00000000000004a4                DMA2_Channel6_IRQHandler
                0x00000000000004a6                DMA2_Channel7_IRQHandler
                0x00000000000004a8                DMA2_Channel8_IRQHandler
                0x00000000000004aa                DMA2_Channel9_IRQHandler
                0x00000000000004ac                DMA2_Channel10_IRQHandler
                0x00000000000004ae                DMA2_Channel11_IRQHandler
 .text.handle_reset
                0x00000000000004b0       0x8a ./Startup/startup_ch32v30x_D8C.o
                0x00000000000004b0                handle_reset
 .text.ADC_DeInit
                0x000000000000053a       0x4c ./Peripheral/src/ch32v30x_adc.o
                0x000000000000053a                ADC_DeInit
 .text.ADC_Init
                0x0000000000000586       0x58 ./Peripheral/src/ch32v30x_adc.o
                0x0000000000000586                ADC_Init
 .text.ADC_Cmd  0x00000000000005de       0x10 ./Peripheral/src/ch32v30x_adc.o
                0x00000000000005de                ADC_Cmd
 .text.ADC_DMACmd
                0x00000000000005ee       0x12 ./Peripheral/src/ch32v30x_adc.o
                0x00000000000005ee                ADC_DMACmd
 .text.ADC_ResetCalibration
                0x0000000000000600        0xa ./Peripheral/src/ch32v30x_adc.o
                0x0000000000000600                ADC_ResetCalibration
 .text.ADC_GetResetCalibrationStatus
                0x000000000000060a        0x8 ./Peripheral/src/ch32v30x_adc.o
                0x000000000000060a                ADC_GetResetCalibrationStatus
 .text.ADC_StartCalibration
                0x0000000000000612        0xa ./Peripheral/src/ch32v30x_adc.o
                0x0000000000000612                ADC_StartCalibration
 .text.ADC_GetCalibrationStatus
                0x000000000000061c        0x8 ./Peripheral/src/ch32v30x_adc.o
                0x000000000000061c                ADC_GetCalibrationStatus
 .text.ADC_SoftwareStartConvCmd
                0x0000000000000624       0x18 ./Peripheral/src/ch32v30x_adc.o
                0x0000000000000624                ADC_SoftwareStartConvCmd
 .text.ADC_RegularChannelConfig
                0x000000000000063c       0xb8 ./Peripheral/src/ch32v30x_adc.o
                0x000000000000063c                ADC_RegularChannelConfig
 .text.ADC_BufferCmd
                0x00000000000006f4       0x18 ./Peripheral/src/ch32v30x_adc.o
                0x00000000000006f4                ADC_BufferCmd
 .text.Get_CalibrationValue
                0x000000000000070c      0x16e ./Peripheral/src/ch32v30x_adc.o
                0x000000000000070c                Get_CalibrationValue
 .text.DMA_DeInit
                0x000000000000087a      0x16c ./Peripheral/src/ch32v30x_dma.o
                0x000000000000087a                DMA_DeInit
 .text.DMA_Init
                0x00000000000009e6       0x38 ./Peripheral/src/ch32v30x_dma.o
                0x00000000000009e6                DMA_Init
 .text.DMA_Cmd  0x0000000000000a1e       0x14 ./Peripheral/src/ch32v30x_dma.o
                0x0000000000000a1e                DMA_Cmd
 .text.GPIO_TogglePin
                0x0000000000000a32        0xe ./Peripheral/src/ch32v30x_gpio.o
                0x0000000000000a32                GPIO_TogglePin
 .text.GPIO_Init
                0x0000000000000a40       0xc2 ./Peripheral/src/ch32v30x_gpio.o
                0x0000000000000a40                GPIO_Init
 .text.GPIO_ReadInputDataBit
                0x0000000000000b02        0xa ./Peripheral/src/ch32v30x_gpio.o
                0x0000000000000b02                GPIO_ReadInputDataBit
 .text.GPIO_SetBits
                0x0000000000000b0c        0x4 ./Peripheral/src/ch32v30x_gpio.o
                0x0000000000000b0c                GPIO_SetBits
 .text.GPIO_WriteBit
                0x0000000000000b10        0xa ./Peripheral/src/ch32v30x_gpio.o
                0x0000000000000b10                GPIO_WriteBit
 .text.GPIO_PinRemapConfig
                0x0000000000000b1a       0xc4 ./Peripheral/src/ch32v30x_gpio.o
                0x0000000000000b1a                GPIO_PinRemapConfig
 .text.I2C_Init
                0x0000000000000bde      0x11a ./Peripheral/src/ch32v30x_i2c.o
                0x0000000000000bde                I2C_Init
 .text.I2C_Cmd  0x0000000000000cf8       0x1c ./Peripheral/src/ch32v30x_i2c.o
                0x0000000000000cf8                I2C_Cmd
 .text.I2C_GenerateSTART
                0x0000000000000d14       0x1e ./Peripheral/src/ch32v30x_i2c.o
                0x0000000000000d14                I2C_GenerateSTART
 .text.I2C_GenerateSTOP
                0x0000000000000d32       0x1e ./Peripheral/src/ch32v30x_i2c.o
                0x0000000000000d32                I2C_GenerateSTOP
 .text.I2C_AcknowledgeConfig
                0x0000000000000d50       0x1e ./Peripheral/src/ch32v30x_i2c.o
                0x0000000000000d50                I2C_AcknowledgeConfig
 .text.I2C_SendData
                0x0000000000000d6e        0x6 ./Peripheral/src/ch32v30x_i2c.o
                0x0000000000000d6e                I2C_SendData
 .text.I2C_ReceiveData
                0x0000000000000d74        0xa ./Peripheral/src/ch32v30x_i2c.o
                0x0000000000000d74                I2C_ReceiveData
 .text.I2C_Send7bitAddress
                0x0000000000000d7e       0x14 ./Peripheral/src/ch32v30x_i2c.o
                0x0000000000000d7e                I2C_Send7bitAddress
 .text.I2C_CheckEvent
                0x0000000000000d92       0x1a ./Peripheral/src/ch32v30x_i2c.o
                0x0000000000000d92                I2C_CheckEvent
 .text.I2C_GetFlagStatus
                0x0000000000000dac       0x32 ./Peripheral/src/ch32v30x_i2c.o
                0x0000000000000dac                I2C_GetFlagStatus
 .text.NVIC_PriorityGroupConfig
                0x0000000000000dde        0x6 ./Peripheral/src/ch32v30x_misc.o
                0x0000000000000dde                NVIC_PriorityGroupConfig
 .text.NVIC_Init
                0x0000000000000de4       0xb8 ./Peripheral/src/ch32v30x_misc.o
                0x0000000000000de4                NVIC_Init
 .text.RCC_ADCCLKConfig
                0x0000000000000e9c       0x12 ./Peripheral/src/ch32v30x_rcc.o
                0x0000000000000e9c                RCC_ADCCLKConfig
 .text.RCC_GetClocksFreq
                0x0000000000000eae      0x10e ./Peripheral/src/ch32v30x_rcc.o
                0x0000000000000eae                RCC_GetClocksFreq
 .text.RCC_AHBPeriphClockCmd
                0x0000000000000fbc       0x1e ./Peripheral/src/ch32v30x_rcc.o
                0x0000000000000fbc                RCC_AHBPeriphClockCmd
 .text.RCC_APB2PeriphClockCmd
                0x0000000000000fda       0x1e ./Peripheral/src/ch32v30x_rcc.o
                0x0000000000000fda                RCC_APB2PeriphClockCmd
 .text.RCC_APB1PeriphClockCmd
                0x0000000000000ff8       0x1e ./Peripheral/src/ch32v30x_rcc.o
                0x0000000000000ff8                RCC_APB1PeriphClockCmd
 .text.RCC_APB2PeriphResetCmd
                0x0000000000001016       0x1e ./Peripheral/src/ch32v30x_rcc.o
                0x0000000000001016                RCC_APB2PeriphResetCmd
 .text.TIM_TimeBaseInit
                0x0000000000001034       0xc0 ./Peripheral/src/ch32v30x_tim.o
                0x0000000000001034                TIM_TimeBaseInit
 .text.TIM_OC1Init
                0x00000000000010f4       0xa0 ./Peripheral/src/ch32v30x_tim.o
                0x00000000000010f4                TIM_OC1Init
 .text.TIM_OC2Init
                0x0000000000001194       0xcc ./Peripheral/src/ch32v30x_tim.o
                0x0000000000001194                TIM_OC2Init
 .text.TIM_OC3Init
                0x0000000000001260       0xca ./Peripheral/src/ch32v30x_tim.o
                0x0000000000001260                TIM_OC3Init
 .text.TIM_OC4Init
                0x000000000000132a       0x9e ./Peripheral/src/ch32v30x_tim.o
                0x000000000000132a                TIM_OC4Init
 .text.TIM_Cmd  0x00000000000013c8       0x1c ./Peripheral/src/ch32v30x_tim.o
                0x00000000000013c8                TIM_Cmd
 .text.TIM_CtrlPWMOutputs
                0x00000000000013e4       0x16 ./Peripheral/src/ch32v30x_tim.o
                0x00000000000013e4                TIM_CtrlPWMOutputs
 .text.TIM_ITConfig
                0x00000000000013fa       0x16 ./Peripheral/src/ch32v30x_tim.o
                0x00000000000013fa                TIM_ITConfig
 .text.TIM_ARRPreloadConfig
                0x0000000000001410       0x1e ./Peripheral/src/ch32v30x_tim.o
                0x0000000000001410                TIM_ARRPreloadConfig
 .text.TIM_OC1PreloadConfig
                0x000000000000142e       0x12 ./Peripheral/src/ch32v30x_tim.o
                0x000000000000142e                TIM_OC1PreloadConfig
 .text.TIM_OC2PreloadConfig
                0x0000000000001440       0x1a ./Peripheral/src/ch32v30x_tim.o
                0x0000000000001440                TIM_OC2PreloadConfig
 .text.TIM_OC3PreloadConfig
                0x000000000000145a       0x12 ./Peripheral/src/ch32v30x_tim.o
                0x000000000000145a                TIM_OC3PreloadConfig
 .text.TIM_OC4PreloadConfig
                0x000000000000146c       0x1a ./Peripheral/src/ch32v30x_tim.o
                0x000000000000146c                TIM_OC4PreloadConfig
 .text.TIM_SetCompare1
                0x0000000000001486        0x6 ./Peripheral/src/ch32v30x_tim.o
                0x0000000000001486                TIM_SetCompare1
 .text.TIM_SetCompare2
                0x000000000000148c        0x6 ./Peripheral/src/ch32v30x_tim.o
                0x000000000000148c                TIM_SetCompare2
 .text.TIM_SetCompare3
                0x0000000000001492        0x6 ./Peripheral/src/ch32v30x_tim.o
                0x0000000000001492                TIM_SetCompare3
 .text.TIM_SetCompare4
                0x0000000000001498        0x6 ./Peripheral/src/ch32v30x_tim.o
                0x0000000000001498                TIM_SetCompare4
 .text.TIM_GetCapture1
                0x000000000000149e        0x6 ./Peripheral/src/ch32v30x_tim.o
                0x000000000000149e                TIM_GetCapture1
 .text.TIM_GetCapture2
                0x00000000000014a4        0x6 ./Peripheral/src/ch32v30x_tim.o
                0x00000000000014a4                TIM_GetCapture2
 .text.TIM_GetCapture3
                0x00000000000014aa        0x6 ./Peripheral/src/ch32v30x_tim.o
                0x00000000000014aa                TIM_GetCapture3
 .text.TIM_GetCapture4
                0x00000000000014b0        0x6 ./Peripheral/src/ch32v30x_tim.o
                0x00000000000014b0                TIM_GetCapture4
 .text.TIM_ClearFlag
                0x00000000000014b6        0xe ./Peripheral/src/ch32v30x_tim.o
                0x00000000000014b6                TIM_ClearFlag
 .text.USART_Init
                0x00000000000014c4       0xd8 ./Peripheral/src/ch32v30x_usart.o
                0x00000000000014c4                USART_Init
 .text.USART_Cmd
                0x000000000000159c       0x1c ./Peripheral/src/ch32v30x_usart.o
                0x000000000000159c                USART_Cmd
 .text.USART_ITConfig
                0x00000000000015b8       0x36 ./Peripheral/src/ch32v30x_usart.o
                0x00000000000015b8                USART_ITConfig
 .text.USART_SendData
                0x00000000000015ee        0xa ./Peripheral/src/ch32v30x_usart.o
                0x00000000000015ee                USART_SendData
 .text.USART_ReceiveData
                0x00000000000015f8        0xa ./Peripheral/src/ch32v30x_usart.o
                0x00000000000015f8                USART_ReceiveData
 .text.USART_GetFlagStatus
                0x0000000000001602        0xc ./Peripheral/src/ch32v30x_usart.o
                0x0000000000001602                USART_GetFlagStatus
 .text.USART_ClearFlag
                0x000000000000160e        0xe ./Peripheral/src/ch32v30x_usart.o
                0x000000000000160e                USART_ClearFlag
 .text.USART_GetITStatus
                0x000000000000161c       0x44 ./Peripheral/src/ch32v30x_usart.o
                0x000000000000161c                USART_GetITStatus
 .text.get_st_biases
                0x0000000000001660      0x402 ./General_Files/eMPL/inv_mpu.o
 .text.set_int_enable
                0x0000000000001a62       0x6a ./General_Files/eMPL/inv_mpu.o
 .text.mpu_reset_fifo
                0x0000000000001acc      0x17e ./General_Files/eMPL/inv_mpu.o
                0x0000000000001acc                mpu_reset_fifo
 .text.mpu_get_gyro_fsr
                0x0000000000001c4a       0x40 ./General_Files/eMPL/inv_mpu.o
                0x0000000000001c4a                mpu_get_gyro_fsr
 .text.mpu_set_gyro_fsr
                0x0000000000001c8a       0x8e ./General_Files/eMPL/inv_mpu.o
                0x0000000000001c8a                mpu_set_gyro_fsr
 .text.mpu_get_accel_fsr
                0x0000000000001d18       0x50 ./General_Files/eMPL/inv_mpu.o
                0x0000000000001d18                mpu_get_accel_fsr
 .text.mpu_set_accel_fsr
                0x0000000000001d68       0x86 ./General_Files/eMPL/inv_mpu.o
                0x0000000000001d68                mpu_set_accel_fsr
 .text.mpu_get_lpf
                0x0000000000001dee       0x4c ./General_Files/eMPL/inv_mpu.o
                0x0000000000001dee                mpu_get_lpf
 .text.mpu_set_lpf
                0x0000000000001e3a       0x90 ./General_Files/eMPL/inv_mpu.o
                0x0000000000001e3a                mpu_set_lpf
 .text.mpu_get_sample_rate
                0x0000000000001eca       0x1e ./General_Files/eMPL/inv_mpu.o
                0x0000000000001eca                mpu_get_sample_rate
 .text.mpu_get_gyro_sens
                0x0000000000001ee8       0x4c ./General_Files/eMPL/inv_mpu.o
                0x0000000000001ee8                mpu_get_gyro_sens
 .text.mpu_get_accel_sens
                0x0000000000001f34       0x58 ./General_Files/eMPL/inv_mpu.o
                0x0000000000001f34                mpu_get_accel_sens
 .text.mpu_configure_fifo
                0x0000000000001f8c       0x6a ./General_Files/eMPL/inv_mpu.o
                0x0000000000001f8c                mpu_configure_fifo
 .text.mpu_read_fifo_stream
                0x0000000000001ff6       0xc2 ./General_Files/eMPL/inv_mpu.o
                0x0000000000001ff6                mpu_read_fifo_stream
 .text.mpu_set_bypass
                0x00000000000020b8       0xf8 ./General_Files/eMPL/inv_mpu.o
                0x00000000000020b8                mpu_set_bypass
 .text.mpu_set_int_latched
                0x00000000000021b0       0x70 ./General_Files/eMPL/inv_mpu.o
                0x00000000000021b0                mpu_set_int_latched
 .text.mpu_lp_accel_mode
                0x0000000000002220       0xc6 ./General_Files/eMPL/inv_mpu.o
                0x0000000000002220                mpu_lp_accel_mode
 .text.mpu_set_sample_rate
                0x00000000000022e6       0xac ./General_Files/eMPL/inv_mpu.o
                0x00000000000022e6                mpu_set_sample_rate
 .text.mpu_set_sensors
                0x0000000000002392       0xde ./General_Files/eMPL/inv_mpu.o
                0x0000000000002392                mpu_set_sensors
 .text.mpu_init
                0x0000000000002470      0x158 ./General_Files/eMPL/inv_mpu.o
                0x0000000000002470                mpu_init
 .text.mpu_write_mem
                0x00000000000025c8       0x7a ./General_Files/eMPL/inv_mpu.o
                0x00000000000025c8                mpu_write_mem
 .text.mpu_read_mem
                0x0000000000002642       0x7a ./General_Files/eMPL/inv_mpu.o
                0x0000000000002642                mpu_read_mem
 .text.mpu_load_firmware
                0x00000000000026bc       0xd6 ./General_Files/eMPL/inv_mpu.o
                0x00000000000026bc                mpu_load_firmware
 .text.mpu_set_dmp_state
                0x0000000000002792       0x8a ./General_Files/eMPL/inv_mpu.o
                0x0000000000002792                mpu_set_dmp_state
 .text.mpu_run_self_test
                0x000000000000281c      0x2fa ./General_Files/eMPL/inv_mpu.o
                0x000000000000281c                mpu_run_self_test
 .text.mget_ms  0x0000000000002b16        0x2 ./General_Files/eMPL/inv_mpu.o
                0x0000000000002b16                mget_ms
 .text.run_self_test
                0x0000000000002b18       0x80 ./General_Files/eMPL/inv_mpu.o
                0x0000000000002b18                run_self_test
 .text.inv_row_2_scale
                0x0000000000002b98       0x30 ./General_Files/eMPL/inv_mpu.o
                0x0000000000002b98                inv_row_2_scale
 .text.inv_orientation_matrix_to_scalar
                0x0000000000002bc8       0x3a ./General_Files/eMPL/inv_mpu.o
                0x0000000000002bc8                inv_orientation_matrix_to_scalar
 .text.mpu_dmp_init
                0x0000000000002c02       0xa4 ./General_Files/eMPL/inv_mpu.o
                0x0000000000002c02                mpu_dmp_init
 .text.mpu_dmp_get_data
                0x0000000000002ca6      0x10c ./General_Files/eMPL/inv_mpu.o
                0x0000000000002ca6                mpu_dmp_get_data
 .text.dmp_enable_gyro_cal.part.0
                0x0000000000002db2       0x32 ./General_Files/eMPL/inv_mpu_dmp_motion_driver.o
 .text.dmp_load_motion_driver_firmware
                0x0000000000002de4       0x18 ./General_Files/eMPL/inv_mpu_dmp_motion_driver.o
                0x0000000000002de4                dmp_load_motion_driver_firmware
 .text.dmp_set_orientation
                0x0000000000002dfc      0x124 ./General_Files/eMPL/inv_mpu_dmp_motion_driver.o
                0x0000000000002dfc                dmp_set_orientation
 .text.dmp_set_gyro_bias
                0x0000000000002f20      0x110 ./General_Files/eMPL/inv_mpu_dmp_motion_driver.o
                0x0000000000002f20                dmp_set_gyro_bias
 .text.dmp_set_accel_bias
                0x0000000000003030      0x112 ./General_Files/eMPL/inv_mpu_dmp_motion_driver.o
                0x0000000000003030                dmp_set_accel_bias
 .text.dmp_set_fifo_rate
                0x0000000000003142       0x5a ./General_Files/eMPL/inv_mpu_dmp_motion_driver.o
                0x0000000000003142                dmp_set_fifo_rate
 .text.dmp_set_tap_thresh
                0x000000000000319c      0x172 ./General_Files/eMPL/inv_mpu_dmp_motion_driver.o
                0x000000000000319c                dmp_set_tap_thresh
 .text.dmp_set_tap_axes
                0x000000000000330e       0x4e ./General_Files/eMPL/inv_mpu_dmp_motion_driver.o
                0x000000000000330e                dmp_set_tap_axes
 .text.dmp_set_tap_count
                0x000000000000335c       0x2e ./General_Files/eMPL/inv_mpu_dmp_motion_driver.o
                0x000000000000335c                dmp_set_tap_count
 .text.dmp_set_tap_time
                0x000000000000338a       0x28 ./General_Files/eMPL/inv_mpu_dmp_motion_driver.o
                0x000000000000338a                dmp_set_tap_time
 .text.dmp_set_tap_time_multi
                0x00000000000033b2       0x28 ./General_Files/eMPL/inv_mpu_dmp_motion_driver.o
                0x00000000000033b2                dmp_set_tap_time_multi
 .text.dmp_set_shake_reject_thresh
                0x00000000000033da       0x42 ./General_Files/eMPL/inv_mpu_dmp_motion_driver.o
                0x00000000000033da                dmp_set_shake_reject_thresh
 .text.dmp_set_shake_reject_time
                0x000000000000341c       0x28 ./General_Files/eMPL/inv_mpu_dmp_motion_driver.o
                0x000000000000341c                dmp_set_shake_reject_time
 .text.dmp_set_shake_reject_timeout
                0x0000000000003444       0x28 ./General_Files/eMPL/inv_mpu_dmp_motion_driver.o
                0x0000000000003444                dmp_set_shake_reject_timeout
 .text.dmp_enable_gyro_cal
                0x000000000000346c       0x2c ./General_Files/eMPL/inv_mpu_dmp_motion_driver.o
                0x000000000000346c                dmp_enable_gyro_cal
 .text.dmp_enable_lp_quat
                0x0000000000003498       0x32 ./General_Files/eMPL/inv_mpu_dmp_motion_driver.o
                0x0000000000003498                dmp_enable_lp_quat
 .text.dmp_enable_6x_lp_quat
                0x00000000000034ca       0x32 ./General_Files/eMPL/inv_mpu_dmp_motion_driver.o
                0x00000000000034ca                dmp_enable_6x_lp_quat
 .text.dmp_enable_feature
                0x00000000000034fc      0x1fc ./General_Files/eMPL/inv_mpu_dmp_motion_driver.o
                0x00000000000034fc                dmp_enable_feature
 .text.dmp_read_fifo
                0x00000000000036f8      0x202 ./General_Files/eMPL/inv_mpu_dmp_motion_driver.o
                0x00000000000036f8                dmp_read_fifo
 .text.BMP280_Read_Byte
                0x00000000000038fa       0x46 ./General_Files/drivers/BMP280.o
                0x00000000000038fa                BMP280_Read_Byte
 .text.BMP280_Write_Byte
                0x0000000000003940       0x3a ./General_Files/drivers/BMP280.o
                0x0000000000003940                BMP280_Write_Byte
 .text.BMP280_Set_TemOversamp
                0x000000000000397a       0x18 ./General_Files/drivers/BMP280.o
                0x000000000000397a                BMP280_Set_TemOversamp
 .text.BMP280_Set_Standby_FILTER
                0x0000000000003992       0x18 ./General_Files/drivers/BMP280.o
                0x0000000000003992                BMP280_Set_Standby_FILTER
 .text.Bmp_Init
                0x00000000000039aa      0x15c ./General_Files/drivers/BMP280.o
                0x00000000000039aa                Bmp_Init
 .text.MPU6050_I2C_Mem_Write
                0x0000000000003b06       0xe8 ./General_Files/drivers/MPU6050.o
                0x0000000000003b06                MPU6050_I2C_Mem_Write
 .text.MPU6050_WriteByte
                0x0000000000003bee       0x1c ./General_Files/drivers/MPU6050.o
 .text.MPU6050_Init
                0x0000000000003c0a      0x106 ./General_Files/drivers/MPU6050.o
                0x0000000000003c0a                MPU6050_Init
 .text.MPU6050_I2C_Mem_Read
                0x0000000000003d10      0x14a ./General_Files/drivers/MPU6050.o
                0x0000000000003d10                MPU6050_I2C_Mem_Read
 .text.MPU6050_Get_Data
                0x0000000000003e5a       0x3e ./General_Files/drivers/MPU6050.o
                0x0000000000003e5a                MPU6050_Get_Data
 .text.MPU6050_MPU_DMP_GetData
                0x0000000000003e98       0x50 ./General_Files/drivers/MPU6050.o
                0x0000000000003e98                MPU6050_MPU_DMP_GetData
 .text.MyI2C_W_SCL
                0x0000000000003ee8       0x20 ./General_Files/drivers/MyI2C.o
                0x0000000000003ee8                MyI2C_W_SCL
 .text.MyI2C_W_SDA
                0x0000000000003f08       0x20 ./General_Files/drivers/MyI2C.o
                0x0000000000003f08                MyI2C_W_SDA
 .text.MyI2C_R_SDA
                0x0000000000003f28       0x28 ./General_Files/drivers/MyI2C.o
                0x0000000000003f28                MyI2C_R_SDA
 .text.MyI2C_Init
                0x0000000000003f50       0x40 ./General_Files/drivers/MyI2C.o
                0x0000000000003f50                MyI2C_Init
 .text.MyI2C_Start
                0x0000000000003f90       0x18 ./General_Files/drivers/MyI2C.o
                0x0000000000003f90                MyI2C_Start
 .text.MyI2C_Stop
                0x0000000000003fa8       0x14 ./General_Files/drivers/MyI2C.o
                0x0000000000003fa8                MyI2C_Stop
 .text.MyI2C_SendByte
                0x0000000000003fbc       0x3c ./General_Files/drivers/MyI2C.o
                0x0000000000003fbc                MyI2C_SendByte
 .text.MyI2C_ReceiveByte
                0x0000000000003ff8       0x4a ./General_Files/drivers/MyI2C.o
                0x0000000000003ff8                MyI2C_ReceiveByte
 .text.MyI2C_ReceiveAck
                0x0000000000004042       0x20 ./General_Files/drivers/MyI2C.o
                0x0000000000004042                MyI2C_ReceiveAck
 .text.ADC_Function_Init
                0x0000000000004062       0xd4 ./General_Files/drivers/adc.o
                0x0000000000004062                ADC_Function_Init
 .text.DMA_Tx_Init
                0x0000000000004136       0x6a ./General_Files/drivers/adc.o
                0x0000000000004136                DMA_Tx_Init
 .text.BAT_ADC_Init
                0x00000000000041a0       0x5e ./General_Files/drivers/adc.o
                0x00000000000041a0                BAT_ADC_Init
 .text.LED_Init
                0x00000000000041fe       0x48 ./General_Files/drivers/gpio.o
                0x00000000000041fe                LED_Init
 .text.TIM9_PWMOut_Init
                0x0000000000004246      0x106 ./General_Files/drivers/pwm.o
                0x0000000000004246                TIM9_PWMOut_Init
 .text.PWM_Init
                0x000000000000434c       0x52 ./General_Files/drivers/pwm.o
                0x000000000000434c                PWM_Init
 .text.Motor_ctr
                0x000000000000439e       0x7c ./General_Files/drivers/pwm.o
                0x000000000000439e                Motor_ctr
 .text.TIM3_Interrupt_Init
                0x000000000000441a       0x26 ./General_Files/drivers/tim.o
                0x000000000000441a                TIM3_Interrupt_Init
 .text.TIM3_Init
                0x0000000000004440       0x60 ./General_Files/drivers/tim.o
                0x0000000000004440                TIM3_Init
 .text.TIM3_IRQHandler
                0x00000000000044a0       0xb8 ./General_Files/drivers/tim.o
                0x00000000000044a0                TIM3_IRQHandler
 .text.TIM4_Interrupt_Init
                0x0000000000004558       0x26 ./General_Files/drivers/tim.o
                0x0000000000004558                TIM4_Interrupt_Init
 .text.TIM4_Init
                0x000000000000457e       0x62 ./General_Files/drivers/tim.o
                0x000000000000457e                TIM4_Init
 .text.TIM4_IRQHandler
                0x00000000000045e0       0x76 ./General_Files/drivers/tim.o
                0x00000000000045e0                TIM4_IRQHandler
 .text.USARTx_CFG
                0x0000000000004656       0xb4 ./General_Files/drivers/uart.o
                0x0000000000004656                USARTx_CFG
 .text.UART_RxCpltCallback
                0x000000000000470a       0x44 ./General_Files/drivers/uart.o
                0x000000000000470a                UART_RxCpltCallback
 .text.USART2_IRQHandler
                0x000000000000474e       0x84 ./General_Files/drivers/uart.o
                0x000000000000474e                USART2_IRQHandler
 .text.print_status
                0x00000000000047d2      0x130 ./General_Files/drivers/uart.o
                0x00000000000047d2                print_status
 .text.Crc_init
                0x0000000000004902       0x3a ./General_Files/apps/src/CRC.o
                0x0000000000004902                Crc_init
 .text.Calc     0x000000000000493c       0x24 ./General_Files/apps/src/CRC.o
                0x000000000000493c                Calc
 .text.ShiftRxBuffer
                0x0000000000004960       0x38 ./General_Files/apps/src/CRSF.o
                0x0000000000004960                ShiftRxBuffer
 .text.PacketChannelsPacked
                0x0000000000004998      0x15c ./General_Files/apps/src/CRSF.o
                0x0000000000004998                PacketChannelsPacked
 .text.PacketLinkStatistics
                0x0000000000004af4       0x34 ./General_Files/apps/src/CRSF.o
                0x0000000000004af4                PacketLinkStatistics
 .text.ProcessPacketIn
                0x0000000000004b28       0x32 ./General_Files/apps/src/CRSF.o
                0x0000000000004b28                ProcessPacketIn
 .text.HandleByteReceived
                0x0000000000004b5a       0x80 ./General_Files/apps/src/CRSF.o
                0x0000000000004b5a                HandleByteReceived
 .text.PIDSTRUCT_Init
                0x0000000000004bda      0x1d2 ./General_Files/apps/src/control.o
                0x0000000000004bda                PIDSTRUCT_Init
 .text.ELRS_Convert_angle
                0x0000000000004dac       0x30 ./General_Files/apps/src/control.o
                0x0000000000004dac                ELRS_Convert_angle
 .text.ELRS_Convert_throttle
                0x0000000000004ddc       0x38 ./General_Files/apps/src/control.o
                0x0000000000004ddc                ELRS_Convert_throttle
 .text.ELRS_Convert_lock
                0x0000000000004e14       0x16 ./General_Files/apps/src/control.o
                0x0000000000004e14                ELRS_Convert_lock
 .text.ELRS_Convert_flight_mode
                0x0000000000004e2a       0x2e ./General_Files/apps/src/control.o
                0x0000000000004e2a                ELRS_Convert_flight_mode
 .text.Update_ELRS
                0x0000000000004e58       0x46 ./General_Files/apps/src/control.o
                0x0000000000004e58                Update_ELRS
 .text.Roll_outerloop_ctr
                0x0000000000004e9e       0x1e ./General_Files/apps/src/control.o
                0x0000000000004e9e                Roll_outerloop_ctr
 .text.Roll_innerloop_ctr
                0x0000000000004ebc       0x1a ./General_Files/apps/src/control.o
                0x0000000000004ebc                Roll_innerloop_ctr
 .text.Yaw_outerloop_ctr
                0x0000000000004ed6       0x1e ./General_Files/apps/src/control.o
                0x0000000000004ed6                Yaw_outerloop_ctr
 .text.Yaw_innerloop_ctr
                0x0000000000004ef4       0x1e ./General_Files/apps/src/control.o
                0x0000000000004ef4                Yaw_innerloop_ctr
 .text.Pitch_outerloop_ctr
                0x0000000000004f12       0x22 ./General_Files/apps/src/control.o
                0x0000000000004f12                Pitch_outerloop_ctr
 .text.Pitch_innerloop_ctr
                0x0000000000004f34       0x1e ./General_Files/apps/src/control.o
                0x0000000000004f34                Pitch_innerloop_ctr
 .text.Flight_control
                0x0000000000004f52      0x154 ./General_Files/apps/src/control.o
                0x0000000000004f52                Flight_control
 .text.Stop_motor
                0x00000000000050a6       0x30 ./General_Files/apps/src/control.o
                0x00000000000050a6                Stop_motor
 .text.pid_reset
                0x00000000000050d6       0x2e ./General_Files/apps/src/pid.o
                0x00000000000050d6                pid_reset
 .text.pid_init
                0x0000000000005104       0x2a ./General_Files/apps/src/pid.o
                0x0000000000005104                pid_init
 .text.pid_clc  0x000000000000512e       0x32 ./General_Files/apps/src/pid.o
                0x000000000000512e                pid_clc
 .text.pid_calc
                0x0000000000005160       0x70 ./General_Files/apps/src/pid.o
                0x0000000000005160                pid_calc
 .text.System_Init
                0x00000000000051d0       0x52 ./General_Files/system.o
                0x00000000000051d0                System_Init
 .text.System_Loop
                0x0000000000005222        0x2 ./General_Files/system.o
                0x0000000000005222                System_Loop
 .text.Delay_Init
                0x0000000000005224       0x2a ./Debug/debug.o
                0x0000000000005224                Delay_Init
 .text.Delay_Us
                0x000000000000524e       0x36 ./Debug/debug.o
                0x000000000000524e                Delay_Us
 .text.Delay_Ms
                0x0000000000005284       0x36 ./Debug/debug.o
                0x0000000000005284                Delay_Ms
 .text.USART_Printf_Init
                0x00000000000052ba       0x5e ./Debug/debug.o
                0x00000000000052ba                USART_Printf_Init
 .text._write   0x0000000000005318       0x50 ./Debug/debug.o
                0x0000000000005318                _write
 .text.asinf    0x0000000000005368       0xbe c:/mounriver/mounriver_studio/toolchain/risc-v embedded gcc/bin/../lib/gcc/riscv-none-embed/8.2.0/../../../../riscv-none-embed/lib/rv32imafc/ilp32f\libm.a(lib_a-wf_asin.o)
                0x0000000000005368                asinf
 .text.atan2f   0x0000000000005426        0x2 c:/mounriver/mounriver_studio/toolchain/risc-v embedded gcc/bin/../lib/gcc/riscv-none-embed/8.2.0/../../../../riscv-none-embed/lib/rv32imafc/ilp32f\libm.a(lib_a-wf_atan2.o)
                0x0000000000005426                atan2f
 .text.__ieee754_asinf
                0x0000000000005428      0x252 c:/mounriver/mounriver_studio/toolchain/risc-v embedded gcc/bin/../lib/gcc/riscv-none-embed/8.2.0/../../../../riscv-none-embed/lib/rv32imafc/ilp32f\libm.a(lib_a-ef_asin.o)
                0x0000000000005428                __ieee754_asinf
 .text.__ieee754_atan2f
                0x000000000000567a      0x1be c:/mounriver/mounriver_studio/toolchain/risc-v embedded gcc/bin/../lib/gcc/riscv-none-embed/8.2.0/../../../../riscv-none-embed/lib/rv32imafc/ilp32f\libm.a(lib_a-ef_atan2.o)
                0x000000000000567a                __ieee754_atan2f
 .text.__ieee754_sqrtf
                0x0000000000005838       0xcc c:/mounriver/mounriver_studio/toolchain/risc-v embedded gcc/bin/../lib/gcc/riscv-none-embed/8.2.0/../../../../riscv-none-embed/lib/rv32imafc/ilp32f\libm.a(lib_a-ef_sqrt.o)
                0x0000000000005838                __ieee754_sqrtf
 .text.matherr  0x0000000000005904        0x4 c:/mounriver/mounriver_studio/toolchain/risc-v embedded gcc/bin/../lib/gcc/riscv-none-embed/8.2.0/../../../../riscv-none-embed/lib/rv32imafc/ilp32f\libm.a(lib_a-s_matherr.o)
                0x0000000000005904                matherr
 .text.nan      0x0000000000005908        0xe c:/mounriver/mounriver_studio/toolchain/risc-v embedded gcc/bin/../lib/gcc/riscv-none-embed/8.2.0/../../../../riscv-none-embed/lib/rv32imafc/ilp32f\libm.a(lib_a-s_nan.o)
                0x0000000000005908                nan
 .text.atanf    0x0000000000005916      0x204 c:/mounriver/mounriver_studio/toolchain/risc-v embedded gcc/bin/../lib/gcc/riscv-none-embed/8.2.0/../../../../riscv-none-embed/lib/rv32imafc/ilp32f\libm.a(lib_a-sf_atan.o)
                0x0000000000005916                atanf
 .text.fabsf    0x0000000000005b1a        0xe c:/mounriver/mounriver_studio/toolchain/risc-v embedded gcc/bin/../lib/gcc/riscv-none-embed/8.2.0/../../../../riscv-none-embed/lib/rv32imafc/ilp32f\libm.a(lib_a-sf_fabs.o)
                0x0000000000005b1a                fabsf
 .text.printchar
                0x0000000000005b28       0x4c c:/mounriver/mounriver_studio/toolchain/risc-v embedded gcc/bin/../lib/gcc/riscv-none-embed/8.2.0/../../../../riscv-none-embed/lib/rv32imafc/ilp32f\libprintfloat.a(printfloat.o)
                0x0000000000005b28                printchar
 .text.prints   0x0000000000005b74       0xe0 c:/mounriver/mounriver_studio/toolchain/risc-v embedded gcc/bin/../lib/gcc/riscv-none-embed/8.2.0/../../../../riscv-none-embed/lib/rv32imafc/ilp32f\libprintfloat.a(printfloat.o)
                0x0000000000005b74                prints
 .text.printInt
                0x0000000000005c54       0xf4 c:/mounriver/mounriver_studio/toolchain/risc-v embedded gcc/bin/../lib/gcc/riscv-none-embed/8.2.0/../../../../riscv-none-embed/lib/rv32imafc/ilp32f\libprintfloat.a(printfloat.o)
                0x0000000000005c54                printInt
 .text.printLongLongInt
                0x0000000000005d48      0x126 c:/mounriver/mounriver_studio/toolchain/risc-v embedded gcc/bin/../lib/gcc/riscv-none-embed/8.2.0/../../../../riscv-none-embed/lib/rv32imafc/ilp32f\libprintfloat.a(printfloat.o)
                0x0000000000005d48                printLongLongInt
 .text.printDouble
                0x0000000000005e6e      0x100 c:/mounriver/mounriver_studio/toolchain/risc-v embedded gcc/bin/../lib/gcc/riscv-none-embed/8.2.0/../../../../riscv-none-embed/lib/rv32imafc/ilp32f\libprintfloat.a(printfloat.o)
                0x0000000000005e6e                printDouble
 .text.print    0x0000000000005f6e      0x358 c:/mounriver/mounriver_studio/toolchain/risc-v embedded gcc/bin/../lib/gcc/riscv-none-embed/8.2.0/../../../../riscv-none-embed/lib/rv32imafc/ilp32f\libprintfloat.a(printfloat.o)
                0x0000000000005f6e                print
 .text.printf   0x00000000000062c6       0x24 c:/mounriver/mounriver_studio/toolchain/risc-v embedded gcc/bin/../lib/gcc/riscv-none-embed/8.2.0/../../../../riscv-none-embed/lib/rv32imafc/ilp32f\libprintfloat.a(printfloat.o)
                0x00000000000062c6                printf
 .text.puts     0x00000000000062ea       0x54 c:/mounriver/mounriver_studio/toolchain/risc-v embedded gcc/bin/../lib/gcc/riscv-none-embed/8.2.0/../../../../riscv-none-embed/lib/rv32imafc/ilp32f\libprintfloat.a(printfloat.o)
                0x00000000000062ea                puts
 .text.__divdi3
                0x000000000000633e      0x3d8 c:/mounriver/mounriver_studio/toolchain/risc-v embedded gcc/bin/../lib/gcc/riscv-none-embed/8.2.0/rv32imafc/ilp32f\libgcc.a(_divdi3.o)
                0x000000000000633e                __divdi3
 .text.__udivdi3
                0x0000000000006716      0x398 c:/mounriver/mounriver_studio/toolchain/risc-v embedded gcc/bin/../lib/gcc/riscv-none-embed/8.2.0/rv32imafc/ilp32f\libgcc.a(_udivdi3.o)
                0x0000000000006716                __udivdi3
 .text.__umoddi3
                0x0000000000006aae      0x38e c:/mounriver/mounriver_studio/toolchain/risc-v embedded gcc/bin/../lib/gcc/riscv-none-embed/8.2.0/rv32imafc/ilp32f\libgcc.a(_umoddi3.o)
                0x0000000000006aae                __umoddi3
 .text.__ledf2  0x0000000000006e3c       0xb6 c:/mounriver/mounriver_studio/toolchain/risc-v embedded gcc/bin/../lib/gcc/riscv-none-embed/8.2.0/rv32imafc/ilp32f\libgcc.a(ledf2.o)
                0x0000000000006e3c                __ledf2
                0x0000000000006e3c                __ltdf2
 .text.__muldf3
                0x0000000000006ef2      0x656 c:/mounriver/mounriver_studio/toolchain/risc-v embedded gcc/bin/../lib/gcc/riscv-none-embed/8.2.0/rv32imafc/ilp32f\libgcc.a(muldf3.o)
                0x0000000000006ef2                __muldf3
 .text.__subdf3
                0x0000000000007548      0xa8c c:/mounriver/mounriver_studio/toolchain/risc-v embedded gcc/bin/../lib/gcc/riscv-none-embed/8.2.0/rv32imafc/ilp32f\libgcc.a(subdf3.o)
                0x0000000000007548                __subdf3
 .text.__fixdfdi
                0x0000000000007fd4      0x130 c:/mounriver/mounriver_studio/toolchain/risc-v embedded gcc/bin/../lib/gcc/riscv-none-embed/8.2.0/rv32imafc/ilp32f\libgcc.a(fixdfdi.o)
                0x0000000000007fd4                __fixdfdi
 .text.__floatdidf
                0x0000000000008104      0x21c c:/mounriver/mounriver_studio/toolchain/risc-v embedded gcc/bin/../lib/gcc/riscv-none-embed/8.2.0/rv32imafc/ilp32f\libgcc.a(floatdidf.o)
                0x0000000000008104                __floatdidf
 .text.__extendsfdf2
                0x0000000000008320       0xe8 c:/mounriver/mounriver_studio/toolchain/risc-v embedded gcc/bin/../lib/gcc/riscv-none-embed/8.2.0/rv32imafc/ilp32f\libgcc.a(extendsfdf2.o)
                0x0000000000008320                __extendsfdf2
 .text.__truncdfsf2
                0x0000000000008408      0x31e c:/mounriver/mounriver_studio/toolchain/risc-v embedded gcc/bin/../lib/gcc/riscv-none-embed/8.2.0/rv32imafc/ilp32f\libgcc.a(truncdfsf2.o)
                0x0000000000008408                __truncdfsf2
 .text.__clzsi2
                0x0000000000008726       0x76 c:/mounriver/mounriver_studio/toolchain/risc-v embedded gcc/bin/../lib/gcc/riscv-none-embed/8.2.0/rv32imafc/ilp32f\libgcc.a(_clzsi2.o)
                0x0000000000008726                __clzsi2
 .text.__errno  0x000000000000879c        0x8 c:/mounriver/mounriver_studio/toolchain/risc-v embedded gcc/bin/../lib/gcc/riscv-none-embed/8.2.0/../../../../riscv-none-embed/lib/rv32imafc/ilp32f\libg_nano.a(lib_a-errno.o)
                0x000000000000879c                __errno
 .text.memcmp   0x00000000000087a4       0x26 c:/mounriver/mounriver_studio/toolchain/risc-v embedded gcc/bin/../lib/gcc/riscv-none-embed/8.2.0/../../../../riscv-none-embed/lib/rv32imafc/ilp32f\libg_nano.a(lib_a-memcmp.o)
                0x00000000000087a4                memcmp
 .text.memcpy   0x00000000000087ca       0xb6 c:/mounriver/mounriver_studio/toolchain/risc-v embedded gcc/bin/../lib/gcc/riscv-none-embed/8.2.0/../../../../riscv-none-embed/lib/rv32imafc/ilp32f\libg_nano.a(lib_a-memcpy.o)
                0x00000000000087ca                memcpy
 *(.rodata)
 *fill*         0x0000000000008880        0x0 
 .rodata        0x0000000000008880       0x2f ./General_Files/eMPL/inv_mpu_dmp_motion_driver.o
 *(.rodata*)
 *fill*         0x00000000000088af        0x1 
 .rodata.main.str1.4
                0x00000000000088b0       0x28 ./User/main.o
 .rodata.mpu_get_lpf
                0x00000000000088d8       0x18 ./General_Files/eMPL/inv_mpu.o
 .rodata.hw     0x00000000000088f0        0xc ./General_Files/eMPL/inv_mpu.o
                0x00000000000088f0                hw
 .rodata.mpu_dmp_get_data.cst4
                0x00000000000088fc        0xc ./General_Files/eMPL/inv_mpu.o
 .rodata.mpu_dmp_init.str1.4
                0x0000000000008908       0x12 ./General_Files/eMPL/inv_mpu.o
 *fill*         0x000000000000891a        0x2 
 .rodata.mpu_get_gyro_sens.cst4
                0x000000000000891c       0x10 ./General_Files/eMPL/inv_mpu.o
 .rodata.mpu_init.str1.4
                0x000000000000892c       0x91 ./General_Files/eMPL/inv_mpu.o
 *fill*         0x00000000000089bd        0x3 
 .rodata.mpu_run_self_test.cst4
                0x00000000000089c0       0x30 ./General_Files/eMPL/inv_mpu.o
 .rodata.reg    0x00000000000089f0       0x1b ./General_Files/eMPL/inv_mpu.o
                0x00000000000089f0                reg
 *fill*         0x0000000000008a0b        0x1 
 .rodata.test   0x0000000000008a0c       0x28 ./General_Files/eMPL/inv_mpu.o
                0x0000000000008a0c                test
 .rodata.dmp_memory
                0x0000000000008a34      0xbf6 ./General_Files/eMPL/inv_mpu_dmp_motion_driver.o
 *fill*         0x000000000000962a        0x2 
 .rodata.dmp_set_tap_thresh.cst4
                0x000000000000962c       0x24 ./General_Files/eMPL/inv_mpu_dmp_motion_driver.o
 .rodata.MPU6050_Init.str1.4
                0x0000000000009650       0x1b ./General_Files/drivers/MPU6050.o
 *fill*         0x000000000000966b        0x1 
 .rodata.BAT_ADC_Init.str1.4
                0x000000000000966c       0x16 ./General_Files/drivers/adc.o
 *fill*         0x0000000000009682        0x2 
 .rodata.print_status.str1.4
                0x0000000000009684       0xe1 ./General_Files/drivers/uart.o
 *fill*         0x0000000000009765        0x3 
 .rodata.ELRS_Convert_angle.cst4
                0x0000000000009768        0x4 ./General_Files/apps/src/control.o
 .rodata.ELRS_Convert_throttle.cst4
                0x000000000000976c        0x8 ./General_Files/apps/src/control.o
 .rodata.PIDSTRUCT_Init.cst4
                0x0000000000009774       0x3c ./General_Files/apps/src/control.o
                                         0x40 (size before relaxing)
 .rodata.System_Init.str1.4
                0x00000000000097b0       0x11 ./General_Files/system.o
 .rodata.asinf.cst4
                0x00000000000097c1        0x4 c:/mounriver/mounriver_studio/toolchain/risc-v embedded gcc/bin/../lib/gcc/riscv-none-embed/8.2.0/../../../../riscv-none-embed/lib/rv32imafc/ilp32f\libm.a(lib_a-wf_asin.o)
 *fill*         0x00000000000097c1        0x3 
 .rodata.asinf.str1.4
                0x00000000000097c4        0x6 c:/mounriver/mounriver_studio/toolchain/risc-v embedded gcc/bin/../lib/gcc/riscv-none-embed/8.2.0/../../../../riscv-none-embed/lib/rv32imafc/ilp32f\libm.a(lib_a-wf_asin.o)
                                          0x9 (size before relaxing)
 *fill*         0x00000000000097ca        0x2 
 .rodata.__ieee754_asinf.cst4
                0x00000000000097cc       0x40 c:/mounriver/mounriver_studio/toolchain/risc-v embedded gcc/bin/../lib/gcc/riscv-none-embed/8.2.0/../../../../riscv-none-embed/lib/rv32imafc/ilp32f\libm.a(lib_a-ef_asin.o)
                                         0x48 (size before relaxing)
 .rodata.__ieee754_atan2f.cst4
                0x000000000000980c       0x1c c:/mounriver/mounriver_studio/toolchain/risc-v embedded gcc/bin/../lib/gcc/riscv-none-embed/8.2.0/../../../../riscv-none-embed/lib/rv32imafc/ilp32f\libm.a(lib_a-ef_atan2.o)
                                         0x28 (size before relaxing)
 *fill*         0x0000000000009828        0x0 
 .rodata.nan.cst8
                0x0000000000009828        0x8 c:/mounriver/mounriver_studio/toolchain/risc-v embedded gcc/bin/../lib/gcc/riscv-none-embed/8.2.0/../../../../riscv-none-embed/lib/rv32imafc/ilp32f\libm.a(lib_a-s_nan.o)
 .rodata.atanf.cst4
                0x0000000000009830       0x34 c:/mounriver/mounriver_studio/toolchain/risc-v embedded gcc/bin/../lib/gcc/riscv-none-embed/8.2.0/../../../../riscv-none-embed/lib/rv32imafc/ilp32f\libm.a(lib_a-sf_atan.o)
                                         0x48 (size before relaxing)
 .rodata.atanhi
                0x0000000000009864       0x10 c:/mounriver/mounriver_studio/toolchain/risc-v embedded gcc/bin/../lib/gcc/riscv-none-embed/8.2.0/../../../../riscv-none-embed/lib/rv32imafc/ilp32f\libm.a(lib_a-sf_atan.o)
 .rodata.atanlo
                0x0000000000009874       0x10 c:/mounriver/mounriver_studio/toolchain/risc-v embedded gcc/bin/../lib/gcc/riscv-none-embed/8.2.0/../../../../riscv-none-embed/lib/rv32imafc/ilp32f\libm.a(lib_a-sf_atan.o)
 .rodata.print.str1.4
                0x0000000000009884        0x8 c:/mounriver/mounriver_studio/toolchain/risc-v embedded gcc/bin/../lib/gcc/riscv-none-embed/8.2.0/../../../../riscv-none-embed/lib/rv32imafc/ilp32f\libprintfloat.a(printfloat.o)
                                          0x7 (size before relaxing)
 .rodata.__muldf3
                0x000000000000988c       0x40 c:/mounriver/mounriver_studio/toolchain/risc-v embedded gcc/bin/../lib/gcc/riscv-none-embed/8.2.0/rv32imafc/ilp32f\libgcc.a(muldf3.o)
 .rodata.__clz_tab
                0x00000000000098cc      0x100 c:/mounriver/mounriver_studio/toolchain/risc-v embedded gcc/bin/../lib/gcc/riscv-none-embed/8.2.0/rv32imafc/ilp32f\libgcc.a(_clz.o)
                0x00000000000098cc                __clz_tab
 *(.glue_7)
 *(.glue_7t)
 *(.gnu.linkonce.t.*)
                0x00000000000099cc                . = ALIGN (0x4)

.rela.dyn       0x00000000000099cc        0x0
 .rela.text.startup.main
                0x00000000000099cc        0x0 ./User/ch32v30x_it.o
 .rela.init     0x00000000000099cc        0x0 ./User/ch32v30x_it.o
 .rela.vector   0x00000000000099cc        0x0 ./User/ch32v30x_it.o
 .rela.text.handle_reset
                0x00000000000099cc        0x0 ./User/ch32v30x_it.o
 .rela.text.mpu_init
                0x00000000000099cc        0x0 ./User/ch32v30x_it.o
 .rela.text.mpu_dmp_init
                0x00000000000099cc        0x0 ./User/ch32v30x_it.o
 .rela.sdata.bmp280
                0x00000000000099cc        0x0 ./User/ch32v30x_it.o
 .rela.text.MPU6050_Init
                0x00000000000099cc        0x0 ./User/ch32v30x_it.o
 .rela.text.BAT_ADC_Init
                0x00000000000099cc        0x0 ./User/ch32v30x_it.o
 .rela.text.UART_RxCpltCallback
                0x00000000000099cc        0x0 ./User/ch32v30x_it.o
 .rela.text.print_status
                0x00000000000099cc        0x0 ./User/ch32v30x_it.o
 .rela.text.Crc_init
                0x00000000000099cc        0x0 ./User/ch32v30x_it.o
 .rela.text.Calc
                0x00000000000099cc        0x0 ./User/ch32v30x_it.o
 .rela.text.ShiftRxBuffer
                0x00000000000099cc        0x0 ./User/ch32v30x_it.o
 .rela.text.PacketChannelsPacked
                0x00000000000099cc        0x0 ./User/ch32v30x_it.o
 .rela.text.PacketLinkStatistics
                0x00000000000099cc        0x0 ./User/ch32v30x_it.o
 .rela.text.ProcessPacketIn
                0x00000000000099cc        0x0 ./User/ch32v30x_it.o
 .rela.text.HandleByteReceived
                0x00000000000099cc        0x0 ./User/ch32v30x_it.o
 .rela.text.PIDSTRUCT_Init
                0x00000000000099cc        0x0 ./User/ch32v30x_it.o
 .rela.text.ELRS_Convert_lock
                0x00000000000099cc        0x0 ./User/ch32v30x_it.o
 .rela.text.ELRS_Convert_flight_mode
                0x00000000000099cc        0x0 ./User/ch32v30x_it.o
 .rela.text.Update_ELRS
                0x00000000000099cc        0x0 ./User/ch32v30x_it.o
 .rela.text.Roll_outerloop_ctr
                0x00000000000099cc        0x0 ./User/ch32v30x_it.o
 .rela.text.Roll_innerloop_ctr
                0x00000000000099cc        0x0 ./User/ch32v30x_it.o
 .rela.text.Yaw_outerloop_ctr
                0x00000000000099cc        0x0 ./User/ch32v30x_it.o
 .rela.text.Yaw_innerloop_ctr
                0x00000000000099cc        0x0 ./User/ch32v30x_it.o
 .rela.text.Pitch_outerloop_ctr
                0x00000000000099cc        0x0 ./User/ch32v30x_it.o
 .rela.text.Pitch_innerloop_ctr
                0x00000000000099cc        0x0 ./User/ch32v30x_it.o
 .rela.text.Flight_control
                0x00000000000099cc        0x0 ./User/ch32v30x_it.o
 .rela.text.System_Init
                0x00000000000099cc        0x0 ./User/ch32v30x_it.o
 .rela.text.prints
                0x00000000000099cc        0x0 ./User/ch32v30x_it.o
 .rela.text.printInt
                0x00000000000099cc        0x0 ./User/ch32v30x_it.o
 .rela.text.printLongLongInt
                0x00000000000099cc        0x0 ./User/ch32v30x_it.o
 .rela.text.printDouble
                0x00000000000099cc        0x0 ./User/ch32v30x_it.o
 .rela.text.print
                0x00000000000099cc        0x0 ./User/ch32v30x_it.o
 .rela.text.printf
                0x00000000000099cc        0x0 ./User/ch32v30x_it.o
 .rela.data.impure_data
                0x00000000000099cc        0x0 ./User/ch32v30x_it.o

.fini           0x00000000000099cc        0x0
 *(SORT_NONE(.fini))
                0x00000000000099cc                . = ALIGN (0x4)
                [!provide]                        PROVIDE (_etext = .)
                [!provide]                        PROVIDE (_eitcm = .)

.preinit_array  0x00000000000099cc        0x0
                [!provide]                        PROVIDE (__preinit_array_start = .)
 *(.preinit_array)
                [!provide]                        PROVIDE (__preinit_array_end = .)

.init_array     0x00000000000099cc        0x0
                [!provide]                        PROVIDE (__init_array_start = .)
 *(SORT_BY_INIT_PRIORITY(.init_array.*) SORT_BY_INIT_PRIORITY(.ctors.*))
 *(.init_array EXCLUDE_FILE(*crtend?.o *crtend.o *crtbegin?.o *crtbegin.o) .ctors)
                [!provide]                        PROVIDE (__init_array_end = .)

.fini_array     0x00000000000099cc        0x0
                [!provide]                        PROVIDE (__fini_array_start = .)
 *(SORT_BY_INIT_PRIORITY(.fini_array.*) SORT_BY_INIT_PRIORITY(.dtors.*))
 *(.fini_array EXCLUDE_FILE(*crtend?.o *crtend.o *crtbegin?.o *crtbegin.o) .dtors)
                [!provide]                        PROVIDE (__fini_array_end = .)

.ctors
 *crtbegin.o(.ctors)
 *crtbegin?.o(.ctors)
 *(EXCLUDE_FILE(*crtend?.o *crtend.o) .ctors)
 *(SORT_BY_NAME(.ctors.*))
 *(.ctors)

.dtors
 *crtbegin.o(.dtors)
 *crtbegin?.o(.dtors)
 *(EXCLUDE_FILE(*crtend?.o *crtend.o) .dtors)
 *(SORT_BY_NAME(.dtors.*))
 *(.dtors)

.dalign         0x0000000020000000        0x0 load address 0x00000000000099cc
                0x0000000020000000                . = ALIGN (0x4)
                0x0000000020000000                PROVIDE (_data_vma = .)

.dlalign        0x00000000000099cc        0x0
                0x00000000000099cc                . = ALIGN (0x4)
                0x00000000000099cc                PROVIDE (_data_lma = .)

.data           0x0000000020000000       0xd0 load address 0x00000000000099cc
 *(.gnu.linkonce.r.*)
 *(.data .data.*)
 .data.APBAHBPrescTable
                0x0000000020000000       0x10 ./Peripheral/src/ch32v30x_rcc.o
 .data.gyro_orientation
                0x0000000020000010        0x9 ./General_Files/eMPL/inv_mpu.o
 *fill*         0x0000000020000019        0x3 
 .data.st       0x000000002000001c       0x2c ./General_Files/eMPL/inv_mpu.o
 .data.pid_func
                0x0000000020000048       0x10 ./General_Files/apps/src/pid.o
                0x0000000020000048                pid_func
 .data.impure_data
                0x0000000020000058       0x60 c:/mounriver/mounriver_studio/toolchain/risc-v embedded gcc/bin/../lib/gcc/riscv-none-embed/8.2.0/../../../../riscv-none-embed/lib/rv32imafc/ilp32f\libg_nano.a(lib_a-impure.o)
 *(.gnu.linkonce.d.*)
                0x00000000200000b8                . = ALIGN (0x8)
                0x00000000200008b8                PROVIDE (__global_pointer$ = (. + 0x800))
 *(.sdata .sdata.*)
 .sdata.SystemCoreClock
                0x00000000200000b8        0x4 ./User/system_ch32v30x.o
                0x00000000200000b8                SystemCoreClock
 .sdata.ADCPrescTable
                0x00000000200000bc        0x4 ./Peripheral/src/ch32v30x_rcc.o
 .sdata.bmp280  0x00000000200000c0        0x4 ./General_Files/drivers/BMP280.o
                0x00000000200000c0                bmp280
 .sdata.flight_mode
                0x00000000200000c4        0x1 ./General_Files/apps/src/control.o
                0x00000000200000c4                flight_mode
 .sdata.is_locked
                0x00000000200000c5        0x1 ./General_Files/apps/src/control.o
                0x00000000200000c5                is_locked
 *fill*         0x00000000200000c6        0x2 
 .sdata.__fdlib_version
                0x00000000200000c8        0x4 c:/mounriver/mounriver_studio/toolchain/risc-v embedded gcc/bin/../lib/gcc/riscv-none-embed/8.2.0/../../../../riscv-none-embed/lib/rv32imafc/ilp32f\libm.a(lib_a-s_lib_ver.o)
                0x00000000200000c8                __fdlib_version
 .sdata._impure_ptr
                0x00000000200000cc        0x4 c:/mounriver/mounriver_studio/toolchain/risc-v embedded gcc/bin/../lib/gcc/riscv-none-embed/8.2.0/../../../../riscv-none-embed/lib/rv32imafc/ilp32f\libg_nano.a(lib_a-impure.o)
                0x00000000200000cc                _impure_ptr
 *(.sdata2.*)
 *(.gnu.linkonce.s.*)
                0x00000000200000d0                . = ALIGN (0x8)
 *(.srodata.cst16)
 *(.srodata.cst8)
 *(.srodata.cst4)
 *(.srodata.cst2)
 *(.srodata .srodata.*)
                0x00000000200000d0                . = ALIGN (0x4)
                0x00000000200000d0                PROVIDE (_edata = .)

.bss            0x00000000200000d0      0x3c4 load address 0x0000000000009a9c
                0x00000000200000d0                . = ALIGN (0x4)
                0x00000000200000d0                PROVIDE (_sbss = .)
 *(.sbss*)
 .sbss.NVIC_Priority_Group
                0x00000000200000d0        0x4 ./Peripheral/src/ch32v30x_misc.o
                0x00000000200000d0                NVIC_Priority_Group
 .sbss.Calibrattion_Val
                0x00000000200000d4        0x2 ./General_Files/drivers/adc.o
                0x00000000200000d4                Calibrattion_Val
 *fill*         0x00000000200000d6        0x2 
 .sbss.Mech_zero_yaw
                0x00000000200000d8        0x4 ./General_Files/apps/src/control.o
                0x00000000200000d8                Mech_zero_yaw
 .sbss.PWM_Out1
                0x00000000200000dc        0x2 ./General_Files/apps/src/control.o
                0x00000000200000dc                PWM_Out1
 .sbss.PWM_Out2
                0x00000000200000de        0x2 ./General_Files/apps/src/control.o
                0x00000000200000de                PWM_Out2
 .sbss.PWM_Out3
                0x00000000200000e0        0x2 ./General_Files/apps/src/control.o
                0x00000000200000e0                PWM_Out3
 .sbss.PWM_Out4
                0x00000000200000e2        0x2 ./General_Files/apps/src/control.o
                0x00000000200000e2                PWM_Out4
 .sbss.Pitch    0x00000000200000e4        0x4 ./General_Files/apps/src/control.o
                0x00000000200000e4                Pitch
 .sbss.Roll     0x00000000200000e8        0x4 ./General_Files/apps/src/control.o
                0x00000000200000e8                Roll
 .sbss.Throttle
                0x00000000200000ec        0x2 ./General_Files/apps/src/control.o
                0x00000000200000ec                Throttle
 *fill*         0x00000000200000ee        0x2 
 .sbss.Yaw      0x00000000200000f0        0x4 ./General_Files/apps/src/control.o
                0x00000000200000f0                Yaw
 .sbss.p_ms     0x00000000200000f4        0x2 ./Debug/debug.o
 .sbss.p_us     0x00000000200000f6        0x1 ./Debug/debug.o
 *(.gnu.linkonce.sb.*)
 *(.bss*)
 *fill*         0x00000000200000f7        0x1 
 .bss.dmp       0x00000000200000f8       0x10 ./General_Files/eMPL/inv_mpu_dmp_motion_driver.o
 .bss.MPU6050_para
                0x0000000020000108       0x14 ./General_Files/drivers/MPU6050.o
                0x0000000020000108                MPU6050_para
 *(.gnu.linkonce.b.*)
 *(COMMON*)
 COMMON         0x000000002000011c       0x40 ./User/main.o
                0x000000002000011c                CrsfChannels
 COMMON         0x000000002000015c       0x1c ./General_Files/drivers/BMP280.o
                0x000000002000015c                bmp280_inst
                0x0000000020000174                t_fine
 COMMON         0x0000000020000178        0x2 ./General_Files/drivers/adc.o
                0x0000000020000178                TxBuf
 *fill*         0x000000002000017a        0x2 
 COMMON         0x000000002000017c      0x100 ./General_Files/apps/src/CRC.o
                0x000000002000017c                _lut
 COMMON         0x000000002000027c       0x50 ./General_Files/apps/src/CRSF.o
                0x000000002000027c                RxBuf_Index
                0x0000000020000280                LinkStatistics
                0x000000002000028c                RxBuf
 COMMON         0x00000000200002cc      0x1c8 ./General_Files/apps/src/control.o
                0x00000000200002cc                PID_roll_innerloop
                0x0000000020000318                PID_yaw_outerloop
                0x0000000020000364                PID_pitch_outerloop
                0x00000000200003b0                PID_yaw_innerloop
                0x00000000200003fc                PID_roll_outerloop
                0x0000000020000448                PID_pitch_innerloop
                0x0000000020000494                . = ALIGN (0x4)
                0x0000000020000494                PROVIDE (_ebss = .)
                0x0000000020000494                PROVIDE (_end = _ebss)
                [!provide]                        PROVIDE (end = .)

.stack          0x0000000020007800      0x800
                0x0000000020007800                PROVIDE (_heap_end = .)
                0x0000000020007800                . = ALIGN (0x4)
                [!provide]                        PROVIDE (_susrstack = .)
                0x0000000020008000                . = (. + __stack_size)
 *fill*         0x0000000020007800      0x800 
                0x0000000020008000                PROVIDE (_eusrstack = .)
OUTPUT(FPV_demo.elf elf32-littleriscv)

.debug_info     0x0000000000000000    0x2040e
 .debug_info    0x0000000000000000      0x962 ./User/ch32v30x_it.o
 .debug_info    0x0000000000000962      0xaa0 ./User/main.o
 .debug_info    0x0000000000001402      0xb99 ./User/system_ch32v30x.o
 .debug_info    0x0000000000001f9b       0x22 ./Startup/startup_ch32v30x_D8C.o
 .debug_info    0x0000000000001fbd     0x16ed ./Peripheral/src/ch32v30x_adc.o
 .debug_info    0x00000000000036aa      0xd13 ./Peripheral/src/ch32v30x_dma.o
 .debug_info    0x00000000000043bd     0x115e ./Peripheral/src/ch32v30x_gpio.o
 .debug_info    0x000000000000551b     0x1481 ./Peripheral/src/ch32v30x_i2c.o
 .debug_info    0x000000000000699c      0xf6d ./Peripheral/src/ch32v30x_misc.o
 .debug_info    0x0000000000007909     0x155d ./Peripheral/src/ch32v30x_rcc.o
 .debug_info    0x0000000000008e66     0x2a18 ./Peripheral/src/ch32v30x_tim.o
 .debug_info    0x000000000000b87e     0x1420 ./Peripheral/src/ch32v30x_usart.o
 .debug_info    0x000000000000cc9e     0x434e ./General_Files/eMPL/inv_mpu.o
 .debug_info    0x0000000000010fec     0x1b5d ./General_Files/eMPL/inv_mpu_dmp_motion_driver.o
 .debug_info    0x0000000000012b49     0x13d1 ./General_Files/drivers/BMP280.o
 .debug_info    0x0000000000013f1a     0x15ff ./General_Files/drivers/MPU6050.o
 .debug_info    0x0000000000015519      0xfbb ./General_Files/drivers/MyI2C.o
 .debug_info    0x00000000000164d4     0x12e0 ./General_Files/drivers/adc.o
 .debug_info    0x00000000000177b4      0xb5b ./General_Files/drivers/gpio.o
 .debug_info    0x000000000001830f     0x1222 ./General_Files/drivers/pwm.o
 .debug_info    0x0000000000019531     0x15e1 ./General_Files/drivers/tim.o
 .debug_info    0x000000000001ab12     0x17b0 ./General_Files/drivers/uart.o
 .debug_info    0x000000000001c2c2      0x15e ./General_Files/apps/src/CRC.o
 .debug_info    0x000000000001c420      0xef2 ./General_Files/apps/src/CRSF.o
 .debug_info    0x000000000001d312     0x11ad ./General_Files/apps/src/control.o
 .debug_info    0x000000000001e4bf      0x266 ./General_Files/apps/src/pid.o
 .debug_info    0x000000000001e725      0xdcd ./General_Files/system.o
 .debug_info    0x000000000001f4f2      0xf1c ./Debug/debug.o

.debug_abbrev   0x0000000000000000     0x5197
 .debug_abbrev  0x0000000000000000      0x1cf ./User/ch32v30x_it.o
 .debug_abbrev  0x00000000000001cf      0x22e ./User/main.o
 .debug_abbrev  0x00000000000003fd      0x2c0 ./User/system_ch32v30x.o
 .debug_abbrev  0x00000000000006bd       0x12 ./Startup/startup_ch32v30x_D8C.o
 .debug_abbrev  0x00000000000006cf      0x3ac ./Peripheral/src/ch32v30x_adc.o
 .debug_abbrev  0x0000000000000a7b      0x2fd ./Peripheral/src/ch32v30x_dma.o
 .debug_abbrev  0x0000000000000d78      0x3e9 ./Peripheral/src/ch32v30x_gpio.o
 .debug_abbrev  0x0000000000001161      0x3aa ./Peripheral/src/ch32v30x_i2c.o
 .debug_abbrev  0x000000000000150b      0x2fb ./Peripheral/src/ch32v30x_misc.o
 .debug_abbrev  0x0000000000001806      0x351 ./Peripheral/src/ch32v30x_rcc.o
 .debug_abbrev  0x0000000000001b57      0x421 ./Peripheral/src/ch32v30x_tim.o
 .debug_abbrev  0x0000000000001f78      0x325 ./Peripheral/src/ch32v30x_usart.o
 .debug_abbrev  0x000000000000229d      0x4bf ./General_Files/eMPL/inv_mpu.o
 .debug_abbrev  0x000000000000275c      0x3bb ./General_Files/eMPL/inv_mpu_dmp_motion_driver.o
 .debug_abbrev  0x0000000000002b17      0x376 ./General_Files/drivers/BMP280.o
 .debug_abbrev  0x0000000000002e8d      0x3d6 ./General_Files/drivers/MPU6050.o
 .debug_abbrev  0x0000000000003263      0x2ca ./General_Files/drivers/MyI2C.o
 .debug_abbrev  0x000000000000352d      0x32f ./General_Files/drivers/adc.o
 .debug_abbrev  0x000000000000385c      0x25e ./General_Files/drivers/gpio.o
 .debug_abbrev  0x0000000000003aba      0x29e ./General_Files/drivers/pwm.o
 .debug_abbrev  0x0000000000003d58      0x2cf ./General_Files/drivers/tim.o
 .debug_abbrev  0x0000000000004027      0x303 ./General_Files/drivers/uart.o
 .debug_abbrev  0x000000000000432a      0x104 ./General_Files/apps/src/CRC.o
 .debug_abbrev  0x000000000000442e      0x3ba ./General_Files/apps/src/CRSF.o
 .debug_abbrev  0x00000000000047e8      0x351 ./General_Files/apps/src/control.o
 .debug_abbrev  0x0000000000004b39      0x106 ./General_Files/apps/src/pid.o
 .debug_abbrev  0x0000000000004c3f      0x25f ./General_Files/system.o
 .debug_abbrev  0x0000000000004e9e      0x2f9 ./Debug/debug.o

.debug_aranges  0x0000000000000000     0x1030
 .debug_aranges
                0x0000000000000000       0x28 ./User/ch32v30x_it.o
 .debug_aranges
                0x0000000000000028       0x20 ./User/main.o
 .debug_aranges
                0x0000000000000048       0x28 ./User/system_ch32v30x.o
 .debug_aranges
                0x0000000000000070       0x30 ./Startup/startup_ch32v30x_D8C.o
 .debug_aranges
                0x00000000000000a0      0x150 ./Peripheral/src/ch32v30x_adc.o
 .debug_aranges
                0x00000000000001f0       0x60 ./Peripheral/src/ch32v30x_dma.o
 .debug_aranges
                0x0000000000000250       0xb0 ./Peripheral/src/ch32v30x_gpio.o
 .debug_aranges
                0x0000000000000300      0x110 ./Peripheral/src/ch32v30x_i2c.o
 .debug_aranges
                0x0000000000000410       0x28 ./Peripheral/src/ch32v30x_misc.o
 .debug_aranges
                0x0000000000000438      0x1a8 ./Peripheral/src/ch32v30x_rcc.o
 .debug_aranges
                0x00000000000005e0      0x2d0 ./Peripheral/src/ch32v30x_tim.o
 .debug_aranges
                0x00000000000008b0      0x100 ./Peripheral/src/ch32v30x_usart.o
 .debug_aranges
                0x00000000000009b0      0x1b0 ./General_Files/eMPL/inv_mpu.o
 .debug_aranges
                0x0000000000000b60       0xf8 ./General_Files/eMPL/inv_mpu_dmp_motion_driver.o
 .debug_aranges
                0x0000000000000c58       0x70 ./General_Files/drivers/BMP280.o
 .debug_aranges
                0x0000000000000cc8       0x50 ./General_Files/drivers/MPU6050.o
 .debug_aranges
                0x0000000000000d18       0x68 ./General_Files/drivers/MyI2C.o
 .debug_aranges
                0x0000000000000d80       0x48 ./General_Files/drivers/adc.o
 .debug_aranges
                0x0000000000000dc8       0x20 ./General_Files/drivers/gpio.o
 .debug_aranges
                0x0000000000000de8       0x30 ./General_Files/drivers/pwm.o
 .debug_aranges
                0x0000000000000e18       0x48 ./General_Files/drivers/tim.o
 .debug_aranges
                0x0000000000000e60       0x38 ./General_Files/drivers/uart.o
 .debug_aranges
                0x0000000000000e98       0x28 ./General_Files/apps/src/CRC.o
 .debug_aranges
                0x0000000000000ec0       0x40 ./General_Files/apps/src/CRSF.o
 .debug_aranges
                0x0000000000000f00       0x88 ./General_Files/apps/src/control.o
 .debug_aranges
                0x0000000000000f88       0x38 ./General_Files/apps/src/pid.o
 .debug_aranges
                0x0000000000000fc0       0x28 ./General_Files/system.o
 .debug_aranges
                0x0000000000000fe8       0x48 ./Debug/debug.o

.debug_ranges   0x0000000000000000     0x1710
 .debug_ranges  0x0000000000000000       0x18 ./User/ch32v30x_it.o
 .debug_ranges  0x0000000000000018       0x10 ./User/main.o
 .debug_ranges  0x0000000000000028       0x38 ./User/system_ch32v30x.o
 .debug_ranges  0x0000000000000060       0x28 ./Startup/startup_ch32v30x_D8C.o
 .debug_ranges  0x0000000000000088      0x140 ./Peripheral/src/ch32v30x_adc.o
 .debug_ranges  0x00000000000001c8       0x50 ./Peripheral/src/ch32v30x_dma.o
 .debug_ranges  0x0000000000000218       0xd0 ./Peripheral/src/ch32v30x_gpio.o
 .debug_ranges  0x00000000000002e8      0x100 ./Peripheral/src/ch32v30x_i2c.o
 .debug_ranges  0x00000000000003e8       0x48 ./Peripheral/src/ch32v30x_misc.o
 .debug_ranges  0x0000000000000430      0x198 ./Peripheral/src/ch32v30x_rcc.o
 .debug_ranges  0x00000000000005c8      0x308 ./Peripheral/src/ch32v30x_tim.o
 .debug_ranges  0x00000000000008d0       0xf0 ./Peripheral/src/ch32v30x_usart.o
 .debug_ranges  0x00000000000009c0      0x860 ./General_Files/eMPL/inv_mpu.o
 .debug_ranges  0x0000000000001220      0x120 ./General_Files/eMPL/inv_mpu_dmp_motion_driver.o
 .debug_ranges  0x0000000000001340       0x60 ./General_Files/drivers/BMP280.o
 .debug_ranges  0x00000000000013a0       0x88 ./General_Files/drivers/MPU6050.o
 .debug_ranges  0x0000000000001428       0x58 ./General_Files/drivers/MyI2C.o
 .debug_ranges  0x0000000000001480       0x38 ./General_Files/drivers/adc.o
 .debug_ranges  0x00000000000014b8       0x10 ./General_Files/drivers/gpio.o
 .debug_ranges  0x00000000000014c8       0x20 ./General_Files/drivers/pwm.o
 .debug_ranges  0x00000000000014e8       0x38 ./General_Files/drivers/tim.o
 .debug_ranges  0x0000000000001520       0x28 ./General_Files/drivers/uart.o
 .debug_ranges  0x0000000000001548       0x50 ./General_Files/apps/src/CRC.o
 .debug_ranges  0x0000000000001598       0x70 ./General_Files/apps/src/CRSF.o
 .debug_ranges  0x0000000000001608       0x90 ./General_Files/apps/src/control.o
 .debug_ranges  0x0000000000001698       0x28 ./General_Files/apps/src/pid.o
 .debug_ranges  0x00000000000016c0       0x18 ./General_Files/system.o
 .debug_ranges  0x00000000000016d8       0x38 ./Debug/debug.o

.debug_line     0x0000000000000000    0x19db1
 .debug_line    0x0000000000000000      0x246 ./User/ch32v30x_it.o
 .debug_line    0x0000000000000246      0x496 ./User/main.o
 .debug_line    0x00000000000006dc      0x93d ./User/system_ch32v30x.o
 .debug_line    0x0000000000001019      0x356 ./Startup/startup_ch32v30x_D8C.o
 .debug_line    0x000000000000136f     0x18f7 ./Peripheral/src/ch32v30x_adc.o
 .debug_line    0x0000000000002c66      0xa20 ./Peripheral/src/ch32v30x_dma.o
 .debug_line    0x0000000000003686      0xe94 ./Peripheral/src/ch32v30x_gpio.o
 .debug_line    0x000000000000451a     0x11b6 ./Peripheral/src/ch32v30x_i2c.o
 .debug_line    0x00000000000056d0      0x51f ./Peripheral/src/ch32v30x_misc.o
 .debug_line    0x0000000000005bef     0x1840 ./Peripheral/src/ch32v30x_rcc.o
 .debug_line    0x000000000000742f     0x3464 ./Peripheral/src/ch32v30x_tim.o
 .debug_line    0x000000000000a893     0x10f9 ./Peripheral/src/ch32v30x_usart.o
 .debug_line    0x000000000000b98c     0x50d9 ./General_Files/eMPL/inv_mpu.o
 .debug_line    0x0000000000010a65     0x2375 ./General_Files/eMPL/inv_mpu_dmp_motion_driver.o
 .debug_line    0x0000000000012dda      0xf40 ./General_Files/drivers/BMP280.o
 .debug_line    0x0000000000013d1a      0xd22 ./General_Files/drivers/MPU6050.o
 .debug_line    0x0000000000014a3c      0x842 ./General_Files/drivers/MyI2C.o
 .debug_line    0x000000000001527e      0x8a2 ./General_Files/drivers/adc.o
 .debug_line    0x0000000000015b20      0x3ae ./General_Files/drivers/gpio.o
 .debug_line    0x0000000000015ece      0x5e6 ./General_Files/drivers/pwm.o
 .debug_line    0x00000000000164b4      0x821 ./General_Files/drivers/tim.o
 .debug_line    0x0000000000016cd5      0x873 ./General_Files/drivers/uart.o
 .debug_line    0x0000000000017548      0x257 ./General_Files/apps/src/CRC.o
 .debug_line    0x000000000001779f      0x6cf ./General_Files/apps/src/CRSF.o
 .debug_line    0x0000000000017e6e      0xf2f ./General_Files/apps/src/control.o
 .debug_line    0x0000000000018d9d      0x46c ./General_Files/apps/src/pid.o
 .debug_line    0x0000000000019209      0x448 ./General_Files/system.o
 .debug_line    0x0000000000019651      0x760 ./Debug/debug.o

.debug_str      0x0000000000000000     0x51cd
 .debug_str     0x0000000000000000      0x556 ./User/ch32v30x_it.o
                                        0x5e0 (size before relaxing)
 .debug_str     0x0000000000000556       0xaa ./User/main.o
                                        0x663 (size before relaxing)
 .debug_str     0x0000000000000600      0x11f ./User/system_ch32v30x.o
                                        0x6ff (size before relaxing)
 .debug_str     0x000000000000071f       0x2e ./Startup/startup_ch32v30x_D8C.o
                                         0x81 (size before relaxing)
 .debug_str     0x000000000000074d      0x60e ./Peripheral/src/ch32v30x_adc.o
                                        0xc41 (size before relaxing)
 .debug_str     0x0000000000000d5b      0x205 ./Peripheral/src/ch32v30x_dma.o
                                        0x81d (size before relaxing)
 .debug_str     0x0000000000000f60      0x388 ./Peripheral/src/ch32v30x_gpio.o
                                        0x9aa (size before relaxing)
 .debug_str     0x00000000000012e8      0x484 ./Peripheral/src/ch32v30x_i2c.o
                                        0xb0a (size before relaxing)
 .debug_str     0x000000000000176c      0x6a5 ./Peripheral/src/ch32v30x_misc.o
                                        0xcf5 (size before relaxing)
 .debug_str     0x0000000000001e11      0x539 ./Peripheral/src/ch32v30x_rcc.o
                                        0xceb (size before relaxing)
 .debug_str     0x000000000000234a      0xb95 ./Peripheral/src/ch32v30x_tim.o
                                       0x12a5 (size before relaxing)
 .debug_str     0x0000000000002edf      0x409 ./Peripheral/src/ch32v30x_usart.o
                                        0xb41 (size before relaxing)
 .debug_str     0x00000000000032e8      0xaf0 ./General_Files/eMPL/inv_mpu.o
                                       0x11e2 (size before relaxing)
 .debug_str     0x0000000000003dd8      0x371 ./General_Files/eMPL/inv_mpu_dmp_motion_driver.o
                                        0xad9 (size before relaxing)
 .debug_str     0x0000000000004149      0x485 ./General_Files/drivers/BMP280.o
                                        0xac3 (size before relaxing)
 .debug_str     0x00000000000045ce       0xdd ./General_Files/drivers/MPU6050.o
                                        0xa92 (size before relaxing)
 .debug_str     0x00000000000046ab       0x6c ./General_Files/drivers/MyI2C.o
                                        0x87b (size before relaxing)
 .debug_str     0x0000000000004717       0xcf ./General_Files/drivers/adc.o
                                        0xba3 (size before relaxing)
 .debug_str     0x00000000000047e6       0x29 ./General_Files/drivers/gpio.o
                                        0x780 (size before relaxing)
 .debug_str     0x000000000000480f       0x71 ./General_Files/drivers/pwm.o
                                        0xb1d (size before relaxing)
 .debug_str     0x0000000000004880      0x149 ./General_Files/drivers/tim.o
                                       0x1026 (size before relaxing)
 .debug_str     0x00000000000049c9       0x78 ./General_Files/drivers/uart.o
                                       0x1187 (size before relaxing)
 .debug_str     0x0000000000004a41       0x2f ./General_Files/apps/src/CRC.o
                                        0x1f3 (size before relaxing)
 .debug_str     0x0000000000004a70      0x4ca ./General_Files/apps/src/CRSF.o
                                        0xb07 (size before relaxing)
 .debug_str     0x0000000000004f3a      0x1d3 ./General_Files/apps/src/control.o
                                        0x907 (size before relaxing)
 .debug_str     0x000000000000510d       0x44 ./General_Files/apps/src/pid.o
                                        0x1e9 (size before relaxing)
 .debug_str     0x0000000000005151       0x1a ./General_Files/system.o
                                        0x77d (size before relaxing)
 .debug_str     0x000000000000516b       0x62 ./Debug/debug.o
                                        0x929 (size before relaxing)

.comment        0x0000000000000000       0x33
 .comment       0x0000000000000000       0x33 ./User/ch32v30x_it.o
                                         0x34 (size before relaxing)
 .comment       0x0000000000000033       0x34 ./User/main.o
 .comment       0x0000000000000033       0x34 ./User/system_ch32v30x.o
 .comment       0x0000000000000033       0x34 ./Peripheral/src/ch32v30x_adc.o
 .comment       0x0000000000000033       0x34 ./Peripheral/src/ch32v30x_dma.o
 .comment       0x0000000000000033       0x34 ./Peripheral/src/ch32v30x_gpio.o
 .comment       0x0000000000000033       0x34 ./Peripheral/src/ch32v30x_i2c.o
 .comment       0x0000000000000033       0x34 ./Peripheral/src/ch32v30x_misc.o
 .comment       0x0000000000000033       0x34 ./Peripheral/src/ch32v30x_rcc.o
 .comment       0x0000000000000033       0x34 ./Peripheral/src/ch32v30x_tim.o
 .comment       0x0000000000000033       0x34 ./Peripheral/src/ch32v30x_usart.o
 .comment       0x0000000000000033       0x34 ./General_Files/eMPL/inv_mpu.o
 .comment       0x0000000000000033       0x34 ./General_Files/eMPL/inv_mpu_dmp_motion_driver.o
 .comment       0x0000000000000033       0x34 ./General_Files/drivers/BMP280.o
 .comment       0x0000000000000033       0x34 ./General_Files/drivers/MPU6050.o
 .comment       0x0000000000000033       0x34 ./General_Files/drivers/MyI2C.o
 .comment       0x0000000000000033       0x34 ./General_Files/drivers/adc.o
 .comment       0x0000000000000033       0x34 ./General_Files/drivers/gpio.o
 .comment       0x0000000000000033       0x34 ./General_Files/drivers/pwm.o
 .comment       0x0000000000000033       0x34 ./General_Files/drivers/tim.o
 .comment       0x0000000000000033       0x34 ./General_Files/drivers/uart.o
 .comment       0x0000000000000033       0x34 ./General_Files/apps/src/CRC.o
 .comment       0x0000000000000033       0x34 ./General_Files/apps/src/CRSF.o
 .comment       0x0000000000000033       0x34 ./General_Files/apps/src/control.o
 .comment       0x0000000000000033       0x34 ./General_Files/apps/src/pid.o
 .comment       0x0000000000000033       0x34 ./General_Files/system.o
 .comment       0x0000000000000033       0x34 ./Debug/debug.o
 .comment       0x0000000000000033       0x34 c:/mounriver/mounriver_studio/toolchain/risc-v embedded gcc/bin/../lib/gcc/riscv-none-embed/8.2.0/../../../../riscv-none-embed/lib/rv32imafc/ilp32f\libprintfloat.a(printfloat.o)

.debug_frame    0x0000000000000000     0x2d48
 .debug_frame   0x0000000000000000       0x30 ./User/ch32v30x_it.o
 .debug_frame   0x0000000000000030       0x28 ./User/main.o
 .debug_frame   0x0000000000000058       0x3c ./User/system_ch32v30x.o
 .debug_frame   0x0000000000000094      0x2bc ./Peripheral/src/ch32v30x_adc.o
 .debug_frame   0x0000000000000350       0xc0 ./Peripheral/src/ch32v30x_dma.o
 .debug_frame   0x0000000000000410      0x160 ./Peripheral/src/ch32v30x_gpio.o
 .debug_frame   0x0000000000000570      0x25c ./Peripheral/src/ch32v30x_i2c.o
 .debug_frame   0x00000000000007cc       0x30 ./Peripheral/src/ch32v30x_misc.o
 .debug_frame   0x00000000000007fc      0x340 ./Peripheral/src/ch32v30x_rcc.o
 .debug_frame   0x0000000000000b3c      0x66c ./Peripheral/src/ch32v30x_tim.o
 .debug_frame   0x00000000000011a8      0x210 ./Peripheral/src/ch32v30x_usart.o
 .debug_frame   0x00000000000013b8      0x6f0 ./General_Files/eMPL/inv_mpu.o
 .debug_frame   0x0000000000001aa8      0x38c ./General_Files/eMPL/inv_mpu_dmp_motion_driver.o
 .debug_frame   0x0000000000001e34      0x194 ./General_Files/drivers/BMP280.o
 .debug_frame   0x0000000000001fc8      0x12c ./General_Files/drivers/MPU6050.o
 .debug_frame   0x00000000000020f4      0x154 ./General_Files/drivers/MyI2C.o
 .debug_frame   0x0000000000002248       0xc8 ./General_Files/drivers/adc.o
 .debug_frame   0x0000000000002310       0x30 ./General_Files/drivers/gpio.o
 .debug_frame   0x0000000000002340       0x68 ./General_Files/drivers/pwm.o
 .debug_frame   0x00000000000023a8      0x170 ./General_Files/drivers/tim.o
 .debug_frame   0x0000000000002518       0xe4 ./General_Files/drivers/uart.o
 .debug_frame   0x00000000000025fc       0x30 ./General_Files/apps/src/CRC.o
 .debug_frame   0x000000000000262c       0x98 ./General_Files/apps/src/CRSF.o
 .debug_frame   0x00000000000026c4      0x170 ./General_Files/apps/src/control.o
 .debug_frame   0x0000000000002834       0x50 ./General_Files/apps/src/pid.o
 .debug_frame   0x0000000000002884       0x40 ./General_Files/system.o
 .debug_frame   0x00000000000028c4       0xa4 ./Debug/debug.o
 .debug_frame   0x0000000000002968       0x4c c:/mounriver/mounriver_studio/toolchain/risc-v embedded gcc/bin/../lib/gcc/riscv-none-embed/8.2.0/../../../../riscv-none-embed/lib/rv32imafc/ilp32f\libm.a(lib_a-wf_asin.o)
 .debug_frame   0x00000000000029b4       0x20 c:/mounriver/mounriver_studio/toolchain/risc-v embedded gcc/bin/../lib/gcc/riscv-none-embed/8.2.0/../../../../riscv-none-embed/lib/rv32imafc/ilp32f\libm.a(lib_a-wf_atan2.o)
 .debug_frame   0x00000000000029d4       0x4c c:/mounriver/mounriver_studio/toolchain/risc-v embedded gcc/bin/../lib/gcc/riscv-none-embed/8.2.0/../../../../riscv-none-embed/lib/rv32imafc/ilp32f\libm.a(lib_a-ef_asin.o)
 .debug_frame   0x0000000000002a20       0x44 c:/mounriver/mounriver_studio/toolchain/risc-v embedded gcc/bin/../lib/gcc/riscv-none-embed/8.2.0/../../../../riscv-none-embed/lib/rv32imafc/ilp32f\libm.a(lib_a-ef_atan2.o)
 .debug_frame   0x0000000000002a64       0x20 c:/mounriver/mounriver_studio/toolchain/risc-v embedded gcc/bin/../lib/gcc/riscv-none-embed/8.2.0/../../../../riscv-none-embed/lib/rv32imafc/ilp32f\libm.a(lib_a-ef_sqrt.o)
 .debug_frame   0x0000000000002a84       0x20 c:/mounriver/mounriver_studio/toolchain/risc-v embedded gcc/bin/../lib/gcc/riscv-none-embed/8.2.0/../../../../riscv-none-embed/lib/rv32imafc/ilp32f\libm.a(lib_a-s_matherr.o)
 .debug_frame   0x0000000000002aa4       0x20 c:/mounriver/mounriver_studio/toolchain/risc-v embedded gcc/bin/../lib/gcc/riscv-none-embed/8.2.0/../../../../riscv-none-embed/lib/rv32imafc/ilp32f\libm.a(lib_a-s_nan.o)
 .debug_frame   0x0000000000002ac4       0x68 c:/mounriver/mounriver_studio/toolchain/risc-v embedded gcc/bin/../lib/gcc/riscv-none-embed/8.2.0/../../../../riscv-none-embed/lib/rv32imafc/ilp32f\libm.a(lib_a-sf_atan.o)
 .debug_frame   0x0000000000002b2c       0x20 c:/mounriver/mounriver_studio/toolchain/risc-v embedded gcc/bin/../lib/gcc/riscv-none-embed/8.2.0/../../../../riscv-none-embed/lib/rv32imafc/ilp32f\libm.a(lib_a-sf_fabs.o)
 .debug_frame   0x0000000000002b4c       0x20 c:/mounriver/mounriver_studio/toolchain/risc-v embedded gcc/bin/../lib/gcc/riscv-none-embed/8.2.0/rv32imafc/ilp32f\libgcc.a(ledf2.o)
 .debug_frame   0x0000000000002b6c       0x58 c:/mounriver/mounriver_studio/toolchain/risc-v embedded gcc/bin/../lib/gcc/riscv-none-embed/8.2.0/rv32imafc/ilp32f\libgcc.a(muldf3.o)
 .debug_frame   0x0000000000002bc4       0x44 c:/mounriver/mounriver_studio/toolchain/risc-v embedded gcc/bin/../lib/gcc/riscv-none-embed/8.2.0/rv32imafc/ilp32f\libgcc.a(subdf3.o)
 .debug_frame   0x0000000000002c08       0x20 c:/mounriver/mounriver_studio/toolchain/risc-v embedded gcc/bin/../lib/gcc/riscv-none-embed/8.2.0/rv32imafc/ilp32f\libgcc.a(fixdfdi.o)
 .debug_frame   0x0000000000002c28       0x48 c:/mounriver/mounriver_studio/toolchain/risc-v embedded gcc/bin/../lib/gcc/riscv-none-embed/8.2.0/rv32imafc/ilp32f\libgcc.a(floatdidf.o)
 .debug_frame   0x0000000000002c70       0x38 c:/mounriver/mounriver_studio/toolchain/risc-v embedded gcc/bin/../lib/gcc/riscv-none-embed/8.2.0/rv32imafc/ilp32f\libgcc.a(extendsfdf2.o)
 .debug_frame   0x0000000000002ca8       0x20 c:/mounriver/mounriver_studio/toolchain/risc-v embedded gcc/bin/../lib/gcc/riscv-none-embed/8.2.0/rv32imafc/ilp32f\libgcc.a(truncdfsf2.o)
 .debug_frame   0x0000000000002cc8       0x20 c:/mounriver/mounriver_studio/toolchain/risc-v embedded gcc/bin/../lib/gcc/riscv-none-embed/8.2.0/rv32imafc/ilp32f\libgcc.a(_clzsi2.o)
 .debug_frame   0x0000000000002ce8       0x20 c:/mounriver/mounriver_studio/toolchain/risc-v embedded gcc/bin/../lib/gcc/riscv-none-embed/8.2.0/../../../../riscv-none-embed/lib/rv32imafc/ilp32f\libg_nano.a(lib_a-errno.o)