Archive member included to satisfy reference by file (symbol)

c:/mounriver/mounriver_studio/toolchain/risc-v embedded gcc/bin/../lib/gcc/riscv-none-embed/8.2.0/../../../../riscv-none-embed/lib/rv32imacxw/ilp32\libm.a(lib_a-wf_asin.o)
                              ./General_Files/eMPL/inv_mpu.o (asinf)
c:/mounriver/mounriver_studio/toolchain/risc-v embedded gcc/bin/../lib/gcc/riscv-none-embed/8.2.0/../../../../riscv-none-embed/lib/rv32imacxw/ilp32\libm.a(lib_a-wf_atan2.o)
                              ./General_Files/eMPL/inv_mpu.o (atan2f)
c:/mounriver/mounriver_studio/toolchain/risc-v embedded gcc/bin/../lib/gcc/riscv-none-embed/8.2.0/../../../../riscv-none-embed/lib/rv32imacxw/ilp32\libm.a(lib_a-ef_asin.o)
                              c:/mounriver/mounriver_studio/toolchain/risc-v embedded gcc/bin/../lib/gcc/riscv-none-embed/8.2.0/../../../../riscv-none-embed/lib/rv32imacxw/ilp32\libm.a(lib_a-wf_asin.o) (__ieee754_asinf)
c:/mounriver/mounriver_studio/toolchain/risc-v embedded gcc/bin/../lib/gcc/riscv-none-embed/8.2.0/../../../../riscv-none-embed/lib/rv32imacxw/ilp32\libm.a(lib_a-ef_atan2.o)
                              c:/mounriver/mounriver_studio/toolchain/risc-v embedded gcc/bin/../lib/gcc/riscv-none-embed/8.2.0/../../../../riscv-none-embed/lib/rv32imacxw/ilp32\libm.a(lib_a-wf_atan2.o) (__ieee754_atan2f)
c:/mounriver/mounriver_studio/toolchain/risc-v embedded gcc/bin/../lib/gcc/riscv-none-embed/8.2.0/../../../../riscv-none-embed/lib/rv32imacxw/ilp32\libm.a(lib_a-ef_sqrt.o)
                              c:/mounriver/mounriver_studio/toolchain/risc-v embedded gcc/bin/../lib/gcc/riscv-none-embed/8.2.0/../../../../riscv-none-embed/lib/rv32imacxw/ilp32\libm.a(lib_a-ef_asin.o) (__ieee754_sqrtf)
c:/mounriver/mounriver_studio/toolchain/risc-v embedded gcc/bin/../lib/gcc/riscv-none-embed/8.2.0/../../../../riscv-none-embed/lib/rv32imacxw/ilp32\libm.a(lib_a-s_lib_ver.o)
                              c:/mounriver/mounriver_studio/toolchain/risc-v embedded gcc/bin/../lib/gcc/riscv-none-embed/8.2.0/../../../../riscv-none-embed/lib/rv32imacxw/ilp32\libm.a(lib_a-wf_asin.o) (__fdlib_version)
c:/mounriver/mounriver_studio/toolchain/risc-v embedded gcc/bin/../lib/gcc/riscv-none-embed/8.2.0/../../../../riscv-none-embed/lib/rv32imacxw/ilp32\libm.a(lib_a-s_matherr.o)
                              c:/mounriver/mounriver_studio/toolchain/risc-v embedded gcc/bin/../lib/gcc/riscv-none-embed/8.2.0/../../../../riscv-none-embed/lib/rv32imacxw/ilp32\libm.a(lib_a-wf_asin.o) (matherr)
c:/mounriver/mounriver_studio/toolchain/risc-v embedded gcc/bin/../lib/gcc/riscv-none-embed/8.2.0/../../../../riscv-none-embed/lib/rv32imacxw/ilp32\libm.a(lib_a-s_nan.o)
                              c:/mounriver/mounriver_studio/toolchain/risc-v embedded gcc/bin/../lib/gcc/riscv-none-embed/8.2.0/../../../../riscv-none-embed/lib/rv32imacxw/ilp32\libm.a(lib_a-wf_asin.o) (nan)
c:/mounriver/mounriver_studio/toolchain/risc-v embedded gcc/bin/../lib/gcc/riscv-none-embed/8.2.0/../../../../riscv-none-embed/lib/rv32imacxw/ilp32\libm.a(lib_a-sf_atan.o)
                              c:/mounriver/mounriver_studio/toolchain/risc-v embedded gcc/bin/../lib/gcc/riscv-none-embed/8.2.0/../../../../riscv-none-embed/lib/rv32imacxw/ilp32\libm.a(lib_a-ef_atan2.o) (atanf)
c:/mounriver/mounriver_studio/toolchain/risc-v embedded gcc/bin/../lib/gcc/riscv-none-embed/8.2.0/../../../../riscv-none-embed/lib/rv32imacxw/ilp32\libm.a(lib_a-sf_fabs.o)
                              c:/mounriver/mounriver_studio/toolchain/risc-v embedded gcc/bin/../lib/gcc/riscv-none-embed/8.2.0/../../../../riscv-none-embed/lib/rv32imacxw/ilp32\libm.a(lib_a-wf_asin.o) (fabsf)
c:/mounriver/mounriver_studio/toolchain/risc-v embedded gcc/bin/../lib/gcc/riscv-none-embed/8.2.0/rv32imacxw/ilp32\libgcc.a(_divdi3.o)
                              ./General_Files/eMPL/inv_mpu.o (__divdi3)
c:/mounriver/mounriver_studio/toolchain/risc-v embedded gcc/bin/../lib/gcc/riscv-none-embed/8.2.0/rv32imacxw/ilp32\libgcc.a(adddf3.o)
                              ./General_Files/drivers/BMP280.o (__adddf3)
c:/mounriver/mounriver_studio/toolchain/risc-v embedded gcc/bin/../lib/gcc/riscv-none-embed/8.2.0/rv32imacxw/ilp32\libgcc.a(divdf3.o)
                              ./General_Files/drivers/BMP280.o (__divdf3)
c:/mounriver/mounriver_studio/toolchain/risc-v embedded gcc/bin/../lib/gcc/riscv-none-embed/8.2.0/rv32imacxw/ilp32\libgcc.a(eqdf2.o)
                              ./General_Files/drivers/BMP280.o (__eqdf2)
c:/mounriver/mounriver_studio/toolchain/risc-v embedded gcc/bin/../lib/gcc/riscv-none-embed/8.2.0/rv32imacxw/ilp32\libgcc.a(muldf3.o)
                              ./General_Files/eMPL/inv_mpu.o (__muldf3)
c:/mounriver/mounriver_studio/toolchain/risc-v embedded gcc/bin/../lib/gcc/riscv-none-embed/8.2.0/rv32imacxw/ilp32\libgcc.a(subdf3.o)
                              ./General_Files/drivers/BMP280.o (__subdf3)
[...]
Memory Configuration

Name             Origin             Length             Attributes
FLASH            0x0000000000000000 0x0000000000020000 xr
RAM              0x0000000020000000 0x0000000000008000 xrw
*default*        0x0000000000000000 0xffffffffffffffff

Linker script and memory map

LOAD ./User/RTOS_tasks.o
LOAD ./User/ch32v30x_it.o
LOAD ./User/main.o
LOAD ./User/system_ch32v30x.o
LOAD ./Startup/startup_ch32v30x_D8C.o
LOAD ./Peripheral/src/ch32v30x_adc.o
LOAD ./Peripheral/src/ch32v30x_bkp.o
LOAD ./Peripheral/src/ch32v30x_can.o
LOAD ./Peripheral/src/ch32v30x_crc.o
LOAD ./Peripheral/src/ch32v30x_dac.o
LOAD ./Peripheral/src/ch32v30x_dbgmcu.o
LOAD ./Peripheral/src/ch32v30x_dma.o
LOAD ./Peripheral/src/ch32v30x_dvp.o
LOAD ./Peripheral/src/ch32v30x_eth.o
LOAD ./Peripheral/src/ch32v30x_exti.o
LOAD ./Peripheral/src/ch32v30x_flash.o
LOAD ./Peripheral/src/ch32v30x_fsmc.o
LOAD ./Peripheral/src/ch32v30x_gpio.o
LOAD ./Peripheral/src/ch32v30x_i2c.o
LOAD ./Peripheral/src/ch32v30x_iwdg.o
LOAD ./Peripheral/src/ch32v30x_misc.o
LOAD ./Peripheral/src/ch32v30x_opa.o
LOAD ./Peripheral/src/ch32v30x_pwr.o
LOAD ./Peripheral/src/ch32v30x_rcc.o
LOAD ./Peripheral/src/ch32v30x_rng.o
LOAD ./Peripheral/src/ch32v30x_rtc.o
LOAD ./Peripheral/src/ch32v30x_sdio.o
LOAD ./Peripheral/src/ch32v30x_spi.o
LOAD ./Peripheral/src/ch32v30x_tim.o
LOAD ./Peripheral/src/ch32v30x_usart.o
LOAD ./Peripheral/src/ch32v30x_wwdg.o
LOAD ./General_Files/eMPL/inv_mpu.o
LOAD ./General_Files/eMPL/inv_mpu_dmp_motion_driver.o
LOAD ./General_Files/drivers/BMP280.o
LOAD ./General_Files/drivers/MPU6050.o
LOAD ./General_Files/drivers/MyI2C.o
LOAD ./General_Files/drivers/ST7789.o
LOAD ./General_Files/drivers/adc.o
LOAD ./General_Files/drivers/bsp_filter.o
LOAD ./General_Files/drivers/gpio.o
LOAD ./General_Files/drivers/mtf01.o
LOAD ./General_Files/drivers/pwm.o
LOAD ./General_Files/drivers/tim.o
LOAD ./General_Files/drivers/uart.o
LOAD ./General_Files/apps/src/CRC.o
LOAD ./General_Files/apps/src/CRSF.o
LOAD ./General_Files/apps/src/control.o
LOAD ./General_Files/apps/src/pid.o
LOAD ./General_Files/system.o
LOAD ./FreeRTOS/portable/MemMang/heap_4.o
LOAD ./FreeRTOS/portable/GCC/RISC-V/port.o
LOAD ./FreeRTOS/portable/GCC/RISC-V/portASM.o
LOAD ./FreeRTOS/croutine.o
LOAD ./FreeRTOS/event_groups.o
LOAD ./FreeRTOS/list.o
LOAD ./FreeRTOS/queue.o
LOAD ./FreeRTOS/stream_buffer.o
LOAD ./FreeRTOS/tasks.o
LOAD ./FreeRTOS/timers.o
LOAD ./Debug/debug.o
LOAD ./Core/core_riscv.o
LOAD c:/mounriver/mounriver_studio/toolchain/risc-v embedded gcc/bin/../lib/gcc/riscv-none-embed/8.2.0/../../../../riscv-none-embed/lib/rv32imacxw/ilp32\libm.a
LOAD c:/mounriver/mounriver_studio/toolchain/risc-v embedded gcc/bin/../lib/gcc/riscv-none-embed/8.2.0/rv32imacxw/ilp32\libgcc.a
LOAD c:/mounriver/mounriver_studio/toolchain/risc-v embedded gcc/bin/../lib/gcc/riscv-none-embed/8.2.0/../../../../riscv-none-embed/lib/rv32imacxw/ilp32\libg_nano.a
LOAD c:/mounriver/mounriver_studio/toolchain/risc-v embedded gcc/bin/../lib/gcc/riscv-none-embed/8.2.0/../../../../riscv-none-embed/lib/rv32imacxw/ilp32\libc_nano.a
LOAD c:/mounriver/mounriver_studio/toolchain/risc-v embedded gcc/bin/../lib/gcc/riscv-none-embed/8.2.0/rv32imacxw/ilp32\libgcc.a
START GROUP
LOAD c:/mounriver/mounriver_studio/toolchain/risc-v embedded gcc/bin/../lib/gcc/riscv-none-embed/8.2.0/rv32imacxw/ilp32\libgcc.a
LOAD c:/mounriver/mounriver_studio/toolchain/risc-v embedded gcc/bin/../lib/gcc/riscv-none-embed/8.2.0/../../../../riscv-none-embed/lib/rv32imacxw/ilp32\libc_nano.a
LOAD c:/mounriver/mounriver_studio/toolchain/risc-v embedded gcc/bin/../lib/gcc/riscv-none-embed/8.2.0/../../../../riscv-none-embed/lib/rv32imacxw/ilp32\libnosys.a
END GROUP
START GROUP
LOAD c:/mounriver/mounriver_studio/toolchain/risc-v embedded gcc/bin/../lib/gcc/riscv-none-embed/8.2.0/rv32imacxw/ilp32\libgcc.a
LOAD c:/mounriver/mounriver_studio/toolchain/risc-v embedded gcc/bin/../lib/gcc/riscv-none-embed/8.2.0/../../../../riscv-none-embed/lib/rv32imacxw/ilp32\libc_nano.a
LOAD c:/mounriver/mounriver_studio/toolchain/risc-v embedded gcc/bin/../lib/gcc/riscv-none-embed/8.2.0/../../../../riscv-none-embed/lib/rv32imacxw/ilp32\libnosys.a
END GROUP
                0x0000000000000800                __stack_size = 0x800
                [!provide]                        PROVIDE (_stack_size = __stack_size)

.init           0x0000000000000000        0x4
                0x0000000000000000                _sinit = .
                0x0000000000000000                . = ALIGN (0x4)
 *(SORT_NONE(.init))
 .init          0x0000000000000000        0x4 ./Startup/startup_ch32v30x_D8C.o
                0x0000000000000000                _start
                0x0000000000000004                . = ALIGN (0x4)
                0x0000000000000004                _einit = .

.vector         0x0000000000000004      0x1bc
 *(.vector)
 .vector        0x0000000000000004      0x1a0 ./Startup/startup_ch32v30x_D8C.o
                0x00000000000001c0                . = ALIGN (0x40)
 *fill*         0x00000000000001a4       0x1c 

.text           0x0000000000000200     0x791c
                0x0000000000000200                . = ALIGN (0x4)
 *(.text)
 .text          0x0000000000000200      0x2e6 ./FreeRTOS/portable/GCC/RISC-V/portASM.o
                0x0000000000000200                SW_Handler
                0x0000000000000300                xPortStartFirstTask
                0x0000000000000400                pxPortInitialiseStack
 .text          0x00000000000004e6       0x60 c:/mounriver/mounriver_studio/toolchain/risc-v embedded gcc/bin/../lib/gcc/riscv-none-embed/8.2.0/rv32imacxw/ilp32\libgcc.a(save-restore.o)
                0x00000000000004e6                __riscv_save_12
                0x00000000000004ee                __riscv_save_9
                0x00000000000004ee                __riscv_save_11
                0x00000000000004ee                __riscv_save_10
                0x00000000000004ee                __riscv_save_8
                0x00000000000004fc                __riscv_save_4
                0x00000000000004fc                __riscv_save_6
                0x00000000000004fc                __riscv_save_5
                0x00000000000004fc                __riscv_save_7
                0x0000000000000516                __riscv_save_3
                0x0000000000000516                __riscv_save_2
                0x0000000000000516                __riscv_save_1
                0x0000000000000516                __riscv_save_0
                0x0000000000000522                __riscv_restore_12
                0x0000000000000526                __riscv_restore_11
                0x0000000000000526                __riscv_restore_9
                0x0000000000000526                __riscv_restore_10
                0x0000000000000526                __riscv_restore_8
                0x0000000000000530                __riscv_restore_5
                0x0000000000000530                __riscv_restore_7
                0x0000000000000530                __riscv_restore_6
                0x0000000000000530                __riscv_restore_4
                0x000000000000053a                __riscv_restore_3
                0x000000000000053a                __riscv_restore_0
                0x000000000000053a                __riscv_restore_2
                0x000000000000053a                __riscv_restore_1
 .text          0x0000000000000546       0xa8 c:/mounriver/mounriver_studio/toolchain/risc-v embedded gcc/bin/../lib/gcc/riscv-none-embed/8.2.0/../../../../riscv-none-embed/lib/rv32imacxw/ilp32\libg_nano.a(lib_a-memset.o)
                0x0000000000000546                memset
 *(.text.*)
 .text.test_task
                0x00000000000005ee       0x3a ./User/RTOS_tasks.o
                0x00000000000005ee                test_task
 .text.RTOS_init
                0x0000000000000628       0x4e ./User/RTOS_tasks.o
                0x0000000000000628                RTOS_init
 .text.NMI_Handler
                0x0000000000000676        0x4 ./User/ch32v30x_it.o
                0x0000000000000676                NMI_Handler
 .text.HardFault_Handler
                0x000000000000067a        0x2 ./User/ch32v30x_it.o
                0x000000000000067a                HardFault_Handler
 .text.GPIO_Toggle_INIT
                0x000000000000067c       0x2e ./User/main.o
                0x000000000000067c                GPIO_Toggle_INIT
 .text.startup.main
                0x00000000000006aa       0x62 ./User/main.o
                0x00000000000006aa                main
 .text.SystemInit
                0x000000000000070c       0xfa ./User/system_ch32v30x.o
                0x000000000000070c                SystemInit
 .text.SystemCoreClockUpdate
                0x0000000000000806      0x12e ./User/system_ch32v30x.o
                0x0000000000000806                SystemCoreClockUpdate
 .text.vector_handler
                0x0000000000000934        0x2 ./Startup/startup_ch32v30x_D8C.o
                0x0000000000000934                EXTI2_IRQHandler
                0x0000000000000934                TIM8_TRG_COM_IRQHandler
                0x0000000000000934                TIM8_CC_IRQHandler
                0x0000000000000934                UART8_IRQHandler
                0x0000000000000934                TIM1_CC_IRQHandler
                0x0000000000000934                TIM6_IRQHandler
                0x0000000000000934                PVD_IRQHandler
                0x0000000000000934                SDIO_IRQHandler
                0x0000000000000934                TIM9_BRK_IRQHandler
                0x0000000000000934                DMA2_Channel8_IRQHandler
                0x0000000000000934                CAN2_RX1_IRQHandler
                0x0000000000000934                EXTI3_IRQHandler
                0x0000000000000934                USBHS_IRQHandler
                0x0000000000000934                DMA2_Channel9_IRQHandler
                0x0000000000000934                TIM10_CC_IRQHandler
                0x0000000000000934                USBFS_IRQHandler
                0x0000000000000934                EXTI0_IRQHandler
                0x0000000000000934                I2C2_EV_IRQHandler
                0x0000000000000934                TIM10_TRG_COM_IRQHandler
                0x0000000000000934                CAN2_SCE_IRQHandler
                0x0000000000000934                ADC1_2_IRQHandler
                0x0000000000000934                Break_Point_Handler
                0x0000000000000934                SPI1_IRQHandler
                0x0000000000000934                TAMPER_IRQHandler
                0x0000000000000934                CAN2_RX0_IRQHandler
                0x0000000000000934                TIM8_UP_IRQHandler
                0x0000000000000934                Ecall_M_Mode_Handler
                0x0000000000000934                DMA2_Channel2_IRQHandler
                0x0000000000000934                DMA1_Channel4_IRQHandler
                0x0000000000000934                TIM9_UP_IRQHandler
                0x0000000000000934                USART3_IRQHandler
                0x0000000000000934                RTC_IRQHandler
                0x0000000000000934                DMA1_Channel7_IRQHandler
                0x0000000000000934                CAN1_RX1_IRQHandler
                0x0000000000000934                DVP_IRQHandler
                0x0000000000000934                UART5_IRQHandler
                0x0000000000000934                DMA2_Channel1_IRQHandler
                0x0000000000000934                I2C1_EV_IRQHandler
                0x0000000000000934                DMA1_Channel6_IRQHandler
                0x0000000000000934                UART4_IRQHandler
                0x0000000000000934                DMA2_Channel4_IRQHandler
                0x0000000000000934                RCC_IRQHandler
                0x0000000000000934                TIM1_TRG_COM_IRQHandler
                0x0000000000000934                DMA1_Channel1_IRQHandler
                0x0000000000000934                DMA2_Channel7_IRQHandler
                0x0000000000000934                EXTI15_10_IRQHandler
                0x0000000000000934                TIM7_IRQHandler
                0x0000000000000934                CAN2_TX_IRQHandler
                0x0000000000000934                TIM5_IRQHandler
                0x0000000000000934                EXTI9_5_IRQHandler
                0x0000000000000934                ETH_WKUP_IRQHandler
                0x0000000000000934                SPI2_IRQHandler
                0x0000000000000934                TIM10_BRK_IRQHandler
                0x0000000000000934                TIM9_CC_IRQHandler
                0x0000000000000934                DMA2_Channel5_IRQHandler
                0x0000000000000934                DMA1_Channel5_IRQHandler
                0x0000000000000934                EXTI4_IRQHandler
                0x0000000000000934                USB_LP_CAN1_RX0_IRQHandler
                0x0000000000000934                RNG_IRQHandler
                0x0000000000000934                USB_HP_CAN1_TX_IRQHandler
                0x0000000000000934                DMA1_Channel3_IRQHandler
                0x0000000000000934                ETH_IRQHandler
                0x0000000000000934                TIM1_UP_IRQHandler
                0x0000000000000934                WWDG_IRQHandler
                0x0000000000000934                USBHSWakeup_IRQHandler
                0x0000000000000934                DMA2_Channel11_IRQHandler
                0x0000000000000934                Ecall_U_Mode_Handler
                0x0000000000000934                DMA2_Channel6_IRQHandler
                0x0000000000000934                TIM2_IRQHandler
                0x0000000000000934                TIM1_BRK_IRQHandler
                0x0000000000000934                DMA2_Channel10_IRQHandler
                0x0000000000000934                EXTI1_IRQHandler
                0x0000000000000934                RTCAlarm_IRQHandler
                0x0000000000000934                TIM10_UP_IRQHandler
                0x0000000000000934                TIM9_TRG_COM_IRQHandler
                0x0000000000000934                UART7_IRQHandler
                0x0000000000000934                UART6_IRQHandler
                0x0000000000000934                I2C2_ER_IRQHandler
                0x0000000000000934                DMA1_Channel2_IRQHandler
                0x0000000000000934                TIM8_BRK_IRQHandler
                0x0000000000000934                CAN1_SCE_IRQHandler
                0x0000000000000934                FLASH_IRQHandler
                0x0000000000000934                USART1_IRQHandler
                0x0000000000000934                SPI3_IRQHandler
                0x0000000000000934                I2C1_ER_IRQHandler
                0x0000000000000934                USBWakeUp_IRQHandler
                0x0000000000000934                DMA2_Channel3_IRQHandler
 .text.handle_reset
                0x0000000000000936       0x92 ./Startup/startup_ch32v30x_D8C.o
                0x0000000000000936                handle_reset
 .text.DBGMCU_GetCHIPID
                0x00000000000009c8        0xa ./Peripheral/src/ch32v30x_dbgmcu.o
                0x00000000000009c8                DBGMCU_GetCHIPID
 .text.GPIO_Init
                0x00000000000009d2       0xc0 ./Peripheral/src/ch32v30x_gpio.o
                0x00000000000009d2                GPIO_Init
 .text.GPIO_SetBits
                0x0000000000000a92        0x4 ./Peripheral/src/ch32v30x_gpio.o
                0x0000000000000a92                GPIO_SetBits
 .text.GPIO_ResetBits
                0x0000000000000a96        0x4 ./Peripheral/src/ch32v30x_gpio.o
                0x0000000000000a96                GPIO_ResetBits
 .text.I2C_GenerateSTART
                0x0000000000000a9a       0x1a ./Peripheral/src/ch32v30x_i2c.o
                0x0000000000000a9a                I2C_GenerateSTART
 .text.I2C_GenerateSTOP
                0x0000000000000ab4       0x1a ./Peripheral/src/ch32v30x_i2c.o
                0x0000000000000ab4                I2C_GenerateSTOP
 .text.I2C_AcknowledgeConfig
                0x0000000000000ace       0x1a ./Peripheral/src/ch32v30x_i2c.o
                0x0000000000000ace                I2C_AcknowledgeConfig
 .text.I2C_SendData
                0x0000000000000ae8        0x4 ./Peripheral/src/ch32v30x_i2c.o
                0x0000000000000ae8                I2C_SendData
 .text.I2C_ReceiveData
                0x0000000000000aec        0x8 ./Peripheral/src/ch32v30x_i2c.o
                0x0000000000000aec                I2C_ReceiveData
 .text.I2C_Send7bitAddress
                0x0000000000000af4       0x12 ./Peripheral/src/ch32v30x_i2c.o
                0x0000000000000af4                I2C_Send7bitAddress
 .text.I2C_CheckEvent
                0x0000000000000b06       0x16 ./Peripheral/src/ch32v30x_i2c.o
                0x0000000000000b06                I2C_CheckEvent
 .text.I2C_GetFlagStatus
                0x0000000000000b1c       0x32 ./Peripheral/src/ch32v30x_i2c.o
                0x0000000000000b1c                I2C_GetFlagStatus
 .text.NVIC_PriorityGroupConfig
                0x0000000000000b4e        0xa ./Peripheral/src/ch32v30x_misc.o
                0x0000000000000b4e                NVIC_PriorityGroupConfig
 .text.RCC_GetClocksFreq
                0x0000000000000b58      0x176 ./Peripheral/src/ch32v30x_rcc.o
                0x0000000000000b58                RCC_GetClocksFreq
 .text.RCC_APB2PeriphClockCmd
                0x0000000000000cce       0x1e ./Peripheral/src/ch32v30x_rcc.o
                0x0000000000000cce                RCC_APB2PeriphClockCmd
 .text.TIM_SetCompare1
                0x0000000000000cec        0x4 ./Peripheral/src/ch32v30x_tim.o
                0x0000000000000cec                TIM_SetCompare1
 .text.TIM_SetCompare2
                0x0000000000000cf0        0x4 ./Peripheral/src/ch32v30x_tim.o
                0x0000000000000cf0                TIM_SetCompare2
 .text.TIM_SetCompare3
                0x0000000000000cf4        0x4 ./Peripheral/src/ch32v30x_tim.o
                0x0000000000000cf4                TIM_SetCompare3
 .text.TIM_SetCompare4
                0x0000000000000cf8        0x6 ./Peripheral/src/ch32v30x_tim.o
                0x0000000000000cf8                TIM_SetCompare4
 .text.TIM_GetCapture1
                0x0000000000000cfe        0x4 ./Peripheral/src/ch32v30x_tim.o
                0x0000000000000cfe                TIM_GetCapture1
 .text.TIM_GetCapture2
                0x0000000000000d02        0x4 ./Peripheral/src/ch32v30x_tim.o
                0x0000000000000d02                TIM_GetCapture2
 .text.TIM_GetCapture3
                0x0000000000000d06        0x4 ./Peripheral/src/ch32v30x_tim.o
                0x0000000000000d06                TIM_GetCapture3
 .text.TIM_GetCapture4
                0x0000000000000d0a        0x6 ./Peripheral/src/ch32v30x_tim.o
                0x0000000000000d0a                TIM_GetCapture4
 .text.TIM_ClearFlag
                0x0000000000000d10        0xc ./Peripheral/src/ch32v30x_tim.o
                0x0000000000000d10                TIM_ClearFlag
 .text.USART_Init
                0x0000000000000d1c       0x8e ./Peripheral/src/ch32v30x_usart.o
                0x0000000000000d1c                USART_Init
 .text.USART_Cmd
                0x0000000000000daa       0x16 ./Peripheral/src/ch32v30x_usart.o
                0x0000000000000daa                USART_Cmd
 .text.USART_SendData
                0x0000000000000dc0        0x8 ./Peripheral/src/ch32v30x_usart.o
                0x0000000000000dc0                USART_SendData
 .text.USART_ReceiveData
                0x0000000000000dc8        0x8 ./Peripheral/src/ch32v30x_usart.o
                0x0000000000000dc8                USART_ReceiveData
 .text.USART_GetFlagStatus
                0x0000000000000dd0        0xa ./Peripheral/src/ch32v30x_usart.o
                0x0000000000000dd0                USART_GetFlagStatus
 .text.USART_ClearFlag
                0x0000000000000dda        0xc ./Peripheral/src/ch32v30x_usart.o
                0x0000000000000dda                USART_ClearFlag
 .text.USART_GetITStatus
                0x0000000000000de6       0x3c ./Peripheral/src/ch32v30x_usart.o
                0x0000000000000de6                USART_GetITStatus
 .text.mpu_reset_fifo
                0x0000000000000e22      0x124 ./General_Files/eMPL/inv_mpu.o
                0x0000000000000e22                mpu_reset_fifo
 .text.mpu_read_fifo_stream
                0x0000000000000f46       0x90 ./General_Files/eMPL/inv_mpu.o
                0x0000000000000f46                mpu_read_fifo_stream
 .text.mget_ms  0x0000000000000fd6        0x2 ./General_Files/eMPL/inv_mpu.o
                0x0000000000000fd6                mget_ms
 .text.mpu_dmp_get_data
                0x0000000000000fd8      0x1ba ./General_Files/eMPL/inv_mpu.o
                0x0000000000000fd8                mpu_dmp_get_data
 .text.dmp_read_fifo
                0x0000000000001192      0x1c2 ./General_Files/eMPL/inv_mpu_dmp_motion_driver.o
                0x0000000000001192                dmp_read_fifo
 .text.MPU6050_I2C_Mem_Write
                0x0000000000001354       0xcc ./General_Files/drivers/MPU6050.o
                0x0000000000001354                MPU6050_I2C_Mem_Write
 .text.MPU6050_I2C_Mem_Read
                0x0000000000001420      0x12e ./General_Files/drivers/MPU6050.o
                0x0000000000001420                MPU6050_I2C_Mem_Read
 .text.MPU6050_Get_Data
                0x000000000000154e       0x38 ./General_Files/drivers/MPU6050.o
                0x000000000000154e                MPU6050_Get_Data
 .text.MPU6050_MPU_DMP_GetData
                0x0000000000001586       0x48 ./General_Files/drivers/MPU6050.o
                0x0000000000001586                MPU6050_MPU_DMP_GetData
 .text.FilterSample
                0x00000000000015ce       0x50 ./General_Files/drivers/bsp_filter.o
                0x00000000000015ce                FilterSample
 .text.FilterAverage
                0x000000000000161e       0x26 ./General_Files/drivers/bsp_filter.o
                0x000000000000161e                FilterAverage
 .text.Motor_ctr
                0x0000000000001644       0xbe ./General_Files/drivers/pwm.o
                0x0000000000001644                Motor_ctr
 .text.TIM4_IRQHandler
                0x0000000000001702       0x12 ./General_Files/drivers/tim.o
                0x0000000000001702                TIM4_IRQHandler
 .text.load_filter_data
                0x0000000000001714       0x5e ./General_Files/drivers/tim.o
                0x0000000000001714                load_filter_data
 .text.calc_IMU_filter
                0x0000000000001772       0x50 ./General_Files/drivers/tim.o
                0x0000000000001772                calc_IMU_filter
 .text.TIM3_IRQHandler
                0x00000000000017c2       0xa6 ./General_Files/drivers/tim.o
                0x00000000000017c2                TIM3_IRQHandler
 .text.UART_RxCpltCallback
                0x0000000000001868       0x42 ./General_Files/drivers/uart.o
                0x0000000000001868                UART_RxCpltCallback
 .text.USART2_IRQHandler
                0x00000000000018aa       0x32 ./General_Files/drivers/uart.o
                0x00000000000018aa                USART2_IRQHandler
 .text.print_status
                0x00000000000018dc      0x1a0 ./General_Files/drivers/uart.o
                0x00000000000018dc                print_status
 .text.Calc     0x0000000000001a7c       0x1e ./General_Files/apps/src/CRC.o
                0x0000000000001a7c                Calc
 .text.ShiftRxBuffer
                0x0000000000001a9a       0x38 ./General_Files/apps/src/CRSF.o
                0x0000000000001a9a                ShiftRxBuffer
 .text.PacketChannelsPacked
                0x0000000000001ad2      0x112 ./General_Files/apps/src/CRSF.o
                0x0000000000001ad2                PacketChannelsPacked
 .text.PacketLinkStatistics
                0x0000000000001be4       0x2e ./General_Files/apps/src/CRSF.o
                0x0000000000001be4                PacketLinkStatistics
 .text.ProcessPacketIn
                0x0000000000001c12       0x34 ./General_Files/apps/src/CRSF.o
                0x0000000000001c12                ProcessPacketIn
 .text.HandleByteReceived
                0x0000000000001c46       0x60 ./General_Files/apps/src/CRSF.o
                0x0000000000001c46                HandleByteReceived
 .text.ELRS_Convert_angle
                0x0000000000001ca6       0x40 ./General_Files/apps/src/control.o
                0x0000000000001ca6                ELRS_Convert_angle
 .text.ELRS_Convert_throttle
                0x0000000000001ce6       0x4a ./General_Files/apps/src/control.o
                0x0000000000001ce6                ELRS_Convert_throttle
 .text.ELRS_Convert_lock
                0x0000000000001d30       0x16 ./General_Files/apps/src/control.o
                0x0000000000001d30                ELRS_Convert_lock
 .text.ELRS_Convert_flight_mode
                0x0000000000001d46       0x2c ./General_Files/apps/src/control.o
                0x0000000000001d46                ELRS_Convert_flight_mode
 .text.Roll_outerloop_ctr
                0x0000000000001d72       0x38 ./General_Files/apps/src/control.o
                0x0000000000001d72                Roll_outerloop_ctr
 .text.Roll_innerloop_ctr
                0x0000000000001daa       0x30 ./General_Files/apps/src/control.o
                0x0000000000001daa                Roll_innerloop_ctr
 .text.Yaw_outerloop_ctr
                0x0000000000001dda       0x3c ./General_Files/apps/src/control.o
                0x0000000000001dda                Yaw_outerloop_ctr
 .text.Yaw_innerloop_ctr
                0x0000000000001e16       0x34 ./General_Files/apps/src/control.o
                0x0000000000001e16                Yaw_innerloop_ctr
 .text.Pitch_outerloop_ctr
                0x0000000000001e4a       0x38 ./General_Files/apps/src/control.o
                0x0000000000001e4a                Pitch_outerloop_ctr
 .text.Pitch_innerloop_ctr
                0x0000000000001e82       0x30 ./General_Files/apps/src/control.o
                0x0000000000001e82                Pitch_innerloop_ctr
 .text.Check_control_mode
                0x0000000000001eb2       0x20 ./General_Files/apps/src/control.o
                0x0000000000001eb2                Check_control_mode
 .text.Update_ELRS
                0x0000000000001ed2       0x44 ./General_Files/apps/src/control.o
                0x0000000000001ed2                Update_ELRS
 .text.Flight_control
                0x0000000000001f16      0x1a6 ./General_Files/apps/src/control.o
                0x0000000000001f16                Flight_control
 .text.Stop_motor
                0x00000000000020bc       0x30 ./General_Files/apps/src/control.o
                0x00000000000020bc                Stop_motor
 .text.pid_reset
                0x00000000000020ec       0x1c ./General_Files/apps/src/pid.o
                0x00000000000020ec                pid_reset
 .text.pid_init
                0x0000000000002108       0x1a ./General_Files/apps/src/pid.o
                0x0000000000002108                pid_init
 .text.pid_clc  0x0000000000002122       0x1e ./General_Files/apps/src/pid.o
                0x0000000000002122                pid_clc
 .text.pid_calc
                0x0000000000002140       0xe4 ./General_Files/apps/src/pid.o
                0x0000000000002140                pid_calc
 .text.prvInsertBlockIntoFreeList
                0x0000000000002224       0x4c ./FreeRTOS/portable/MemMang/heap_4.o
 .text.pvPortMalloc
                0x0000000000002270      0x18a ./FreeRTOS/portable/MemMang/heap_4.o
                0x0000000000002270                pvPortMalloc
 .text.vPortFree
                0x00000000000023fa       0xa8 ./FreeRTOS/portable/MemMang/heap_4.o
                0x00000000000023fa                vPortFree
 .text.vPortSetupTimerInterrupt
                0x00000000000024a2       0x3e ./FreeRTOS/portable/GCC/RISC-V/port.o
                0x00000000000024a2                vPortSetupTimerInterrupt
 .text.xPortStartScheduler
                0x00000000000024e0       0x8e ./FreeRTOS/portable/GCC/RISC-V/port.o
                0x00000000000024e0                xPortStartScheduler
 .text.SysTick_Handler
                0x000000000000256e       0x38 ./FreeRTOS/portable/GCC/RISC-V/port.o
                0x000000000000256e                SysTick_Handler
 .text.vPortEnterCritical
                0x00000000000025a6       0x16 ./FreeRTOS/portable/GCC/RISC-V/port.o
                0x00000000000025a6                vPortEnterCritical
 .text.vPortExitCritical
                0x00000000000025bc       0x42 ./FreeRTOS/portable/GCC/RISC-V/port.o
                0x00000000000025bc                vPortExitCritical
 .text.vListInitialise
                0x00000000000025fe       0x14 ./FreeRTOS/list.o
                0x00000000000025fe                vListInitialise
 .text.vListInitialiseItem
                0x0000000000002612        0x6 ./FreeRTOS/list.o
                0x0000000000002612                vListInitialiseItem
 .text.vListInsert
                0x0000000000002618       0x2e ./FreeRTOS/list.o
                0x0000000000002618                vListInsert
 .text.uxListRemove
                0x0000000000002646       0x20 ./FreeRTOS/list.o
                0x0000000000002646                uxListRemove
 .text.prvIsQueueEmpty
                0x0000000000002666       0x1a ./FreeRTOS/queue.o
 .text.prvCopyDataFromQueue
                0x0000000000002680       0x28 ./FreeRTOS/queue.o
 .text.prvUnlockQueue
                0x00000000000026a8       0x76 ./FreeRTOS/queue.o
 .text.xQueueGenericReset
                0x000000000000271e       0xc4 ./FreeRTOS/queue.o
                0x000000000000271e                xQueueGenericReset
 .text.xQueueGenericCreate
                0x00000000000027e2       0x6e ./FreeRTOS/queue.o
                0x00000000000027e2                xQueueGenericCreate
 .text.xQueueReceive
                0x0000000000002850      0x15e ./FreeRTOS/queue.o
                0x0000000000002850                xQueueReceive
 .text.vQueueAddToRegistry
                0x00000000000029ae       0x6c ./FreeRTOS/queue.o
                0x00000000000029ae                vQueueAddToRegistry
 .text.vQueueWaitForMessageRestricted
                0x0000000000002a1a       0x5c ./FreeRTOS/queue.o
                0x0000000000002a1a                vQueueWaitForMessageRestricted
 .text.prvResetNextTaskUnblockTime
                0x0000000000002a76       0x24 ./FreeRTOS/tasks.o
 .text.prvAddCurrentTaskToDelayedList
                0x0000000000002a9a       0xa6 ./FreeRTOS/tasks.o
 .text.prvIdleTask
                0x0000000000002b40       0x52 ./FreeRTOS/tasks.o
 .text.xTaskCreate
                0x0000000000002b92      0x204 ./FreeRTOS/tasks.o
                0x0000000000002b92                xTaskCreate
 .text.vTaskStartScheduler
                0x0000000000002d96       0x92 ./FreeRTOS/tasks.o
                0x0000000000002d96                vTaskStartScheduler
 .text.vTaskSuspendAll
                0x0000000000002e28       0x10 ./FreeRTOS/tasks.o
                0x0000000000002e28                vTaskSuspendAll
 .text.xTaskGetTickCount
                0x0000000000002e38        0xa ./FreeRTOS/tasks.o
                0x0000000000002e38                xTaskGetTickCount
 .text.xTaskIncrementTick
                0x0000000000002e42      0x1ac ./FreeRTOS/tasks.o
                0x0000000000002e42                xTaskIncrementTick
 .text.xTaskResumeAll
                0x0000000000002fee      0x168 ./FreeRTOS/tasks.o
                0x0000000000002fee                xTaskResumeAll
 .text.vTaskDelay
                0x0000000000003156       0x66 ./FreeRTOS/tasks.o
                0x0000000000003156                vTaskDelay
 .text.vTaskSwitchContext
                0x00000000000031bc       0x9a ./FreeRTOS/tasks.o
                0x00000000000031bc                vTaskSwitchContext
 .text.vTaskPlaceOnEventList
                0x0000000000003256       0x48 ./FreeRTOS/tasks.o
                0x0000000000003256                vTaskPlaceOnEventList
 .text.vTaskPlaceOnEventListRestricted
                0x000000000000329e       0x76 ./FreeRTOS/tasks.o
                0x000000000000329e                vTaskPlaceOnEventListRestricted
 .text.xTaskRemoveFromEventList
                0x0000000000003314       0xec ./FreeRTOS/tasks.o
                0x0000000000003314                xTaskRemoveFromEventList
 .text.vTaskInternalSetTimeOutState
                0x0000000000003400       0x16 ./FreeRTOS/tasks.o
                0x0000000000003400                vTaskInternalSetTimeOutState
 .text.xTaskCheckForTimeOut
                0x0000000000003416       0xca ./FreeRTOS/tasks.o
                0x0000000000003416                xTaskCheckForTimeOut
 .text.vTaskMissedYield
                0x00000000000034e0        0xc ./FreeRTOS/tasks.o
                0x00000000000034e0                vTaskMissedYield
 .text.xTaskGetSchedulerState
                0x00000000000034ec       0x1c ./FreeRTOS/tasks.o
                0x00000000000034ec                xTaskGetSchedulerState
 .text.prvCheckForValidListAndQueue
                0x0000000000003508       0x66 ./FreeRTOS/timers.o
 .text.prvInsertTimerInActiveList
                0x000000000000356e       0x46 ./FreeRTOS/timers.o
 .text.prvReloadTimer
                0x00000000000035b4       0x2a ./FreeRTOS/timers.o
 .text.prvProcessExpiredTimer
                0x00000000000035de       0x46 ./FreeRTOS/timers.o
 .text.prvSwitchTimerLists
                0x0000000000003624       0x30 ./FreeRTOS/timers.o
 .text.prvTimerTask
                0x0000000000003654      0x198 ./FreeRTOS/timers.o
 .text.xTimerCreateTimerTask
                0x00000000000037ec       0x60 ./FreeRTOS/timers.o
                0x00000000000037ec                xTimerCreateTimerTask
 .text.Delay_Init
                0x000000000000384c       0x32 ./Debug/debug.o
                0x000000000000384c                Delay_Init
 .text.Delay_Ms
                0x000000000000387e       0x3a ./Debug/debug.o
                0x000000000000387e                Delay_Ms
 .text.USART_Printf_Init
                0x00000000000038b8       0x5a ./Debug/debug.o
                0x00000000000038b8                USART_Printf_Init
 .text._write   0x0000000000003912       0x3e ./Debug/debug.o
                0x0000000000003912                _write
 .text._sbrk    0x0000000000003950       0x2a ./Debug/debug.o
                0x0000000000003950                _sbrk
 .text.asinf    0x000000000000397a       0xbe c:/mounriver/mounriver_studio/toolchain/risc-v embedded gcc/bin/../lib/gcc/riscv-none-embed/8.2.0/../../../../riscv-none-embed/lib/rv32imacxw/ilp32\libm.a(lib_a-wf_asin.o)
                0x000000000000397a                asinf
 .text.atan2f   0x0000000000003a38        0x2 c:/mounriver/mounriver_studio/toolchain/risc-v embedded gcc/bin/../lib/gcc/riscv-none-embed/8.2.0/../../../../riscv-none-embed/lib/rv32imacxw/ilp32\libm.a(lib_a-wf_atan2.o)
                0x0000000000003a38                atan2f
 .text.__ieee754_asinf
                0x0000000000003a3a      0x370 c:/mounriver/mounriver_studio/toolchain/risc-v embedded gcc/bin/../lib/gcc/riscv-none-embed/8.2.0/../../../../riscv-none-embed/lib/rv32imacxw/ilp32\libm.a(lib_a-ef_asin.o)
                0x0000000000003a3a                __ieee754_asinf
 .text.__ieee754_atan2f
                0x0000000000003daa      0x192 c:/mounriver/mounriver_studio/toolchain/risc-v embedded gcc/bin/../lib/gcc/riscv-none-embed/8.2.0/../../../../riscv-none-embed/lib/rv32imacxw/ilp32\libm.a(lib_a-ef_atan2.o)
                0x0000000000003daa                __ieee754_atan2f
 .text.__ieee754_sqrtf
                0x0000000000003f3c       0xdc c:/mounriver/mounriver_studio/toolchain/risc-v embedded gcc/bin/../lib/gcc/riscv-none-embed/8.2.0/../../../../riscv-none-embed/lib/rv32imacxw/ilp32\libm.a(lib_a-ef_sqrt.o)
                0x0000000000003f3c                __ieee754_sqrtf
 .text.matherr  0x0000000000004018        0x4 c:/mounriver/mounriver_studio/toolchain/risc-v embedded gcc/bin/../lib/gcc/riscv-none-embed/8.2.0/../../../../riscv-none-embed/lib/rv32imacxw/ilp32\libm.a(lib_a-s_matherr.o)
                0x0000000000004018                matherr
 .text.nan      0x000000000000401c        0xe c:/mounriver/mounriver_studio/toolchain/risc-v embedded gcc/bin/../lib/gcc/riscv-none-embed/8.2.0/../../../../riscv-none-embed/lib/rv32imacxw/ilp32\libm.a(lib_a-s_nan.o)
                0x000000000000401c                nan
 .text.atanf    0x000000000000402a      0x288 c:/mounriver/mounriver_studio/toolchain/risc-v embedded gcc/bin/../lib/gcc/riscv-none-embed/8.2.0/../../../../riscv-none-embed/lib/rv32imacxw/ilp32\libm.a(lib_a-sf_atan.o)
                0x000000000000402a                atanf
 .text.fabsf    0x00000000000042b2        0x6 c:/mounriver/mounriver_studio/toolchain/risc-v embedded gcc/bin/../lib/gcc/riscv-none-embed/8.2.0/../../../../riscv-none-embed/lib/rv32imacxw/ilp32\libm.a(lib_a-sf_fabs.o)
                0x00000000000042b2                fabsf
 .text.__adddf3
                0x00000000000042b8      0x730 c:/mounriver/mounriver_studio/toolchain/risc-v embedded gcc/bin/../lib/gcc/riscv-none-embed/8.2.0/rv32imacxw/ilp32\libgcc.a(adddf3.o)
                0x00000000000042b8                __adddf3
 .text.__muldf3
                0x00000000000049e8      0x4b8 c:/mounriver/mounriver_studio/toolchain/risc-v embedded gcc/bin/../lib/gcc/riscv-none-embed/8.2.0/rv32imacxw/ilp32\libgcc.a(muldf3.o)
                0x00000000000049e8                __muldf3
 .text.__fixunsdfsi
                0x0000000000004ea0       0x5c c:/mounriver/mounriver_studio/toolchain/risc-v embedded gcc/bin/../lib/gcc/riscv-none-embed/8.2.0/rv32imacxw/ilp32\libgcc.a(fixunsdfsi.o)
                0x0000000000004ea0                __fixunsdfsi
 .text.__floatsidf
                0x0000000000004efc       0x72 c:/mounriver/mounriver_studio/toolchain/risc-v embedded gcc/bin/../lib/gcc/riscv-none-embed/8.2.0/rv32imacxw/ilp32\libgcc.a(floatsidf.o)
                0x0000000000004efc                __floatsidf
 .text.__addsf3
                0x0000000000004f6e      0x36a c:/mounriver/mounriver_studio/toolchain/risc-v embedded gcc/bin/../lib/gcc/riscv-none-embed/8.2.0/rv32imacxw/ilp32\libgcc.a(addsf3.o)
                0x0000000000004f6e                __addsf3
 .text.__divsf3
                0x00000000000052d8      0x2b2 c:/mounriver/mounriver_studio/toolchain/risc-v embedded gcc/bin/../lib/gcc/riscv-none-embed/8.2.0/rv32imacxw/ilp32\libgcc.a(divsf3.o)
                0x00000000000052d8                __divsf3
 .text.__eqsf2  0x000000000000558a       0x5c c:/mounriver/mounriver_studio/toolchain/risc-v embedded gcc/bin/../lib/gcc/riscv-none-embed/8.2.0/rv32imacxw/ilp32\libgcc.a(eqsf2.o)
                0x000000000000558a                __eqsf2
                0x000000000000558a                __nesf2
 .text.__gesf2  0x00000000000055e6       0x86 c:/mounriver/mounriver_studio/toolchain/risc-v embedded gcc/bin/../lib/gcc/riscv-none-embed/8.2.0/rv32imacxw/ilp32\libgcc.a(gesf2.o)
                0x00000000000055e6                __gesf2
                0x00000000000055e6                __gtsf2
 .text.__lesf2  0x000000000000566c       0x8c c:/mounriver/mounriver_studio/toolchain/risc-v embedded gcc/bin/../lib/gcc/riscv-none-embed/8.2.0/rv32imacxw/ilp32\libgcc.a(lesf2.o)
                0x000000000000566c                __ltsf2
                0x000000000000566c                __lesf2
 .text.__mulsf3
                0x00000000000056f8      0x294 c:/mounriver/mounriver_studio/toolchain/risc-v embedded gcc/bin/../lib/gcc/riscv-none-embed/8.2.0/rv32imacxw/ilp32\libgcc.a(mulsf3.o)
                0x00000000000056f8                __mulsf3
 .text.__subsf3
                0x000000000000598c      0x388 c:/mounriver/mounriver_studio/toolchain/risc-v embedded gcc/bin/../lib/gcc/riscv-none-embed/8.2.0/rv32imacxw/ilp32\libgcc.a(subsf3.o)
                0x000000000000598c                __subsf3
 .text.__unordsf2
                0x0000000000005d14       0x3c c:/mounriver/mounriver_studio/toolchain/risc-v embedded gcc/bin/../lib/gcc/riscv-none-embed/8.2.0/rv32imacxw/ilp32\libgcc.a(unordsf2.o)
                0x0000000000005d14                __unordsf2
 .text.__fixsfsi
                0x0000000000005d50       0x62 c:/mounriver/mounriver_studio/toolchain/risc-v embedded gcc/bin/../lib/gcc/riscv-none-embed/8.2.0/rv32imacxw/ilp32\libgcc.a(fixsfsi.o)
                0x0000000000005d50                __fixsfsi
 .text.__fixunssfsi
                0x0000000000005db2       0x56 c:/mounriver/mounriver_studio/toolchain/risc-v embedded gcc/bin/../lib/gcc/riscv-none-embed/8.2.0/rv32imacxw/ilp32\libgcc.a(fixunssfsi.o)
                0x0000000000005db2                __fixunssfsi
 .text.__floatsisf
                0x0000000000005e08       0xc6 c:/mounriver/mounriver_studio/toolchain/risc-v embedded gcc/bin/../lib/gcc/riscv-none-embed/8.2.0/rv32imacxw/ilp32\libgcc.a(floatsisf.o)
                0x0000000000005e08                __floatsisf
 .text.__extendsfdf2
                0x0000000000005ece       0xac c:/mounriver/mounriver_studio/toolchain/risc-v embedded gcc/bin/../lib/gcc/riscv-none-embed/8.2.0/rv32imacxw/ilp32\libgcc.a(extendsfdf2.o)
                0x0000000000005ece                __extendsfdf2
 .text.__truncdfsf2
                0x0000000000005f7a      0x16a c:/mounriver/mounriver_studio/toolchain/risc-v embedded gcc/bin/../lib/gcc/riscv-none-embed/8.2.0/rv32imacxw/ilp32\libgcc.a(truncdfsf2.o)
                0x0000000000005f7a                __truncdfsf2
 .text.__clzsi2
                0x00000000000060e4       0x6e c:/mounriver/mounriver_studio/toolchain/risc-v embedded gcc/bin/../lib/gcc/riscv-none-embed/8.2.0/rv32imacxw/ilp32\libgcc.a(_clzsi2.o)
                0x00000000000060e4                __clzsi2
 .text.__errno  0x0000000000006152        0x8 c:/mounriver/mounriver_studio/toolchain/risc-v embedded gcc/bin/../lib/gcc/riscv-none-embed/8.2.0/../../../../riscv-none-embed/lib/rv32imacxw/ilp32\libg_nano.a(lib_a-errno.o)
                0x0000000000006152                __errno
 .text.memcpy   0x000000000000615a       0xb2 c:/mounriver/mounriver_studio/toolchain/risc-v embedded gcc/bin/../lib/gcc/riscv-none-embed/8.2.0/../../../../riscv-none-embed/lib/rv32imacxw/ilp32\libg_nano.a(lib_a-memcpy.o)
                0x000000000000615a                memcpy
 .text.printf   0x000000000000620c       0x40 c:/mounriver/mounriver_studio/toolchain/risc-v embedded gcc/bin/../lib/gcc/riscv-none-embed/8.2.0/../../../../riscv-none-embed/lib/rv32imacxw/ilp32\libg_nano.a(lib_a-printf.o)
                0x000000000000620c                iprintf
                0x000000000000620c                printf
 .text._puts_r  0x000000000000624c       0xd4 c:/mounriver/mounriver_studio/toolchain/risc-v embedded gcc/bin/../lib/gcc/riscv-none-embed/8.2.0/../../../../riscv-none-embed/lib/rv32imacxw/ilp32\libg_nano.a(lib_a-puts.o)
                0x000000000000624c                _puts_r
 .text.puts     0x0000000000006320        0xc c:/mounriver/mounriver_studio/toolchain/risc-v embedded gcc/bin/../lib/gcc/riscv-none-embed/8.2.0/../../../../riscv-none-embed/lib/rv32imacxw/ilp32\libg_nano.a(lib_a-puts.o)
                0x0000000000006320                puts
 .text.__swbuf_r
                0x000000000000632c       0xbc c:/mounriver/mounriver_studio/toolchain/risc-v embedded gcc/bin/../lib/gcc/riscv-none-embed/8.2.0/../../../../riscv-none-embed/lib/rv32imacxw/ilp32\libg_nano.a(lib_a-wbuf.o)
                0x000000000000632c                __swbuf_r
 .text.__swsetup_r
                0x00000000000063e8       0xfc c:/mounriver/mounriver_studio/toolchain/risc-v embedded gcc/bin/../lib/gcc/riscv-none-embed/8.2.0/../../../../riscv-none-embed/lib/rv32imacxw/ilp32\libg_nano.a(lib_a-wsetup.o)
                0x00000000000063e8                __swsetup_r
 .text.__sflush_r
                0x00000000000064e4      0x130 c:/mounriver/mounriver_studio/toolchain/risc-v embedded gcc/bin/../lib/gcc/riscv-none-embed/8.2.0/../../../../riscv-none-embed/lib/rv32imacxw/ilp32\libg_nano.a(lib_a-fflush.o)
                0x00000000000064e4                __sflush_r
 .text._fflush_r
                0x0000000000006614       0x66 c:/mounriver/mounriver_studio/toolchain/risc-v embedded gcc/bin/../lib/gcc/riscv-none-embed/8.2.0/../../../../riscv-none-embed/lib/rv32imacxw/ilp32\libg_nano.a(lib_a-fflush.o)
                0x0000000000006614                _fflush_r
 .text.std      0x000000000000667a       0x66 c:/mounriver/mounriver_studio/toolchain/risc-v embedded gcc/bin/../lib/gcc/riscv-none-embed/8.2.0/../../../../riscv-none-embed/lib/rv32imacxw/ilp32\libg_nano.a(lib_a-findfp.o)
 .text._cleanup_r
                0x00000000000066e0        0xa c:/mounriver/mounriver_studio/toolchain/risc-v embedded gcc/bin/../lib/gcc/riscv-none-embed/8.2.0/../../../../riscv-none-embed/lib/rv32imacxw/ilp32\libg_nano.a(lib_a-findfp.o)
                0x00000000000066e0                _cleanup_r
 .text.__sfmoreglue
                0x00000000000066ea       0x46 c:/mounriver/mounriver_studio/toolchain/risc-v embedded gcc/bin/../lib/gcc/riscv-none-embed/8.2.0/../../../../riscv-none-embed/lib/rv32imacxw/ilp32\libg_nano.a(lib_a-findfp.o)
                0x00000000000066ea                __sfmoreglue
 .text.__sinit  0x0000000000006730       0x6c c:/mounriver/mounriver_studio/toolchain/risc-v embedded gcc/bin/../lib/gcc/riscv-none-embed/8.2.0/../../../../riscv-none-embed/lib/rv32imacxw/ilp32\libg_nano.a(lib_a-findfp.o)
                0x0000000000006730                __sinit
 .text.__sfp    0x000000000000679c       0xa0 c:/mounriver/mounriver_studio/toolchain/risc-v embedded gcc/bin/../lib/gcc/riscv-none-embed/8.2.0/../../../../riscv-none-embed/lib/rv32imacxw/ilp32\libg_nano.a(lib_a-findfp.o)
                0x000000000000679c                __sfp
 .text._fwalk_reent
                0x000000000000683c       0x6a c:/mounriver/mounriver_studio/toolchain/risc-v embedded gcc/bin/../lib/gcc/riscv-none-embed/8.2.0/../../../../riscv-none-embed/lib/rv32imacxw/ilp32\libg_nano.a(lib_a-fwalk.o)
                0x000000000000683c                _fwalk_reent
 .text.__swhatbuf_r
                0x00000000000068a6       0x58 c:/mounriver/mounriver_studio/toolchain/risc-v embedded gcc/bin/../lib/gcc/riscv-none-embed/8.2.0/../../../../riscv-none-embed/lib/rv32imacxw/ilp32\libg_nano.a(lib_a-makebuf.o)
                0x00000000000068a6                __swhatbuf_r
 .text.__smakebuf_r
                0x00000000000068fe       0x92 c:/mounriver/mounriver_studio/toolchain/risc-v embedded gcc/bin/../lib/gcc/riscv-none-embed/8.2.0/../../../../riscv-none-embed/lib/rv32imacxw/ilp32\libg_nano.a(lib_a-makebuf.o)
                0x00000000000068fe                __smakebuf_r
 .text._free_r  0x0000000000006990       0xb0 c:/mounriver/mounriver_studio/toolchain/risc-v embedded gcc/bin/../lib/gcc/riscv-none-embed/8.2.0/../../../../riscv-none-embed/lib/rv32imacxw/ilp32\libg_nano.a(lib_a-nano-freer.o)
                0x0000000000006990                _free_r
 .text._malloc_r
                0x0000000000006a40       0xe4 c:/mounriver/mounriver_studio/toolchain/risc-v embedded gcc/bin/../lib/gcc/riscv-none-embed/8.2.0/../../../../riscv-none-embed/lib/rv32imacxw/ilp32\libg_nano.a(lib_a-nano-mallocr.o)
                0x0000000000006a40                _malloc_r
 .text.__sfputc_r
                0x0000000000006b24       0x28 c:/mounriver/mounriver_studio/toolchain/risc-v embedded gcc/bin/../lib/gcc/riscv-none-embed/8.2.0/../../../../riscv-none-embed/lib/rv32imacxw/ilp32\libg_nano.a(lib_a-nano-vfprintf.o)
 .text.__sfputs_r
                0x0000000000006b4c       0x42 c:/mounriver/mounriver_studio/toolchain/risc-v embedded gcc/bin/../lib/gcc/riscv-none-embed/8.2.0/../../../../riscv-none-embed/lib/rv32imacxw/ilp32\libg_nano.a(lib_a-nano-vfprintf.o)
                0x0000000000006b4c                __sfputs_r
 .text._vfprintf_r
                0x0000000000006b8e      0x288 c:/mounriver/mounriver_studio/toolchain/risc-v embedded gcc/bin/../lib/gcc/riscv-none-embed/8.2.0/../../../../riscv-none-embed/lib/rv32imacxw/ilp32\libg_nano.a(lib_a-nano-vfprintf.o)
                0x0000000000006b8e                _vfprintf_r
                0x0000000000006b8e                _vfiprintf_r
 .text._printf_common
                0x0000000000006e16      0x10c c:/mounriver/mounriver_studio/toolchain/risc-v embedded gcc/bin/../lib/gcc/riscv-none-embed/8.2.0/../../../../riscv-none-embed/lib/rv32imacxw/ilp32\libg_nano.a(lib_a-nano-vfprintf_i.o)
                0x0000000000006e16                _printf_common
 .text._printf_i
                0x0000000000006f22      0x2a2 c:/mounriver/mounriver_studio/toolchain/risc-v embedded gcc/bin/../lib/gcc/riscv-none-embed/8.2.0/../../../../riscv-none-embed/lib/rv32imacxw/ilp32\libg_nano.a(lib_a-nano-vfprintf_i.o)
                0x0000000000006f22                _printf_i
 .text._sbrk_r  0x00000000000071c4       0x32 c:/mounriver/mounriver_studio/toolchain/risc-v embedded gcc/bin/../lib/gcc/riscv-none-embed/8.2.0/../../../../riscv-none-embed/lib/rv32imacxw/ilp32\libg_nano.a(lib_a-sbrkr.o)
                0x00000000000071c4                _sbrk_r
 .text.__sread  0x00000000000071f6       0x2c c:/mounriver/mounriver_studio/toolchain/risc-v embedded gcc/bin/../lib/gcc/riscv-none-embed/8.2.0/../../../../riscv-none-embed/lib/rv32imacxw/ilp32\libg_nano.a(lib_a-stdio.o)
                0x00000000000071f6                __sread
 .text.__swrite
                0x0000000000007222       0x48 c:/mounriver/mounriver_studio/toolchain/risc-v embedded gcc/bin/../lib/gcc/riscv-none-embed/8.2.0/../../../../riscv-none-embed/lib/rv32imacxw/ilp32\libg_nano.a(lib_a-stdio.o)
                0x0000000000007222                __swrite
 .text.__sseek  0x000000000000726a       0x30 c:/mounriver/mounriver_studio/toolchain/risc-v embedded gcc/bin/../lib/gcc/riscv-none-embed/8.2.0/../../../../riscv-none-embed/lib/rv32imacxw/ilp32\libg_nano.a(lib_a-stdio.o)
                0x000000000000726a                __sseek
 .text.__sclose
                0x000000000000729a        0x6 c:/mounriver/mounriver_studio/toolchain/risc-v embedded gcc/bin/../lib/gcc/riscv-none-embed/8.2.0/../../../../riscv-none-embed/lib/rv32imacxw/ilp32\libg_nano.a(lib_a-stdio.o)
                0x000000000000729a                __sclose
 .text._write_r
                0x00000000000072a0       0x36 c:/mounriver/mounriver_studio/toolchain/risc-v embedded gcc/bin/../lib/gcc/riscv-none-embed/8.2.0/../../../../riscv-none-embed/lib/rv32imacxw/ilp32\libg_nano.a(lib_a-writer.o)
                0x00000000000072a0                _write_r
 .text._close_r
                0x00000000000072d6       0x30 c:/mounriver/mounriver_studio/toolchain/risc-v embedded gcc/bin/../lib/gcc/riscv-none-embed/8.2.0/../../../../riscv-none-embed/lib/rv32imacxw/ilp32\libg_nano.a(lib_a-closer.o)
                0x00000000000072d6                _close_r
 .text._fstat_r
                0x0000000000007306       0x32 c:/mounriver/mounriver_studio/toolchain/risc-v embedded gcc/bin/../lib/gcc/riscv-none-embed/8.2.0/../../../../riscv-none-embed/lib/rv32imacxw/ilp32\libg_nano.a(lib_a-fstatr.o)
                0x0000000000007306                _fstat_r
 .text._isatty_r
                0x0000000000007338       0x30 c:/mounriver/mounriver_studio/toolchain/risc-v embedded gcc/bin/../lib/gcc/riscv-none-embed/8.2.0/../../../../riscv-none-embed/lib/rv32imacxw/ilp32\libg_nano.a(lib_a-isattyr.o)
                0x0000000000007338                _isatty_r
 .text._lseek_r
                0x0000000000007368       0x34 c:/mounriver/mounriver_studio/toolchain/risc-v embedded gcc/bin/../lib/gcc/riscv-none-embed/8.2.0/../../../../riscv-none-embed/lib/rv32imacxw/ilp32\libg_nano.a(lib_a-lseekr.o)
                0x0000000000007368                _lseek_r
 .text.memchr   0x000000000000739c       0x18 c:/mounriver/mounriver_studio/toolchain/risc-v embedded gcc/bin/../lib/gcc/riscv-none-embed/8.2.0/../../../../riscv-none-embed/lib/rv32imacxw/ilp32\libg_nano.a(lib_a-memchr.o)
                0x000000000000739c                memchr
 .text.__malloc_lock
                0x00000000000073b4        0x2 c:/mounriver/mounriver_studio/toolchain/risc-v embedded gcc/bin/../lib/gcc/riscv-none-embed/8.2.0/../../../../riscv-none-embed/lib/rv32imacxw/ilp32\libg_nano.a(lib_a-mlock.o)
                0x00000000000073b4                __malloc_lock
 .text.__malloc_unlock
                0x00000000000073b6        0x2 c:/mounriver/mounriver_studio/toolchain/risc-v embedded gcc/bin/../lib/gcc/riscv-none-embed/8.2.0/../../../../riscv-none-embed/lib/rv32imacxw/ilp32\libg_nano.a(lib_a-mlock.o)
                0x00000000000073b6                __malloc_unlock
 .text._read_r  0x00000000000073b8       0x34 c:/mounriver/mounriver_studio/toolchain/risc-v embedded gcc/bin/../lib/gcc/riscv-none-embed/8.2.0/../../../../riscv-none-embed/lib/rv32imacxw/ilp32\libg_nano.a(lib_a-readr.o)
                0x00000000000073b8                _read_r
 .text._close   0x00000000000073ec       0x10 c:/mounriver/mounriver_studio/toolchain/risc-v embedded gcc/bin/../lib/gcc/riscv-none-embed/8.2.0/../../../../riscv-none-embed/lib/rv32imacxw/ilp32\libnosys.a(close.o)
                0x00000000000073ec                _close
 .text._fstat   0x00000000000073fc       0x10 c:/mounriver/mounriver_studio/toolchain/risc-v embedded gcc/bin/../lib/gcc/riscv-none-embed/8.2.0/../../../../riscv-none-embed/lib/rv32imacxw/ilp32\libnosys.a(fstat.o)
                0x00000000000073fc                _fstat
 .text._isatty  0x000000000000740c       0x10 c:/mounriver/mounriver_studio/toolchain/risc-v embedded gcc/bin/../lib/gcc/riscv-none-embed/8.2.0/../../../../riscv-none-embed/lib/rv32imacxw/ilp32\libnosys.a(isatty.o)
                0x000000000000740c                _isatty
 .text._lseek   0x000000000000741c       0x10 c:/mounriver/mounriver_studio/toolchain/risc-v embedded gcc/bin/../lib/gcc/riscv-none-embed/8.2.0/../../../../riscv-none-embed/lib/rv32imacxw/ilp32\libnosys.a(lseek.o)
                0x000000000000741c                _lseek
 .text._read    0x000000000000742c       0x10 c:/mounriver/mounriver_studio/toolchain/risc-v embedded gcc/bin/../lib/gcc/riscv-none-embed/8.2.0/../../../../riscv-none-embed/lib/rv32imacxw/ilp32\libnosys.a(read.o)
                0x000000000000742c                _read
 *(.rodata)
 *(.rodata*)
 *fill*         0x000000000000743c        0x0 
 .rodata.RTOS_init.str1.4
                0x000000000000743c        0x5 ./User/RTOS_tasks.o
 *fill*         0x0000000000007441        0x3 
 .rodata.test_task.str1.4
                0x0000000000007444        0xd ./User/RTOS_tasks.o
 *fill*         0x0000000000007451        0x3 
 .rodata.main.str1.4
                0x0000000000007454       0x60 ./User/main.o
 .rodata.hw     0x00000000000074b4        0xc ./General_Files/eMPL/inv_mpu.o
                0x00000000000074b4                hw
 .rodata.mpu_dmp_get_data.cst4
                0x00000000000074c0        0x8 ./General_Files/eMPL/inv_mpu.o
 *fill*         0x00000000000074c8        0x0 
 .rodata.mpu_dmp_get_data.cst8
                0x00000000000074c8        0x8 ./General_Files/eMPL/inv_mpu.o
 .rodata.mpu_run_self_test.cst4
                0x00000000000074d0       0x30 ./General_Files/eMPL/inv_mpu.o
 .rodata.reg    0x0000000000007500       0x1b ./General_Files/eMPL/inv_mpu.o
                0x0000000000007500                reg
 *fill*         0x000000000000751b        0x1 
 .rodata.test   0x000000000000751c       0x28 ./General_Files/eMPL/inv_mpu.o
                0x000000000000751c                test
 .rodata.FilterAverage.cst4
                0x0000000000007544        0x4 ./General_Files/drivers/bsp_filter.o
 .rodata.print_status.str1.4
                0x0000000000007548      0x167 ./General_Files/drivers/uart.o
 *fill*         0x00000000000076af        0x1 
 .rodata.ELRS_Convert_angle.cst8
                0x00000000000076b0        0x8 ./General_Files/apps/src/control.o
 .rodata.ELRS_Convert_throttle.cst8
                0x00000000000076b8       0x10 ./General_Files/apps/src/control.o
 .rodata.Roll_innerloop_ctr.cst4
                0x00000000000076c8        0x4 ./General_Files/apps/src/control.o
 .rodata.pvPortMalloc.str1.4
                0x00000000000076cc       0x49 ./FreeRTOS/portable/MemMang/heap_4.o
 *fill*         0x0000000000007715        0x3 
 .rodata.xPortStartScheduler.str1.4
                0x0000000000007718       0x27 ./FreeRTOS/portable/GCC/RISC-V/port.o
                                         0x49 (size before relaxing)
 *fill*         0x000000000000773f        0x1 
 .rodata.xQueueGenericReset.str1.4
                0x0000000000007740       0x14 ./FreeRTOS/queue.o
                                         0x35 (size before relaxing)
 .rodata.prvTaskIsTaskSuspended.str1.4
                0x0000000000007754       0x14 ./FreeRTOS/tasks.o
                                         0x35 (size before relaxing)
 .rodata.vTaskStartScheduler.str1.4
                0x0000000000007768        0x5 ./FreeRTOS/tasks.o
 *fill*         0x000000000000776d        0x3 
 .rodata.prvTimerTask
                0x0000000000007770       0x24 ./FreeRTOS/timers.o
 .rodata.prvCheckForValidListAndQueue.str1.4
                0x0000000000007794        0x5 ./FreeRTOS/timers.o
 *fill*         0x0000000000007799        0x3 
 .rodata.prvTimerTask.str1.4
                0x000000000000779c       0x15 ./FreeRTOS/timers.o
                                         0x39 (size before relaxing)
 *fill*         0x00000000000077b1        0x3 
 .rodata.xTimerCreateTimerTask.str1.4
                0x00000000000077b4        0x8 ./FreeRTOS/timers.o
 .rodata.asinf.cst4
                0x00000000000077bc        0x4 c:/mounriver/mounriver_studio/toolchain/risc-v embedded gcc/bin/../lib/gcc/riscv-none-embed/8.2.0/../../../../riscv-none-embed/lib/rv32imacxw/ilp32\libm.a(lib_a-wf_asin.o)
 .rodata.asinf.str1.4
                0x00000000000077bc        0x6 c:/mounriver/mounriver_studio/toolchain/risc-v embedded gcc/bin/../lib/gcc/riscv-none-embed/8.2.0/../../../../riscv-none-embed/lib/rv32imacxw/ilp32\libm.a(lib_a-wf_asin.o)
                                          0x9 (size before relaxing)
 *fill*         0x00000000000077c2        0x2 
 .rodata.__ieee754_asinf.cst4
                0x00000000000077c4       0x3c c:/mounriver/mounriver_studio/toolchain/risc-v embedded gcc/bin/../lib/gcc/riscv-none-embed/8.2.0/../../../../riscv-none-embed/lib/rv32imacxw/ilp32\libm.a(lib_a-ef_asin.o)
                                         0x44 (size before relaxing)
 .rodata.__ieee754_atan2f.cst4
                0x0000000000007800       0x20 c:/mounriver/mounriver_studio/toolchain/risc-v embedded gcc/bin/../lib/gcc/riscv-none-embed/8.2.0/../../../../riscv-none-embed/lib/rv32imacxw/ilp32\libm.a(lib_a-ef_atan2.o)
                                         0x28 (size before relaxing)
 .rodata.nan.cst8
                0x0000000000007820        0x8 c:/mounriver/mounriver_studio/toolchain/risc-v embedded gcc/bin/../lib/gcc/riscv-none-embed/8.2.0/../../../../riscv-none-embed/lib/rv32imacxw/ilp32\libm.a(lib_a-s_nan.o)
 .rodata.atanf.cst4
                0x0000000000007828       0x38 c:/mounriver/mounriver_studio/toolchain/risc-v embedded gcc/bin/../lib/gcc/riscv-none-embed/8.2.0/../../../../riscv-none-embed/lib/rv32imacxw/ilp32\libm.a(lib_a-sf_atan.o)
                                         0x48 (size before relaxing)
 .rodata.atanhi
                0x0000000000007860       0x10 c:/mounriver/mounriver_studio/toolchain/risc-v embedded gcc/bin/../lib/gcc/riscv-none-embed/8.2.0/../../../../riscv-none-embed/lib/rv32imacxw/ilp32\libm.a(lib_a-sf_atan.o)
 .rodata.atanlo
                0x0000000000007870       0x10 c:/mounriver/mounriver_studio/toolchain/risc-v embedded gcc/bin/../lib/gcc/riscv-none-embed/8.2.0/../../../../riscv-none-embed/lib/rv32imacxw/ilp32\libm.a(lib_a-sf_atan.o)
 .rodata.__muldf3
                0x0000000000007880       0x40 c:/mounriver/mounriver_studio/toolchain/risc-v embedded gcc/bin/../lib/gcc/riscv-none-embed/8.2.0/rv32imacxw/ilp32\libgcc.a(muldf3.o)
 .rodata.__divsf3
                0x00000000000078c0       0x80 c:/mounriver/mounriver_studio/toolchain/risc-v embedded gcc/bin/../lib/gcc/riscv-none-embed/8.2.0/rv32imacxw/ilp32\libgcc.a(divsf3.o)
 .rodata.__mulsf3
                0x0000000000007940       0x40 c:/mounriver/mounriver_studio/toolchain/risc-v embedded gcc/bin/../lib/gcc/riscv-none-embed/8.2.0/rv32imacxw/ilp32\libgcc.a(mulsf3.o)
 .rodata.__clz_tab
                0x0000000000007980      0x100 c:/mounriver/mounriver_studio/toolchain/risc-v embedded gcc/bin/../lib/gcc/riscv-none-embed/8.2.0/rv32imacxw/ilp32\libgcc.a(_clz.o)
                0x0000000000007980                __clz_tab
 .rodata.__sf_fake_stderr
                0x0000000000007a80       0x20 c:/mounriver/mounriver_studio/toolchain/risc-v embedded gcc/bin/../lib/gcc/riscv-none-embed/8.2.0/../../../../riscv-none-embed/lib/rv32imacxw/ilp32\libg_nano.a(lib_a-findfp.o)
                0x0000000000007a80                __sf_fake_stderr
 .rodata.__sf_fake_stdin
                0x0000000000007aa0       0x20 c:/mounriver/mounriver_studio/toolchain/risc-v embedded gcc/bin/../lib/gcc/riscv-none-embed/8.2.0/../../../../riscv-none-embed/lib/rv32imacxw/ilp32\libg_nano.a(lib_a-findfp.o)
                0x0000000000007aa0                __sf_fake_stdin
 .rodata.__sf_fake_stdout
                0x0000000000007ac0       0x20 c:/mounriver/mounriver_studio/toolchain/risc-v embedded gcc/bin/../lib/gcc/riscv-none-embed/8.2.0/../../../../riscv-none-embed/lib/rv32imacxw/ilp32\libg_nano.a(lib_a-findfp.o)
                0x0000000000007ac0                __sf_fake_stdout
 .rodata._vfprintf_r.str1.4
                0x0000000000007ae0       0x13 c:/mounriver/mounriver_studio/toolchain/risc-v embedded gcc/bin/../lib/gcc/riscv-none-embed/8.2.0/../../../../riscv-none-embed/lib/rv32imacxw/ilp32\libg_nano.a(lib_a-nano-vfprintf.o)
 *fill*         0x0000000000007af3        0x1 
 .rodata._printf_i.str1.4
                0x0000000000007af4       0x28 c:/mounriver/mounriver_studio/toolchain/risc-v embedded gcc/bin/../lib/gcc/riscv-none-embed/8.2.0/../../../../riscv-none-embed/lib/rv32imacxw/ilp32\libg_nano.a(lib_a-nano-vfprintf_i.o)
                                         0x25 (size before relaxing)
 *(.gnu.linkonce.t.*)
                0x0000000000007b1c                . = ALIGN (0x4)

.rela.dyn       0x0000000000007b1c        0x0
 .rela.init     0x0000000000007b1c        0x0 ./User/RTOS_tasks.o
 .rela.vector   0x0000000000007b1c        0x0 ./User/RTOS_tasks.o
 .rela.text.handle_reset
                0x0000000000007b1c        0x0 ./User/RTOS_tasks.o
 .rela.text.xPortStartScheduler
                0x0000000000007b1c        0x0 ./User/RTOS_tasks.o
 .rela.sdata2.xISRStackTop
                0x0000000000007b1c        0x0 ./User/RTOS_tasks.o
 .rela.text._sbrk
                0x0000000000007b1c        0x0 ./User/RTOS_tasks.o
 .rela.sdata.curbrk.5265
                0x0000000000007b1c        0x0 ./User/RTOS_tasks.o
 .rela.text._vfprintf_r
                0x0000000000007b1c        0x0 ./User/RTOS_tasks.o
 .rela.text._sbrk_r
                0x0000000000007b1c        0x0 ./User/RTOS_tasks.o
 .rela.text._write_r
                0x0000000000007b1c        0x0 ./User/RTOS_tasks.o
 .rela.text._close_r
                0x0000000000007b1c        0x0 ./User/RTOS_tasks.o
 .rela.text._fstat_r
                0x0000000000007b1c        0x0 ./User/RTOS_tasks.o
 .rela.text._isatty_r
                0x0000000000007b1c        0x0 ./User/RTOS_tasks.o
 .rela.text._lseek_r
                0x0000000000007b1c        0x0 ./User/RTOS_tasks.o
 .rela.text._read_r
                0x0000000000007b1c        0x0 ./User/RTOS_tasks.o
 .rela.text._close
                0x0000000000007b1c        0x0 ./User/RTOS_tasks.o
 .rela.text._fstat
                0x0000000000007b1c        0x0 ./User/RTOS_tasks.o
 .rela.text._isatty
                0x0000000000007b1c        0x0 ./User/RTOS_tasks.o
 .rela.text._lseek
                0x0000000000007b1c        0x0 ./User/RTOS_tasks.o
 .rela.text._read
                0x0000000000007b1c        0x0 ./User/RTOS_tasks.o

.fini           0x0000000000007b1c        0x0
 *(SORT_NONE(.fini))
                0x0000000000007b1c                . = ALIGN (0x4)
                [!provide]                        PROVIDE (_etext = .)
                [!provide]                        PROVIDE (_eitcm = .)

.preinit_array  0x0000000000007b1c        0x0
                [!provide]                        PROVIDE (__preinit_array_start = .)
 *(.preinit_array)
                [!provide]                        PROVIDE (__preinit_array_end = .)

.init_array     0x0000000000007b1c        0x0
                [!provide]                        PROVIDE (__init_array_start = .)
 *(SORT_BY_INIT_PRIORITY(.init_array.*) SORT_BY_INIT_PRIORITY(.ctors.*))
 *(.init_array EXCLUDE_FILE(*crtend?.o *crtend.o *crtbegin?.o *crtbegin.o) .ctors)
                [!provide]                        PROVIDE (__init_array_end = .)

.fini_array     0x0000000000007b1c        0x0
                [!provide]                        PROVIDE (__fini_array_start = .)
 *(SORT_BY_INIT_PRIORITY(.fini_array.*) SORT_BY_INIT_PRIORITY(.dtors.*))
 *(.fini_array EXCLUDE_FILE(*crtend?.o *crtend.o *crtbegin?.o *crtbegin.o) .dtors)
                [!provide]                        PROVIDE (__fini_array_end = .)

.ctors
 *crtbegin.o(.ctors)
 *crtbegin?.o(.ctors)
 *(EXCLUDE_FILE(*crtend?.o *crtend.o) .ctors)
 *(SORT_BY_NAME(.ctors.*))
 *(.ctors)

.dtors
 *crtbegin.o(.dtors)
 *crtbegin?.o(.dtors)
 *(EXCLUDE_FILE(*crtend?.o *crtend.o) .dtors)
 *(SORT_BY_NAME(.dtors.*))
 *(.dtors)

.dalign         0x0000000020000000        0x0 load address 0x0000000000007b1c
                0x0000000020000000                . = ALIGN (0x4)
                0x0000000020000000                PROVIDE (_data_vma = .)

.dlalign        0x0000000000007b1c        0x0
                0x0000000000007b1c                . = ALIGN (0x4)
                0x0000000000007b1c                PROVIDE (_data_lma = .)

.data           0x0000000020000000      0x100 load address 0x0000000000007b1c
 *(.gnu.linkonce.r.*)
 *(.data .data.*)
 .data.AHBPrescTable
                0x0000000020000000       0x10 ./User/system_ch32v30x.o
                0x0000000020000000                AHBPrescTable
 .data.APBAHBPrescTable
                0x0000000020000010       0x10 ./Peripheral/src/ch32v30x_rcc.o
 .data.st       0x0000000020000020       0x2c ./General_Files/eMPL/inv_mpu.o
 .data.Motor_pos
                0x000000002000004c       0x10 ./General_Files/drivers/pwm.o
                0x000000002000004c                Motor_pos
 .data.pid_func
                0x000000002000005c       0x10 ./General_Files/apps/src/pid.o
                0x000000002000005c                pid_func
 .data.impure_data
                0x000000002000006c       0x60 c:/mounriver/mounriver_studio/toolchain/risc-v embedded gcc/bin/../lib/gcc/riscv-none-embed/8.2.0/../../../../riscv-none-embed/lib/rv32imacxw/ilp32\libg_nano.a(lib_a-impure.o)
 *(.gnu.linkonce.d.*)
                0x00000000200000d0                . = ALIGN (0x8)
 *fill*         0x00000000200000cc        0x4 
                0x00000000200008d0                PROVIDE (__global_pointer$ = (. + 0x800))
 *(.sdata .sdata.*)
 .sdata.SystemCoreClock
                0x00000000200000d0        0x4 ./User/system_ch32v30x.o
                0x00000000200000d0                SystemCoreClock
 .sdata.ADCPrescTable
                0x00000000200000d4        0x4 ./Peripheral/src/ch32v30x_rcc.o
 .sdata.CONTROL_MODE
                0x00000000200000d8        0x4 ./General_Files/apps/src/control.o
                0x00000000200000d8                CONTROL_MODE
 .sdata.MOTOR_MODE
                0x00000000200000dc        0x4 ./General_Files/apps/src/control.o
                0x00000000200000dc                MOTOR_MODE
 .sdata.flight_mode
                0x00000000200000e0        0x1 ./General_Files/apps/src/control.o
                0x00000000200000e0                flight_mode
 .sdata.is_locked
                0x00000000200000e1        0x1 ./General_Files/apps/src/control.o
                0x00000000200000e1                is_locked
 *fill*         0x00000000200000e2        0x2 
 .sdata.uxCriticalNesting
                0x00000000200000e4        0x4 ./FreeRTOS/portable/GCC/RISC-V/port.o
 .sdata.uxTopUsedPriority
                0x00000000200000e8        0x4 ./FreeRTOS/tasks.o
                0x00000000200000e8                uxTopUsedPriority
 .sdata.curbrk.5265
                0x00000000200000ec        0x4 ./Debug/debug.o
 .sdata.__fdlib_version
                0x00000000200000f0        0x4 c:/mounriver/mounriver_studio/toolchain/risc-v embedded gcc/bin/../lib/gcc/riscv-none-embed/8.2.0/../../../../riscv-none-embed/lib/rv32imacxw/ilp32\libm.a(lib_a-s_lib_ver.o)
                0x00000000200000f0                __fdlib_version
 .sdata._impure_ptr
                0x00000000200000f4        0x4 c:/mounriver/mounriver_studio/toolchain/risc-v embedded gcc/bin/../lib/gcc/riscv-none-embed/8.2.0/../../../../riscv-none-embed/lib/rv32imacxw/ilp32\libg_nano.a(lib_a-impure.o)
                0x00000000200000f4                _impure_ptr
 *(.sdata2.*)
 .sdata2.xISRStackTop
                0x00000000200000f8        0x4 ./FreeRTOS/portable/GCC/RISC-V/port.o
                0x00000000200000f8                xISRStackTop
 .sdata2._global_impure_ptr
                0x00000000200000fc        0x4 c:/mounriver/mounriver_studio/toolchain/risc-v embedded gcc/bin/../lib/gcc/riscv-none-embed/8.2.0/../../../../riscv-none-embed/lib/rv32imacxw/ilp32\libg_nano.a(lib_a-impure.o)
                0x00000000200000fc                _global_impure_ptr
 *(.gnu.linkonce.s.*)
                0x0000000020000100                . = ALIGN (0x8)
 *(.srodata.cst16)
 *(.srodata.cst8)
 *(.srodata.cst4)
 *(.srodata.cst2)
 *(.srodata .srodata.*)
                0x0000000020000100                . = ALIGN (0x4)
                0x0000000020000100                PROVIDE (_edata = .)

.bss            0x0000000020000100     0x3690 load address 0x0000000000007c1c
                0x0000000020000100                . = ALIGN (0x4)
                0x0000000020000100                PROVIDE (_sbss = .)
 *(.sbss*)
 .sbss.PrintTask_Handler
                0x0000000020000100        0x4 ./User/RTOS_tasks.o
                0x0000000020000100                PrintTask_Handler
 .sbss.TESTTask_Handler
                0x0000000020000104        0x4 ./User/RTOS_tasks.o
                0x0000000020000104                TESTTask_Handler
 .sbss.NVIC_Priority_Group
                0x0000000020000108        0x4 ./Peripheral/src/ch32v30x_misc.o
                0x0000000020000108                NVIC_Priority_Group
 .sbss.RxBuf_Index
                0x000000002000010c        0x1 ./General_Files/apps/src/CRSF.o
                0x000000002000010c                RxBuf_Index
 *fill*         0x000000002000010d        0x3 
 .sbss.Mech_zero_yaw
                0x0000000020000110        0x4 ./General_Files/apps/src/control.o
                0x0000000020000110                Mech_zero_yaw
 .sbss.PWM_Out1
                0x0000000020000114        0x2 ./General_Files/apps/src/control.o
                0x0000000020000114                PWM_Out1
 .sbss.PWM_Out2
                0x0000000020000116        0x2 ./General_Files/apps/src/control.o
                0x0000000020000116                PWM_Out2
 .sbss.PWM_Out3
                0x0000000020000118        0x2 ./General_Files/apps/src/control.o
                0x0000000020000118                PWM_Out3
 .sbss.PWM_Out4
                0x000000002000011a        0x2 ./General_Files/apps/src/control.o
                0x000000002000011a                PWM_Out4
 .sbss.Pitch    0x000000002000011c        0x4 ./General_Files/apps/src/control.o
                0x000000002000011c                Pitch
 .sbss.Roll     0x0000000020000120        0x4 ./General_Files/apps/src/control.o
                0x0000000020000120                Roll
 .sbss.Throttle
                0x0000000020000124        0x2 ./General_Files/apps/src/control.o
                0x0000000020000124                Throttle
 *fill*         0x0000000020000126        0x2 
 .sbss.Yaw      0x0000000020000128        0x4 ./General_Files/apps/src/control.o
                0x0000000020000128                Yaw
 .sbss.pxEnd    0x000000002000012c        0x4 ./FreeRTOS/portable/MemMang/heap_4.o
 .sbss.xBlockAllocatedBit
                0x0000000020000130        0x4 ./FreeRTOS/portable/MemMang/heap_4.o
 .sbss.xFreeBytesRemaining
                0x0000000020000134        0x4 ./FreeRTOS/portable/MemMang/heap_4.o
 .sbss.xMinimumEverFreeBytesRemaining
                0x0000000020000138        0x4 ./FreeRTOS/portable/MemMang/heap_4.o
 .sbss.xNumberOfSuccessfulAllocations
                0x000000002000013c        0x4 ./FreeRTOS/portable/MemMang/heap_4.o
 .sbss.xNumberOfSuccessfulFrees
                0x0000000020000140        0x4 ./FreeRTOS/portable/MemMang/heap_4.o
 .sbss.xStart   0x0000000020000144        0x8 ./FreeRTOS/portable/MemMang/heap_4.o
 .sbss.pxCurrentTCB
                0x000000002000014c        0x4 ./FreeRTOS/tasks.o
                0x000000002000014c                pxCurrentTCB
 .sbss.pxDelayedTaskList
                0x0000000020000150        0x4 ./FreeRTOS/tasks.o
 .sbss.pxOverflowDelayedTaskList
                0x0000000020000154        0x4 ./FreeRTOS/tasks.o
 .sbss.uxCurrentNumberOfTasks
                0x0000000020000158        0x4 ./FreeRTOS/tasks.o
 .sbss.uxDeletedTasksWaitingCleanUp
                0x000000002000015c        0x4 ./FreeRTOS/tasks.o
 .sbss.uxSchedulerSuspended
                0x0000000020000160        0x4 ./FreeRTOS/tasks.o
 .sbss.uxTaskNumber
                0x0000000020000164        0x4 ./FreeRTOS/tasks.o
 .sbss.uxTopReadyPriority
                0x0000000020000168        0x4 ./FreeRTOS/tasks.o
 .sbss.xIdleTaskHandle
                0x000000002000016c        0x4 ./FreeRTOS/tasks.o
 .sbss.xNextTaskUnblockTime
                0x0000000020000170        0x4 ./FreeRTOS/tasks.o
 .sbss.xNumOfOverflows
                0x0000000020000174        0x4 ./FreeRTOS/tasks.o
 .sbss.xPendedTicks
                0x0000000020000178        0x4 ./FreeRTOS/tasks.o
 .sbss.xSchedulerRunning
                0x000000002000017c        0x4 ./FreeRTOS/tasks.o
 .sbss.xTickCount
                0x0000000020000180        0x4 ./FreeRTOS/tasks.o
 .sbss.xYieldPending
                0x0000000020000184        0x4 ./FreeRTOS/tasks.o
 .sbss.pxCurrentTimerList
                0x0000000020000188        0x4 ./FreeRTOS/timers.o
 .sbss.pxOverflowTimerList
                0x000000002000018c        0x4 ./FreeRTOS/timers.o
 .sbss.xLastTime.6314
                0x0000000020000190        0x4 ./FreeRTOS/timers.o
 .sbss.xTimerQueue
                0x0000000020000194        0x4 ./FreeRTOS/timers.o
 .sbss.xTimerTaskHandle
                0x0000000020000198        0x4 ./FreeRTOS/timers.o
 .sbss.p_ms     0x000000002000019c        0x2 ./Debug/debug.o
 .sbss.p_us     0x000000002000019e        0x1 ./Debug/debug.o
 *fill*         0x000000002000019f        0x1 
 .sbss.__malloc_free_list
                0x00000000200001a0        0x4 c:/mounriver/mounriver_studio/toolchain/risc-v embedded gcc/bin/../lib/gcc/riscv-none-embed/8.2.0/../../../../riscv-none-embed/lib/rv32imacxw/ilp32\libg_nano.a(lib_a-nano-mallocr.o)
                0x00000000200001a0                __malloc_free_list
 .sbss.__malloc_sbrk_start
                0x00000000200001a4        0x4 c:/mounriver/mounriver_studio/toolchain/risc-v embedded gcc/bin/../lib/gcc/riscv-none-embed/8.2.0/../../../../riscv-none-embed/lib/rv32imacxw/ilp32\libg_nano.a(lib_a-nano-mallocr.o)
                0x00000000200001a4                __malloc_sbrk_start
 *(.gnu.linkonce.sb.*)
 *(.bss*)
 .bss.dmp       0x00000000200001a8       0x10 ./General_Files/eMPL/inv_mpu_dmp_motion_driver.o
 .bss.MPU6050_para
                0x00000000200001b8       0x14 ./General_Files/drivers/MPU6050.o
                0x00000000200001b8                MPU6050_para
 .bss.MPU6050_para_filted
                0x00000000200001cc       0x14 ./General_Files/drivers/tim.o
                0x00000000200001cc                MPU6050_para_filted
 .bss.gyro_filter
                0x00000000200001e0       0x48 ./General_Files/drivers/tim.o
                0x00000000200001e0                gyro_filter
 .bss._lut      0x0000000020000228      0x100 ./General_Files/apps/src/CRC.o
                0x0000000020000228                _lut
 .bss.CrsfChannels
                0x0000000020000328       0x40 ./General_Files/apps/src/CRSF.o
                0x0000000020000328                CrsfChannels
 .bss.LinkStatistics
                0x0000000020000368        0xa ./General_Files/apps/src/CRSF.o
                0x0000000020000368                LinkStatistics
 *fill*         0x0000000020000372        0x2 
 .bss.RxBuf     0x0000000020000374       0x40 ./General_Files/apps/src/CRSF.o
                0x0000000020000374                RxBuf
 .bss.PID_pitch_innerloop
                0x00000000200003b4       0x50 ./General_Files/apps/src/control.o
                0x00000000200003b4                PID_pitch_innerloop
 .bss.PID_pitch_outerloop
                0x0000000020000404       0x50 ./General_Files/apps/src/control.o
                0x0000000020000404                PID_pitch_outerloop
 .bss.PID_roll_innerloop
                0x0000000020000454       0x50 ./General_Files/apps/src/control.o
                0x0000000020000454                PID_roll_innerloop
 .bss.PID_roll_outerloop
                0x00000000200004a4       0x50 ./General_Files/apps/src/control.o
                0x00000000200004a4                PID_roll_outerloop
 .bss.PID_yaw_innerloop
                0x00000000200004f4       0x50 ./General_Files/apps/src/control.o
                0x00000000200004f4                PID_yaw_innerloop
 .bss.PID_yaw_outerloop
                0x0000000020000544       0x50 ./General_Files/apps/src/control.o
                0x0000000020000544                PID_yaw_outerloop
 .bss.ucHeap    0x0000000020000594     0x3000 ./FreeRTOS/portable/MemMang/heap_4.o
 .bss.xQueueRegistry
                0x0000000020003594       0x40 ./FreeRTOS/queue.o
                0x0000000020003594                xQueueRegistry
 .bss.pxReadyTasksLists
                0x00000000200035d4      0x12c ./FreeRTOS/tasks.o
 .bss.xDelayedTaskList1
                0x0000000020003700       0x14 ./FreeRTOS/tasks.o
 .bss.xDelayedTaskList2
                0x0000000020003714       0x14 ./FreeRTOS/tasks.o
 .bss.xPendingReadyList
                0x0000000020003728       0x14 ./FreeRTOS/tasks.o
 .bss.xSuspendedTaskList
                0x000000002000373c       0x14 ./FreeRTOS/tasks.o
 .bss.xTasksWaitingTermination
                0x0000000020003750       0x14 ./FreeRTOS/tasks.o
 .bss.xActiveTimerList1
                0x0000000020003764       0x14 ./FreeRTOS/timers.o
 .bss.xActiveTimerList2
                0x0000000020003778       0x14 ./FreeRTOS/timers.o
 *(.gnu.linkonce.b.*)
 *(COMMON*)
 COMMON         0x000000002000378c        0x4 c:/mounriver/mounriver_studio/toolchain/risc-v embedded gcc/bin/../lib/gcc/riscv-none-embed/8.2.0/../../../../riscv-none-embed/lib/rv32imacxw/ilp32\libg_nano.a(lib_a-reent.o)
                0x000000002000378c                errno
                0x0000000020003790                . = ALIGN (0x4)
                0x0000000020003790                PROVIDE (_ebss = .)
                0x0000000020003790                PROVIDE (_end = _ebss)
                [!provide]                        PROVIDE (end = .)

.stack          0x0000000020007800      0x800
                0x0000000020007800                PROVIDE (_heap_end = .)
                0x0000000020007800                . = ALIGN (0x4)
                [!provide]                        PROVIDE (_susrstack = .)
                0x0000000020008000                . = (. + __stack_size)
 *fill*         0x0000000020007800      0x800 
                0x0000000020008000                PROVIDE (_eusrstack = .)
                0x0000000020008000                __freertos_irq_stack_top = .
OUTPUT(FreeRTOS.elf elf32-littleriscv)

.debug_info     0x0000000000000000    0x2761c
 .debug_info    0x0000000000000000      0xba6 ./User/RTOS_tasks.o
 .debug_info    0x0000000000000ba6      0x962 ./User/ch32v30x_it.o
 .debug_info    0x0000000000001508      0xc58 ./User/main.o
 .debug_info    0x0000000000002160      0xb99 ./User/system_ch32v30x.o
 .debug_info    0x0000000000002cf9       0x22 ./Startup/startup_ch32v30x_D8C.o
 .debug_info    0x0000000000002d1b      0xa94 ./Peripheral/src/ch32v30x_dbgmcu.o
 .debug_info    0x00000000000037af     0x11cb ./Peripheral/src/ch32v30x_gpio.o
 .debug_info    0x000000000000497a     0x1481 ./Peripheral/src/ch32v30x_i2c.o
 .debug_info    0x0000000000005dfb      0xf60 ./Peripheral/src/ch32v30x_misc.o
 .debug_info    0x0000000000006d5b     0x156e ./Peripheral/src/ch32v30x_rcc.o
 .debug_info    0x00000000000082c9     0x2a16 ./Peripheral/src/ch32v30x_tim.o
 .debug_info    0x000000000000acdf     0x13b1 ./Peripheral/src/ch32v30x_usart.o
 .debug_info    0x000000000000c090     0x4343 ./General_Files/eMPL/inv_mpu.o
 .debug_info    0x00000000000103d3     0x1b5b ./General_Files/eMPL/inv_mpu_dmp_motion_driver.o
 .debug_info    0x0000000000011f2e     0x1601 ./General_Files/drivers/MPU6050.o
 .debug_info    0x000000000001352f      0xc96 ./General_Files/drivers/bsp_filter.o
 .debug_info    0x00000000000141c5     0x154c ./General_Files/drivers/pwm.o
 .debug_info    0x0000000000015711     0x1784 ./General_Files/drivers/tim.o
 .debug_info    0x0000000000016e95     0x18a6 ./General_Files/drivers/uart.o
 .debug_info    0x000000000001873b      0x15e ./General_Files/apps/src/CRC.o
 .debug_info    0x0000000000018899      0xef3 ./General_Files/apps/src/CRSF.o
 .debug_info    0x000000000001978c     0x129f ./General_Files/apps/src/control.o
 .debug_info    0x000000000001aa2b      0x275 ./General_Files/apps/src/pid.o
 .debug_info    0x000000000001aca0      0xe5c ./FreeRTOS/portable/MemMang/heap_4.o
 .debug_info    0x000000000001bafc     0x1169 ./FreeRTOS/portable/GCC/RISC-V/port.o
 .debug_info    0x000000000001cc65       0x26 ./FreeRTOS/portable/GCC/RISC-V/portASM.o
 .debug_info    0x000000000001cc8b      0xb80 ./FreeRTOS/list.o
 .debug_info    0x000000000001d80b     0x30e5 ./FreeRTOS/queue.o
 .debug_info    0x00000000000208f0     0x3c8b ./FreeRTOS/tasks.o
 .debug_info    0x000000000002457b     0x2173 ./FreeRTOS/timers.o
 .debug_info    0x00000000000266ee      0xf2e ./Debug/debug.o

.debug_abbrev   0x0000000000000000     0x5ba9
 .debug_abbrev  0x0000000000000000      0x28d ./User/RTOS_tasks.o
 .debug_abbrev  0x000000000000028d      0x1cf ./User/ch32v30x_it.o
 .debug_abbrev  0x000000000000045c      0x2b4 ./User/main.o
 .debug_abbrev  0x0000000000000710      0x2c0 ./User/system_ch32v30x.o
 .debug_abbrev  0x00000000000009d0       0x12 ./Startup/startup_ch32v30x_D8C.o
 .debug_abbrev  0x00000000000009e2      0x2f7 ./Peripheral/src/ch32v30x_dbgmcu.o
 .debug_abbrev  0x0000000000000cd9      0x31a ./Peripheral/src/ch32v30x_gpio.o
 .debug_abbrev  0x0000000000000ff3      0x3a7 ./Peripheral/src/ch32v30x_i2c.o
 .debug_abbrev  0x000000000000139a      0x2e3 ./Peripheral/src/ch32v30x_misc.o
 .debug_abbrev  0x000000000000167d      0x351 ./Peripheral/src/ch32v30x_rcc.o
 .debug_abbrev  0x00000000000019ce      0x408 ./Peripheral/src/ch32v30x_tim.o
 .debug_abbrev  0x0000000000001dd6      0x312 ./Peripheral/src/ch32v30x_usart.o
 .debug_abbrev  0x00000000000020e8      0x4dd ./General_Files/eMPL/inv_mpu.o
 .debug_abbrev  0x00000000000025c5      0x3cb ./General_Files/eMPL/inv_mpu_dmp_motion_driver.o
 .debug_abbrev  0x0000000000002990      0x3e4 ./General_Files/drivers/MPU6050.o
 .debug_abbrev  0x0000000000002d74      0x22f ./General_Files/drivers/bsp_filter.o
 .debug_abbrev  0x0000000000002fa3      0x2a0 ./General_Files/drivers/pwm.o
 .debug_abbrev  0x0000000000003243      0x314 ./General_Files/drivers/tim.o
 .debug_abbrev  0x0000000000003557      0x2d4 ./General_Files/drivers/uart.o
 .debug_abbrev  0x000000000000382b      0x104 ./General_Files/apps/src/CRC.o
 .debug_abbrev  0x000000000000392f      0x393 ./General_Files/apps/src/CRSF.o
 .debug_abbrev  0x0000000000003cc2      0x36f ./General_Files/apps/src/control.o
 .debug_abbrev  0x0000000000004031      0x122 ./General_Files/apps/src/pid.o
 .debug_abbrev  0x0000000000004153      0x36c ./FreeRTOS/portable/MemMang/heap_4.o
 .debug_abbrev  0x00000000000044bf      0x3ad ./FreeRTOS/portable/GCC/RISC-V/port.o
 .debug_abbrev  0x000000000000486c       0x14 ./FreeRTOS/portable/GCC/RISC-V/portASM.o
 .debug_abbrev  0x0000000000004880      0x254 ./FreeRTOS/list.o
 .debug_abbrev  0x0000000000004ad4      0x461 ./FreeRTOS/queue.o
 .debug_abbrev  0x0000000000004f35      0x545 ./FreeRTOS/tasks.o
 .debug_abbrev  0x000000000000547a      0x43a ./FreeRTOS/timers.o
 .debug_abbrev  0x00000000000058b4      0x2f5 ./Debug/debug.o

.debug_loc      0x0000000000000000     0xdb42
 .debug_loc     0x0000000000000000       0x21 ./User/RTOS_tasks.o
 .debug_loc     0x0000000000000021      0x163 ./User/system_ch32v30x.o
 .debug_loc     0x0000000000000184       0x6e ./Peripheral/src/ch32v30x_dbgmcu.o
 .debug_loc     0x00000000000001f2      0x6d6 ./Peripheral/src/ch32v30x_gpio.o
 .debug_loc     0x00000000000008c8      0x6cc ./Peripheral/src/ch32v30x_i2c.o
 .debug_loc     0x0000000000000f94       0x47 ./Peripheral/src/ch32v30x_misc.o
 .debug_loc     0x0000000000000fdb      0xadb ./Peripheral/src/ch32v30x_rcc.o
 .debug_loc     0x0000000000001ab6     0x195e ./Peripheral/src/ch32v30x_tim.o
 .debug_loc     0x0000000000003414      0x779 ./Peripheral/src/ch32v30x_usart.o
 .debug_loc     0x0000000000003b8d     0x3a33 ./General_Files/eMPL/inv_mpu.o
 .debug_loc     0x00000000000075c0      0x9b9 ./General_Files/eMPL/inv_mpu_dmp_motion_driver.o
 .debug_loc     0x0000000000007f79      0x204 ./General_Files/drivers/MPU6050.o
 .debug_loc     0x000000000000817d       0xa6 ./General_Files/drivers/bsp_filter.o
 .debug_loc     0x0000000000008223      0x1d1 ./General_Files/drivers/pwm.o
 .debug_loc     0x00000000000083f4       0x84 ./General_Files/drivers/tim.o
 .debug_loc     0x0000000000008478       0x1e ./General_Files/drivers/uart.o
 .debug_loc     0x0000000000008496       0xd8 ./General_Files/apps/src/CRC.o
 .debug_loc     0x000000000000856e      0x131 ./General_Files/apps/src/CRSF.o
 .debug_loc     0x000000000000869f      0x15f ./General_Files/apps/src/control.o
 .debug_loc     0x00000000000087fe       0x6f ./General_Files/apps/src/pid.o
 .debug_loc     0x000000000000886d      0x330 ./FreeRTOS/portable/MemMang/heap_4.o
 .debug_loc     0x0000000000008b9d       0xad ./FreeRTOS/portable/GCC/RISC-V/port.o
 .debug_loc     0x0000000000008c4a       0x94 ./FreeRTOS/list.o
 .debug_loc     0x0000000000008cde     0x1b0a ./FreeRTOS/queue.o
 .debug_loc     0x000000000000a7e8     0x2386 ./FreeRTOS/tasks.o
 .debug_loc     0x000000000000cb6e      0xe5d ./FreeRTOS/timers.o
 .debug_loc     0x000000000000d9cb      0x177 ./Debug/debug.o

.debug_aranges  0x0000000000000000     0x1248
 .debug_aranges
                0x0000000000000000       0x28 ./User/RTOS_tasks.o
 .debug_aranges
                0x0000000000000028       0x28 ./User/ch32v30x_it.o
 .debug_aranges
                0x0000000000000050       0x28 ./User/main.o
 .debug_aranges
                0x0000000000000078       0x28 ./User/system_ch32v30x.o
 .debug_aranges
                0x00000000000000a0       0x30 ./Startup/startup_ch32v30x_D8C.o
 .debug_aranges
                0x00000000000000d0       0x48 ./Peripheral/src/ch32v30x_dbgmcu.o
 .debug_aranges
                0x0000000000000118       0xb0 ./Peripheral/src/ch32v30x_gpio.o
 .debug_aranges
                0x00000000000001c8      0x110 ./Peripheral/src/ch32v30x_i2c.o
 .debug_aranges
                0x00000000000002d8       0x28 ./Peripheral/src/ch32v30x_misc.o
 .debug_aranges
                0x0000000000000300      0x1a8 ./Peripheral/src/ch32v30x_rcc.o
 .debug_aranges
                0x00000000000004a8      0x2d0 ./Peripheral/src/ch32v30x_tim.o
 .debug_aranges
                0x0000000000000778       0xf0 ./Peripheral/src/ch32v30x_usart.o
 .debug_aranges
                0x0000000000000868      0x1b0 ./General_Files/eMPL/inv_mpu.o
 .debug_aranges
                0x0000000000000a18       0xf8 ./General_Files/eMPL/inv_mpu_dmp_motion_driver.o
 .debug_aranges
                0x0000000000000b10       0x50 ./General_Files/drivers/MPU6050.o
 .debug_aranges
                0x0000000000000b60       0x28 ./General_Files/drivers/bsp_filter.o
 .debug_aranges
                0x0000000000000b88       0x38 ./General_Files/drivers/pwm.o
 .debug_aranges
                0x0000000000000bc0       0x58 ./General_Files/drivers/tim.o
 .debug_aranges
                0x0000000000000c18       0x38 ./General_Files/drivers/uart.o
 .debug_aranges
                0x0000000000000c50       0x28 ./General_Files/apps/src/CRC.o
 .debug_aranges
                0x0000000000000c78       0x40 ./General_Files/apps/src/CRSF.o
 .debug_aranges
                0x0000000000000cb8       0x90 ./General_Files/apps/src/control.o
 .debug_aranges
                0x0000000000000d48       0x38 ./General_Files/apps/src/pid.o
 .debug_aranges
                0x0000000000000d80       0x50 ./FreeRTOS/portable/MemMang/heap_4.o
 .debug_aranges
                0x0000000000000dd0       0x58 ./FreeRTOS/portable/GCC/RISC-V/port.o
 .debug_aranges
                0x0000000000000e28       0x20 ./FreeRTOS/portable/GCC/RISC-V/portASM.o
 .debug_aranges
                0x0000000000000e48       0x40 ./FreeRTOS/list.o
 .debug_aranges
                0x0000000000000e88      0x108 ./FreeRTOS/queue.o
 .debug_aranges
                0x0000000000000f90      0x1b0 ./FreeRTOS/tasks.o
 .debug_aranges
                0x0000000000001140       0xb8 ./FreeRTOS/timers.o
 .debug_aranges
                0x00000000000011f8       0x50 ./Debug/debug.o

.debug_ranges   0x0000000000000000     0x1e00
 .debug_ranges  0x0000000000000000       0x18 ./User/RTOS_tasks.o
 .debug_ranges  0x0000000000000018       0x18 ./User/ch32v30x_it.o
 .debug_ranges  0x0000000000000030       0x18 ./User/main.o
 .debug_ranges  0x0000000000000048       0x38 ./User/system_ch32v30x.o
 .debug_ranges  0x0000000000000080       0x28 ./Startup/startup_ch32v30x_D8C.o
 .debug_ranges  0x00000000000000a8       0x50 ./Peripheral/src/ch32v30x_dbgmcu.o
 .debug_ranges  0x00000000000000f8       0xa0 ./Peripheral/src/ch32v30x_gpio.o
 .debug_ranges  0x0000000000000198      0x100 ./Peripheral/src/ch32v30x_i2c.o
 .debug_ranges  0x0000000000000298       0x48 ./Peripheral/src/ch32v30x_misc.o
 .debug_ranges  0x00000000000002e0      0x198 ./Peripheral/src/ch32v30x_rcc.o
 .debug_ranges  0x0000000000000478      0x2f0 ./Peripheral/src/ch32v30x_tim.o
 .debug_ranges  0x0000000000000768       0xe0 ./Peripheral/src/ch32v30x_usart.o
 .debug_ranges  0x0000000000000848      0x8b0 ./General_Files/eMPL/inv_mpu.o
 .debug_ranges  0x00000000000010f8      0x118 ./General_Files/eMPL/inv_mpu_dmp_motion_driver.o
 .debug_ranges  0x0000000000001210       0x70 ./General_Files/drivers/MPU6050.o
 .debug_ranges  0x0000000000001280       0x18 ./General_Files/drivers/bsp_filter.o
 .debug_ranges  0x0000000000001298       0x28 ./General_Files/drivers/pwm.o
 .debug_ranges  0x00000000000012c0       0x48 ./General_Files/drivers/tim.o
 .debug_ranges  0x0000000000001308       0x28 ./General_Files/drivers/uart.o
 .debug_ranges  0x0000000000001330       0x50 ./General_Files/apps/src/CRC.o
 .debug_ranges  0x0000000000001380       0x88 ./General_Files/apps/src/CRSF.o
 .debug_ranges  0x0000000000001408       0x98 ./General_Files/apps/src/control.o
 .debug_ranges  0x00000000000014a0       0x28 ./General_Files/apps/src/pid.o
 .debug_ranges  0x00000000000014c8       0x40 ./FreeRTOS/portable/MemMang/heap_4.o
 .debug_ranges  0x0000000000001508       0x60 ./FreeRTOS/portable/GCC/RISC-V/port.o
 .debug_ranges  0x0000000000001568       0x30 ./FreeRTOS/list.o
 .debug_ranges  0x0000000000001598      0x2c8 ./FreeRTOS/queue.o
 .debug_ranges  0x0000000000001860      0x410 ./FreeRTOS/tasks.o
 .debug_ranges  0x0000000000001c70      0x150 ./FreeRTOS/timers.o
 .debug_ranges  0x0000000000001dc0       0x40 ./Debug/debug.o

.debug_line     0x0000000000000000    0x20c36
 .debug_line    0x0000000000000000      0x3ad ./User/RTOS_tasks.o
 .debug_line    0x00000000000003ad      0x22f ./User/ch32v30x_it.o
 .debug_line    0x00000000000005dc      0x460 ./User/main.o
 .debug_line    0x0000000000000a3c      0x8d2 ./User/system_ch32v30x.o
 .debug_line    0x000000000000130e      0x122 ./Startup/startup_ch32v30x_D8C.o
 .debug_line    0x0000000000001430      0x394 ./Peripheral/src/ch32v30x_dbgmcu.o
 .debug_line    0x00000000000017c4     0x1024 ./Peripheral/src/ch32v30x_gpio.o
 .debug_line    0x00000000000027e8     0x113f ./Peripheral/src/ch32v30x_i2c.o
 .debug_line    0x0000000000003927      0x3d4 ./Peripheral/src/ch32v30x_misc.o
 .debug_line    0x0000000000003cfb     0x198f ./Peripheral/src/ch32v30x_rcc.o
 .debug_line    0x000000000000568a     0x32fc ./Peripheral/src/ch32v30x_tim.o
 .debug_line    0x0000000000008986      0xefc ./Peripheral/src/ch32v30x_usart.o
 .debug_line    0x0000000000009882     0x4f3a ./General_Files/eMPL/inv_mpu.o
 .debug_line    0x000000000000e7bc     0x2238 ./General_Files/eMPL/inv_mpu_dmp_motion_driver.o
 .debug_line    0x00000000000109f4      0xbb9 ./General_Files/drivers/MPU6050.o
 .debug_line    0x00000000000115ad      0x443 ./General_Files/drivers/bsp_filter.o
 .debug_line    0x00000000000119f0      0x6dc ./General_Files/drivers/pwm.o
 .debug_line    0x00000000000120cc      0x8a4 ./General_Files/drivers/tim.o
 .debug_line    0x0000000000012970      0x8b8 ./General_Files/drivers/uart.o
 .debug_line    0x0000000000013228      0x257 ./General_Files/apps/src/CRC.o
 .debug_line    0x000000000001347f      0x6a9 ./General_Files/apps/src/CRSF.o
 .debug_line    0x0000000000013b28      0xf9d ./General_Files/apps/src/control.o
 .debug_line    0x0000000000014ac5      0x4dd ./General_Files/apps/src/pid.o
 .debug_line    0x0000000000014fa2      0xc62 ./FreeRTOS/portable/MemMang/heap_4.o
 .debug_line    0x0000000000015c04      0x773 ./FreeRTOS/portable/GCC/RISC-V/port.o
 .debug_line    0x0000000000016377      0x374 ./FreeRTOS/portable/GCC/RISC-V/portASM.o
 .debug_line    0x00000000000166eb      0x67d ./FreeRTOS/list.o
 .debug_line    0x0000000000016d68     0x318e ./FreeRTOS/queue.o
 .debug_line    0x0000000000019ef6     0x5014 ./FreeRTOS/tasks.o