Archive member included to satisfy reference by file (symbol)

d:/mounriver/mounriver_studio/toolchain/risc-v embedded gcc/bin/../lib/gcc/riscv-none-embed/8.2.0/../../../../riscv-none-embed/lib/rv32imacxw/ilp32\libm.a(lib_a-wf_asin.o)
                              ./General_Files/eMPL/inv_mpu.o (asinf)
d:/mounriver/mounriver_studio/toolchain/risc-v embedded gcc/bin/../lib/gcc/riscv-none-embed/8.2.0/../../../../riscv-none-embed/lib/rv32imacxw/ilp32\libm.a(lib_a-wf_atan2.o)
                              ./General_Files/eMPL/inv_mpu.o (atan2f)
d:/mounriver/mounriver_studio/toolchain/risc-v embedded gcc/bin/../lib/gcc/riscv-none-embed/8.2.0/../../../../riscv-none-embed/lib/rv32imacxw/ilp32\libm.a(lib_a-ef_asin.o)
                              d:/mounriver/mounriver_studio/toolchain/risc-v embedded gcc/bin/../lib/gcc/riscv-none-embed/8.2.0/../../../../riscv-none-embed/lib/rv32imacxw/ilp32\libm.a(lib_a-wf_asin.o) (__ieee754_asinf)
d:/mounriver/mounriver_studio/toolchain/risc-v embedded gcc/bin/../lib/gcc/riscv-none-embed/8.2.0/../../../../riscv-none-embed/lib/rv32imacxw/ilp32\libm.a(lib_a-ef_atan2.o)
                              d:/mounriver/mounriver_studio/toolchain/risc-v embedded gcc/bin/../lib/gcc/riscv-none-embed/8.2.0/../../../../riscv-none-embed/lib/rv32imacxw/ilp32\libm.a(lib_a-wf_atan2.o) (__ieee754_atan2f)
d:/mounriver/mounriver_studio/toolchain/risc-v embedded gcc/bin/../lib/gcc/riscv-none-embed/8.2.0/../../../../riscv-none-embed/lib/rv32imacxw/ilp32\libm.a(lib_a-ef_sqrt.o)
                              d:/mounriver/mounriver_studio/toolchain/risc-v embedded gcc/bin/../lib/gcc/riscv-none-embed/8.2.0/../../../../riscv-none-embed/lib/rv32imacxw/ilp32\libm.a(lib_a-ef_asin.o) (__ieee754_sqrtf)
d:/mounriver/mounriver_studio/toolchain/risc-v embedded gcc/bin/../lib/gcc/riscv-none-embed/8.2.0/../../../../riscv-none-embed/lib/rv32imacxw/ilp32\libm.a(lib_a-s_lib_ver.o)
                              d:/mounriver/mounriver_studio/toolchain/risc-v embedded gcc/bin/../lib/gcc/riscv-none-embed/8.2.0/../../../../riscv-none-embed/lib/rv32imacxw/ilp32\libm.a(lib_a-wf_asin.o) (__fdlib_version)
d:/mounriver/mounriver_studio/toolchain/risc-v embedded gcc/bin/../lib/gcc/riscv-none-embed/8.2.0/../../../../riscv-none-embed/lib/rv32imacxw/ilp32\libm.a(lib_a-s_matherr.o)
                              d:/mounriver/mounriver_studio/toolchain/risc-v embedded gcc/bin/../lib/gcc/riscv-none-embed/8.2.0/../../../../riscv-none-embed/lib/rv32imacxw/ilp32\libm.a(lib_a-wf_asin.o) (matherr)
d:/mounriver/mounriver_studio/toolchain/risc-v embedded gcc/bin/../lib/gcc/riscv-none-embed/8.2.0/../../../../riscv-none-embed/lib/rv32imacxw/ilp32\libm.a(lib_a-s_nan.o)
                              d:/mounriver/mounriver_studio/toolchain/risc-v embedded gcc/bin/../lib/gcc/riscv-none-embed/8.2.0/../../../../riscv-none-embed/lib/rv32imacxw/ilp32\libm.a(lib_a-wf_asin.o) (nan)
d:/mounriver/mounriver_studio/toolchain/risc-v embedded gcc/bin/../lib/gcc/riscv-none-embed/8.2.0/../../../../riscv-none-embed/lib/rv32imacxw/ilp32\libm.a(lib_a-sf_atan.o)
                              d:/mounriver/mounriver_studio/toolchain/risc-v embedded gcc/bin/../lib/gcc/riscv-none-embed/8.2.0/../../../../riscv-none-embed/lib/rv32imacxw/ilp32\libm.a(lib_a-ef_atan2.o) (atanf)
d:/mounriver/mounriver_studio/toolchain/risc-v embedded gcc/bin/../lib/gcc/riscv-none-embed/8.2.0/../../../../riscv-none-embed/lib/rv32imacxw/ilp32\libm.a(lib_a-sf_fabs.o)
                              d:/mounriver/mounriver_studio/toolchain/risc-v embedded gcc/bin/../lib/gcc/riscv-none-embed/8.2.0/../../../../riscv-none-embed/lib/rv32imacxw/ilp32\libm.a(lib_a-wf_asin.o) (fabsf)
d:/mounriver/mounriver_studio/toolchain/risc-v embedded gcc/bin/../lib/gcc/riscv-none-embed/8.2.0/../../../../riscv-none-embed/lib/rv32imacxw/ilp32\libprintfloat.a(printfloat.o)
                              ./User/RTOS_apps/Print_status.o (printf)
d:/mounriver/mounriver_studio/toolchain/risc-v embedded gcc/bin/../lib/gcc/riscv-none-embed/8.2.0/rv32imacxw/ilp32\libgcc.a(_divdi3.o)
                              ./General_Files/eMPL/inv_mpu.o (__divdi3)
d:/mounriver/mounriver_studio/toolchain/risc-v embedded gcc/bin/../lib/gcc/riscv-none-embed/8.2.0/rv32imacxw/ilp32\libgcc.a(_udivdi3.o)
                              d:/mounriver/mounriver_studio/toolchain/risc-v embedded gcc/bin/../lib/gcc/riscv-none-embed/8.2.0/../../../../riscv-none-embed/lib/rv32imacxw/ilp32\libprintfloat.a(printfloat.o) (__udivdi3)
d:/mounriver/mounriver_studio/toolchain/risc-v embedded gcc/bin/../lib/gcc/riscv-none-embed/8.2.0/rv32imacxw/ilp32\libgcc.a(_umoddi3.o)
                              d:/mounriver/mounriver_studio/toolchain/risc-v embedded gcc/bin/../lib/gcc/riscv-none-embed/8.2.0/../../../../riscv-none-embed/lib/rv32imacxw/ilp32\libprintfloat.a(printfloat.o) (__umoddi3)
d:/mounriver/mounriver_studio/toolchain/risc-v embedded gcc/bin/../lib/gcc/riscv-none-embed/8.2.0/rv32imacxw/ilp32\libgcc.a(adddf3.o)
[...]
Memory Configuration

Name             Origin             Length             Attributes
FLASH            0x0000000000000000 0x0000000000020000 xr
RAM              0x0000000020000000 0x0000000000008000 xrw
*default*        0x0000000000000000 0xffffffffffffffff

Linker script and memory map

LOAD ./User/RTOS_apps/IMU_handle.o
LOAD ./User/RTOS_apps/Print_status.o
LOAD ./User/RTOS_apps/control_handle.o
LOAD ./User/RTOS_apps/soft_stast.o
LOAD ./User/RTOS_tasks.o
LOAD ./User/ch32v30x_it.o
LOAD ./User/main.o
LOAD ./User/system_ch32v30x.o
LOAD ./Startup/startup_ch32v30x_D8C.o
LOAD ./Peripheral/src/ch32v30x_adc.o
LOAD ./Peripheral/src/ch32v30x_bkp.o
LOAD ./Peripheral/src/ch32v30x_can.o
LOAD ./Peripheral/src/ch32v30x_crc.o
LOAD ./Peripheral/src/ch32v30x_dac.o
LOAD ./Peripheral/src/ch32v30x_dbgmcu.o
LOAD ./Peripheral/src/ch32v30x_dma.o
LOAD ./Peripheral/src/ch32v30x_dvp.o
LOAD ./Peripheral/src/ch32v30x_eth.o
LOAD ./Peripheral/src/ch32v30x_exti.o
LOAD ./Peripheral/src/ch32v30x_flash.o
LOAD ./Peripheral/src/ch32v30x_fsmc.o
LOAD ./Peripheral/src/ch32v30x_gpio.o
LOAD ./Peripheral/src/ch32v30x_i2c.o
LOAD ./Peripheral/src/ch32v30x_iwdg.o
LOAD ./Peripheral/src/ch32v30x_misc.o
LOAD ./Peripheral/src/ch32v30x_opa.o
LOAD ./Peripheral/src/ch32v30x_pwr.o
LOAD ./Peripheral/src/ch32v30x_rcc.o
LOAD ./Peripheral/src/ch32v30x_rng.o
LOAD ./Peripheral/src/ch32v30x_rtc.o
LOAD ./Peripheral/src/ch32v30x_sdio.o
LOAD ./Peripheral/src/ch32v30x_spi.o
LOAD ./Peripheral/src/ch32v30x_tim.o
LOAD ./Peripheral/src/ch32v30x_usart.o
LOAD ./Peripheral/src/ch32v30x_wwdg.o
LOAD ./General_Files/eMPL/inv_mpu.o
LOAD ./General_Files/eMPL/inv_mpu_dmp_motion_driver.o
LOAD ./General_Files/drivers/BMP280.o
LOAD ./General_Files/drivers/MPU6050.o
LOAD ./General_Files/drivers/MyI2C.o
LOAD ./General_Files/drivers/ST7789.o
LOAD ./General_Files/drivers/adc.o
LOAD ./General_Files/drivers/bsp_filter.o
LOAD ./General_Files/drivers/gpio.o
LOAD ./General_Files/drivers/mtf01.o
LOAD ./General_Files/drivers/pwm.o
LOAD ./General_Files/drivers/tim.o
LOAD ./General_Files/drivers/uart.o
LOAD ./General_Files/apps/src/CRC.o
LOAD ./General_Files/apps/src/CRSF.o
LOAD ./General_Files/apps/src/pid.o
LOAD ./General_Files/system.o
LOAD ./FreeRTOS/portable/MemMang/heap_4.o
LOAD ./FreeRTOS/portable/GCC/RISC-V/port.o
LOAD ./FreeRTOS/portable/GCC/RISC-V/portASM.o
LOAD ./FreeRTOS/croutine.o
LOAD ./FreeRTOS/event_groups.o
LOAD ./FreeRTOS/list.o
LOAD ./FreeRTOS/queue.o
LOAD ./FreeRTOS/stream_buffer.o
LOAD ./FreeRTOS/tasks.o
LOAD ./FreeRTOS/timers.o
LOAD ./Debug/debug.o
LOAD ./Core/core_riscv.o
LOAD d:/mounriver/mounriver_studio/toolchain/risc-v embedded gcc/bin/../lib/gcc/riscv-none-embed/8.2.0/../../../../riscv-none-embed/lib/rv32imacxw/ilp32\libm.a
LOAD d:/mounriver/mounriver_studio/toolchain/risc-v embedded gcc/bin/../lib/gcc/riscv-none-embed/8.2.0/../../../../riscv-none-embed/lib/rv32imacxw/ilp32\libprintfloat.a
LOAD d:/mounriver/mounriver_studio/toolchain/risc-v embedded gcc/bin/../lib/gcc/riscv-none-embed/8.2.0/rv32imacxw/ilp32\libgcc.a
LOAD d:/mounriver/mounriver_studio/toolchain/risc-v embedded gcc/bin/../lib/gcc/riscv-none-embed/8.2.0/../../../../riscv-none-embed/lib/rv32imacxw/ilp32\libg_nano.a
LOAD d:/mounriver/mounriver_studio/toolchain/risc-v embedded gcc/bin/../lib/gcc/riscv-none-embed/8.2.0/../../../../riscv-none-embed/lib/rv32imacxw/ilp32\libc_nano.a
LOAD d:/mounriver/mounriver_studio/toolchain/risc-v embedded gcc/bin/../lib/gcc/riscv-none-embed/8.2.0/rv32imacxw/ilp32\libgcc.a
START GROUP
LOAD d:/mounriver/mounriver_studio/toolchain/risc-v embedded gcc/bin/../lib/gcc/riscv-none-embed/8.2.0/rv32imacxw/ilp32\libgcc.a
LOAD d:/mounriver/mounriver_studio/toolchain/risc-v embedded gcc/bin/../lib/gcc/riscv-none-embed/8.2.0/../../../../riscv-none-embed/lib/rv32imacxw/ilp32\libc_nano.a
LOAD d:/mounriver/mounriver_studio/toolchain/risc-v embedded gcc/bin/../lib/gcc/riscv-none-embed/8.2.0/../../../../riscv-none-embed/lib/rv32imacxw/ilp32\libnosys.a
END GROUP
START GROUP
LOAD d:/mounriver/mounriver_studio/toolchain/risc-v embedded gcc/bin/../lib/gcc/riscv-none-embed/8.2.0/rv32imacxw/ilp32\libgcc.a
LOAD d:/mounriver/mounriver_studio/toolchain/risc-v embedded gcc/bin/../lib/gcc/riscv-none-embed/8.2.0/../../../../riscv-none-embed/lib/rv32imacxw/ilp32\libc_nano.a
LOAD d:/mounriver/mounriver_studio/toolchain/risc-v embedded gcc/bin/../lib/gcc/riscv-none-embed/8.2.0/../../../../riscv-none-embed/lib/rv32imacxw/ilp32\libnosys.a
END GROUP
                0x0000000000000800                __stack_size = 0x800
                [!provide]                        PROVIDE (_stack_size = __stack_size)

.init           0x0000000000000000        0x4
                0x0000000000000000                _sinit = .
                0x0000000000000000                . = ALIGN (0x4)
 *(SORT_NONE(.init))
 .init          0x0000000000000000        0x4 ./Startup/startup_ch32v30x_D8C.o
                0x0000000000000000                _start
                0x0000000000000004                . = ALIGN (0x4)
                0x0000000000000004                _einit = .

.vector         0x0000000000000004      0x1bc
 *(.vector)
 .vector        0x0000000000000004      0x1a0 ./Startup/startup_ch32v30x_D8C.o
                0x00000000000001c0                . = ALIGN (0x40)
 *fill*         0x00000000000001a4       0x1c 

.text           0x0000000000000200     0xc33c
                0x0000000000000200                . = ALIGN (0x4)
 *(.text)
 .text          0x0000000000000200      0x2e6 ./FreeRTOS/portable/GCC/RISC-V/portASM.o
                0x0000000000000200                SW_Handler
                0x0000000000000300                xPortStartFirstTask
                0x0000000000000400                pxPortInitialiseStack
 .text          0x00000000000004e6       0x60 d:/mounriver/mounriver_studio/toolchain/risc-v embedded gcc/bin/../lib/gcc/riscv-none-embed/8.2.0/rv32imacxw/ilp32\libgcc.a(save-restore.o)
                0x00000000000004e6                __riscv_save_12
                0x00000000000004ee                __riscv_save_9
                0x00000000000004ee                __riscv_save_11
                0x00000000000004ee                __riscv_save_10
                0x00000000000004ee                __riscv_save_8
                0x00000000000004fc                __riscv_save_4
                0x00000000000004fc                __riscv_save_6
                0x00000000000004fc                __riscv_save_5
                0x00000000000004fc                __riscv_save_7
                0x0000000000000516                __riscv_save_3
                0x0000000000000516                __riscv_save_2
                0x0000000000000516                __riscv_save_1
                0x0000000000000516                __riscv_save_0
                0x0000000000000522                __riscv_restore_12
                0x0000000000000526                __riscv_restore_11
                0x0000000000000526                __riscv_restore_9
                0x0000000000000526                __riscv_restore_10
                0x0000000000000526                __riscv_restore_8
                0x0000000000000530                __riscv_restore_5
                0x0000000000000530                __riscv_restore_7
                0x0000000000000530                __riscv_restore_6
                0x0000000000000530                __riscv_restore_4
                0x000000000000053a                __riscv_restore_3
                0x000000000000053a                __riscv_restore_0
                0x000000000000053a                __riscv_restore_2
                0x000000000000053a                __riscv_restore_1
 .text          0x0000000000000546       0xa8 d:/mounriver/mounriver_studio/toolchain/risc-v embedded gcc/bin/../lib/gcc/riscv-none-embed/8.2.0/../../../../riscv-none-embed/lib/rv32imacxw/ilp32\libg_nano.a(lib_a-memset.o)
                0x0000000000000546                memset
 *(.text.*)
 .text.load_filter_data
                0x00000000000005ee       0x6a ./User/RTOS_apps/IMU_handle.o
                0x00000000000005ee                load_filter_data
 .text.calc_IMU_filter
                0x0000000000000658       0x5e ./User/RTOS_apps/IMU_handle.o
                0x0000000000000658                calc_IMU_filter
 .text.IMU_task
                0x00000000000006b6       0x28 ./User/RTOS_apps/IMU_handle.o
                0x00000000000006b6                IMU_task
 .text.Print_status_task
                0x00000000000006de        0xc ./User/RTOS_apps/Print_status.o
                0x00000000000006de                Print_status_task
 .text.PIDSTRUCT_Init
                0x00000000000006ea      0x1f8 ./User/RTOS_apps/control_handle.o
                0x00000000000006ea                PIDSTRUCT_Init
 .text.ELRS_Convert_angle
                0x00000000000008e2       0x3e ./User/RTOS_apps/control_handle.o
                0x00000000000008e2                ELRS_Convert_angle
 .text.ELRS_Convert_throttle
                0x0000000000000920       0x48 ./User/RTOS_apps/control_handle.o
                0x0000000000000920                ELRS_Convert_throttle
 .text.ELRS_Convert_lock
                0x0000000000000968       0x16 ./User/RTOS_apps/control_handle.o
                0x0000000000000968                ELRS_Convert_lock
 .text.ELRS_Convert_flight_mode
                0x000000000000097e       0x2c ./User/RTOS_apps/control_handle.o
                0x000000000000097e                ELRS_Convert_flight_mode
 .text.Roll_outerloop_ctr
                0x00000000000009aa       0x36 ./User/RTOS_apps/control_handle.o
                0x00000000000009aa                Roll_outerloop_ctr
 .text.Roll_innerloop_ctr
                0x00000000000009e0       0x36 ./User/RTOS_apps/control_handle.o
                0x00000000000009e0                Roll_innerloop_ctr
 .text.Yaw_outerloop_ctr
                0x0000000000000a16       0x34 ./User/RTOS_apps/control_handle.o
                0x0000000000000a16                Yaw_outerloop_ctr
 .text.Yaw_innerloop_ctr
                0x0000000000000a4a       0x38 ./User/RTOS_apps/control_handle.o
                0x0000000000000a4a                Yaw_innerloop_ctr
 .text.Pitch_outerloop_ctr
                0x0000000000000a82       0x36 ./User/RTOS_apps/control_handle.o
                0x0000000000000a82                Pitch_outerloop_ctr
 .text.Pitch_innerloop_ctr
                0x0000000000000ab8       0x36 ./User/RTOS_apps/control_handle.o
                0x0000000000000ab8                Pitch_innerloop_ctr
 .text.Check_control_mode
                0x0000000000000aee       0x20 ./User/RTOS_apps/control_handle.o
                0x0000000000000aee                Check_control_mode
 .text.Update_ELRS
                0x0000000000000b0e       0x36 ./User/RTOS_apps/control_handle.o
                0x0000000000000b0e                Update_ELRS
 .text.Flight_control
                0x0000000000000b44      0x19a ./User/RTOS_apps/control_handle.o
                0x0000000000000b44                Flight_control
 .text.control_para_init
                0x0000000000000cde       0x38 ./User/RTOS_apps/control_handle.o
                0x0000000000000cde                control_para_init
 .text.Stop_motor
                0x0000000000000d16       0x30 ./User/RTOS_apps/control_handle.o
                0x0000000000000d16                Stop_motor
 .text.control_handle_task
                0x0000000000000d46       0x9c ./User/RTOS_apps/control_handle.o
                0x0000000000000d46                control_handle_task
 .text.Motor_sort_start
                0x0000000000000de2       0xf4 ./User/RTOS_apps/soft_stast.o
                0x0000000000000de2                Motor_sort_start
 .text.RTOS_init
                0x0000000000000ed6       0x9c ./User/RTOS_tasks.o
                0x0000000000000ed6                RTOS_init
 .text.NMI_Handler
                0x0000000000000f72        0x4 ./User/ch32v30x_it.o
                0x0000000000000f72                NMI_Handler
 .text.HardFault_Handler
                0x0000000000000f76        0x2 ./User/ch32v30x_it.o
                0x0000000000000f76                HardFault_Handler
 .text.GPIO_Toggle_INIT
                0x0000000000000f78       0x34 ./User/main.o
                0x0000000000000f78                GPIO_Toggle_INIT
 .text.startup.main
                0x0000000000000fac       0x66 ./User/main.o
                0x0000000000000fac                main
 .text.SystemInit
                0x0000000000001012       0xfa ./User/system_ch32v30x.o
                0x0000000000001012                SystemInit
 .text.SystemCoreClockUpdate
                0x000000000000110c      0x12a ./User/system_ch32v30x.o
                0x000000000000110c                SystemCoreClockUpdate
 .text.vector_handler
                0x0000000000001236        0x2 ./Startup/startup_ch32v30x_D8C.o
                0x0000000000001236                EXTI2_IRQHandler
                0x0000000000001236                TIM8_TRG_COM_IRQHandler
                0x0000000000001236                TIM8_CC_IRQHandler
                0x0000000000001236                UART8_IRQHandler
                0x0000000000001236                TIM1_CC_IRQHandler
                0x0000000000001236                TIM6_IRQHandler
                0x0000000000001236                PVD_IRQHandler
                0x0000000000001236                SDIO_IRQHandler
                0x0000000000001236                TIM9_BRK_IRQHandler
                0x0000000000001236                DMA2_Channel8_IRQHandler
                0x0000000000001236                CAN2_RX1_IRQHandler
                0x0000000000001236                EXTI3_IRQHandler
                0x0000000000001236                USBHS_IRQHandler
                0x0000000000001236                DMA2_Channel9_IRQHandler
                0x0000000000001236                TIM10_CC_IRQHandler
                0x0000000000001236                USBFS_IRQHandler
                0x0000000000001236                EXTI0_IRQHandler
                0x0000000000001236                I2C2_EV_IRQHandler
                0x0000000000001236                TIM10_TRG_COM_IRQHandler
                0x0000000000001236                CAN2_SCE_IRQHandler
                0x0000000000001236                ADC1_2_IRQHandler
                0x0000000000001236                Break_Point_Handler
                0x0000000000001236                SPI1_IRQHandler
                0x0000000000001236                TAMPER_IRQHandler
                0x0000000000001236                CAN2_RX0_IRQHandler
                0x0000000000001236                TIM8_UP_IRQHandler
                0x0000000000001236                Ecall_M_Mode_Handler
                0x0000000000001236                DMA2_Channel2_IRQHandler
                0x0000000000001236                DMA1_Channel4_IRQHandler
                0x0000000000001236                TIM9_UP_IRQHandler
                0x0000000000001236                USART3_IRQHandler
                0x0000000000001236                RTC_IRQHandler
                0x0000000000001236                DMA1_Channel7_IRQHandler
                0x0000000000001236                CAN1_RX1_IRQHandler
                0x0000000000001236                DVP_IRQHandler
                0x0000000000001236                UART5_IRQHandler
                0x0000000000001236                DMA2_Channel1_IRQHandler
                0x0000000000001236                I2C1_EV_IRQHandler
                0x0000000000001236                DMA1_Channel6_IRQHandler
                0x0000000000001236                UART4_IRQHandler
                0x0000000000001236                DMA2_Channel4_IRQHandler
                0x0000000000001236                RCC_IRQHandler
                0x0000000000001236                TIM1_TRG_COM_IRQHandler
                0x0000000000001236                DMA1_Channel1_IRQHandler
                0x0000000000001236                DMA2_Channel7_IRQHandler
                0x0000000000001236                EXTI15_10_IRQHandler
                0x0000000000001236                TIM7_IRQHandler
                0x0000000000001236                CAN2_TX_IRQHandler
                0x0000000000001236                TIM5_IRQHandler
                0x0000000000001236                EXTI9_5_IRQHandler
                0x0000000000001236                ETH_WKUP_IRQHandler
                0x0000000000001236                SPI2_IRQHandler
                0x0000000000001236                TIM10_BRK_IRQHandler
                0x0000000000001236                TIM9_CC_IRQHandler
                0x0000000000001236                DMA2_Channel5_IRQHandler
                0x0000000000001236                DMA1_Channel5_IRQHandler
                0x0000000000001236                EXTI4_IRQHandler
                0x0000000000001236                USB_LP_CAN1_RX0_IRQHandler
                0x0000000000001236                RNG_IRQHandler
                0x0000000000001236                USB_HP_CAN1_TX_IRQHandler
                0x0000000000001236                DMA1_Channel3_IRQHandler
                0x0000000000001236                ETH_IRQHandler
                0x0000000000001236                TIM1_UP_IRQHandler
                0x0000000000001236                WWDG_IRQHandler
                0x0000000000001236                USBHSWakeup_IRQHandler
                0x0000000000001236                DMA2_Channel11_IRQHandler
                0x0000000000001236                Ecall_U_Mode_Handler
                0x0000000000001236                DMA2_Channel6_IRQHandler
                0x0000000000001236                TIM2_IRQHandler
                0x0000000000001236                TIM1_BRK_IRQHandler
                0x0000000000001236                DMA2_Channel10_IRQHandler
                0x0000000000001236                EXTI1_IRQHandler
                0x0000000000001236                RTCAlarm_IRQHandler
                0x0000000000001236                TIM10_UP_IRQHandler
                0x0000000000001236                TIM9_TRG_COM_IRQHandler
                0x0000000000001236                UART7_IRQHandler
                0x0000000000001236                UART6_IRQHandler
                0x0000000000001236                I2C2_ER_IRQHandler
                0x0000000000001236                DMA1_Channel2_IRQHandler
                0x0000000000001236                TIM8_BRK_IRQHandler
                0x0000000000001236                CAN1_SCE_IRQHandler
                0x0000000000001236                FLASH_IRQHandler
                0x0000000000001236                USART1_IRQHandler
                0x0000000000001236                SPI3_IRQHandler
                0x0000000000001236                I2C1_ER_IRQHandler
                0x0000000000001236                USBWakeUp_IRQHandler
                0x0000000000001236                DMA2_Channel3_IRQHandler
 .text.handle_reset
                0x0000000000001238       0x92 ./Startup/startup_ch32v30x_D8C.o
                0x0000000000001238                handle_reset
 .text.ADC_DeInit
                0x00000000000012ca       0x46 ./Peripheral/src/ch32v30x_adc.o
                0x00000000000012ca                ADC_DeInit
 .text.ADC_Init
                0x0000000000001310       0x56 ./Peripheral/src/ch32v30x_adc.o
                0x0000000000001310                ADC_Init
 .text.ADC_Cmd  0x0000000000001366       0x10 ./Peripheral/src/ch32v30x_adc.o
                0x0000000000001366                ADC_Cmd
 .text.ADC_DMACmd
                0x0000000000001376       0x12 ./Peripheral/src/ch32v30x_adc.o
                0x0000000000001376                ADC_DMACmd
 .text.ADC_ResetCalibration
                0x0000000000001388        0xa ./Peripheral/src/ch32v30x_adc.o
                0x0000000000001388                ADC_ResetCalibration
 .text.ADC_GetResetCalibrationStatus
                0x0000000000001392        0x8 ./Peripheral/src/ch32v30x_adc.o
                0x0000000000001392                ADC_GetResetCalibrationStatus
 .text.ADC_StartCalibration
                0x000000000000139a        0xa ./Peripheral/src/ch32v30x_adc.o
                0x000000000000139a                ADC_StartCalibration
 .text.ADC_GetCalibrationStatus
                0x00000000000013a4        0x8 ./Peripheral/src/ch32v30x_adc.o
                0x00000000000013a4                ADC_GetCalibrationStatus
 .text.ADC_SoftwareStartConvCmd
                0x00000000000013ac       0x18 ./Peripheral/src/ch32v30x_adc.o
                0x00000000000013ac                ADC_SoftwareStartConvCmd
 .text.ADC_RegularChannelConfig
                0x00000000000013c4       0xb8 ./Peripheral/src/ch32v30x_adc.o
                0x00000000000013c4                ADC_RegularChannelConfig
 .text.ADC_BufferCmd
                0x000000000000147c       0x18 ./Peripheral/src/ch32v30x_adc.o
                0x000000000000147c                ADC_BufferCmd
 .text.Get_CalibrationValue
                0x0000000000001494      0x130 ./Peripheral/src/ch32v30x_adc.o
                0x0000000000001494                Get_CalibrationValue
 .text.DMA_DeInit
                0x00000000000015c4      0x16c ./Peripheral/src/ch32v30x_dma.o
                0x00000000000015c4                DMA_DeInit
 .text.DMA_Init
                0x0000000000001730       0x38 ./Peripheral/src/ch32v30x_dma.o
                0x0000000000001730                DMA_Init
 .text.DMA_Cmd  0x0000000000001768       0x14 ./Peripheral/src/ch32v30x_dma.o
                0x0000000000001768                DMA_Cmd
 .text.GPIO_Init
                0x000000000000177c       0xc0 ./Peripheral/src/ch32v30x_gpio.o
                0x000000000000177c                GPIO_Init
 .text.GPIO_ReadInputDataBit
                0x000000000000183c        0xa ./Peripheral/src/ch32v30x_gpio.o
                0x000000000000183c                GPIO_ReadInputDataBit
 .text.GPIO_SetBits
                0x0000000000001846        0x4 ./Peripheral/src/ch32v30x_gpio.o
                0x0000000000001846                GPIO_SetBits
 .text.GPIO_WriteBit
                0x000000000000184a        0xa ./Peripheral/src/ch32v30x_gpio.o
                0x000000000000184a                GPIO_WriteBit
 .text.GPIO_PinRemapConfig
                0x0000000000001854       0xc4 ./Peripheral/src/ch32v30x_gpio.o
                0x0000000000001854                GPIO_PinRemapConfig
 .text.I2C_Init
                0x0000000000001918       0xf2 ./Peripheral/src/ch32v30x_i2c.o
                0x0000000000001918                I2C_Init
 .text.I2C_Cmd  0x0000000000001a0a       0x18 ./Peripheral/src/ch32v30x_i2c.o
                0x0000000000001a0a                I2C_Cmd
 .text.I2C_GenerateSTART
                0x0000000000001a22       0x1a ./Peripheral/src/ch32v30x_i2c.o
                0x0000000000001a22                I2C_GenerateSTART
 .text.I2C_GenerateSTOP
                0x0000000000001a3c       0x1a ./Peripheral/src/ch32v30x_i2c.o
                0x0000000000001a3c                I2C_GenerateSTOP
 .text.I2C_AcknowledgeConfig
                0x0000000000001a56       0x1a ./Peripheral/src/ch32v30x_i2c.o
                0x0000000000001a56                I2C_AcknowledgeConfig
 .text.I2C_SendData
                0x0000000000001a70        0x4 ./Peripheral/src/ch32v30x_i2c.o
                0x0000000000001a70                I2C_SendData
 .text.I2C_ReceiveData
                0x0000000000001a74        0x8 ./Peripheral/src/ch32v30x_i2c.o
                0x0000000000001a74                I2C_ReceiveData
 .text.I2C_Send7bitAddress
                0x0000000000001a7c       0x12 ./Peripheral/src/ch32v30x_i2c.o
                0x0000000000001a7c                I2C_Send7bitAddress
 .text.I2C_CheckEvent
                0x0000000000001a8e       0x16 ./Peripheral/src/ch32v30x_i2c.o
                0x0000000000001a8e                I2C_CheckEvent
 .text.I2C_GetFlagStatus
                0x0000000000001aa4       0x32 ./Peripheral/src/ch32v30x_i2c.o
                0x0000000000001aa4                I2C_GetFlagStatus
 .text.NVIC_PriorityGroupConfig
                0x0000000000001ad6        0xa ./Peripheral/src/ch32v30x_misc.o
                0x0000000000001ad6                NVIC_PriorityGroupConfig
 .text.NVIC_Init
                0x0000000000001ae0       0xaa ./Peripheral/src/ch32v30x_misc.o
                0x0000000000001ae0                NVIC_Init
 .text.RCC_ADCCLKConfig
                0x0000000000001b8a       0x12 ./Peripheral/src/ch32v30x_rcc.o
                0x0000000000001b8a                RCC_ADCCLKConfig
 .text.RCC_GetClocksFreq
                0x0000000000001b9c      0x106 ./Peripheral/src/ch32v30x_rcc.o
                0x0000000000001b9c                RCC_GetClocksFreq
 .text.RCC_AHBPeriphClockCmd
                0x0000000000001ca2       0x1e ./Peripheral/src/ch32v30x_rcc.o
                0x0000000000001ca2                RCC_AHBPeriphClockCmd
 .text.RCC_APB2PeriphClockCmd
                0x0000000000001cc0       0x1e ./Peripheral/src/ch32v30x_rcc.o
                0x0000000000001cc0                RCC_APB2PeriphClockCmd
 .text.RCC_APB1PeriphClockCmd
                0x0000000000001cde       0x1e ./Peripheral/src/ch32v30x_rcc.o
                0x0000000000001cde                RCC_APB1PeriphClockCmd
 .text.RCC_APB2PeriphResetCmd
                0x0000000000001cfc       0x1e ./Peripheral/src/ch32v30x_rcc.o
                0x0000000000001cfc                RCC_APB2PeriphResetCmd
 .text.TIM_TimeBaseInit
                0x0000000000001d1a       0xaa ./Peripheral/src/ch32v30x_tim.o
                0x0000000000001d1a                TIM_TimeBaseInit
 .text.TIM_OC1Init
                0x0000000000001dc4       0x82 ./Peripheral/src/ch32v30x_tim.o
                0x0000000000001dc4                TIM_OC1Init
 .text.TIM_OC2Init
                0x0000000000001e46       0xae ./Peripheral/src/ch32v30x_tim.o
                0x0000000000001e46                TIM_OC2Init
 .text.TIM_OC3Init
                0x0000000000001ef4       0xac ./Peripheral/src/ch32v30x_tim.o
                0x0000000000001ef4                TIM_OC3Init
 .text.TIM_OC4Init
                0x0000000000001fa0       0x88 ./Peripheral/src/ch32v30x_tim.o
                0x0000000000001fa0                TIM_OC4Init
 .text.TIM_Cmd  0x0000000000002028       0x18 ./Peripheral/src/ch32v30x_tim.o
                0x0000000000002028                TIM_Cmd
 .text.TIM_CtrlPWMOutputs
                0x0000000000002040       0x16 ./Peripheral/src/ch32v30x_tim.o
                0x0000000000002040                TIM_CtrlPWMOutputs
 .text.TIM_ARRPreloadConfig
                0x0000000000002056       0x1a ./Peripheral/src/ch32v30x_tim.o
                0x0000000000002056                TIM_ARRPreloadConfig
 .text.TIM_OC1PreloadConfig
                0x0000000000002070        0xe ./Peripheral/src/ch32v30x_tim.o
                0x0000000000002070                TIM_OC1PreloadConfig
 .text.TIM_OC2PreloadConfig
                0x000000000000207e       0x16 ./Peripheral/src/ch32v30x_tim.o
                0x000000000000207e                TIM_OC2PreloadConfig
 .text.TIM_OC3PreloadConfig
                0x0000000000002094        0xe ./Peripheral/src/ch32v30x_tim.o
                0x0000000000002094                TIM_OC3PreloadConfig
 .text.TIM_OC4PreloadConfig
                0x00000000000020a2       0x16 ./Peripheral/src/ch32v30x_tim.o
                0x00000000000020a2                TIM_OC4PreloadConfig
 .text.TIM_SetCompare1
                0x00000000000020b8        0x4 ./Peripheral/src/ch32v30x_tim.o
                0x00000000000020b8                TIM_SetCompare1
 .text.TIM_SetCompare2
                0x00000000000020bc        0x4 ./Peripheral/src/ch32v30x_tim.o
                0x00000000000020bc                TIM_SetCompare2
 .text.TIM_SetCompare3
                0x00000000000020c0        0x4 ./Peripheral/src/ch32v30x_tim.o
                0x00000000000020c0                TIM_SetCompare3
 .text.TIM_SetCompare4
                0x00000000000020c4        0x6 ./Peripheral/src/ch32v30x_tim.o
                0x00000000000020c4                TIM_SetCompare4
 .text.TIM_ClearFlag
                0x00000000000020ca        0xc ./Peripheral/src/ch32v30x_tim.o
                0x00000000000020ca                TIM_ClearFlag
 .text.USART_Init
                0x00000000000020d6       0xbc ./Peripheral/src/ch32v30x_usart.o
                0x00000000000020d6                USART_Init
 .text.USART_Cmd
                0x0000000000002192       0x16 ./Peripheral/src/ch32v30x_usart.o
                0x0000000000002192                USART_Cmd
 .text.USART_ITConfig
                0x00000000000021a8       0x36 ./Peripheral/src/ch32v30x_usart.o
                0x00000000000021a8                USART_ITConfig
 .text.USART_SendData
                0x00000000000021de        0x8 ./Peripheral/src/ch32v30x_usart.o
                0x00000000000021de                USART_SendData
 .text.USART_ReceiveData
                0x00000000000021e6        0x8 ./Peripheral/src/ch32v30x_usart.o
                0x00000000000021e6                USART_ReceiveData
 .text.USART_GetFlagStatus
                0x00000000000021ee        0xa ./Peripheral/src/ch32v30x_usart.o
                0x00000000000021ee                USART_GetFlagStatus
 .text.USART_ClearFlag
                0x00000000000021f8        0xc ./Peripheral/src/ch32v30x_usart.o
                0x00000000000021f8                USART_ClearFlag
 .text.USART_GetITStatus
                0x0000000000002204       0x3c ./Peripheral/src/ch32v30x_usart.o
                0x0000000000002204                USART_GetITStatus
 .text.get_st_biases
                0x0000000000002240      0x37e ./General_Files/eMPL/inv_mpu.o
 .text.set_int_enable
                0x00000000000025be       0x58 ./General_Files/eMPL/inv_mpu.o
 .text.mpu_reset_fifo
                0x0000000000002616      0x138 ./General_Files/eMPL/inv_mpu.o
                0x0000000000002616                mpu_reset_fifo
 .text.mpu_get_gyro_fsr
                0x000000000000274e       0x3e ./General_Files/eMPL/inv_mpu.o
                0x000000000000274e                mpu_get_gyro_fsr
 .text.mpu_set_gyro_fsr
                0x000000000000278c       0x7c ./General_Files/eMPL/inv_mpu.o
                0x000000000000278c                mpu_set_gyro_fsr
 .text.mpu_get_accel_fsr
                0x0000000000002808       0x46 ./General_Files/eMPL/inv_mpu.o
                0x0000000000002808                mpu_get_accel_fsr
 .text.mpu_set_accel_fsr
                0x000000000000284e       0x74 ./General_Files/eMPL/inv_mpu.o
                0x000000000000284e                mpu_set_accel_fsr
 .text.mpu_get_lpf
                0x00000000000028c2       0x4a ./General_Files/eMPL/inv_mpu.o
                0x00000000000028c2                mpu_get_lpf
 .text.mpu_set_lpf
                0x000000000000290c       0x7e ./General_Files/eMPL/inv_mpu.o
                0x000000000000290c                mpu_set_lpf
 .text.mpu_get_sample_rate
                0x000000000000298a       0x1a ./General_Files/eMPL/inv_mpu.o
                0x000000000000298a                mpu_get_sample_rate
 .text.mpu_get_gyro_sens
                0x00000000000029a4       0x4c ./General_Files/eMPL/inv_mpu.o
                0x00000000000029a4                mpu_get_gyro_sens
 .text.mpu_get_accel_sens
                0x00000000000029f0       0x4e ./General_Files/eMPL/inv_mpu.o
                0x00000000000029f0                mpu_get_accel_sens
 .text.mpu_configure_fifo
                0x0000000000002a3e       0x58 ./General_Files/eMPL/inv_mpu.o
                0x0000000000002a3e                mpu_configure_fifo
 .text.mpu_read_fifo_stream
                0x0000000000002a96       0x98 ./General_Files/eMPL/inv_mpu.o
                0x0000000000002a96                mpu_read_fifo_stream
 .text.mpu_set_bypass
                0x0000000000002b2e       0xca ./General_Files/eMPL/inv_mpu.o
                0x0000000000002b2e                mpu_set_bypass
 .text.mpu_set_int_latched
                0x0000000000002bf8       0x5c ./General_Files/eMPL/inv_mpu.o
                0x0000000000002bf8                mpu_set_int_latched
 .text.mpu_lp_accel_mode
                0x0000000000002c54       0xa8 ./General_Files/eMPL/inv_mpu.o
                0x0000000000002c54                mpu_lp_accel_mode
 .text.mpu_set_sample_rate
                0x0000000000002cfc       0x9a ./General_Files/eMPL/inv_mpu.o
                0x0000000000002cfc                mpu_set_sample_rate
 .text.mpu_set_sensors
                0x0000000000002d96       0xb8 ./General_Files/eMPL/inv_mpu.o
                0x0000000000002d96                mpu_set_sensors
 .text.mpu_init
                0x0000000000002e4e      0x130 ./General_Files/eMPL/inv_mpu.o
                0x0000000000002e4e                mpu_init
 .text.mpu_write_mem
                0x0000000000002f7e       0x62 ./General_Files/eMPL/inv_mpu.o
                0x0000000000002f7e                mpu_write_mem
 .text.mpu_read_mem
                0x0000000000002fe0       0x62 ./General_Files/eMPL/inv_mpu.o
                0x0000000000002fe0                mpu_read_mem
 .text.mpu_load_firmware
                0x0000000000003042       0xa8 ./General_Files/eMPL/inv_mpu.o
                0x0000000000003042                mpu_load_firmware
 .text.mpu_set_dmp_state
                0x00000000000030ea       0x80 ./General_Files/eMPL/inv_mpu.o
                0x00000000000030ea                mpu_set_dmp_state
 .text.mpu_run_self_test
                0x000000000000316a      0x352 ./General_Files/eMPL/inv_mpu.o
                0x000000000000316a                mpu_run_self_test
 .text.mget_ms  0x00000000000034bc        0x2 ./General_Files/eMPL/inv_mpu.o
                0x00000000000034bc                mget_ms
 .text.run_self_test
                0x00000000000034be       0x88 ./General_Files/eMPL/inv_mpu.o
                0x00000000000034be                run_self_test
 .text.inv_row_2_scale
                0x0000000000003546       0x30 ./General_Files/eMPL/inv_mpu.o
                0x0000000000003546                inv_row_2_scale
 .text.inv_orientation_matrix_to_scalar
                0x0000000000003576       0x2c ./General_Files/eMPL/inv_mpu.o
                0x0000000000003576                inv_orientation_matrix_to_scalar
 .text.mpu_dmp_init
                0x00000000000035a2       0xa0 ./General_Files/eMPL/inv_mpu.o
                0x00000000000035a2                mpu_dmp_init
 .text.mpu_dmp_get_data
                0x0000000000003642      0x1bc ./General_Files/eMPL/inv_mpu.o
                0x0000000000003642                mpu_dmp_get_data
 .text.dmp_enable_gyro_cal.part.0
                0x00000000000037fe       0x32 ./General_Files/eMPL/inv_mpu_dmp_motion_driver.o
 .text.dmp_load_motion_driver_firmware
                0x0000000000003830       0x20 ./General_Files/eMPL/inv_mpu_dmp_motion_driver.o
                0x0000000000003830                dmp_load_motion_driver_firmware
 .text.dmp_set_orientation
                0x0000000000003850       0xfa ./General_Files/eMPL/inv_mpu_dmp_motion_driver.o
                0x0000000000003850                dmp_set_orientation
 .text.dmp_set_gyro_bias
                0x000000000000394a       0xf8 ./General_Files/eMPL/inv_mpu_dmp_motion_driver.o
                0x000000000000394a                dmp_set_gyro_bias
 .text.dmp_set_accel_bias
                0x0000000000003a42       0xfc ./General_Files/eMPL/inv_mpu_dmp_motion_driver.o
                0x0000000000003a42                dmp_set_accel_bias
 .text.dmp_set_fifo_rate
                0x0000000000003b3e       0x56 ./General_Files/eMPL/inv_mpu_dmp_motion_driver.o
                0x0000000000003b3e                dmp_set_fifo_rate
 .text.dmp_set_tap_thresh
                0x0000000000003b94      0x18a ./General_Files/eMPL/inv_mpu_dmp_motion_driver.o
                0x0000000000003b94                dmp_set_tap_thresh
 .text.dmp_set_tap_axes
                0x0000000000003d1e       0x46 ./General_Files/eMPL/inv_mpu_dmp_motion_driver.o
                0x0000000000003d1e                dmp_set_tap_axes
 .text.dmp_set_tap_count
                0x0000000000003d64       0x2e ./General_Files/eMPL/inv_mpu_dmp_motion_driver.o
                0x0000000000003d64                dmp_set_tap_count
 .text.dmp_set_tap_time
                0x0000000000003d92       0x28 ./General_Files/eMPL/inv_mpu_dmp_motion_driver.o
                0x0000000000003d92                dmp_set_tap_time
 .text.dmp_set_tap_time_multi
                0x0000000000003dba       0x28 ./General_Files/eMPL/inv_mpu_dmp_motion_driver.o
                0x0000000000003dba                dmp_set_tap_time_multi
 .text.dmp_set_shake_reject_thresh
                0x0000000000003de2       0x3e ./General_Files/eMPL/inv_mpu_dmp_motion_driver.o
                0x0000000000003de2                dmp_set_shake_reject_thresh
 .text.dmp_set_shake_reject_time
                0x0000000000003e20       0x28 ./General_Files/eMPL/inv_mpu_dmp_motion_driver.o
                0x0000000000003e20                dmp_set_shake_reject_time
 .text.dmp_set_shake_reject_timeout
                0x0000000000003e48       0x28 ./General_Files/eMPL/inv_mpu_dmp_motion_driver.o
                0x0000000000003e48                dmp_set_shake_reject_timeout
 .text.dmp_enable_gyro_cal
                0x0000000000003e70       0x2e ./General_Files/eMPL/inv_mpu_dmp_motion_driver.o
                0x0000000000003e70                dmp_enable_gyro_cal
 .text.dmp_enable_lp_quat
                0x0000000000003e9e       0x34 ./General_Files/eMPL/inv_mpu_dmp_motion_driver.o
                0x0000000000003e9e                dmp_enable_lp_quat
 .text.dmp_enable_6x_lp_quat
                0x0000000000003ed2       0x34 ./General_Files/eMPL/inv_mpu_dmp_motion_driver.o
                0x0000000000003ed2                dmp_enable_6x_lp_quat
 .text.dmp_enable_feature
                0x0000000000003f06      0x1d6 ./General_Files/eMPL/inv_mpu_dmp_motion_driver.o
                0x0000000000003f06                dmp_enable_feature
 .text.dmp_read_fifo
                0x00000000000040dc      0x1c4 ./General_Files/eMPL/inv_mpu_dmp_motion_driver.o
                0x00000000000040dc                dmp_read_fifo
 .text.BMP280_Read_Byte
                0x00000000000042a0       0x44 ./General_Files/drivers/BMP280.o
                0x00000000000042a0                BMP280_Read_Byte
 .text.BMP280_Write_Byte
                0x00000000000042e4       0x3a ./General_Files/drivers/BMP280.o
                0x00000000000042e4                BMP280_Write_Byte
 .text.BMP280_Set_TemOversamp
                0x000000000000431e       0x22 ./General_Files/drivers/BMP280.o
                0x000000000000431e                BMP280_Set_TemOversamp
 .text.BMP280_Set_Standby_FILTER
                0x0000000000004340       0x22 ./General_Files/drivers/BMP280.o
                0x0000000000004340                BMP280_Set_Standby_FILTER
 .text.Bmp_Init
                0x0000000000004362      0x174 ./General_Files/drivers/BMP280.o
                0x0000000000004362                Bmp_Init
 .text.MPU6050_I2C_Mem_Write
                0x00000000000044d6       0xcc ./General_Files/drivers/MPU6050.o
                0x00000000000044d6                MPU6050_I2C_Mem_Write
 .text.MPU6050_WriteByte
                0x00000000000045a2       0x1e ./General_Files/drivers/MPU6050.o
 .text.MPU6050_Init
                0x00000000000045c0      0x116 ./General_Files/drivers/MPU6050.o
                0x00000000000045c0                MPU6050_Init
 .text.MPU6050_I2C_Mem_Read
                0x00000000000046d6      0x12e ./General_Files/drivers/MPU6050.o
                0x00000000000046d6                MPU6050_I2C_Mem_Read
 .text.MPU6050_Get_Data
                0x0000000000004804       0x3c ./General_Files/drivers/MPU6050.o
                0x0000000000004804                MPU6050_Get_Data
 .text.MPU6050_MPU_DMP_GetData
                0x0000000000004840       0x50 ./General_Files/drivers/MPU6050.o
                0x0000000000004840                MPU6050_MPU_DMP_GetData
 .text.MyI2C_W_SCL
                0x0000000000004890       0x20 ./General_Files/drivers/MyI2C.o
                0x0000000000004890                MyI2C_W_SCL
 .text.MyI2C_W_SDA
                0x00000000000048b0       0x20 ./General_Files/drivers/MyI2C.o
                0x00000000000048b0                MyI2C_W_SDA
 .text.MyI2C_R_SDA
                0x00000000000048d0       0x22 ./General_Files/drivers/MyI2C.o
                0x00000000000048d0                MyI2C_R_SDA
 .text.MyI2C_Init
                0x00000000000048f2       0x3c ./General_Files/drivers/MyI2C.o
                0x00000000000048f2                MyI2C_Init
 .text.MyI2C_Start
                0x000000000000492e       0x20 ./General_Files/drivers/MyI2C.o
                0x000000000000492e                MyI2C_Start
 .text.MyI2C_Stop
                0x000000000000494e       0x1a ./General_Files/drivers/MyI2C.o
                0x000000000000494e                MyI2C_Stop
 .text.MyI2C_SendByte
                0x0000000000004968       0x30 ./General_Files/drivers/MyI2C.o
                0x0000000000004968                MyI2C_SendByte
 .text.MyI2C_ReceiveByte
                0x0000000000004998       0x40 ./General_Files/drivers/MyI2C.o
                0x0000000000004998                MyI2C_ReceiveByte
 .text.MyI2C_ReceiveAck
                0x00000000000049d8       0x22 ./General_Files/drivers/MyI2C.o
                0x00000000000049d8                MyI2C_ReceiveAck
 .text.ADC_Function_Init
                0x00000000000049fa       0xd0 ./General_Files/drivers/adc.o
                0x00000000000049fa                ADC_Function_Init
 .text.DMA_Tx_Init
                0x0000000000004aca       0x60 ./General_Files/drivers/adc.o
                0x0000000000004aca                DMA_Tx_Init
 .text.BAT_ADC_Init
                0x0000000000004b2a       0x60 ./General_Files/drivers/adc.o
                0x0000000000004b2a                BAT_ADC_Init
 .text.FilterSample
                0x0000000000004b8a       0x50 ./General_Files/drivers/bsp_filter.o
                0x0000000000004b8a                FilterSample
 .text.FilterAverage
                0x0000000000004bda       0x26 ./General_Files/drivers/bsp_filter.o
                0x0000000000004bda                FilterAverage
 .text.LED_Init
                0x0000000000004c00       0x44 ./General_Files/drivers/gpio.o
                0x0000000000004c00                LED_Init
 .text.TIM9_PWMOut_Init
                0x0000000000004c44       0xfc ./General_Files/drivers/pwm.o
                0x0000000000004c44                TIM9_PWMOut_Init
 .text.PWM_Init
                0x0000000000004d40       0x4e ./General_Files/drivers/pwm.o
                0x0000000000004d40                PWM_Init
 .text.Motor_ctr
                0x0000000000004d8e       0xc8 ./General_Files/drivers/pwm.o
                0x0000000000004d8e                Motor_ctr
 .text.Motor_ctr_SOFT_START
                0x0000000000004e56       0x94 ./General_Files/drivers/pwm.o
                0x0000000000004e56                Motor_ctr_SOFT_START
 .text.TIM3_IRQHandler
                0x0000000000004eea       0x12 ./General_Files/drivers/tim.o
                0x0000000000004eea                TIM3_IRQHandler
 .text.TIM4_IRQHandler
                0x0000000000004efc       0x12 ./General_Files/drivers/tim.o
                0x0000000000004efc                TIM4_IRQHandler
 .text.USARTx_CFG
                0x0000000000004f0e       0xac ./General_Files/drivers/uart.o
                0x0000000000004f0e                USARTx_CFG
 .text.UART_RxCpltCallback
                0x0000000000004fba       0x50 ./General_Files/drivers/uart.o
                0x0000000000004fba                UART_RxCpltCallback
 .text.USART2_IRQHandler
                0x000000000000500a       0x34 ./General_Files/drivers/uart.o
                0x000000000000500a                USART2_IRQHandler
 .text.Crc_init
                0x000000000000503e       0x34 ./General_Files/apps/src/CRC.o
                0x000000000000503e                Crc_init
 .text.Calc     0x0000000000005072       0x1e ./General_Files/apps/src/CRC.o
                0x0000000000005072                Calc
 .text.ShiftRxBuffer
                0x0000000000005090       0x38 ./General_Files/apps/src/CRSF.o
                0x0000000000005090                ShiftRxBuffer
 .text.PacketChannelsPacked
                0x00000000000050c8      0x112 ./General_Files/apps/src/CRSF.o
                0x00000000000050c8                PacketChannelsPacked
 .text.PacketLinkStatistics
                0x00000000000051da       0x2e ./General_Files/apps/src/CRSF.o
                0x00000000000051da                PacketLinkStatistics
 .text.ProcessPacketIn
                0x0000000000005208       0x38 ./General_Files/apps/src/CRSF.o
                0x0000000000005208                ProcessPacketIn
 .text.HandleByteReceived
                0x0000000000005240       0x66 ./General_Files/apps/src/CRSF.o
                0x0000000000005240                HandleByteReceived
 .text.pid_reset
                0x00000000000052a6       0x1c ./General_Files/apps/src/pid.o
                0x00000000000052a6                pid_reset
 .text.pid_init
                0x00000000000052c2       0x1a ./General_Files/apps/src/pid.o
                0x00000000000052c2                pid_init
 .text.pid_clc  0x00000000000052dc       0x1e ./General_Files/apps/src/pid.o
                0x00000000000052dc                pid_clc
 .text.pid_calc
                0x00000000000052fa       0xe4 ./General_Files/apps/src/pid.o
                0x00000000000052fa                pid_calc
 .text.System_Init
                0x00000000000053de       0x32 ./General_Files/system.o
                0x00000000000053de                System_Init
 .text.prvInsertBlockIntoFreeList
                0x0000000000005410       0x4c ./FreeRTOS/portable/MemMang/heap_4.o
 .text.pvPortMalloc
                0x000000000000545c      0x18c ./FreeRTOS/portable/MemMang/heap_4.o
                0x000000000000545c                pvPortMalloc
 .text.vPortFree
                0x00000000000055e8       0xa8 ./FreeRTOS/portable/MemMang/heap_4.o
                0x00000000000055e8                vPortFree
 .text.vPortSetupTimerInterrupt
                0x0000000000005690       0x3a ./FreeRTOS/portable/GCC/RISC-V/port.o
                0x0000000000005690                vPortSetupTimerInterrupt
 .text.xPortStartScheduler
                0x00000000000056ca       0x90 ./FreeRTOS/portable/GCC/RISC-V/port.o
                0x00000000000056ca                xPortStartScheduler
 .text.SysTick_Handler
                0x000000000000575a       0x38 ./FreeRTOS/portable/GCC/RISC-V/port.o
                0x000000000000575a                SysTick_Handler
 .text.vPortEnterCritical
                0x0000000000005792       0x16 ./FreeRTOS/portable/GCC/RISC-V/port.o
                0x0000000000005792                vPortEnterCritical
 .text.vPortExitCritical
                0x00000000000057a8       0x42 ./FreeRTOS/portable/GCC/RISC-V/port.o
                0x00000000000057a8                vPortExitCritical
 .text.vListInitialise
                0x00000000000057ea       0x14 ./FreeRTOS/list.o
                0x00000000000057ea                vListInitialise
 .text.vListInitialiseItem
                0x00000000000057fe        0x6 ./FreeRTOS/list.o
                0x00000000000057fe                vListInitialiseItem
 .text.vListInsert
                0x0000000000005804       0x2e ./FreeRTOS/list.o
                0x0000000000005804                vListInsert
 .text.uxListRemove
                0x0000000000005832       0x20 ./FreeRTOS/list.o
                0x0000000000005832                uxListRemove
 .text.prvIsQueueEmpty
                0x0000000000005852       0x1e ./FreeRTOS/queue.o
 .text.prvCopyDataFromQueue
                0x0000000000005870       0x28 ./FreeRTOS/queue.o
 .text.prvUnlockQueue
                0x0000000000005898       0x76 ./FreeRTOS/queue.o
 .text.xQueueGenericReset
                0x000000000000590e       0xc4 ./FreeRTOS/queue.o
                0x000000000000590e                xQueueGenericReset
 .text.xQueueGenericCreate
                0x00000000000059d2       0x6e ./FreeRTOS/queue.o
                0x00000000000059d2                xQueueGenericCreate
 .text.xQueueReceive
                0x0000000000005a40      0x160 ./FreeRTOS/queue.o
                0x0000000000005a40                xQueueReceive
 .text.vQueueAddToRegistry
                0x0000000000005ba0       0x6c ./FreeRTOS/queue.o
                0x0000000000005ba0                vQueueAddToRegistry
 .text.vQueueWaitForMessageRestricted
                0x0000000000005c0c       0x5c ./FreeRTOS/queue.o
                0x0000000000005c0c                vQueueWaitForMessageRestricted
 .text.prvResetNextTaskUnblockTime
                0x0000000000005c68       0x24 ./FreeRTOS/tasks.o
 .text.prvAddCurrentTaskToDelayedList
                0x0000000000005c8c       0xa6 ./FreeRTOS/tasks.o
 .text.prvIdleTask
                0x0000000000005d32       0x52 ./FreeRTOS/tasks.o
 .text.xTaskCreate
                0x0000000000005d84      0x228 ./FreeRTOS/tasks.o
                0x0000000000005d84                xTaskCreate
 .text.vTaskStartScheduler
                0x0000000000005fac       0x92 ./FreeRTOS/tasks.o
                0x0000000000005fac                vTaskStartScheduler
 .text.vTaskSuspendAll
                0x000000000000603e       0x10 ./FreeRTOS/tasks.o
                0x000000000000603e                vTaskSuspendAll
 .text.xTaskGetTickCount
                0x000000000000604e        0xa ./FreeRTOS/tasks.o
                0x000000000000604e                xTaskGetTickCount
 .text.xTaskIncrementTick
                0x0000000000006058      0x1ac ./FreeRTOS/tasks.o
                0x0000000000006058                xTaskIncrementTick
 .text.xTaskResumeAll
                0x0000000000006204      0x168 ./FreeRTOS/tasks.o
                0x0000000000006204                xTaskResumeAll
 .text.vTaskDelay
                0x000000000000636c       0x66 ./FreeRTOS/tasks.o
                0x000000000000636c                vTaskDelay
 .text.vTaskSwitchContext
                0x00000000000063d2       0x9a ./FreeRTOS/tasks.o
                0x00000000000063d2                vTaskSwitchContext
 .text.vTaskPlaceOnEventList
                0x000000000000646c       0x48 ./FreeRTOS/tasks.o
                0x000000000000646c                vTaskPlaceOnEventList
 .text.vTaskPlaceOnEventListRestricted
                0x00000000000064b4       0x76 ./FreeRTOS/tasks.o
                0x00000000000064b4                vTaskPlaceOnEventListRestricted
 .text.xTaskRemoveFromEventList
                0x000000000000652a       0xec ./FreeRTOS/tasks.o
                0x000000000000652a                xTaskRemoveFromEventList
 .text.vTaskInternalSetTimeOutState
                0x0000000000006616       0x16 ./FreeRTOS/tasks.o
                0x0000000000006616                vTaskInternalSetTimeOutState
 .text.xTaskCheckForTimeOut
                0x000000000000662c       0xca ./FreeRTOS/tasks.o
                0x000000000000662c                xTaskCheckForTimeOut
 .text.vTaskMissedYield
                0x00000000000066f6        0xc ./FreeRTOS/tasks.o
                0x00000000000066f6                vTaskMissedYield
 .text.xTaskGetSchedulerState
                0x0000000000006702       0x1c ./FreeRTOS/tasks.o
                0x0000000000006702                xTaskGetSchedulerState
 .text.prvCheckForValidListAndQueue
                0x000000000000671e       0x66 ./FreeRTOS/timers.o
 .text.prvInsertTimerInActiveList
                0x0000000000006784       0x46 ./FreeRTOS/timers.o
 .text.prvReloadTimer
                0x00000000000067ca       0x2a ./FreeRTOS/timers.o
 .text.prvProcessExpiredTimer
                0x00000000000067f4       0x46 ./FreeRTOS/timers.o
 .text.prvSwitchTimerLists
                0x000000000000683a       0x30 ./FreeRTOS/timers.o
 .text.prvTimerTask
                0x000000000000686a      0x198 ./FreeRTOS/timers.o
 .text.xTimerCreateTimerTask
                0x0000000000006a02       0x60 ./FreeRTOS/timers.o
                0x0000000000006a02                xTimerCreateTimerTask
 .text.Delay_Init
                0x0000000000006a62       0x2e ./Debug/debug.o
                0x0000000000006a62                Delay_Init
 .text.Delay_Us
                0x0000000000006a90       0x3a ./Debug/debug.o
                0x0000000000006a90                Delay_Us
 .text.Delay_Ms
                0x0000000000006aca       0x3a ./Debug/debug.o
                0x0000000000006aca                Delay_Ms
 .text.USART_Printf_Init
                0x0000000000006b04       0x5a ./Debug/debug.o
                0x0000000000006b04                USART_Printf_Init
 .text._write   0x0000000000006b5e       0x3e ./Debug/debug.o
                0x0000000000006b5e                _write
 .text.asinf    0x0000000000006b9c       0xbe d:/mounriver/mounriver_studio/toolchain/risc-v embedded gcc/bin/../lib/gcc/riscv-none-embed/8.2.0/../../../../riscv-none-embed/lib/rv32imacxw/ilp32\libm.a(lib_a-wf_asin.o)
                0x0000000000006b9c                asinf
 .text.atan2f   0x0000000000006c5a        0x2 d:/mounriver/mounriver_studio/toolchain/risc-v embedded gcc/bin/../lib/gcc/riscv-none-embed/8.2.0/../../../../riscv-none-embed/lib/rv32imacxw/ilp32\libm.a(lib_a-wf_atan2.o)
                0x0000000000006c5a                atan2f
 .text.__ieee754_asinf
                0x0000000000006c5c      0x370 d:/mounriver/mounriver_studio/toolchain/risc-v embedded gcc/bin/../lib/gcc/riscv-none-embed/8.2.0/../../../../riscv-none-embed/lib/rv32imacxw/ilp32\libm.a(lib_a-ef_asin.o)
                0x0000000000006c5c                __ieee754_asinf
 .text.__ieee754_atan2f
                0x0000000000006fcc      0x192 d:/mounriver/mounriver_studio/toolchain/risc-v embedded gcc/bin/../lib/gcc/riscv-none-embed/8.2.0/../../../../riscv-none-embed/lib/rv32imacxw/ilp32\libm.a(lib_a-ef_atan2.o)
                0x0000000000006fcc                __ieee754_atan2f
 .text.__ieee754_sqrtf
                0x000000000000715e       0xdc d:/mounriver/mounriver_studio/toolchain/risc-v embedded gcc/bin/../lib/gcc/riscv-none-embed/8.2.0/../../../../riscv-none-embed/lib/rv32imacxw/ilp32\libm.a(lib_a-ef_sqrt.o)
                0x000000000000715e                __ieee754_sqrtf
 .text.matherr  0x000000000000723a        0x4 d:/mounriver/mounriver_studio/toolchain/risc-v embedded gcc/bin/../lib/gcc/riscv-none-embed/8.2.0/../../../../riscv-none-embed/lib/rv32imacxw/ilp32\libm.a(lib_a-s_matherr.o)
                0x000000000000723a                matherr
 .text.nan      0x000000000000723e        0xe d:/mounriver/mounriver_studio/toolchain/risc-v embedded gcc/bin/../lib/gcc/riscv-none-embed/8.2.0/../../../../riscv-none-embed/lib/rv32imacxw/ilp32\libm.a(lib_a-s_nan.o)
                0x000000000000723e                nan
 .text.atanf    0x000000000000724c      0x288 d:/mounriver/mounriver_studio/toolchain/risc-v embedded gcc/bin/../lib/gcc/riscv-none-embed/8.2.0/../../../../riscv-none-embed/lib/rv32imacxw/ilp32\libm.a(lib_a-sf_atan.o)
                0x000000000000724c                atanf
 .text.fabsf    0x00000000000074d4        0x6 d:/mounriver/mounriver_studio/toolchain/risc-v embedded gcc/bin/../lib/gcc/riscv-none-embed/8.2.0/../../../../riscv-none-embed/lib/rv32imacxw/ilp32\libm.a(lib_a-sf_fabs.o)
                0x00000000000074d4                fabsf
 .text.printchar
                0x00000000000074da       0x4a d:/mounriver/mounriver_studio/toolchain/risc-v embedded gcc/bin/../lib/gcc/riscv-none-embed/8.2.0/../../../../riscv-none-embed/lib/rv32imacxw/ilp32\libprintfloat.a(printfloat.o)
                0x00000000000074da                printchar
 .text.prints   0x0000000000007524       0xe0 d:/mounriver/mounriver_studio/toolchain/risc-v embedded gcc/bin/../lib/gcc/riscv-none-embed/8.2.0/../../../../riscv-none-embed/lib/rv32imacxw/ilp32\libprintfloat.a(printfloat.o)
                0x0000000000007524                prints
 .text.printInt
                0x0000000000007604       0xf2 d:/mounriver/mounriver_studio/toolchain/risc-v embedded gcc/bin/../lib/gcc/riscv-none-embed/8.2.0/../../../../riscv-none-embed/lib/rv32imacxw/ilp32\libprintfloat.a(printfloat.o)
                0x0000000000007604                printInt
 .text.printLongLongInt
                0x00000000000076f6      0x122 d:/mounriver/mounriver_studio/toolchain/risc-v embedded gcc/bin/../lib/gcc/riscv-none-embed/8.2.0/../../../../riscv-none-embed/lib/rv32imacxw/ilp32\libprintfloat.a(printfloat.o)
                0x00000000000076f6                printLongLongInt
 .text.printDouble
                0x0000000000007818      0x100 d:/mounriver/mounriver_studio/toolchain/risc-v embedded gcc/bin/../lib/gcc/riscv-none-embed/8.2.0/../../../../riscv-none-embed/lib/rv32imacxw/ilp32\libprintfloat.a(printfloat.o)
                0x0000000000007818                printDouble
 .text.print    0x0000000000007918      0x358 d:/mounriver/mounriver_studio/toolchain/risc-v embedded gcc/bin/../lib/gcc/riscv-none-embed/8.2.0/../../../../riscv-none-embed/lib/rv32imacxw/ilp32\libprintfloat.a(printfloat.o)
                0x0000000000007918                print
 .text.printf   0x0000000000007c70       0x24 d:/mounriver/mounriver_studio/toolchain/risc-v embedded gcc/bin/../lib/gcc/riscv-none-embed/8.2.0/../../../../riscv-none-embed/lib/rv32imacxw/ilp32\libprintfloat.a(printfloat.o)
                0x0000000000007c70                printf
 .text.puts     0x0000000000007c94       0x4a d:/mounriver/mounriver_studio/toolchain/risc-v embedded gcc/bin/../lib/gcc/riscv-none-embed/8.2.0/../../../../riscv-none-embed/lib/rv32imacxw/ilp32\libprintfloat.a(printfloat.o)
                0x0000000000007c94                puts
 .text.__divdi3
                0x0000000000007cde      0x3d4 d:/mounriver/mounriver_studio/toolchain/risc-v embedded gcc/bin/../lib/gcc/riscv-none-embed/8.2.0/rv32imacxw/ilp32\libgcc.a(_divdi3.o)
                0x0000000000007cde                __divdi3
 .text.__udivdi3
                0x00000000000080b2      0x392 d:/mounriver/mounriver_studio/toolchain/risc-v embedded gcc/bin/../lib/gcc/riscv-none-embed/8.2.0/rv32imacxw/ilp32\libgcc.a(_udivdi3.o)
                0x00000000000080b2                __udivdi3
 .text.__umoddi3
                0x0000000000008444      0x38a d:/mounriver/mounriver_studio/toolchain/risc-v embedded gcc/bin/../lib/gcc/riscv-none-embed/8.2.0/rv32imacxw/ilp32\libgcc.a(_umoddi3.o)
                0x0000000000008444                __umoddi3
 .text.__adddf3
                0x00000000000087ce      0x730 d:/mounriver/mounriver_studio/toolchain/risc-v embedded gcc/bin/../lib/gcc/riscv-none-embed/8.2.0/rv32imacxw/ilp32\libgcc.a(adddf3.o)
                0x00000000000087ce                __adddf3
 .text.__ledf2  0x0000000000008efe       0xb6 d:/mounriver/mounriver_studio/toolchain/risc-v embedded gcc/bin/../lib/gcc/riscv-none-embed/8.2.0/rv32imacxw/ilp32\libgcc.a(ledf2.o)
                0x0000000000008efe                __ledf2
                0x0000000000008efe                __ltdf2
 .text.__muldf3
                0x0000000000008fb4      0x4b8 d:/mounriver/mounriver_studio/toolchain/risc-v embedded gcc/bin/../lib/gcc/riscv-none-embed/8.2.0/rv32imacxw/ilp32\libgcc.a(muldf3.o)
                0x0000000000008fb4                __muldf3
 .text.__subdf3
                0x000000000000946c      0x73e d:/mounriver/mounriver_studio/toolchain/risc-v embedded gcc/bin/../lib/gcc/riscv-none-embed/8.2.0/rv32imacxw/ilp32\libgcc.a(subdf3.o)
                0x000000000000946c                __subdf3
 .text.__fixunsdfsi
                0x0000000000009baa       0x5c d:/mounriver/mounriver_studio/toolchain/risc-v embedded gcc/bin/../lib/gcc/riscv-none-embed/8.2.0/rv32imacxw/ilp32\libgcc.a(fixunsdfsi.o)
                0x0000000000009baa                __fixunsdfsi
 .text.__floatsidf
                0x0000000000009c06       0x72 d:/mounriver/mounriver_studio/toolchain/risc-v embedded gcc/bin/../lib/gcc/riscv-none-embed/8.2.0/rv32imacxw/ilp32\libgcc.a(floatsidf.o)
                0x0000000000009c06                __floatsidf
 .text.__fixdfdi
                0x0000000000009c78       0xbc d:/mounriver/mounriver_studio/toolchain/risc-v embedded gcc/bin/../lib/gcc/riscv-none-embed/8.2.0/rv32imacxw/ilp32\libgcc.a(fixdfdi.o)
                0x0000000000009c78                __fixdfdi
 .text.__floatdidf
                0x0000000000009d34      0x1b6 d:/mounriver/mounriver_studio/toolchain/risc-v embedded gcc/bin/../lib/gcc/riscv-none-embed/8.2.0/rv32imacxw/ilp32\libgcc.a(floatdidf.o)
                0x0000000000009d34                __floatdidf
 .text.__addsf3
                0x0000000000009eea      0x36a d:/mounriver/mounriver_studio/toolchain/risc-v embedded gcc/bin/../lib/gcc/riscv-none-embed/8.2.0/rv32imacxw/ilp32\libgcc.a(addsf3.o)
                0x0000000000009eea                __addsf3
 .text.__divsf3
                0x000000000000a254      0x2b2 d:/mounriver/mounriver_studio/toolchain/risc-v embedded gcc/bin/../lib/gcc/riscv-none-embed/8.2.0/rv32imacxw/ilp32\libgcc.a(divsf3.o)
                0x000000000000a254                __divsf3
 .text.__eqsf2  0x000000000000a506       0x5c d:/mounriver/mounriver_studio/toolchain/risc-v embedded gcc/bin/../lib/gcc/riscv-none-embed/8.2.0/rv32imacxw/ilp32\libgcc.a(eqsf2.o)
                0x000000000000a506                __eqsf2
                0x000000000000a506                __nesf2
 .text.__gesf2  0x000000000000a562       0x86 d:/mounriver/mounriver_studio/toolchain/risc-v embedded gcc/bin/../lib/gcc/riscv-none-embed/8.2.0/rv32imacxw/ilp32\libgcc.a(gesf2.o)
                0x000000000000a562                __gesf2
                0x000000000000a562                __gtsf2
 .text.__lesf2  0x000000000000a5e8       0x8c d:/mounriver/mounriver_studio/toolchain/risc-v embedded gcc/bin/../lib/gcc/riscv-none-embed/8.2.0/rv32imacxw/ilp32\libgcc.a(lesf2.o)
                0x000000000000a5e8                __ltsf2
                0x000000000000a5e8                __lesf2
 .text.__mulsf3
                0x000000000000a674      0x294 d:/mounriver/mounriver_studio/toolchain/risc-v embedded gcc/bin/../lib/gcc/riscv-none-embed/8.2.0/rv32imacxw/ilp32\libgcc.a(mulsf3.o)
                0x000000000000a674                __mulsf3
 .text.__subsf3
                0x000000000000a908      0x388 d:/mounriver/mounriver_studio/toolchain/risc-v embedded gcc/bin/../lib/gcc/riscv-none-embed/8.2.0/rv32imacxw/ilp32\libgcc.a(subsf3.o)
                0x000000000000a908                __subsf3
 .text.__unordsf2
                0x000000000000ac90       0x3c d:/mounriver/mounriver_studio/toolchain/risc-v embedded gcc/bin/../lib/gcc/riscv-none-embed/8.2.0/rv32imacxw/ilp32\libgcc.a(unordsf2.o)
                0x000000000000ac90                __unordsf2
 .text.__fixsfsi
                0x000000000000accc       0x62 d:/mounriver/mounriver_studio/toolchain/risc-v embedded gcc/bin/../lib/gcc/riscv-none-embed/8.2.0/rv32imacxw/ilp32\libgcc.a(fixsfsi.o)
                0x000000000000accc                __fixsfsi
 .text.__fixunssfsi
                0x000000000000ad2e       0x56 d:/mounriver/mounriver_studio/toolchain/risc-v embedded gcc/bin/../lib/gcc/riscv-none-embed/8.2.0/rv32imacxw/ilp32\libgcc.a(fixunssfsi.o)
                0x000000000000ad2e                __fixunssfsi
 .text.__floatsisf
                0x000000000000ad84       0xc6 d:/mounriver/mounriver_studio/toolchain/risc-v embedded gcc/bin/../lib/gcc/riscv-none-embed/8.2.0/rv32imacxw/ilp32\libgcc.a(floatsisf.o)
                0x000000000000ad84                __floatsisf
 .text.__floatunsisf
                0x000000000000ae4a       0xce d:/mounriver/mounriver_studio/toolchain/risc-v embedded gcc/bin/../lib/gcc/riscv-none-embed/8.2.0/rv32imacxw/ilp32\libgcc.a(floatunsisf.o)
                0x000000000000ae4a                __floatunsisf
 .text.__extendsfdf2
                0x000000000000af18       0xac d:/mounriver/mounriver_studio/toolchain/risc-v embedded gcc/bin/../lib/gcc/riscv-none-embed/8.2.0/rv32imacxw/ilp32\libgcc.a(extendsfdf2.o)
                0x000000000000af18                __extendsfdf2
 .text.__truncdfsf2
                0x000000000000afc4      0x16a d:/mounriver/mounriver_studio/toolchain/risc-v embedded gcc/bin/../lib/gcc/riscv-none-embed/8.2.0/rv32imacxw/ilp32\libgcc.a(truncdfsf2.o)
                0x000000000000afc4                __truncdfsf2
 .text.__clzsi2
                0x000000000000b12e       0x6e d:/mounriver/mounriver_studio/toolchain/risc-v embedded gcc/bin/../lib/gcc/riscv-none-embed/8.2.0/rv32imacxw/ilp32\libgcc.a(_clzsi2.o)
                0x000000000000b12e                __clzsi2
 .text.__errno  0x000000000000b19c        0x8 d:/mounriver/mounriver_studio/toolchain/risc-v embedded gcc/bin/../lib/gcc/riscv-none-embed/8.2.0/../../../../riscv-none-embed/lib/rv32imacxw/ilp32\libg_nano.a(lib_a-errno.o)
                0x000000000000b19c                __errno
 .text.memcmp   0x000000000000b1a4       0x24 d:/mounriver/mounriver_studio/toolchain/risc-v embedded gcc/bin/../lib/gcc/riscv-none-embed/8.2.0/../../../../riscv-none-embed/lib/rv32imacxw/ilp32\libg_nano.a(lib_a-memcmp.o)
                0x000000000000b1a4                memcmp
 .text.memcpy   0x000000000000b1c8       0xb2 d:/mounriver/mounriver_studio/toolchain/risc-v embedded gcc/bin/../lib/gcc/riscv-none-embed/8.2.0/../../../../riscv-none-embed/lib/rv32imacxw/ilp32\libg_nano.a(lib_a-memcpy.o)
                0x000000000000b1c8                memcpy
 *(.rodata)
 *fill*         0x000000000000b27a        0x2 
 .rodata        0x000000000000b27c       0x2f ./General_Files/eMPL/inv_mpu_dmp_motion_driver.o
 *(.rodata*)
 *fill*         0x000000000000b2ab        0x5 
 .rodata.ELRS_Convert_angle.cst8
                0x000000000000b2b0        0x8 ./User/RTOS_apps/control_handle.o
 .rodata.ELRS_Convert_throttle.cst8
                0x000000000000b2b8       0x10 ./User/RTOS_apps/control_handle.o
 .rodata.Flight_control.str1.4
                0x000000000000b2c8        0xa ./User/RTOS_apps/control_handle.o
 *fill*         0x000000000000b2d2        0x2 
 .rodata.PIDSTRUCT_Init.cst4
                0x000000000000b2d4       0x4c ./User/RTOS_apps/control_handle.o
 .rodata.Roll_innerloop_ctr.cst4
                0x000000000000b320        0x4 ./User/RTOS_apps/control_handle.o
 .rodata.Motor_sort_start.cst4
                0x000000000000b324        0x8 ./User/RTOS_apps/soft_stast.o
 .rodata.Motor_sort_start.str1.4
                0x000000000000b32c       0x21 ./User/RTOS_apps/soft_stast.o
 *fill*         0x000000000000b34d        0x3 
 .rodata.RTOS_init.str1.4
                0x000000000000b350       0x1c ./User/RTOS_tasks.o
 .rodata.main.str1.4
                0x000000000000b36c       0x50 ./User/main.o
 .rodata.mpu_get_lpf
                0x000000000000b3bc       0x18 ./General_Files/eMPL/inv_mpu.o
 .rodata.hw     0x000000000000b3d4        0xc ./General_Files/eMPL/inv_mpu.o
                0x000000000000b3d4                hw
 .rodata.mpu_dmp_get_data.cst4
                0x000000000000b3e0        0x8 ./General_Files/eMPL/inv_mpu.o
 .rodata.mpu_dmp_get_data.cst8
                0x000000000000b3e8        0x8 ./General_Files/eMPL/inv_mpu.o
 .rodata.mpu_dmp_init.str1.4
                0x000000000000b3f0       0x12 ./General_Files/eMPL/inv_mpu.o
 *fill*         0x000000000000b402        0x2 
 .rodata.mpu_get_gyro_sens.cst4
                0x000000000000b404       0x10 ./General_Files/eMPL/inv_mpu.o
 .rodata.mpu_init.str1.4
                0x000000000000b414       0x91 ./General_Files/eMPL/inv_mpu.o
 *fill*         0x000000000000b4a5        0x3 
 .rodata.mpu_run_self_test.cst4
                0x000000000000b4a8       0x2c ./General_Files/eMPL/inv_mpu.o
                                         0x30 (size before relaxing)
 .rodata.reg    0x000000000000b4d4       0x1b ./General_Files/eMPL/inv_mpu.o
                0x000000000000b4d4                reg
 *fill*         0x000000000000b4ef        0x1 
 .rodata.test   0x000000000000b4f0       0x28 ./General_Files/eMPL/inv_mpu.o
                0x000000000000b4f0                test
 .rodata.dmp_memory
                0x000000000000b518      0xbf6 ./General_Files/eMPL/inv_mpu_dmp_motion_driver.o
 *fill*         0x000000000000c10e        0x2 
 .rodata.dmp_set_tap_thresh.cst4
                0x000000000000c110       0x24 ./General_Files/eMPL/inv_mpu_dmp_motion_driver.o
 .rodata.MPU6050_Init.str1.4
                0x000000000000c134       0x1b ./General_Files/drivers/MPU6050.o
 *fill*         0x000000000000c14f        0x1 
 .rodata.BAT_ADC_Init.str1.4
                0x000000000000c150       0x16 ./General_Files/drivers/adc.o
 *fill*         0x000000000000c166        0x2 
 .rodata.FilterAverage.cst4
                0x000000000000c168        0x4 ./General_Files/drivers/bsp_filter.o
 .rodata.System_Init.str1.4
                0x000000000000c16c       0x11 ./General_Files/system.o
 *fill*         0x000000000000c17d        0x3 
 .rodata.pvPortMalloc.str1.4
                0x000000000000c180       0x49 ./FreeRTOS/portable/MemMang/heap_4.o
 *fill*         0x000000000000c1c9        0x3 
 .rodata.xPortStartScheduler.str1.4
                0x000000000000c1cc       0x27 ./FreeRTOS/portable/GCC/RISC-V/port.o
                                         0x49 (size before relaxing)
 *fill*         0x000000000000c1f3        0x1 
 .rodata.xQueueGenericReset.str1.4
                0x000000000000c1f4       0x14 ./FreeRTOS/queue.o
                                         0x35 (size before relaxing)
 .rodata.prvTaskIsTaskSuspended.str1.4
                0x000000000000c208       0x14 ./FreeRTOS/tasks.o
                                         0x35 (size before relaxing)
 .rodata.vTaskStartScheduler.str1.4
                0x000000000000c21c        0x5 ./FreeRTOS/tasks.o
 *fill*         0x000000000000c221        0x3 
 .rodata.prvTimerTask
                0x000000000000c224       0x24 ./FreeRTOS/timers.o
 .rodata.prvCheckForValidListAndQueue.str1.4
                0x000000000000c248        0x5 ./FreeRTOS/timers.o
 *fill*         0x000000000000c24d        0x3 
 .rodata.prvTimerTask.str1.4
                0x000000000000c250       0x15 ./FreeRTOS/timers.o
                                         0x39 (size before relaxing)
 *fill*         0x000000000000c265        0x3 
 .rodata.xTimerCreateTimerTask.str1.4
                0x000000000000c268        0x8 ./FreeRTOS/timers.o
 .rodata.asinf.cst4
                0x000000000000c270        0x4 d:/mounriver/mounriver_studio/toolchain/risc-v embedded gcc/bin/../lib/gcc/riscv-none-embed/8.2.0/../../../../riscv-none-embed/lib/rv32imacxw/ilp32\libm.a(lib_a-wf_asin.o)
 .rodata.asinf.str1.4
                0x000000000000c270        0x6 d:/mounriver/mounriver_studio/toolchain/risc-v embedded gcc/bin/../lib/gcc/riscv-none-embed/8.2.0/../../../../riscv-none-embed/lib/rv32imacxw/ilp32\libm.a(lib_a-wf_asin.o)
                                          0x9 (size before relaxing)
 *fill*         0x000000000000c276        0x2 
 .rodata.__ieee754_asinf.cst4
                0x000000000000c278       0x3c d:/mounriver/mounriver_studio/toolchain/risc-v embedded gcc/bin/../lib/gcc/riscv-none-embed/8.2.0/../../../../riscv-none-embed/lib/rv32imacxw/ilp32\libm.a(lib_a-ef_asin.o)
                                         0x44 (size before relaxing)
 .rodata.__ieee754_atan2f.cst4
                0x000000000000c2b4       0x20 d:/mounriver/mounriver_studio/toolchain/risc-v embedded gcc/bin/../lib/gcc/riscv-none-embed/8.2.0/../../../../riscv-none-embed/lib/rv32imacxw/ilp32\libm.a(lib_a-ef_atan2.o)
                                         0x28 (size before relaxing)
 *fill*         0x000000000000c2d4        0x4 
 .rodata.nan.cst8
                0x000000000000c2d8        0x8 d:/mounriver/mounriver_studio/toolchain/risc-v embedded gcc/bin/../lib/gcc/riscv-none-embed/8.2.0/../../../../riscv-none-embed/lib/rv32imacxw/ilp32\libm.a(lib_a-s_nan.o)
 .rodata.atanf.cst4
                0x000000000000c2e0       0x34 d:/mounriver/mounriver_studio/toolchain/risc-v embedded gcc/bin/../lib/gcc/riscv-none-embed/8.2.0/../../../../riscv-none-embed/lib/rv32imacxw/ilp32\libm.a(lib_a-sf_atan.o)
                                         0x48 (size before relaxing)
 .rodata.atanhi
                0x000000000000c314       0x10 d:/mounriver/mounriver_studio/toolchain/risc-v embedded gcc/bin/../lib/gcc/riscv-none-embed/8.2.0/../../../../riscv-none-embed/lib/rv32imacxw/ilp32\libm.a(lib_a-sf_atan.o)
 .rodata.atanlo
                0x000000000000c324       0x10 d:/mounriver/mounriver_studio/toolchain/risc-v embedded gcc/bin/../lib/gcc/riscv-none-embed/8.2.0/../../../../riscv-none-embed/lib/rv32imacxw/ilp32\libm.a(lib_a-sf_atan.o)
 .rodata.print.str1.4
                0x000000000000c334        0x8 d:/mounriver/mounriver_studio/toolchain/risc-v embedded gcc/bin/../lib/gcc/riscv-none-embed/8.2.0/../../../../riscv-none-embed/lib/rv32imacxw/ilp32\libprintfloat.a(printfloat.o)
                                          0x7 (size before relaxing)
 .rodata.__muldf3
                0x000000000000c33c       0x40 d:/mounriver/mounriver_studio/toolchain/risc-v embedded gcc/bin/../lib/gcc/riscv-none-embed/8.2.0/rv32imacxw/ilp32\libgcc.a(muldf3.o)
 .rodata.__divsf3
                0x000000000000c37c       0x80 d:/mounriver/mounriver_studio/toolchain/risc-v embedded gcc/bin/../lib/gcc/riscv-none-embed/8.2.0/rv32imacxw/ilp32\libgcc.a(divsf3.o)
 .rodata.__mulsf3
                0x000000000000c3fc       0x40 d:/mounriver/mounriver_studio/toolchain/risc-v embedded gcc/bin/../lib/gcc/riscv-none-embed/8.2.0/rv32imacxw/ilp32\libgcc.a(mulsf3.o)
 .rodata.__clz_tab
                0x000000000000c43c      0x100 d:/mounriver/mounriver_studio/toolchain/risc-v embedded gcc/bin/../lib/gcc/riscv-none-embed/8.2.0/rv32imacxw/ilp32\libgcc.a(_clz.o)
                0x000000000000c43c                __clz_tab
 *(.gnu.linkonce.t.*)
                0x000000000000c53c                . = ALIGN (0x4)

.rela.dyn       0x000000000000c53c        0x0
 .rela.text.Flight_control
                0x000000000000c53c        0x0 ./User/RTOS_apps/IMU_handle.o
 .rela.text.Motor_sort_start
                0x000000000000c53c        0x0 ./User/RTOS_apps/IMU_handle.o
 .rela.text.startup.main
                0x000000000000c53c        0x0 ./User/RTOS_apps/IMU_handle.o
 .rela.init     0x000000000000c53c        0x0 ./User/RTOS_apps/IMU_handle.o
 .rela.vector   0x000000000000c53c        0x0 ./User/RTOS_apps/IMU_handle.o
 .rela.text.handle_reset
                0x000000000000c53c        0x0 ./User/RTOS_apps/IMU_handle.o
 .rela.text.mpu_init
                0x000000000000c53c        0x0 ./User/RTOS_apps/IMU_handle.o
 .rela.text.mpu_dmp_init
                0x000000000000c53c        0x0 ./User/RTOS_apps/IMU_handle.o
 .rela.text.MPU6050_Init
                0x000000000000c53c        0x0 ./User/RTOS_apps/IMU_handle.o
 .rela.text.BAT_ADC_Init
                0x000000000000c53c        0x0 ./User/RTOS_apps/IMU_handle.o
 .rela.text.System_Init
                0x000000000000c53c        0x0 ./User/RTOS_apps/IMU_handle.o
 .rela.text.pvPortMalloc
                0x000000000000c53c        0x0 ./User/RTOS_apps/IMU_handle.o
 .rela.text.vPortFree
                0x000000000000c53c        0x0 ./User/RTOS_apps/IMU_handle.o
 .rela.text.xPortStartScheduler
                0x000000000000c53c        0x0 ./User/RTOS_apps/IMU_handle.o
 .rela.text.vPortExitCritical
                0x000000000000c53c        0x0 ./User/RTOS_apps/IMU_handle.o
 .rela.sdata2.xISRStackTop
                0x000000000000c53c        0x0 ./User/RTOS_apps/IMU_handle.o
 .rela.text.xQueueGenericReset
                0x000000000000c53c        0x0 ./User/RTOS_apps/IMU_handle.o
 .rela.text.xQueueGenericCreate
                0x000000000000c53c        0x0 ./User/RTOS_apps/IMU_handle.o
 .rela.text.xQueueReceive
                0x000000000000c53c        0x0 ./User/RTOS_apps/IMU_handle.o
 .rela.text.vQueueAddToRegistry
                0x000000000000c53c        0x0 ./User/RTOS_apps/IMU_handle.o
 .rela.text.xTaskCreate
                0x000000000000c53c        0x0 ./User/RTOS_apps/IMU_handle.o
 .rela.text.vTaskStartScheduler
                0x000000000000c53c        0x0 ./User/RTOS_apps/IMU_handle.o
 .rela.text.xTaskIncrementTick
                0x000000000000c53c        0x0 ./User/RTOS_apps/IMU_handle.o
 .rela.text.xTaskResumeAll
                0x000000000000c53c        0x0 ./User/RTOS_apps/IMU_handle.o
 .rela.text.vTaskDelay
                0x000000000000c53c        0x0 ./User/RTOS_apps/IMU_handle.o
 .rela.text.vTaskSwitchContext
                0x000000000000c53c        0x0 ./User/RTOS_apps/IMU_handle.o
 .rela.text.vTaskPlaceOnEventList
                0x000000000000c53c        0x0 ./User/RTOS_apps/IMU_handle.o
 .rela.text.vTaskPlaceOnEventListRestricted
                0x000000000000c53c        0x0 ./User/RTOS_apps/IMU_handle.o
 .rela.text.xTaskRemoveFromEventList
                0x000000000000c53c        0x0 ./User/RTOS_apps/IMU_handle.o
 .rela.text.xTaskCheckForTimeOut
                0x000000000000c53c        0x0 ./User/RTOS_apps/IMU_handle.o
 .rela.text.prvTimerTask
                0x000000000000c53c        0x0 ./User/RTOS_apps/IMU_handle.o
 .rela.text.xTimerCreateTimerTask
                0x000000000000c53c        0x0 ./User/RTOS_apps/IMU_handle.o
 .rela.text.prints
                0x000000000000c53c        0x0 ./User/RTOS_apps/IMU_handle.o
 .rela.text.printInt
                0x000000000000c53c        0x0 ./User/RTOS_apps/IMU_handle.o
 .rela.text.printLongLongInt
                0x000000000000c53c        0x0 ./User/RTOS_apps/IMU_handle.o
 .rela.text.printDouble
                0x000000000000c53c        0x0 ./User/RTOS_apps/IMU_handle.o
 .rela.text.print
                0x000000000000c53c        0x0 ./User/RTOS_apps/IMU_handle.o
 .rela.text.printf
                0x000000000000c53c        0x0 ./User/RTOS_apps/IMU_handle.o
 .rela.data.impure_data
                0x000000000000c53c        0x0 ./User/RTOS_apps/IMU_handle.o

.fini           0x000000000000c53c        0x0
 *(SORT_NONE(.fini))
                0x000000000000c53c                . = ALIGN (0x4)
                [!provide]                        PROVIDE (_etext = .)
                [!provide]                        PROVIDE (_eitcm = .)

.preinit_array  0x000000000000c53c        0x0
                [!provide]                        PROVIDE (__preinit_array_start = .)
 *(.preinit_array)
                [!provide]                        PROVIDE (__preinit_array_end = .)

.init_array     0x000000000000c53c        0x0
                [!provide]                        PROVIDE (__init_array_start = .)
 *(SORT_BY_INIT_PRIORITY(.init_array.*) SORT_BY_INIT_PRIORITY(.ctors.*))
 *(.init_array EXCLUDE_FILE(*crtend?.o *crtend.o *crtbegin?.o *crtbegin.o) .ctors)
                [!provide]                        PROVIDE (__init_array_end = .)

.fini_array     0x000000000000c53c        0x0
                [!provide]                        PROVIDE (__fini_array_start = .)
 *(SORT_BY_INIT_PRIORITY(.fini_array.*) SORT_BY_INIT_PRIORITY(.dtors.*))
 *(.fini_array EXCLUDE_FILE(*crtend?.o *crtend.o *crtbegin?.o *crtbegin.o) .dtors)
                [!provide]                        PROVIDE (__fini_array_end = .)

.ctors
 *crtbegin.o(.ctors)
 *crtbegin?.o(.ctors)
 *(EXCLUDE_FILE(*crtend?.o *crtend.o) .ctors)
 *(SORT_BY_NAME(.ctors.*))
 *(.ctors)

.dtors
 *crtbegin.o(.dtors)
 *crtbegin?.o(.dtors)
 *(EXCLUDE_FILE(*crtend?.o *crtend.o) .dtors)
 *(SORT_BY_NAME(.dtors.*))
 *(.dtors)

.dalign         0x0000000020000000        0x0 load address 0x000000000000c53c
                0x0000000020000000                . = ALIGN (0x4)
                0x0000000020000000                PROVIDE (_data_vma = .)

.dlalign        0x000000000000c53c        0x0
                0x000000000000c53c                . = ALIGN (0x4)
                0x000000000000c53c                PROVIDE (_data_lma = .)

.data           0x0000000020000000      0x108 load address 0x000000000000c53c
 *(.gnu.linkonce.r.*)
 *(.data .data.*)
 .data.AHBPrescTable
                0x0000000020000000       0x10 ./User/system_ch32v30x.o
                0x0000000020000000                AHBPrescTable
 .data.APBAHBPrescTable
                0x0000000020000010       0x10 ./Peripheral/src/ch32v30x_rcc.o
 .data.gyro_orientation
                0x0000000020000020        0x9 ./General_Files/eMPL/inv_mpu.o
 *fill*         0x0000000020000029        0x3 
 .data.st       0x000000002000002c       0x2c ./General_Files/eMPL/inv_mpu.o
 .data.Motor_pos
                0x0000000020000058       0x10 ./General_Files/drivers/pwm.o
                0x0000000020000058                Motor_pos
 .data.pid_func
                0x0000000020000068       0x10 ./General_Files/apps/src/pid.o
                0x0000000020000068                pid_func
 .data.impure_data
                0x0000000020000078       0x60 d:/mounriver/mounriver_studio/toolchain/risc-v embedded gcc/bin/../lib/gcc/riscv-none-embed/8.2.0/../../../../riscv-none-embed/lib/rv32imacxw/ilp32\libg_nano.a(lib_a-impure.o)
 *(.gnu.linkonce.d.*)
                0x00000000200000d8                . = ALIGN (0x8)
                0x00000000200008d8                PROVIDE (__global_pointer$ = (. + 0x800))
 *(.sdata .sdata.*)
 .sdata.IMU_IO_STATUS
                0x00000000200000d8        0x4 ./User/RTOS_apps/IMU_handle.o
                0x00000000200000d8                IMU_IO_STATUS
 .sdata.Motor_speed_set
                0x00000000200000dc        0x4 ./User/RTOS_apps/soft_stast.o
                0x00000000200000dc                Motor_speed_set
 .sdata.last_RC_lock_state
                0x00000000200000e0        0x4 ./User/RTOS_apps/soft_stast.o
                0x00000000200000e0                last_RC_lock_state
 .sdata.SystemCoreClock
                0x00000000200000e4        0x4 ./User/system_ch32v30x.o
                0x00000000200000e4                SystemCoreClock
 .sdata.ADCPrescTable
                0x00000000200000e8        0x4 ./Peripheral/src/ch32v30x_rcc.o
 .sdata.bmp280  0x00000000200000ec        0x4 ./General_Files/drivers/BMP280.o
                0x00000000200000ec                bmp280
 .sdata.uxCriticalNesting
                0x00000000200000f0        0x4 ./FreeRTOS/portable/GCC/RISC-V/port.o
 .sdata.uxTopUsedPriority
                0x00000000200000f4        0x4 ./FreeRTOS/tasks.o
                0x00000000200000f4                uxTopUsedPriority
 .sdata.__fdlib_version
                0x00000000200000f8        0x4 d:/mounriver/mounriver_studio/toolchain/risc-v embedded gcc/bin/../lib/gcc/riscv-none-embed/8.2.0/../../../../riscv-none-embed/lib/rv32imacxw/ilp32\libm.a(lib_a-s_lib_ver.o)
                0x00000000200000f8                __fdlib_version
 .sdata._impure_ptr
                0x00000000200000fc        0x4 d:/mounriver/mounriver_studio/toolchain/risc-v embedded gcc/bin/../lib/gcc/riscv-none-embed/8.2.0/../../../../riscv-none-embed/lib/rv32imacxw/ilp32\libg_nano.a(lib_a-impure.o)
                0x00000000200000fc                _impure_ptr
 *(.sdata2.*)
 .sdata2.xISRStackTop
                0x0000000020000100        0x4 ./FreeRTOS/portable/GCC/RISC-V/port.o
                0x0000000020000100                xISRStackTop
 *(.gnu.linkonce.s.*)
                0x0000000020000108                . = ALIGN (0x8)
 *fill*         0x0000000020000104        0x4 
 *(.srodata.cst16)
 *(.srodata.cst8)
 *(.srodata.cst4)
 *(.srodata.cst2)
 *(.srodata .srodata.*)
                0x0000000020000108                . = ALIGN (0x4)
                0x0000000020000108                PROVIDE (_edata = .)

.bss            0x0000000020000108     0x4600 load address 0x000000000000c644
                0x0000000020000108                . = ALIGN (0x4)
                0x0000000020000108                PROVIDE (_sbss = .)
 *(.sbss*)
 .sbss.Control_task_Handler
                0x0000000020000108        0x4 ./User/RTOS_tasks.o
                0x0000000020000108                Control_task_Handler
 .sbss.IMU_Task_Handler
                0x000000002000010c        0x4 ./User/RTOS_tasks.o
                0x000000002000010c                IMU_Task_Handler
 .sbss.Motor_SoftStart_Handler
                0x0000000020000110        0x4 ./User/RTOS_tasks.o
                0x0000000020000110                Motor_SoftStart_Handler
 .sbss.PrintTask_Handler
                0x0000000020000114        0x4 ./User/RTOS_tasks.o
                0x0000000020000114                PrintTask_Handler
 .sbss.NVIC_Priority_Group
                0x0000000020000118        0x4 ./Peripheral/src/ch32v30x_misc.o
                0x0000000020000118                NVIC_Priority_Group
 .sbss.Calibrattion_Val
                0x000000002000011c        0x2 ./General_Files/drivers/adc.o
                0x000000002000011c                Calibrattion_Val
 *fill*         0x000000002000011e        0x2 
 .sbss.TxBuf    0x0000000020000120        0x2 ./General_Files/drivers/adc.o
                0x0000000020000120                TxBuf
 .sbss.RxBuf_Index
                0x0000000020000122        0x1 ./General_Files/apps/src/CRSF.o
                0x0000000020000122                RxBuf_Index
 *fill*         0x0000000020000123        0x1 
 .sbss.pxEnd    0x0000000020000124        0x4 ./FreeRTOS/portable/MemMang/heap_4.o
 .sbss.xBlockAllocatedBit
                0x0000000020000128        0x4 ./FreeRTOS/portable/MemMang/heap_4.o
 .sbss.xFreeBytesRemaining
                0x000000002000012c        0x4 ./FreeRTOS/portable/MemMang/heap_4.o
 .sbss.xMinimumEverFreeBytesRemaining
                0x0000000020000130        0x4 ./FreeRTOS/portable/MemMang/heap_4.o
 .sbss.xNumberOfSuccessfulAllocations
                0x0000000020000134        0x4 ./FreeRTOS/portable/MemMang/heap_4.o
 .sbss.xNumberOfSuccessfulFrees
                0x0000000020000138        0x4 ./FreeRTOS/portable/MemMang/heap_4.o
 .sbss.xStart   0x000000002000013c        0x8 ./FreeRTOS/portable/MemMang/heap_4.o
 .sbss.pxCurrentTCB
                0x0000000020000144        0x4 ./FreeRTOS/tasks.o
                0x0000000020000144                pxCurrentTCB
 .sbss.pxDelayedTaskList
                0x0000000020000148        0x4 ./FreeRTOS/tasks.o
 .sbss.pxOverflowDelayedTaskList
                0x000000002000014c        0x4 ./FreeRTOS/tasks.o
 .sbss.uxCurrentNumberOfTasks
                0x0000000020000150        0x4 ./FreeRTOS/tasks.o
 .sbss.uxDeletedTasksWaitingCleanUp
                0x0000000020000154        0x4 ./FreeRTOS/tasks.o
 .sbss.uxSchedulerSuspended
                0x0000000020000158        0x4 ./FreeRTOS/tasks.o
 .sbss.uxTaskNumber
                0x000000002000015c        0x4 ./FreeRTOS/tasks.o
 .sbss.uxTopReadyPriority
                0x0000000020000160        0x4 ./FreeRTOS/tasks.o
 .sbss.xIdleTaskHandle
                0x0000000020000164        0x4 ./FreeRTOS/tasks.o
 .sbss.xNextTaskUnblockTime
                0x0000000020000168        0x4 ./FreeRTOS/tasks.o
 .sbss.xNumOfOverflows
                0x000000002000016c        0x4 ./FreeRTOS/tasks.o
 .sbss.xPendedTicks
                0x0000000020000170        0x4 ./FreeRTOS/tasks.o
 .sbss.xSchedulerRunning
                0x0000000020000174        0x4 ./FreeRTOS/tasks.o
 .sbss.xTickCount
                0x0000000020000178        0x4 ./FreeRTOS/tasks.o
 .sbss.xYieldPending
                0x000000002000017c        0x4 ./FreeRTOS/tasks.o
 .sbss.pxCurrentTimerList
                0x0000000020000180        0x4 ./FreeRTOS/timers.o
 .sbss.pxOverflowTimerList
                0x0000000020000184        0x4 ./FreeRTOS/timers.o
 .sbss.xLastTime.6265
                0x0000000020000188        0x4 ./FreeRTOS/timers.o
 .sbss.xTimerQueue
                0x000000002000018c        0x4 ./FreeRTOS/timers.o
 .sbss.xTimerTaskHandle
                0x0000000020000190        0x4 ./FreeRTOS/timers.o
 .sbss.p_ms     0x0000000020000194        0x2 ./Debug/debug.o
 .sbss.p_us     0x0000000020000196        0x1 ./Debug/debug.o
 *(.gnu.linkonce.sb.*)
 *(.bss*)
 *fill*         0x0000000020000197        0x1 
 .bss.MPU6050_para
                0x0000000020000198       0x14 ./User/RTOS_apps/IMU_handle.o
                0x0000000020000198                MPU6050_para
 .bss.MPU6050_para_filted
                0x00000000200001ac       0x14 ./User/RTOS_apps/IMU_handle.o
                0x00000000200001ac                MPU6050_para_filted
 .bss.gyro_filter
                0x00000000200001c0       0x48 ./User/RTOS_apps/IMU_handle.o
                0x00000000200001c0                gyro_filter
 .bss.control   0x0000000020000208      0x208 ./User/RTOS_apps/control_handle.o
                0x0000000020000208                control
 .bss.dmp       0x0000000020000410       0x10 ./General_Files/eMPL/inv_mpu_dmp_motion_driver.o
 .bss.bmp280_inst
                0x0000000020000420       0x18 ./General_Files/drivers/BMP280.o
                0x0000000020000420                bmp280_inst
 .bss._lut      0x0000000020000438      0x100 ./General_Files/apps/src/CRC.o
                0x0000000020000438                _lut
 .bss.CrsfChannels
                0x0000000020000538       0x40 ./General_Files/apps/src/CRSF.o
                0x0000000020000538                CrsfChannels
 .bss.LinkStatistics
                0x0000000020000578        0xa ./General_Files/apps/src/CRSF.o
                0x0000000020000578                LinkStatistics
 *fill*         0x0000000020000582        0x2 
 .bss.RxBuf     0x0000000020000584       0x40 ./General_Files/apps/src/CRSF.o
                0x0000000020000584                RxBuf
 .bss.ucHeap    0x00000000200005c4     0x4000 ./FreeRTOS/portable/MemMang/heap_4.o
 .bss.xQueueRegistry
                0x00000000200045c4       0x40 ./FreeRTOS/queue.o
                0x00000000200045c4                xQueueRegistry
 .bss.pxReadyTasksLists
                0x0000000020004604       0x78 ./FreeRTOS/tasks.o
 .bss.xDelayedTaskList1
                0x000000002000467c       0x14 ./FreeRTOS/tasks.o
 .bss.xDelayedTaskList2
                0x0000000020004690       0x14 ./FreeRTOS/tasks.o
 .bss.xPendingReadyList
                0x00000000200046a4       0x14 ./FreeRTOS/tasks.o
 .bss.xSuspendedTaskList
                0x00000000200046b8       0x14 ./FreeRTOS/tasks.o
 .bss.xTasksWaitingTermination
                0x00000000200046cc       0x14 ./FreeRTOS/tasks.o
 .bss.xActiveTimerList1
                0x00000000200046e0       0x14 ./FreeRTOS/timers.o
 .bss.xActiveTimerList2
                0x00000000200046f4       0x14 ./FreeRTOS/timers.o
 *(.gnu.linkonce.b.*)
 *(COMMON*)
                0x0000000020004708                . = ALIGN (0x4)
                0x0000000020004708                PROVIDE (_ebss = .)
                0x0000000020004708                PROVIDE (_end = _ebss)
                [!provide]                        PROVIDE (end = .)

.stack          0x0000000020007800      0x800
                0x0000000020007800                PROVIDE (_heap_end = .)
                0x0000000020007800                . = ALIGN (0x4)
                [!provide]                        PROVIDE (_susrstack = .)
                0x0000000020008000                . = (. + __stack_size)
 *fill*         0x0000000020007800      0x800 
                0x0000000020008000                PROVIDE (_eusrstack = .)
                0x0000000020008000                __freertos_irq_stack_top = .
OUTPUT(FreeRTOS.elf elf32-littleriscv)

.debug_info     0x0000000000000000    0x3137a
 .debug_info    0x0000000000000000      0xf9d ./User/RTOS_apps/IMU_handle.o
 .debug_info    0x0000000000000f9d     0x102f ./User/RTOS_apps/Print_status.o
 .debug_info    0x0000000000001fcc     0x1372 ./User/RTOS_apps/control_handle.o
 .debug_info    0x000000000000333e      0xe85 ./User/RTOS_apps/soft_stast.o
 .debug_info    0x00000000000041c3      0xf33 ./User/RTOS_tasks.o
 .debug_info    0x00000000000050f6      0x962 ./User/ch32v30x_it.o
 .debug_info    0x0000000000005a58      0xc6f ./User/main.o
 .debug_info    0x00000000000066c7      0xb99 ./User/system_ch32v30x.o
 .debug_info    0x0000000000007260       0x22 ./Startup/startup_ch32v30x_D8C.o
 .debug_info    0x0000000000007282     0x16ed ./Peripheral/src/ch32v30x_adc.o
 .debug_info    0x000000000000896f      0xd13 ./Peripheral/src/ch32v30x_dma.o
 .debug_info    0x0000000000009682     0x115e ./Peripheral/src/ch32v30x_gpio.o
 .debug_info    0x000000000000a7e0     0x1481 ./Peripheral/src/ch32v30x_i2c.o
 .debug_info    0x000000000000bc61      0xf6d ./Peripheral/src/ch32v30x_misc.o
 .debug_info    0x000000000000cbce     0x155d ./Peripheral/src/ch32v30x_rcc.o
 .debug_info    0x000000000000e12b     0x2a16 ./Peripheral/src/ch32v30x_tim.o
 .debug_info    0x0000000000010b41     0x1420 ./Peripheral/src/ch32v30x_usart.o
 .debug_info    0x0000000000011f61     0x42bb ./General_Files/eMPL/inv_mpu.o
 .debug_info    0x000000000001621c     0x1b5b ./General_Files/eMPL/inv_mpu_dmp_motion_driver.o
 .debug_info    0x0000000000017d77     0x13dd ./General_Files/drivers/BMP280.o
 .debug_info    0x0000000000019154     0x1917 ./General_Files/drivers/MPU6050.o
 .debug_info    0x000000000001aa6b      0xfb7 ./General_Files/drivers/MyI2C.o
 .debug_info    0x000000000001ba22     0x12e6 ./General_Files/drivers/adc.o
 .debug_info    0x000000000001cd08      0xe01 ./General_Files/drivers/bsp_filter.o
 .debug_info    0x000000000001db09      0xb5b ./General_Files/drivers/gpio.o
 .debug_info    0x000000000001e664     0x16b3 ./General_Files/drivers/pwm.o
 .debug_info    0x000000000001fd17     0x1572 ./General_Files/drivers/tim.o
 .debug_info    0x0000000000021289     0x152b ./General_Files/drivers/uart.o
 .debug_info    0x00000000000227b4      0x15e ./General_Files/apps/src/CRC.o
 .debug_info    0x0000000000022912      0xf0e ./General_Files/apps/src/CRSF.o
 .debug_info    0x0000000000023820      0x275 ./General_Files/apps/src/pid.o
 .debug_info    0x0000000000023a95      0xef0 ./General_Files/system.o
 .debug_info    0x0000000000024985      0xe5c ./FreeRTOS/portable/MemMang/heap_4.o
 .debug_info    0x00000000000257e1     0x1187 ./FreeRTOS/portable/GCC/RISC-V/port.o
 .debug_info    0x0000000000026968       0x26 ./FreeRTOS/portable/GCC/RISC-V/portASM.o
 .debug_info    0x000000000002698e      0xb80 ./FreeRTOS/list.o
 .debug_info    0x000000000002750e     0x30e6 ./FreeRTOS/queue.o
 .debug_info    0x000000000002a5f4     0x3cf6 ./FreeRTOS/tasks.o
 .debug_info    0x000000000002e2ea     0x2174 ./FreeRTOS/timers.o
 .debug_info    0x000000000003045e      0xf1c ./Debug/debug.o

.debug_abbrev   0x0000000000000000     0x76e9
 .debug_abbrev  0x0000000000000000      0x2c7 ./User/RTOS_apps/IMU_handle.o
 .debug_abbrev  0x00000000000002c7      0x2bd ./User/RTOS_apps/Print_status.o
 .debug_abbrev  0x0000000000000584      0x3ec ./User/RTOS_apps/control_handle.o