Archive member included to satisfy reference by file (symbol)

c:/mounriver/mounriver_studio/toolchain/risc-v embedded gcc/bin/../lib/gcc/riscv-none-embed/8.2.0/../../../../riscv-none-embed/lib/rv32imacxw/ilp32\libm.a(lib_a-wf_asin.o)
                              ./General_Files/eMPL/inv_mpu.o (asinf)
c:/mounriver/mounriver_studio/toolchain/risc-v embedded gcc/bin/../lib/gcc/riscv-none-embed/8.2.0/../../../../riscv-none-embed/lib/rv32imacxw/ilp32\libm.a(lib_a-wf_atan2.o)
                              ./General_Files/eMPL/inv_mpu.o (atan2f)
c:/mounriver/mounriver_studio/toolchain/risc-v embedded gcc/bin/../lib/gcc/riscv-none-embed/8.2.0/../../../../riscv-none-embed/lib/rv32imacxw/ilp32\libm.a(lib_a-ef_asin.o)
                              c:/mounriver/mounriver_studio/toolchain/risc-v embedded gcc/bin/../lib/gcc/riscv-none-embed/8.2.0/../../../../riscv-none-embed/lib/rv32imacxw/ilp32\libm.a(lib_a-wf_asin.o) (__ieee754_asinf)
c:/mounriver/mounriver_studio/toolchain/risc-v embedded gcc/bin/../lib/gcc/riscv-none-embed/8.2.0/../../../../riscv-none-embed/lib/rv32imacxw/ilp32\libm.a(lib_a-ef_atan2.o)
                              c:/mounriver/mounriver_studio/toolchain/risc-v embedded gcc/bin/../lib/gcc/riscv-none-embed/8.2.0/../../../../riscv-none-embed/lib/rv32imacxw/ilp32\libm.a(lib_a-wf_atan2.o) (__ieee754_atan2f)
c:/mounriver/mounriver_studio/toolchain/risc-v embedded gcc/bin/../lib/gcc/riscv-none-embed/8.2.0/../../../../riscv-none-embed/lib/rv32imacxw/ilp32\libm.a(lib_a-ef_sqrt.o)
                              c:/mounriver/mounriver_studio/toolchain/risc-v embedded gcc/bin/../lib/gcc/riscv-none-embed/8.2.0/../../../../riscv-none-embed/lib/rv32imacxw/ilp32\libm.a(lib_a-ef_asin.o) (__ieee754_sqrtf)
c:/mounriver/mounriver_studio/toolchain/risc-v embedded gcc/bin/../lib/gcc/riscv-none-embed/8.2.0/../../../../riscv-none-embed/lib/rv32imacxw/ilp32\libm.a(lib_a-s_lib_ver.o)
                              c:/mounriver/mounriver_studio/toolchain/risc-v embedded gcc/bin/../lib/gcc/riscv-none-embed/8.2.0/../../../../riscv-none-embed/lib/rv32imacxw/ilp32\libm.a(lib_a-wf_asin.o) (__fdlib_version)
c:/mounriver/mounriver_studio/toolchain/risc-v embedded gcc/bin/../lib/gcc/riscv-none-embed/8.2.0/../../../../riscv-none-embed/lib/rv32imacxw/ilp32\libm.a(lib_a-s_matherr.o)
                              c:/mounriver/mounriver_studio/toolchain/risc-v embedded gcc/bin/../lib/gcc/riscv-none-embed/8.2.0/../../../../riscv-none-embed/lib/rv32imacxw/ilp32\libm.a(lib_a-wf_asin.o) (matherr)
c:/mounriver/mounriver_studio/toolchain/risc-v embedded gcc/bin/../lib/gcc/riscv-none-embed/8.2.0/../../../../riscv-none-embed/lib/rv32imacxw/ilp32\libm.a(lib_a-s_nan.o)
                              c:/mounriver/mounriver_studio/toolchain/risc-v embedded gcc/bin/../lib/gcc/riscv-none-embed/8.2.0/../../../../riscv-none-embed/lib/rv32imacxw/ilp32\libm.a(lib_a-wf_asin.o) (nan)
c:/mounriver/mounriver_studio/toolchain/risc-v embedded gcc/bin/../lib/gcc/riscv-none-embed/8.2.0/../../../../riscv-none-embed/lib/rv32imacxw/ilp32\libm.a(lib_a-sf_atan.o)
                              c:/mounriver/mounriver_studio/toolchain/risc-v embedded gcc/bin/../lib/gcc/riscv-none-embed/8.2.0/../../../../riscv-none-embed/lib/rv32imacxw/ilp32\libm.a(lib_a-ef_atan2.o) (atanf)
c:/mounriver/mounriver_studio/toolchain/risc-v embedded gcc/bin/../lib/gcc/riscv-none-embed/8.2.0/../../../../riscv-none-embed/lib/rv32imacxw/ilp32\libm.a(lib_a-sf_fabs.o)
                              c:/mounriver/mounriver_studio/toolchain/risc-v embedded gcc/bin/../lib/gcc/riscv-none-embed/8.2.0/../../../../riscv-none-embed/lib/rv32imacxw/ilp32\libm.a(lib_a-wf_asin.o) (fabsf)
c:/mounriver/mounriver_studio/toolchain/risc-v embedded gcc/bin/../lib/gcc/riscv-none-embed/8.2.0/../../../../riscv-none-embed/lib/rv32imacxw/ilp32\libprintfloat.a(printfloat.o)
                              ./User/RTOS_apps/Print_status.o (printf)
c:/mounriver/mounriver_studio/toolchain/risc-v embedded gcc/bin/../lib/gcc/riscv-none-embed/8.2.0/rv32imacxw/ilp32\libgcc.a(_divdi3.o)
                              ./General_Files/eMPL/inv_mpu.o (__divdi3)
c:/mounriver/mounriver_studio/toolchain/risc-v embedded gcc/bin/../lib/gcc/riscv-none-embed/8.2.0/rv32imacxw/ilp32\libgcc.a(_udivdi3.o)
                              c:/mounriver/mounriver_studio/toolchain/risc-v embedded gcc/bin/../lib/gcc/riscv-none-embed/8.2.0/../../../../riscv-none-embed/lib/rv32imacxw/ilp32\libprintfloat.a(printfloat.o) (__udivdi3)
c:/mounriver/mounriver_studio/toolchain/risc-v embedded gcc/bin/../lib/gcc/riscv-none-embed/8.2.0/rv32imacxw/ilp32\libgcc.a(_umoddi3.o)
                              c:/mounriver/mounriver_studio/toolchain/risc-v embedded gcc/bin/../lib/gcc/riscv-none-embed/8.2.0/../../../../riscv-none-embed/lib/rv32imacxw/ilp32\libprintfloat.a(printfloat.o) (__umoddi3)
c:/mounriver/mounriver_studio/toolchain/risc-v embedded gcc/bin/../lib/gcc/riscv-none-embed/8.2.0/rv32imacxw/ilp32\libgcc.a(adddf3.o)
[...]
Memory Configuration

Name             Origin             Length             Attributes
FLASH            0x0000000000000000 0x0000000000020000 xr
RAM              0x0000000020000000 0x0000000000008000 xrw
*default*        0x0000000000000000 0xffffffffffffffff

Linker script and memory map

LOAD ./User/RTOS_apps/IMU_handle.o
LOAD ./User/RTOS_apps/Print_status.o
LOAD ./User/RTOS_apps/control_handle.o
LOAD ./User/RTOS_apps/soft_stast.o
LOAD ./User/RTOS_tasks.o
LOAD ./User/ch32v30x_it.o
LOAD ./User/main.o
LOAD ./User/system_ch32v30x.o
LOAD ./Startup/startup_ch32v30x_D8C.o
LOAD ./Peripheral/src/ch32v30x_adc.o
LOAD ./Peripheral/src/ch32v30x_bkp.o
LOAD ./Peripheral/src/ch32v30x_can.o
LOAD ./Peripheral/src/ch32v30x_crc.o
LOAD ./Peripheral/src/ch32v30x_dac.o
LOAD ./Peripheral/src/ch32v30x_dbgmcu.o
LOAD ./Peripheral/src/ch32v30x_dma.o
LOAD ./Peripheral/src/ch32v30x_dvp.o
LOAD ./Peripheral/src/ch32v30x_eth.o
LOAD ./Peripheral/src/ch32v30x_exti.o
LOAD ./Peripheral/src/ch32v30x_flash.o
LOAD ./Peripheral/src/ch32v30x_fsmc.o
LOAD ./Peripheral/src/ch32v30x_gpio.o
LOAD ./Peripheral/src/ch32v30x_i2c.o
LOAD ./Peripheral/src/ch32v30x_iwdg.o
LOAD ./Peripheral/src/ch32v30x_misc.o
LOAD ./Peripheral/src/ch32v30x_opa.o
LOAD ./Peripheral/src/ch32v30x_pwr.o
LOAD ./Peripheral/src/ch32v30x_rcc.o
LOAD ./Peripheral/src/ch32v30x_rng.o
LOAD ./Peripheral/src/ch32v30x_rtc.o
LOAD ./Peripheral/src/ch32v30x_sdio.o
LOAD ./Peripheral/src/ch32v30x_spi.o
LOAD ./Peripheral/src/ch32v30x_tim.o
LOAD ./Peripheral/src/ch32v30x_usart.o
LOAD ./Peripheral/src/ch32v30x_wwdg.o
LOAD ./General_Files/eMPL/inv_mpu.o
LOAD ./General_Files/eMPL/inv_mpu_dmp_motion_driver.o
LOAD ./General_Files/drivers/BMP280.o
LOAD ./General_Files/drivers/MPU6050.o
LOAD ./General_Files/drivers/MyI2C.o
LOAD ./General_Files/drivers/ST7789.o
LOAD ./General_Files/drivers/adc.o
LOAD ./General_Files/drivers/bsp_filter.o
LOAD ./General_Files/drivers/gpio.o
LOAD ./General_Files/drivers/mtf01.o
LOAD ./General_Files/drivers/pwm.o
LOAD ./General_Files/drivers/tim.o
LOAD ./General_Files/drivers/uart.o
LOAD ./General_Files/apps/src/CRC.o
LOAD ./General_Files/apps/src/CRSF.o
LOAD ./General_Files/apps/src/control.o
LOAD ./General_Files/apps/src/pid.o
LOAD ./General_Files/system.o
LOAD ./FreeRTOS/portable/MemMang/heap_4.o
LOAD ./FreeRTOS/portable/GCC/RISC-V/port.o
LOAD ./FreeRTOS/portable/GCC/RISC-V/portASM.o
LOAD ./FreeRTOS/croutine.o
LOAD ./FreeRTOS/event_groups.o
LOAD ./FreeRTOS/list.o
LOAD ./FreeRTOS/queue.o
LOAD ./FreeRTOS/stream_buffer.o
LOAD ./FreeRTOS/tasks.o
LOAD ./FreeRTOS/timers.o
LOAD ./Debug/debug.o
LOAD ./Core/core_riscv.o
LOAD c:/mounriver/mounriver_studio/toolchain/risc-v embedded gcc/bin/../lib/gcc/riscv-none-embed/8.2.0/../../../../riscv-none-embed/lib/rv32imacxw/ilp32\libm.a
LOAD c:/mounriver/mounriver_studio/toolchain/risc-v embedded gcc/bin/../lib/gcc/riscv-none-embed/8.2.0/../../../../riscv-none-embed/lib/rv32imacxw/ilp32\libprintfloat.a
LOAD c:/mounriver/mounriver_studio/toolchain/risc-v embedded gcc/bin/../lib/gcc/riscv-none-embed/8.2.0/rv32imacxw/ilp32\libgcc.a
LOAD c:/mounriver/mounriver_studio/toolchain/risc-v embedded gcc/bin/../lib/gcc/riscv-none-embed/8.2.0/../../../../riscv-none-embed/lib/rv32imacxw/ilp32\libg_nano.a
LOAD c:/mounriver/mounriver_studio/toolchain/risc-v embedded gcc/bin/../lib/gcc/riscv-none-embed/8.2.0/../../../../riscv-none-embed/lib/rv32imacxw/ilp32\libc_nano.a
LOAD c:/mounriver/mounriver_studio/toolchain/risc-v embedded gcc/bin/../lib/gcc/riscv-none-embed/8.2.0/rv32imacxw/ilp32\libgcc.a
START GROUP
LOAD c:/mounriver/mounriver_studio/toolchain/risc-v embedded gcc/bin/../lib/gcc/riscv-none-embed/8.2.0/rv32imacxw/ilp32\libgcc.a
LOAD c:/mounriver/mounriver_studio/toolchain/risc-v embedded gcc/bin/../lib/gcc/riscv-none-embed/8.2.0/../../../../riscv-none-embed/lib/rv32imacxw/ilp32\libc_nano.a
LOAD c:/mounriver/mounriver_studio/toolchain/risc-v embedded gcc/bin/../lib/gcc/riscv-none-embed/8.2.0/../../../../riscv-none-embed/lib/rv32imacxw/ilp32\libnosys.a
END GROUP
START GROUP
LOAD c:/mounriver/mounriver_studio/toolchain/risc-v embedded gcc/bin/../lib/gcc/riscv-none-embed/8.2.0/rv32imacxw/ilp32\libgcc.a
LOAD c:/mounriver/mounriver_studio/toolchain/risc-v embedded gcc/bin/../lib/gcc/riscv-none-embed/8.2.0/../../../../riscv-none-embed/lib/rv32imacxw/ilp32\libc_nano.a
LOAD c:/mounriver/mounriver_studio/toolchain/risc-v embedded gcc/bin/../lib/gcc/riscv-none-embed/8.2.0/../../../../riscv-none-embed/lib/rv32imacxw/ilp32\libnosys.a
END GROUP
                0x0000000000000800                __stack_size = 0x800
                [!provide]                        PROVIDE (_stack_size = __stack_size)

.init           0x0000000000000000        0x4
                0x0000000000000000                _sinit = .
                0x0000000000000000                . = ALIGN (0x4)
 *(SORT_NONE(.init))
 .init          0x0000000000000000        0x4 ./Startup/startup_ch32v30x_D8C.o
                0x0000000000000000                _start
                0x0000000000000004                . = ALIGN (0x4)
                0x0000000000000004                _einit = .

.vector         0x0000000000000004      0x1bc
 *(.vector)
 .vector        0x0000000000000004      0x1a0 ./Startup/startup_ch32v30x_D8C.o
                0x00000000000001c0                . = ALIGN (0x40)
 *fill*         0x00000000000001a4       0x1c 

.text           0x0000000000000200     0xc610
                0x0000000000000200                . = ALIGN (0x4)
 *(.text)
 .text          0x0000000000000200      0x2e6 ./FreeRTOS/portable/GCC/RISC-V/portASM.o
                0x0000000000000200                SW_Handler
                0x0000000000000300                xPortStartFirstTask
                0x0000000000000400                pxPortInitialiseStack
 .text          0x00000000000004e6       0x60 c:/mounriver/mounriver_studio/toolchain/risc-v embedded gcc/bin/../lib/gcc/riscv-none-embed/8.2.0/rv32imacxw/ilp32\libgcc.a(save-restore.o)
                0x00000000000004e6                __riscv_save_12
                0x00000000000004ee                __riscv_save_9
                0x00000000000004ee                __riscv_save_11
                0x00000000000004ee                __riscv_save_10
                0x00000000000004ee                __riscv_save_8
                0x00000000000004fc                __riscv_save_4
                0x00000000000004fc                __riscv_save_6
                0x00000000000004fc                __riscv_save_5
                0x00000000000004fc                __riscv_save_7
                0x0000000000000516                __riscv_save_3
                0x0000000000000516                __riscv_save_2
                0x0000000000000516                __riscv_save_1
                0x0000000000000516                __riscv_save_0
                0x0000000000000522                __riscv_restore_12
                0x0000000000000526                __riscv_restore_11
                0x0000000000000526                __riscv_restore_9
                0x0000000000000526                __riscv_restore_10
                0x0000000000000526                __riscv_restore_8
                0x0000000000000530                __riscv_restore_5
                0x0000000000000530                __riscv_restore_7
                0x0000000000000530                __riscv_restore_6
                0x0000000000000530                __riscv_restore_4
                0x000000000000053a                __riscv_restore_3
                0x000000000000053a                __riscv_restore_0
                0x000000000000053a                __riscv_restore_2
                0x000000000000053a                __riscv_restore_1
 .text          0x0000000000000546       0xa8 c:/mounriver/mounriver_studio/toolchain/risc-v embedded gcc/bin/../lib/gcc/riscv-none-embed/8.2.0/../../../../riscv-none-embed/lib/rv32imacxw/ilp32\libg_nano.a(lib_a-memset.o)
                0x0000000000000546                memset
 *(.text.*)
 .text.load_filter_data
                0x00000000000005ee       0x68 ./User/RTOS_apps/IMU_handle.o
                0x00000000000005ee                load_filter_data
 .text.calc_IMU_filter
                0x0000000000000656       0x5e ./User/RTOS_apps/IMU_handle.o
                0x0000000000000656                calc_IMU_filter
 .text.IMU_task
                0x00000000000006b4       0x1a ./User/RTOS_apps/IMU_handle.o
                0x00000000000006b4                IMU_task
 .text.Print_status_task
                0x00000000000006ce      0x1ba ./User/RTOS_apps/Print_status.o
                0x00000000000006ce                Print_status_task
 .text.Motor_sort_start
                0x0000000000000888       0xda ./User/RTOS_apps/soft_stast.o
                0x0000000000000888                Motor_sort_start
 .text.RTOS_init
                0x0000000000000962       0x76 ./User/RTOS_tasks.o
                0x0000000000000962                RTOS_init
 .text.NMI_Handler
                0x00000000000009d8        0x4 ./User/ch32v30x_it.o
                0x00000000000009d8                NMI_Handler
 .text.HardFault_Handler
                0x00000000000009dc        0x2 ./User/ch32v30x_it.o
                0x00000000000009dc                HardFault_Handler
 .text.GPIO_Toggle_INIT
                0x00000000000009de       0x32 ./User/main.o
                0x00000000000009de                GPIO_Toggle_INIT
 .text.startup.main
                0x0000000000000a10       0x6c ./User/main.o
                0x0000000000000a10                main
 .text.SystemInit
                0x0000000000000a7c       0xfa ./User/system_ch32v30x.o
                0x0000000000000a7c                SystemInit
 .text.SystemCoreClockUpdate
                0x0000000000000b76      0x12a ./User/system_ch32v30x.o
                0x0000000000000b76                SystemCoreClockUpdate
 .text.vector_handler
                0x0000000000000ca0        0x2 ./Startup/startup_ch32v30x_D8C.o
                0x0000000000000ca0                EXTI2_IRQHandler
                0x0000000000000ca0                TIM8_TRG_COM_IRQHandler
                0x0000000000000ca0                TIM8_CC_IRQHandler
                0x0000000000000ca0                UART8_IRQHandler
                0x0000000000000ca0                TIM1_CC_IRQHandler
                0x0000000000000ca0                TIM6_IRQHandler
                0x0000000000000ca0                PVD_IRQHandler
                0x0000000000000ca0                SDIO_IRQHandler
                0x0000000000000ca0                TIM9_BRK_IRQHandler
                0x0000000000000ca0                DMA2_Channel8_IRQHandler
                0x0000000000000ca0                CAN2_RX1_IRQHandler
                0x0000000000000ca0                EXTI3_IRQHandler
                0x0000000000000ca0                USBHS_IRQHandler
                0x0000000000000ca0                DMA2_Channel9_IRQHandler
                0x0000000000000ca0                TIM10_CC_IRQHandler
                0x0000000000000ca0                USBFS_IRQHandler
                0x0000000000000ca0                EXTI0_IRQHandler
                0x0000000000000ca0                I2C2_EV_IRQHandler
                0x0000000000000ca0                TIM10_TRG_COM_IRQHandler
                0x0000000000000ca0                CAN2_SCE_IRQHandler
                0x0000000000000ca0                ADC1_2_IRQHandler
                0x0000000000000ca0                Break_Point_Handler
                0x0000000000000ca0                SPI1_IRQHandler
                0x0000000000000ca0                TAMPER_IRQHandler
                0x0000000000000ca0                CAN2_RX0_IRQHandler
                0x0000000000000ca0                TIM8_UP_IRQHandler
                0x0000000000000ca0                Ecall_M_Mode_Handler
                0x0000000000000ca0                DMA2_Channel2_IRQHandler
                0x0000000000000ca0                DMA1_Channel4_IRQHandler
                0x0000000000000ca0                TIM9_UP_IRQHandler
                0x0000000000000ca0                USART3_IRQHandler
                0x0000000000000ca0                RTC_IRQHandler
                0x0000000000000ca0                DMA1_Channel7_IRQHandler
                0x0000000000000ca0                CAN1_RX1_IRQHandler
                0x0000000000000ca0                DVP_IRQHandler
                0x0000000000000ca0                UART5_IRQHandler
                0x0000000000000ca0                DMA2_Channel1_IRQHandler
                0x0000000000000ca0                I2C1_EV_IRQHandler
                0x0000000000000ca0                DMA1_Channel6_IRQHandler
                0x0000000000000ca0                UART4_IRQHandler
                0x0000000000000ca0                DMA2_Channel4_IRQHandler
                0x0000000000000ca0                RCC_IRQHandler
                0x0000000000000ca0                TIM1_TRG_COM_IRQHandler
                0x0000000000000ca0                DMA1_Channel1_IRQHandler
                0x0000000000000ca0                DMA2_Channel7_IRQHandler
                0x0000000000000ca0                EXTI15_10_IRQHandler
                0x0000000000000ca0                TIM7_IRQHandler
                0x0000000000000ca0                CAN2_TX_IRQHandler
                0x0000000000000ca0                TIM5_IRQHandler
                0x0000000000000ca0                EXTI9_5_IRQHandler
                0x0000000000000ca0                ETH_WKUP_IRQHandler
                0x0000000000000ca0                SPI2_IRQHandler
                0x0000000000000ca0                TIM10_BRK_IRQHandler
                0x0000000000000ca0                TIM9_CC_IRQHandler
                0x0000000000000ca0                DMA2_Channel5_IRQHandler
                0x0000000000000ca0                DMA1_Channel5_IRQHandler
                0x0000000000000ca0                EXTI4_IRQHandler
                0x0000000000000ca0                USB_LP_CAN1_RX0_IRQHandler
                0x0000000000000ca0                RNG_IRQHandler
                0x0000000000000ca0                USB_HP_CAN1_TX_IRQHandler
                0x0000000000000ca0                DMA1_Channel3_IRQHandler
                0x0000000000000ca0                ETH_IRQHandler
                0x0000000000000ca0                TIM1_UP_IRQHandler
                0x0000000000000ca0                WWDG_IRQHandler
                0x0000000000000ca0                USBHSWakeup_IRQHandler
                0x0000000000000ca0                DMA2_Channel11_IRQHandler
                0x0000000000000ca0                Ecall_U_Mode_Handler
                0x0000000000000ca0                DMA2_Channel6_IRQHandler
                0x0000000000000ca0                TIM2_IRQHandler
                0x0000000000000ca0                TIM1_BRK_IRQHandler
                0x0000000000000ca0                DMA2_Channel10_IRQHandler
                0x0000000000000ca0                EXTI1_IRQHandler
                0x0000000000000ca0                RTCAlarm_IRQHandler
                0x0000000000000ca0                TIM10_UP_IRQHandler
                0x0000000000000ca0                TIM9_TRG_COM_IRQHandler
                0x0000000000000ca0                UART7_IRQHandler
                0x0000000000000ca0                UART6_IRQHandler
                0x0000000000000ca0                I2C2_ER_IRQHandler
                0x0000000000000ca0                DMA1_Channel2_IRQHandler
                0x0000000000000ca0                TIM8_BRK_IRQHandler
                0x0000000000000ca0                CAN1_SCE_IRQHandler
                0x0000000000000ca0                FLASH_IRQHandler
                0x0000000000000ca0                USART1_IRQHandler
                0x0000000000000ca0                SPI3_IRQHandler
                0x0000000000000ca0                I2C1_ER_IRQHandler
                0x0000000000000ca0                USBWakeUp_IRQHandler
                0x0000000000000ca0                DMA2_Channel3_IRQHandler
 .text.handle_reset
                0x0000000000000ca2       0x92 ./Startup/startup_ch32v30x_D8C.o
                0x0000000000000ca2                handle_reset
 .text.ADC_DeInit
                0x0000000000000d34       0x46 ./Peripheral/src/ch32v30x_adc.o
                0x0000000000000d34                ADC_DeInit
 .text.ADC_Init
                0x0000000000000d7a       0x56 ./Peripheral/src/ch32v30x_adc.o
                0x0000000000000d7a                ADC_Init
 .text.ADC_Cmd  0x0000000000000dd0       0x10 ./Peripheral/src/ch32v30x_adc.o
                0x0000000000000dd0                ADC_Cmd
 .text.ADC_DMACmd
                0x0000000000000de0       0x12 ./Peripheral/src/ch32v30x_adc.o
                0x0000000000000de0                ADC_DMACmd
 .text.ADC_ResetCalibration
                0x0000000000000df2        0xa ./Peripheral/src/ch32v30x_adc.o
                0x0000000000000df2                ADC_ResetCalibration
 .text.ADC_GetResetCalibrationStatus
                0x0000000000000dfc        0x8 ./Peripheral/src/ch32v30x_adc.o
                0x0000000000000dfc                ADC_GetResetCalibrationStatus
 .text.ADC_StartCalibration
                0x0000000000000e04        0xa ./Peripheral/src/ch32v30x_adc.o
                0x0000000000000e04                ADC_StartCalibration
 .text.ADC_GetCalibrationStatus
                0x0000000000000e0e        0x8 ./Peripheral/src/ch32v30x_adc.o
                0x0000000000000e0e                ADC_GetCalibrationStatus
 .text.ADC_SoftwareStartConvCmd
                0x0000000000000e16       0x18 ./Peripheral/src/ch32v30x_adc.o
                0x0000000000000e16                ADC_SoftwareStartConvCmd
 .text.ADC_RegularChannelConfig
                0x0000000000000e2e       0xb8 ./Peripheral/src/ch32v30x_adc.o
                0x0000000000000e2e                ADC_RegularChannelConfig
 .text.ADC_BufferCmd
                0x0000000000000ee6       0x18 ./Peripheral/src/ch32v30x_adc.o
                0x0000000000000ee6                ADC_BufferCmd
 .text.Get_CalibrationValue
                0x0000000000000efe      0x130 ./Peripheral/src/ch32v30x_adc.o
                0x0000000000000efe                Get_CalibrationValue
 .text.DBGMCU_GetCHIPID
                0x000000000000102e        0xa ./Peripheral/src/ch32v30x_dbgmcu.o
                0x000000000000102e                DBGMCU_GetCHIPID
 .text.DMA_DeInit
                0x0000000000001038      0x16c ./Peripheral/src/ch32v30x_dma.o
                0x0000000000001038                DMA_DeInit
 .text.DMA_Init
                0x00000000000011a4       0x38 ./Peripheral/src/ch32v30x_dma.o
                0x00000000000011a4                DMA_Init
 .text.DMA_Cmd  0x00000000000011dc       0x14 ./Peripheral/src/ch32v30x_dma.o
                0x00000000000011dc                DMA_Cmd
 .text.GPIO_Init
                0x00000000000011f0       0xc0 ./Peripheral/src/ch32v30x_gpio.o
                0x00000000000011f0                GPIO_Init
 .text.GPIO_ReadInputDataBit
                0x00000000000012b0        0xa ./Peripheral/src/ch32v30x_gpio.o
                0x00000000000012b0                GPIO_ReadInputDataBit
 .text.GPIO_SetBits
                0x00000000000012ba        0x4 ./Peripheral/src/ch32v30x_gpio.o
                0x00000000000012ba                GPIO_SetBits
 .text.GPIO_WriteBit
                0x00000000000012be        0xa ./Peripheral/src/ch32v30x_gpio.o
                0x00000000000012be                GPIO_WriteBit
 .text.GPIO_PinRemapConfig
                0x00000000000012c8       0xd6 ./Peripheral/src/ch32v30x_gpio.o
                0x00000000000012c8                GPIO_PinRemapConfig
 .text.I2C_Init
                0x000000000000139e       0xfe ./Peripheral/src/ch32v30x_i2c.o
                0x000000000000139e                I2C_Init
 .text.I2C_Cmd  0x000000000000149c       0x18 ./Peripheral/src/ch32v30x_i2c.o
                0x000000000000149c                I2C_Cmd
 .text.I2C_GenerateSTART
                0x00000000000014b4       0x1a ./Peripheral/src/ch32v30x_i2c.o
                0x00000000000014b4                I2C_GenerateSTART
 .text.I2C_GenerateSTOP
                0x00000000000014ce       0x1a ./Peripheral/src/ch32v30x_i2c.o
                0x00000000000014ce                I2C_GenerateSTOP
 .text.I2C_AcknowledgeConfig
                0x00000000000014e8       0x1a ./Peripheral/src/ch32v30x_i2c.o
                0x00000000000014e8                I2C_AcknowledgeConfig
 .text.I2C_SendData
                0x0000000000001502        0x4 ./Peripheral/src/ch32v30x_i2c.o
                0x0000000000001502                I2C_SendData
 .text.I2C_ReceiveData
                0x0000000000001506        0x8 ./Peripheral/src/ch32v30x_i2c.o
                0x0000000000001506                I2C_ReceiveData
 .text.I2C_Send7bitAddress
                0x000000000000150e       0x12 ./Peripheral/src/ch32v30x_i2c.o
                0x000000000000150e                I2C_Send7bitAddress
 .text.I2C_CheckEvent
                0x0000000000001520       0x16 ./Peripheral/src/ch32v30x_i2c.o
                0x0000000000001520                I2C_CheckEvent
 .text.I2C_GetFlagStatus
                0x0000000000001536       0x32 ./Peripheral/src/ch32v30x_i2c.o
                0x0000000000001536                I2C_GetFlagStatus
 .text.NVIC_PriorityGroupConfig
                0x0000000000001568        0xa ./Peripheral/src/ch32v30x_misc.o
                0x0000000000001568                NVIC_PriorityGroupConfig
 .text.NVIC_Init
                0x0000000000001572       0x52 ./Peripheral/src/ch32v30x_misc.o
                0x0000000000001572                NVIC_Init
 .text.RCC_ADCCLKConfig
                0x00000000000015c4       0x12 ./Peripheral/src/ch32v30x_rcc.o
                0x00000000000015c4                RCC_ADCCLKConfig
 .text.RCC_GetClocksFreq
                0x00000000000015d6      0x176 ./Peripheral/src/ch32v30x_rcc.o
                0x00000000000015d6                RCC_GetClocksFreq
 .text.RCC_AHBPeriphClockCmd
                0x000000000000174c       0x1e ./Peripheral/src/ch32v30x_rcc.o
                0x000000000000174c                RCC_AHBPeriphClockCmd
 .text.RCC_APB2PeriphClockCmd
                0x000000000000176a       0x1e ./Peripheral/src/ch32v30x_rcc.o
                0x000000000000176a                RCC_APB2PeriphClockCmd
 .text.RCC_APB1PeriphClockCmd
                0x0000000000001788       0x1e ./Peripheral/src/ch32v30x_rcc.o
                0x0000000000001788                RCC_APB1PeriphClockCmd
 .text.RCC_APB2PeriphResetCmd
                0x00000000000017a6       0x1e ./Peripheral/src/ch32v30x_rcc.o
                0x00000000000017a6                RCC_APB2PeriphResetCmd
 .text.TIM_TimeBaseInit
                0x00000000000017c4       0xaa ./Peripheral/src/ch32v30x_tim.o
                0x00000000000017c4                TIM_TimeBaseInit
 .text.TIM_OC1Init
                0x000000000000186e       0x82 ./Peripheral/src/ch32v30x_tim.o
                0x000000000000186e                TIM_OC1Init
 .text.TIM_OC2Init
                0x00000000000018f0       0xae ./Peripheral/src/ch32v30x_tim.o
                0x00000000000018f0                TIM_OC2Init
 .text.TIM_OC3Init
                0x000000000000199e       0xac ./Peripheral/src/ch32v30x_tim.o
                0x000000000000199e                TIM_OC3Init
 .text.TIM_OC4Init
                0x0000000000001a4a       0x88 ./Peripheral/src/ch32v30x_tim.o
                0x0000000000001a4a                TIM_OC4Init
 .text.TIM_Cmd  0x0000000000001ad2       0x18 ./Peripheral/src/ch32v30x_tim.o
                0x0000000000001ad2                TIM_Cmd
 .text.TIM_CtrlPWMOutputs
                0x0000000000001aea       0x16 ./Peripheral/src/ch32v30x_tim.o
                0x0000000000001aea                TIM_CtrlPWMOutputs
 .text.TIM_ARRPreloadConfig
                0x0000000000001b00       0x1a ./Peripheral/src/ch32v30x_tim.o
                0x0000000000001b00                TIM_ARRPreloadConfig
 .text.TIM_OC1PreloadConfig
                0x0000000000001b1a        0xe ./Peripheral/src/ch32v30x_tim.o
                0x0000000000001b1a                TIM_OC1PreloadConfig
 .text.TIM_OC2PreloadConfig
                0x0000000000001b28       0x16 ./Peripheral/src/ch32v30x_tim.o
                0x0000000000001b28                TIM_OC2PreloadConfig
 .text.TIM_OC3PreloadConfig
                0x0000000000001b3e        0xe ./Peripheral/src/ch32v30x_tim.o
                0x0000000000001b3e                TIM_OC3PreloadConfig
 .text.TIM_OC4PreloadConfig
                0x0000000000001b4c       0x16 ./Peripheral/src/ch32v30x_tim.o
                0x0000000000001b4c                TIM_OC4PreloadConfig
 .text.TIM_SetCompare1
                0x0000000000001b62        0x4 ./Peripheral/src/ch32v30x_tim.o
                0x0000000000001b62                TIM_SetCompare1
 .text.TIM_SetCompare2
                0x0000000000001b66        0x4 ./Peripheral/src/ch32v30x_tim.o
                0x0000000000001b66                TIM_SetCompare2
 .text.TIM_SetCompare3
                0x0000000000001b6a        0x4 ./Peripheral/src/ch32v30x_tim.o
                0x0000000000001b6a                TIM_SetCompare3
 .text.TIM_SetCompare4
                0x0000000000001b6e        0x6 ./Peripheral/src/ch32v30x_tim.o
                0x0000000000001b6e                TIM_SetCompare4
 .text.TIM_GetCapture1
                0x0000000000001b74        0x4 ./Peripheral/src/ch32v30x_tim.o
                0x0000000000001b74                TIM_GetCapture1
 .text.TIM_GetCapture2
                0x0000000000001b78        0x4 ./Peripheral/src/ch32v30x_tim.o
                0x0000000000001b78                TIM_GetCapture2
 .text.TIM_GetCapture3
                0x0000000000001b7c        0x4 ./Peripheral/src/ch32v30x_tim.o
                0x0000000000001b7c                TIM_GetCapture3
 .text.TIM_GetCapture4
                0x0000000000001b80        0x6 ./Peripheral/src/ch32v30x_tim.o
                0x0000000000001b80                TIM_GetCapture4
 .text.TIM_ClearFlag
                0x0000000000001b86        0xc ./Peripheral/src/ch32v30x_tim.o
                0x0000000000001b86                TIM_ClearFlag
 .text.USART_Init
                0x0000000000001b92       0x90 ./Peripheral/src/ch32v30x_usart.o
                0x0000000000001b92                USART_Init
 .text.USART_Cmd
                0x0000000000001c22       0x16 ./Peripheral/src/ch32v30x_usart.o
                0x0000000000001c22                USART_Cmd
 .text.USART_ITConfig
                0x0000000000001c38       0x36 ./Peripheral/src/ch32v30x_usart.o
                0x0000000000001c38                USART_ITConfig
 .text.USART_SendData
                0x0000000000001c6e        0x8 ./Peripheral/src/ch32v30x_usart.o
                0x0000000000001c6e                USART_SendData
 .text.USART_ReceiveData
                0x0000000000001c76        0x8 ./Peripheral/src/ch32v30x_usart.o
                0x0000000000001c76                USART_ReceiveData
 .text.USART_GetFlagStatus
                0x0000000000001c7e        0xa ./Peripheral/src/ch32v30x_usart.o
                0x0000000000001c7e                USART_GetFlagStatus
 .text.USART_ClearFlag
                0x0000000000001c88        0xc ./Peripheral/src/ch32v30x_usart.o
                0x0000000000001c88                USART_ClearFlag
 .text.USART_GetITStatus
                0x0000000000001c94       0x3c ./Peripheral/src/ch32v30x_usart.o
                0x0000000000001c94                USART_GetITStatus
 .text.get_st_biases
                0x0000000000001cd0      0x37e ./General_Files/eMPL/inv_mpu.o
 .text.set_int_enable
                0x000000000000204e       0x58 ./General_Files/eMPL/inv_mpu.o
 .text.mpu_reset_fifo
                0x00000000000020a6      0x138 ./General_Files/eMPL/inv_mpu.o
                0x00000000000020a6                mpu_reset_fifo
 .text.mpu_get_gyro_fsr
                0x00000000000021de       0x3e ./General_Files/eMPL/inv_mpu.o
                0x00000000000021de                mpu_get_gyro_fsr
 .text.mpu_set_gyro_fsr
                0x000000000000221c       0x7c ./General_Files/eMPL/inv_mpu.o
                0x000000000000221c                mpu_set_gyro_fsr
 .text.mpu_get_accel_fsr
                0x0000000000002298       0x46 ./General_Files/eMPL/inv_mpu.o
                0x0000000000002298                mpu_get_accel_fsr
 .text.mpu_set_accel_fsr
                0x00000000000022de       0x74 ./General_Files/eMPL/inv_mpu.o
                0x00000000000022de                mpu_set_accel_fsr
 .text.mpu_get_lpf
                0x0000000000002352       0x4a ./General_Files/eMPL/inv_mpu.o
                0x0000000000002352                mpu_get_lpf
 .text.mpu_set_lpf
                0x000000000000239c       0x7e ./General_Files/eMPL/inv_mpu.o
                0x000000000000239c                mpu_set_lpf
 .text.mpu_get_sample_rate
                0x000000000000241a       0x1a ./General_Files/eMPL/inv_mpu.o
                0x000000000000241a                mpu_get_sample_rate
 .text.mpu_get_gyro_sens
                0x0000000000002434       0x4c ./General_Files/eMPL/inv_mpu.o
                0x0000000000002434                mpu_get_gyro_sens
 .text.mpu_get_accel_sens
                0x0000000000002480       0x4e ./General_Files/eMPL/inv_mpu.o
                0x0000000000002480                mpu_get_accel_sens
 .text.mpu_configure_fifo
                0x00000000000024ce       0x52 ./General_Files/eMPL/inv_mpu.o
                0x00000000000024ce                mpu_configure_fifo
 .text.mpu_read_fifo_stream
                0x0000000000002520       0x96 ./General_Files/eMPL/inv_mpu.o
                0x0000000000002520                mpu_read_fifo_stream
 .text.mpu_set_bypass
                0x00000000000025b6       0xca ./General_Files/eMPL/inv_mpu.o
                0x00000000000025b6                mpu_set_bypass
 .text.mpu_set_int_latched
                0x0000000000002680       0x5c ./General_Files/eMPL/inv_mpu.o
                0x0000000000002680                mpu_set_int_latched
 .text.mpu_lp_accel_mode
                0x00000000000026dc       0xa6 ./General_Files/eMPL/inv_mpu.o
                0x00000000000026dc                mpu_lp_accel_mode
 .text.mpu_set_sample_rate
                0x0000000000002782       0x9a ./General_Files/eMPL/inv_mpu.o
                0x0000000000002782                mpu_set_sample_rate
 .text.mpu_set_sensors
                0x000000000000281c       0xb8 ./General_Files/eMPL/inv_mpu.o
                0x000000000000281c                mpu_set_sensors
 .text.mpu_init
                0x00000000000028d4      0x12e ./General_Files/eMPL/inv_mpu.o
                0x00000000000028d4                mpu_init
 .text.mpu_write_mem
                0x0000000000002a02       0x62 ./General_Files/eMPL/inv_mpu.o
                0x0000000000002a02                mpu_write_mem
 .text.mpu_read_mem
                0x0000000000002a64       0x62 ./General_Files/eMPL/inv_mpu.o
                0x0000000000002a64                mpu_read_mem
 .text.mpu_load_firmware
                0x0000000000002ac6       0xa8 ./General_Files/eMPL/inv_mpu.o
                0x0000000000002ac6                mpu_load_firmware
 .text.mpu_set_dmp_state
                0x0000000000002b6e       0x80 ./General_Files/eMPL/inv_mpu.o
                0x0000000000002b6e                mpu_set_dmp_state
 .text.mpu_run_self_test
                0x0000000000002bee      0x350 ./General_Files/eMPL/inv_mpu.o
                0x0000000000002bee                mpu_run_self_test
 .text.mget_ms  0x0000000000002f3e        0x2 ./General_Files/eMPL/inv_mpu.o
                0x0000000000002f3e                mget_ms
 .text.run_self_test
                0x0000000000002f40       0x88 ./General_Files/eMPL/inv_mpu.o
                0x0000000000002f40                run_self_test
 .text.inv_row_2_scale
                0x0000000000002fc8       0x30 ./General_Files/eMPL/inv_mpu.o
                0x0000000000002fc8                inv_row_2_scale
 .text.inv_orientation_matrix_to_scalar
                0x0000000000002ff8       0x2c ./General_Files/eMPL/inv_mpu.o
                0x0000000000002ff8                inv_orientation_matrix_to_scalar
 .text.mpu_dmp_init
                0x0000000000003024       0xa0 ./General_Files/eMPL/inv_mpu.o
                0x0000000000003024                mpu_dmp_init
 .text.mpu_dmp_get_data
                0x00000000000030c4      0x1bc ./General_Files/eMPL/inv_mpu.o
                0x00000000000030c4                mpu_dmp_get_data
 .text.dmp_enable_gyro_cal.part.0
                0x0000000000003280       0x32 ./General_Files/eMPL/inv_mpu_dmp_motion_driver.o
 .text.dmp_load_motion_driver_firmware
                0x00000000000032b2       0x20 ./General_Files/eMPL/inv_mpu_dmp_motion_driver.o
                0x00000000000032b2                dmp_load_motion_driver_firmware
 .text.dmp_set_orientation
                0x00000000000032d2       0xfa ./General_Files/eMPL/inv_mpu_dmp_motion_driver.o
                0x00000000000032d2                dmp_set_orientation
 .text.dmp_set_gyro_bias
                0x00000000000033cc       0xf8 ./General_Files/eMPL/inv_mpu_dmp_motion_driver.o
                0x00000000000033cc                dmp_set_gyro_bias
 .text.dmp_set_accel_bias
                0x00000000000034c4       0xfc ./General_Files/eMPL/inv_mpu_dmp_motion_driver.o
                0x00000000000034c4                dmp_set_accel_bias
 .text.dmp_set_fifo_rate
                0x00000000000035c0       0x56 ./General_Files/eMPL/inv_mpu_dmp_motion_driver.o
                0x00000000000035c0                dmp_set_fifo_rate
 .text.dmp_set_tap_thresh
                0x0000000000003616      0x18a ./General_Files/eMPL/inv_mpu_dmp_motion_driver.o
                0x0000000000003616                dmp_set_tap_thresh
 .text.dmp_set_tap_axes
                0x00000000000037a0       0x46 ./General_Files/eMPL/inv_mpu_dmp_motion_driver.o
                0x00000000000037a0                dmp_set_tap_axes
 .text.dmp_set_tap_count
                0x00000000000037e6       0x2e ./General_Files/eMPL/inv_mpu_dmp_motion_driver.o
                0x00000000000037e6                dmp_set_tap_count
 .text.dmp_set_tap_time
                0x0000000000003814       0x28 ./General_Files/eMPL/inv_mpu_dmp_motion_driver.o
                0x0000000000003814                dmp_set_tap_time
 .text.dmp_set_tap_time_multi
                0x000000000000383c       0x28 ./General_Files/eMPL/inv_mpu_dmp_motion_driver.o
                0x000000000000383c                dmp_set_tap_time_multi
 .text.dmp_set_shake_reject_thresh
                0x0000000000003864       0x3e ./General_Files/eMPL/inv_mpu_dmp_motion_driver.o
                0x0000000000003864                dmp_set_shake_reject_thresh
 .text.dmp_set_shake_reject_time
                0x00000000000038a2       0x28 ./General_Files/eMPL/inv_mpu_dmp_motion_driver.o
                0x00000000000038a2                dmp_set_shake_reject_time
 .text.dmp_set_shake_reject_timeout
                0x00000000000038ca       0x28 ./General_Files/eMPL/inv_mpu_dmp_motion_driver.o
                0x00000000000038ca                dmp_set_shake_reject_timeout
 .text.dmp_enable_gyro_cal
                0x00000000000038f2       0x2e ./General_Files/eMPL/inv_mpu_dmp_motion_driver.o
                0x00000000000038f2                dmp_enable_gyro_cal
 .text.dmp_enable_lp_quat
                0x0000000000003920       0x34 ./General_Files/eMPL/inv_mpu_dmp_motion_driver.o
                0x0000000000003920                dmp_enable_lp_quat
 .text.dmp_enable_6x_lp_quat
                0x0000000000003954       0x34 ./General_Files/eMPL/inv_mpu_dmp_motion_driver.o
                0x0000000000003954                dmp_enable_6x_lp_quat
 .text.dmp_enable_feature
                0x0000000000003988      0x1d6 ./General_Files/eMPL/inv_mpu_dmp_motion_driver.o
                0x0000000000003988                dmp_enable_feature
 .text.dmp_read_fifo
                0x0000000000003b5e      0x1c4 ./General_Files/eMPL/inv_mpu_dmp_motion_driver.o
                0x0000000000003b5e                dmp_read_fifo
 .text.BMP280_Read_Byte
                0x0000000000003d22       0x44 ./General_Files/drivers/BMP280.o
                0x0000000000003d22                BMP280_Read_Byte
 .text.BMP280_Write_Byte
                0x0000000000003d66       0x3a ./General_Files/drivers/BMP280.o
                0x0000000000003d66                BMP280_Write_Byte
 .text.BMP280_Set_TemOversamp
                0x0000000000003da0       0x22 ./General_Files/drivers/BMP280.o
                0x0000000000003da0                BMP280_Set_TemOversamp
 .text.BMP280_Set_Standby_FILTER
                0x0000000000003dc2       0x22 ./General_Files/drivers/BMP280.o
                0x0000000000003dc2                BMP280_Set_Standby_FILTER
 .text.Bmp_Init
                0x0000000000003de4      0x174 ./General_Files/drivers/BMP280.o
                0x0000000000003de4                Bmp_Init
 .text.MPU6050_I2C_Mem_Write
                0x0000000000003f58       0xcc ./General_Files/drivers/MPU6050.o
                0x0000000000003f58                MPU6050_I2C_Mem_Write
 .text.MPU6050_WriteByte
                0x0000000000004024       0x1e ./General_Files/drivers/MPU6050.o
 .text.MPU6050_Init
                0x0000000000004042      0x116 ./General_Files/drivers/MPU6050.o
                0x0000000000004042                MPU6050_Init
 .text.MPU6050_I2C_Mem_Read
                0x0000000000004158      0x12e ./General_Files/drivers/MPU6050.o
                0x0000000000004158                MPU6050_I2C_Mem_Read
 .text.MPU6050_Get_Data
                0x0000000000004286       0x3c ./General_Files/drivers/MPU6050.o
                0x0000000000004286                MPU6050_Get_Data
 .text.MPU6050_MPU_DMP_GetData
                0x00000000000042c2       0x4a ./General_Files/drivers/MPU6050.o
                0x00000000000042c2                MPU6050_MPU_DMP_GetData
 .text.MyI2C_W_SCL
                0x000000000000430c       0x20 ./General_Files/drivers/MyI2C.o
                0x000000000000430c                MyI2C_W_SCL
 .text.MyI2C_W_SDA
                0x000000000000432c       0x20 ./General_Files/drivers/MyI2C.o
                0x000000000000432c                MyI2C_W_SDA
 .text.MyI2C_R_SDA
                0x000000000000434c       0x22 ./General_Files/drivers/MyI2C.o
                0x000000000000434c                MyI2C_R_SDA
 .text.MyI2C_Init
                0x000000000000436e       0x3c ./General_Files/drivers/MyI2C.o
                0x000000000000436e                MyI2C_Init
 .text.MyI2C_Start
                0x00000000000043aa       0x20 ./General_Files/drivers/MyI2C.o
                0x00000000000043aa                MyI2C_Start
 .text.MyI2C_Stop
                0x00000000000043ca       0x1a ./General_Files/drivers/MyI2C.o
                0x00000000000043ca                MyI2C_Stop
 .text.MyI2C_SendByte
                0x00000000000043e4       0x30 ./General_Files/drivers/MyI2C.o
                0x00000000000043e4                MyI2C_SendByte
 .text.MyI2C_ReceiveByte
                0x0000000000004414       0x40 ./General_Files/drivers/MyI2C.o
                0x0000000000004414                MyI2C_ReceiveByte
 .text.MyI2C_ReceiveAck
                0x0000000000004454       0x22 ./General_Files/drivers/MyI2C.o
                0x0000000000004454                MyI2C_ReceiveAck
 .text.ADC_Function_Init
                0x0000000000004476       0xd0 ./General_Files/drivers/adc.o
                0x0000000000004476                ADC_Function_Init
 .text.DMA_Tx_Init
                0x0000000000004546       0x60 ./General_Files/drivers/adc.o
                0x0000000000004546                DMA_Tx_Init
 .text.BAT_ADC_Init
                0x00000000000045a6       0x60 ./General_Files/drivers/adc.o
                0x00000000000045a6                BAT_ADC_Init
 .text.FilterSample
                0x0000000000004606       0x50 ./General_Files/drivers/bsp_filter.o
                0x0000000000004606                FilterSample
 .text.FilterAverage
                0x0000000000004656       0x26 ./General_Files/drivers/bsp_filter.o
                0x0000000000004656                FilterAverage
 .text.LED_Init
                0x000000000000467c       0x44 ./General_Files/drivers/gpio.o
                0x000000000000467c                LED_Init
 .text.TIM9_PWMOut_Init
                0x00000000000046c0       0xfc ./General_Files/drivers/pwm.o
                0x00000000000046c0                TIM9_PWMOut_Init
 .text.PWM_Init
                0x00000000000047bc       0x4e ./General_Files/drivers/pwm.o
                0x00000000000047bc                PWM_Init
 .text.Motor_ctr
                0x000000000000480a       0xbe ./General_Files/drivers/pwm.o
                0x000000000000480a                Motor_ctr
 .text.Motor_ctr_SOFT_START
                0x00000000000048c8       0x94 ./General_Files/drivers/pwm.o
                0x00000000000048c8                Motor_ctr_SOFT_START
 .text.TIM3_IRQHandler
                0x000000000000495c       0xb4 ./General_Files/drivers/tim.o
                0x000000000000495c                TIM3_IRQHandler
 .text.TIM4_IRQHandler
                0x0000000000004a10       0x12 ./General_Files/drivers/tim.o
                0x0000000000004a10                TIM4_IRQHandler
 .text.USARTx_CFG
                0x0000000000004a22       0xac ./General_Files/drivers/uart.o
                0x0000000000004a22                USARTx_CFG
 .text.UART_RxCpltCallback
                0x0000000000004ace       0x42 ./General_Files/drivers/uart.o
                0x0000000000004ace                UART_RxCpltCallback
 .text.USART2_IRQHandler
                0x0000000000004b10       0x34 ./General_Files/drivers/uart.o
                0x0000000000004b10                USART2_IRQHandler
 .text.Crc_init
                0x0000000000004b44       0x34 ./General_Files/apps/src/CRC.o
                0x0000000000004b44                Crc_init
 .text.Calc     0x0000000000004b78       0x1e ./General_Files/apps/src/CRC.o
                0x0000000000004b78                Calc
 .text.ShiftRxBuffer
                0x0000000000004b96       0x38 ./General_Files/apps/src/CRSF.o
                0x0000000000004b96                ShiftRxBuffer
 .text.PacketChannelsPacked
                0x0000000000004bce      0x112 ./General_Files/apps/src/CRSF.o
                0x0000000000004bce                PacketChannelsPacked
 .text.PacketLinkStatistics
                0x0000000000004ce0       0x2e ./General_Files/apps/src/CRSF.o
                0x0000000000004ce0                PacketLinkStatistics
 .text.ProcessPacketIn
                0x0000000000004d0e       0x38 ./General_Files/apps/src/CRSF.o
                0x0000000000004d0e                ProcessPacketIn
 .text.HandleByteReceived
                0x0000000000004d46       0x66 ./General_Files/apps/src/CRSF.o
                0x0000000000004d46                HandleByteReceived
 .text.PIDSTRUCT_Init
                0x0000000000004dac      0x1f4 ./General_Files/apps/src/control.o
                0x0000000000004dac                PIDSTRUCT_Init
 .text.ELRS_Convert_angle
                0x0000000000004fa0       0x40 ./General_Files/apps/src/control.o
                0x0000000000004fa0                ELRS_Convert_angle
 .text.ELRS_Convert_throttle
                0x0000000000004fe0       0x4a ./General_Files/apps/src/control.o
                0x0000000000004fe0                ELRS_Convert_throttle
 .text.ELRS_Convert_lock
                0x000000000000502a       0x16 ./General_Files/apps/src/control.o
                0x000000000000502a                ELRS_Convert_lock
 .text.ELRS_Convert_flight_mode
                0x0000000000005040       0x2c ./General_Files/apps/src/control.o
                0x0000000000005040                ELRS_Convert_flight_mode
 .text.Roll_outerloop_ctr
                0x000000000000506c       0x38 ./General_Files/apps/src/control.o
                0x000000000000506c                Roll_outerloop_ctr
 .text.Roll_innerloop_ctr
                0x00000000000050a4       0x34 ./General_Files/apps/src/control.o
                0x00000000000050a4                Roll_innerloop_ctr
 .text.Yaw_outerloop_ctr
                0x00000000000050d8       0x3c ./General_Files/apps/src/control.o
                0x00000000000050d8                Yaw_outerloop_ctr
 .text.Yaw_innerloop_ctr
                0x0000000000005114       0x38 ./General_Files/apps/src/control.o
                0x0000000000005114                Yaw_innerloop_ctr
 .text.Pitch_outerloop_ctr
                0x000000000000514c       0x38 ./General_Files/apps/src/control.o
                0x000000000000514c                Pitch_outerloop_ctr
 .text.Pitch_innerloop_ctr
                0x0000000000005184       0x34 ./General_Files/apps/src/control.o
                0x0000000000005184                Pitch_innerloop_ctr
 .text.Check_control_mode
                0x00000000000051b8       0x20 ./General_Files/apps/src/control.o
                0x00000000000051b8                Check_control_mode
 .text.Update_ELRS
                0x00000000000051d8       0x52 ./General_Files/apps/src/control.o
                0x00000000000051d8                Update_ELRS
 .text.Flight_control
                0x000000000000522a      0x1b2 ./General_Files/apps/src/control.o
                0x000000000000522a                Flight_control
 .text.Stop_motor
                0x00000000000053dc       0x30 ./General_Files/apps/src/control.o
                0x00000000000053dc                Stop_motor
 .text.pid_reset
                0x000000000000540c       0x1c ./General_Files/apps/src/pid.o
                0x000000000000540c                pid_reset
 .text.pid_init
                0x0000000000005428       0x1a ./General_Files/apps/src/pid.o
                0x0000000000005428                pid_init
 .text.pid_clc  0x0000000000005442       0x1e ./General_Files/apps/src/pid.o
                0x0000000000005442                pid_clc
 .text.pid_calc
                0x0000000000005460       0xe4 ./General_Files/apps/src/pid.o
                0x0000000000005460                pid_calc
 .text.System_Init
                0x0000000000005544       0x32 ./General_Files/system.o
                0x0000000000005544                System_Init
 .text.prvInsertBlockIntoFreeList
                0x0000000000005576       0x4c ./FreeRTOS/portable/MemMang/heap_4.o
 .text.pvPortMalloc
                0x00000000000055c2      0x18c ./FreeRTOS/portable/MemMang/heap_4.o
                0x00000000000055c2                pvPortMalloc
 .text.vPortFree
                0x000000000000574e       0xa8 ./FreeRTOS/portable/MemMang/heap_4.o
                0x000000000000574e                vPortFree
 .text.xPortGetMinimumEverFreeHeapSize
                0x00000000000057f6        0xa ./FreeRTOS/portable/MemMang/heap_4.o
                0x00000000000057f6                xPortGetMinimumEverFreeHeapSize
 .text.vPortSetupTimerInterrupt
                0x0000000000005800       0x3a ./FreeRTOS/portable/GCC/RISC-V/port.o
                0x0000000000005800                vPortSetupTimerInterrupt
 .text.xPortStartScheduler
                0x000000000000583a       0x90 ./FreeRTOS/portable/GCC/RISC-V/port.o
                0x000000000000583a                xPortStartScheduler
 .text.SysTick_Handler
                0x00000000000058ca       0x38 ./FreeRTOS/portable/GCC/RISC-V/port.o
                0x00000000000058ca                SysTick_Handler
 .text.vPortEnterCritical
                0x0000000000005902       0x16 ./FreeRTOS/portable/GCC/RISC-V/port.o
                0x0000000000005902                vPortEnterCritical
 .text.vPortExitCritical
                0x0000000000005918       0x42 ./FreeRTOS/portable/GCC/RISC-V/port.o
                0x0000000000005918                vPortExitCritical
 .text.vListInitialise
                0x000000000000595a       0x14 ./FreeRTOS/list.o
                0x000000000000595a                vListInitialise
 .text.vListInitialiseItem
                0x000000000000596e        0x6 ./FreeRTOS/list.o
                0x000000000000596e                vListInitialiseItem
 .text.vListInsert
                0x0000000000005974       0x2e ./FreeRTOS/list.o
                0x0000000000005974                vListInsert
 .text.uxListRemove
                0x00000000000059a2       0x20 ./FreeRTOS/list.o
                0x00000000000059a2                uxListRemove
 .text.prvIsQueueEmpty
                0x00000000000059c2       0x1e ./FreeRTOS/queue.o
 .text.prvCopyDataFromQueue
                0x00000000000059e0       0x28 ./FreeRTOS/queue.o
 .text.prvUnlockQueue
                0x0000000000005a08       0x76 ./FreeRTOS/queue.o
 .text.xQueueGenericReset
                0x0000000000005a7e       0xc4 ./FreeRTOS/queue.o
                0x0000000000005a7e                xQueueGenericReset
 .text.xQueueGenericCreate
                0x0000000000005b42       0x6e ./FreeRTOS/queue.o
                0x0000000000005b42                xQueueGenericCreate
 .text.xQueueReceive
                0x0000000000005bb0      0x15e ./FreeRTOS/queue.o
                0x0000000000005bb0                xQueueReceive
 .text.vQueueAddToRegistry
                0x0000000000005d0e       0x6c ./FreeRTOS/queue.o
                0x0000000000005d0e                vQueueAddToRegistry
 .text.vQueueWaitForMessageRestricted
                0x0000000000005d7a       0x5c ./FreeRTOS/queue.o
                0x0000000000005d7a                vQueueWaitForMessageRestricted
 .text.prvResetNextTaskUnblockTime
                0x0000000000005dd6       0x24 ./FreeRTOS/tasks.o
 .text.prvAddCurrentTaskToDelayedList
                0x0000000000005dfa       0xa6 ./FreeRTOS/tasks.o
 .text.prvIdleTask
                0x0000000000005ea0       0x52 ./FreeRTOS/tasks.o
 .text.xTaskCreate
                0x0000000000005ef2      0x204 ./FreeRTOS/tasks.o
                0x0000000000005ef2                xTaskCreate
 .text.vTaskStartScheduler
                0x00000000000060f6       0x92 ./FreeRTOS/tasks.o
                0x00000000000060f6                vTaskStartScheduler
 .text.vTaskSuspendAll
                0x0000000000006188       0x10 ./FreeRTOS/tasks.o
                0x0000000000006188                vTaskSuspendAll
 .text.xTaskGetTickCount
                0x0000000000006198        0xa ./FreeRTOS/tasks.o
                0x0000000000006198                xTaskGetTickCount
 .text.xTaskIncrementTick
                0x00000000000061a2      0x1ac ./FreeRTOS/tasks.o
                0x00000000000061a2                xTaskIncrementTick
 .text.xTaskResumeAll
                0x000000000000634e      0x168 ./FreeRTOS/tasks.o
                0x000000000000634e                xTaskResumeAll
 .text.vTaskDelay
                0x00000000000064b6       0x66 ./FreeRTOS/tasks.o
                0x00000000000064b6                vTaskDelay
 .text.vTaskSwitchContext
                0x000000000000651c       0x9a ./FreeRTOS/tasks.o
                0x000000000000651c                vTaskSwitchContext
 .text.vTaskPlaceOnEventList
                0x00000000000065b6       0x48 ./FreeRTOS/tasks.o
                0x00000000000065b6                vTaskPlaceOnEventList
 .text.vTaskPlaceOnEventListRestricted
                0x00000000000065fe       0x76 ./FreeRTOS/tasks.o
                0x00000000000065fe                vTaskPlaceOnEventListRestricted
 .text.xTaskRemoveFromEventList
                0x0000000000006674       0xec ./FreeRTOS/tasks.o
                0x0000000000006674                xTaskRemoveFromEventList
 .text.vTaskInternalSetTimeOutState
                0x0000000000006760       0x16 ./FreeRTOS/tasks.o
                0x0000000000006760                vTaskInternalSetTimeOutState
 .text.xTaskCheckForTimeOut
                0x0000000000006776       0xca ./FreeRTOS/tasks.o
                0x0000000000006776                xTaskCheckForTimeOut
 .text.vTaskMissedYield
                0x0000000000006840        0xc ./FreeRTOS/tasks.o
                0x0000000000006840                vTaskMissedYield
 .text.xTaskGetSchedulerState
                0x000000000000684c       0x1c ./FreeRTOS/tasks.o
                0x000000000000684c                xTaskGetSchedulerState
 .text.prvCheckForValidListAndQueue
                0x0000000000006868       0x66 ./FreeRTOS/timers.o
 .text.prvInsertTimerInActiveList
                0x00000000000068ce       0x46 ./FreeRTOS/timers.o
 .text.prvReloadTimer
                0x0000000000006914       0x2a ./FreeRTOS/timers.o
 .text.prvProcessExpiredTimer
                0x000000000000693e       0x46 ./FreeRTOS/timers.o
 .text.prvSwitchTimerLists
                0x0000000000006984       0x30 ./FreeRTOS/timers.o
 .text.prvTimerTask
                0x00000000000069b4      0x198 ./FreeRTOS/timers.o
 .text.xTimerCreateTimerTask
                0x0000000000006b4c       0x60 ./FreeRTOS/timers.o
                0x0000000000006b4c                xTimerCreateTimerTask
 .text.Delay_Init
                0x0000000000006bac       0x2e ./Debug/debug.o
                0x0000000000006bac                Delay_Init
 .text.Delay_Us
                0x0000000000006bda       0x3a ./Debug/debug.o
                0x0000000000006bda                Delay_Us
 .text.Delay_Ms
                0x0000000000006c14       0x3a ./Debug/debug.o
                0x0000000000006c14                Delay_Ms
 .text.USART_Printf_Init
                0x0000000000006c4e       0x5a ./Debug/debug.o
                0x0000000000006c4e                USART_Printf_Init
 .text._write   0x0000000000006ca8       0x3e ./Debug/debug.o
                0x0000000000006ca8                _write
 .text.asinf    0x0000000000006ce6       0xbe c:/mounriver/mounriver_studio/toolchain/risc-v embedded gcc/bin/../lib/gcc/riscv-none-embed/8.2.0/../../../../riscv-none-embed/lib/rv32imacxw/ilp32\libm.a(lib_a-wf_asin.o)
                0x0000000000006ce6                asinf
 .text.atan2f   0x0000000000006da4        0x2 c:/mounriver/mounriver_studio/toolchain/risc-v embedded gcc/bin/../lib/gcc/riscv-none-embed/8.2.0/../../../../riscv-none-embed/lib/rv32imacxw/ilp32\libm.a(lib_a-wf_atan2.o)
                0x0000000000006da4                atan2f
 .text.__ieee754_asinf
                0x0000000000006da6      0x370 c:/mounriver/mounriver_studio/toolchain/risc-v embedded gcc/bin/../lib/gcc/riscv-none-embed/8.2.0/../../../../riscv-none-embed/lib/rv32imacxw/ilp32\libm.a(lib_a-ef_asin.o)
                0x0000000000006da6                __ieee754_asinf
 .text.__ieee754_atan2f
                0x0000000000007116      0x192 c:/mounriver/mounriver_studio/toolchain/risc-v embedded gcc/bin/../lib/gcc/riscv-none-embed/8.2.0/../../../../riscv-none-embed/lib/rv32imacxw/ilp32\libm.a(lib_a-ef_atan2.o)
                0x0000000000007116                __ieee754_atan2f
 .text.__ieee754_sqrtf
                0x00000000000072a8       0xdc c:/mounriver/mounriver_studio/toolchain/risc-v embedded gcc/bin/../lib/gcc/riscv-none-embed/8.2.0/../../../../riscv-none-embed/lib/rv32imacxw/ilp32\libm.a(lib_a-ef_sqrt.o)
                0x00000000000072a8                __ieee754_sqrtf
 .text.matherr  0x0000000000007384        0x4 c:/mounriver/mounriver_studio/toolchain/risc-v embedded gcc/bin/../lib/gcc/riscv-none-embed/8.2.0/../../../../riscv-none-embed/lib/rv32imacxw/ilp32\libm.a(lib_a-s_matherr.o)
                0x0000000000007384                matherr
 .text.nan      0x0000000000007388        0xe c:/mounriver/mounriver_studio/toolchain/risc-v embedded gcc/bin/../lib/gcc/riscv-none-embed/8.2.0/../../../../riscv-none-embed/lib/rv32imacxw/ilp32\libm.a(lib_a-s_nan.o)
                0x0000000000007388                nan
 .text.atanf    0x0000000000007396      0x288 c:/mounriver/mounriver_studio/toolchain/risc-v embedded gcc/bin/../lib/gcc/riscv-none-embed/8.2.0/../../../../riscv-none-embed/lib/rv32imacxw/ilp32\libm.a(lib_a-sf_atan.o)
                0x0000000000007396                atanf
 .text.fabsf    0x000000000000761e        0x6 c:/mounriver/mounriver_studio/toolchain/risc-v embedded gcc/bin/../lib/gcc/riscv-none-embed/8.2.0/../../../../riscv-none-embed/lib/rv32imacxw/ilp32\libm.a(lib_a-sf_fabs.o)
                0x000000000000761e                fabsf
 .text.printchar
                0x0000000000007624       0x4a c:/mounriver/mounriver_studio/toolchain/risc-v embedded gcc/bin/../lib/gcc/riscv-none-embed/8.2.0/../../../../riscv-none-embed/lib/rv32imacxw/ilp32\libprintfloat.a(printfloat.o)
                0x0000000000007624                printchar
 .text.prints   0x000000000000766e       0xe0 c:/mounriver/mounriver_studio/toolchain/risc-v embedded gcc/bin/../lib/gcc/riscv-none-embed/8.2.0/../../../../riscv-none-embed/lib/rv32imacxw/ilp32\libprintfloat.a(printfloat.o)
                0x000000000000766e                prints
 .text.printInt
                0x000000000000774e       0xf2 c:/mounriver/mounriver_studio/toolchain/risc-v embedded gcc/bin/../lib/gcc/riscv-none-embed/8.2.0/../../../../riscv-none-embed/lib/rv32imacxw/ilp32\libprintfloat.a(printfloat.o)
                0x000000000000774e                printInt
 .text.printLongLongInt
                0x0000000000007840      0x122 c:/mounriver/mounriver_studio/toolchain/risc-v embedded gcc/bin/../lib/gcc/riscv-none-embed/8.2.0/../../../../riscv-none-embed/lib/rv32imacxw/ilp32\libprintfloat.a(printfloat.o)
                0x0000000000007840                printLongLongInt
 .text.printDouble
                0x0000000000007962      0x100 c:/mounriver/mounriver_studio/toolchain/risc-v embedded gcc/bin/../lib/gcc/riscv-none-embed/8.2.0/../../../../riscv-none-embed/lib/rv32imacxw/ilp32\libprintfloat.a(printfloat.o)
                0x0000000000007962                printDouble
 .text.print    0x0000000000007a62      0x358 c:/mounriver/mounriver_studio/toolchain/risc-v embedded gcc/bin/../lib/gcc/riscv-none-embed/8.2.0/../../../../riscv-none-embed/lib/rv32imacxw/ilp32\libprintfloat.a(printfloat.o)
                0x0000000000007a62                print
 .text.printf   0x0000000000007dba       0x24 c:/mounriver/mounriver_studio/toolchain/risc-v embedded gcc/bin/../lib/gcc/riscv-none-embed/8.2.0/../../../../riscv-none-embed/lib/rv32imacxw/ilp32\libprintfloat.a(printfloat.o)
                0x0000000000007dba                printf
 .text.puts     0x0000000000007dde       0x4a c:/mounriver/mounriver_studio/toolchain/risc-v embedded gcc/bin/../lib/gcc/riscv-none-embed/8.2.0/../../../../riscv-none-embed/lib/rv32imacxw/ilp32\libprintfloat.a(printfloat.o)
                0x0000000000007dde                puts
 .text.__divdi3
                0x0000000000007e28      0x3d4 c:/mounriver/mounriver_studio/toolchain/risc-v embedded gcc/bin/../lib/gcc/riscv-none-embed/8.2.0/rv32imacxw/ilp32\libgcc.a(_divdi3.o)
                0x0000000000007e28                __divdi3
 .text.__udivdi3
                0x00000000000081fc      0x392 c:/mounriver/mounriver_studio/toolchain/risc-v embedded gcc/bin/../lib/gcc/riscv-none-embed/8.2.0/rv32imacxw/ilp32\libgcc.a(_udivdi3.o)
                0x00000000000081fc                __udivdi3
 .text.__umoddi3
                0x000000000000858e      0x38a c:/mounriver/mounriver_studio/toolchain/risc-v embedded gcc/bin/../lib/gcc/riscv-none-embed/8.2.0/rv32imacxw/ilp32\libgcc.a(_umoddi3.o)
                0x000000000000858e                __umoddi3
 .text.__adddf3
                0x0000000000008918      0x730 c:/mounriver/mounriver_studio/toolchain/risc-v embedded gcc/bin/../lib/gcc/riscv-none-embed/8.2.0/rv32imacxw/ilp32\libgcc.a(adddf3.o)
                0x0000000000008918                __adddf3
 .text.__ledf2  0x0000000000009048       0xb6 c:/mounriver/mounriver_studio/toolchain/risc-v embedded gcc/bin/../lib/gcc/riscv-none-embed/8.2.0/rv32imacxw/ilp32\libgcc.a(ledf2.o)
                0x0000000000009048                __ledf2
                0x0000000000009048                __ltdf2
 .text.__muldf3
                0x00000000000090fe      0x4b8 c:/mounriver/mounriver_studio/toolchain/risc-v embedded gcc/bin/../lib/gcc/riscv-none-embed/8.2.0/rv32imacxw/ilp32\libgcc.a(muldf3.o)
                0x00000000000090fe                __muldf3
 .text.__subdf3
                0x00000000000095b6      0x73e c:/mounriver/mounriver_studio/toolchain/risc-v embedded gcc/bin/../lib/gcc/riscv-none-embed/8.2.0/rv32imacxw/ilp32\libgcc.a(subdf3.o)
                0x00000000000095b6                __subdf3
 .text.__fixunsdfsi
                0x0000000000009cf4       0x5c c:/mounriver/mounriver_studio/toolchain/risc-v embedded gcc/bin/../lib/gcc/riscv-none-embed/8.2.0/rv32imacxw/ilp32\libgcc.a(fixunsdfsi.o)
                0x0000000000009cf4                __fixunsdfsi
 .text.__floatsidf
                0x0000000000009d50       0x72 c:/mounriver/mounriver_studio/toolchain/risc-v embedded gcc/bin/../lib/gcc/riscv-none-embed/8.2.0/rv32imacxw/ilp32\libgcc.a(floatsidf.o)
                0x0000000000009d50                __floatsidf
 .text.__fixdfdi
                0x0000000000009dc2       0xbc c:/mounriver/mounriver_studio/toolchain/risc-v embedded gcc/bin/../lib/gcc/riscv-none-embed/8.2.0/rv32imacxw/ilp32\libgcc.a(fixdfdi.o)
                0x0000000000009dc2                __fixdfdi
 .text.__floatdidf
                0x0000000000009e7e      0x1b6 c:/mounriver/mounriver_studio/toolchain/risc-v embedded gcc/bin/../lib/gcc/riscv-none-embed/8.2.0/rv32imacxw/ilp32\libgcc.a(floatdidf.o)
                0x0000000000009e7e                __floatdidf
 .text.__addsf3
                0x000000000000a034      0x36a c:/mounriver/mounriver_studio/toolchain/risc-v embedded gcc/bin/../lib/gcc/riscv-none-embed/8.2.0/rv32imacxw/ilp32\libgcc.a(addsf3.o)
                0x000000000000a034                __addsf3
 .text.__divsf3
                0x000000000000a39e      0x2b2 c:/mounriver/mounriver_studio/toolchain/risc-v embedded gcc/bin/../lib/gcc/riscv-none-embed/8.2.0/rv32imacxw/ilp32\libgcc.a(divsf3.o)
                0x000000000000a39e                __divsf3
 .text.__eqsf2  0x000000000000a650       0x5c c:/mounriver/mounriver_studio/toolchain/risc-v embedded gcc/bin/../lib/gcc/riscv-none-embed/8.2.0/rv32imacxw/ilp32\libgcc.a(eqsf2.o)
                0x000000000000a650                __eqsf2
                0x000000000000a650                __nesf2
 .text.__gesf2  0x000000000000a6ac       0x86 c:/mounriver/mounriver_studio/toolchain/risc-v embedded gcc/bin/../lib/gcc/riscv-none-embed/8.2.0/rv32imacxw/ilp32\libgcc.a(gesf2.o)
                0x000000000000a6ac                __gesf2
                0x000000000000a6ac                __gtsf2
 .text.__lesf2  0x000000000000a732       0x8c c:/mounriver/mounriver_studio/toolchain/risc-v embedded gcc/bin/../lib/gcc/riscv-none-embed/8.2.0/rv32imacxw/ilp32\libgcc.a(lesf2.o)
                0x000000000000a732                __ltsf2
                0x000000000000a732                __lesf2
 .text.__mulsf3
                0x000000000000a7be      0x294 c:/mounriver/mounriver_studio/toolchain/risc-v embedded gcc/bin/../lib/gcc/riscv-none-embed/8.2.0/rv32imacxw/ilp32\libgcc.a(mulsf3.o)
                0x000000000000a7be                __mulsf3
 .text.__subsf3
                0x000000000000aa52      0x388 c:/mounriver/mounriver_studio/toolchain/risc-v embedded gcc/bin/../lib/gcc/riscv-none-embed/8.2.0/rv32imacxw/ilp32\libgcc.a(subsf3.o)
                0x000000000000aa52                __subsf3
 .text.__unordsf2
                0x000000000000adda       0x3c c:/mounriver/mounriver_studio/toolchain/risc-v embedded gcc/bin/../lib/gcc/riscv-none-embed/8.2.0/rv32imacxw/ilp32\libgcc.a(unordsf2.o)
                0x000000000000adda                __unordsf2
 .text.__fixsfsi
                0x000000000000ae16       0x62 c:/mounriver/mounriver_studio/toolchain/risc-v embedded gcc/bin/../lib/gcc/riscv-none-embed/8.2.0/rv32imacxw/ilp32\libgcc.a(fixsfsi.o)
                0x000000000000ae16                __fixsfsi
 .text.__fixunssfsi
                0x000000000000ae78       0x56 c:/mounriver/mounriver_studio/toolchain/risc-v embedded gcc/bin/../lib/gcc/riscv-none-embed/8.2.0/rv32imacxw/ilp32\libgcc.a(fixunssfsi.o)
                0x000000000000ae78                __fixunssfsi
 .text.__floatsisf
                0x000000000000aece       0xc6 c:/mounriver/mounriver_studio/toolchain/risc-v embedded gcc/bin/../lib/gcc/riscv-none-embed/8.2.0/rv32imacxw/ilp32\libgcc.a(floatsisf.o)
                0x000000000000aece                __floatsisf
 .text.__floatunsisf
                0x000000000000af94       0xce c:/mounriver/mounriver_studio/toolchain/risc-v embedded gcc/bin/../lib/gcc/riscv-none-embed/8.2.0/rv32imacxw/ilp32\libgcc.a(floatunsisf.o)
                0x000000000000af94                __floatunsisf
 .text.__extendsfdf2
                0x000000000000b062       0xac c:/mounriver/mounriver_studio/toolchain/risc-v embedded gcc/bin/../lib/gcc/riscv-none-embed/8.2.0/rv32imacxw/ilp32\libgcc.a(extendsfdf2.o)
                0x000000000000b062                __extendsfdf2
 .text.__truncdfsf2
                0x000000000000b10e      0x16a c:/mounriver/mounriver_studio/toolchain/risc-v embedded gcc/bin/../lib/gcc/riscv-none-embed/8.2.0/rv32imacxw/ilp32\libgcc.a(truncdfsf2.o)
                0x000000000000b10e                __truncdfsf2
 .text.__clzsi2
                0x000000000000b278       0x6e c:/mounriver/mounriver_studio/toolchain/risc-v embedded gcc/bin/../lib/gcc/riscv-none-embed/8.2.0/rv32imacxw/ilp32\libgcc.a(_clzsi2.o)
                0x000000000000b278                __clzsi2
 .text.__errno  0x000000000000b2e6        0x8 c:/mounriver/mounriver_studio/toolchain/risc-v embedded gcc/bin/../lib/gcc/riscv-none-embed/8.2.0/../../../../riscv-none-embed/lib/rv32imacxw/ilp32\libg_nano.a(lib_a-errno.o)
                0x000000000000b2e6                __errno
 .text.memcmp   0x000000000000b2ee       0x24 c:/mounriver/mounriver_studio/toolchain/risc-v embedded gcc/bin/../lib/gcc/riscv-none-embed/8.2.0/../../../../riscv-none-embed/lib/rv32imacxw/ilp32\libg_nano.a(lib_a-memcmp.o)
                0x000000000000b2ee                memcmp
 .text.memcpy   0x000000000000b312       0xb2 c:/mounriver/mounriver_studio/toolchain/risc-v embedded gcc/bin/../lib/gcc/riscv-none-embed/8.2.0/../../../../riscv-none-embed/lib/rv32imacxw/ilp32\libg_nano.a(lib_a-memcpy.o)
                0x000000000000b312                memcpy
 *(.rodata)
 *fill*         0x000000000000b3c4        0x0 
 .rodata        0x000000000000b3c4       0x2f ./General_Files/eMPL/inv_mpu_dmp_motion_driver.o
 *(.rodata*)
 *fill*         0x000000000000b3f3        0x1 
 .rodata.Print_status_task.str1.4
                0x000000000000b3f4      0x18f ./User/RTOS_apps/Print_status.o
 *fill*         0x000000000000b583        0x1 
 .rodata.Motor_sort_start.cst4
                0x000000000000b584        0x8 ./User/RTOS_apps/soft_stast.o
 .rodata.Motor_sort_start.str1.4
                0x000000000000b58c       0x21 ./User/RTOS_apps/soft_stast.o
 *fill*         0x000000000000b5ad        0x3 
 .rodata.RTOS_init.str1.4
                0x000000000000b5b0       0x14 ./User/RTOS_tasks.o
 .rodata.main.str1.4
                0x000000000000b5c4       0x60 ./User/main.o
 .rodata.mpu_get_lpf
                0x000000000000b624       0x18 ./General_Files/eMPL/inv_mpu.o
 .rodata.hw     0x000000000000b63c        0xc ./General_Files/eMPL/inv_mpu.o
                0x000000000000b63c                hw
 .rodata.mpu_dmp_get_data.cst4
                0x000000000000b648        0x8 ./General_Files/eMPL/inv_mpu.o
 *fill*         0x000000000000b650        0x0 
 .rodata.mpu_dmp_get_data.cst8
                0x000000000000b650        0x8 ./General_Files/eMPL/inv_mpu.o
 .rodata.mpu_dmp_init.str1.4
                0x000000000000b658       0x12 ./General_Files/eMPL/inv_mpu.o
 *fill*         0x000000000000b66a        0x2 
 .rodata.mpu_get_gyro_sens.cst4
                0x000000000000b66c       0x10 ./General_Files/eMPL/inv_mpu.o
 .rodata.mpu_init.str1.4
                0x000000000000b67c       0x91 ./General_Files/eMPL/inv_mpu.o
 *fill*         0x000000000000b70d        0x3 
 .rodata.mpu_run_self_test.cst4
                0x000000000000b710       0x30 ./General_Files/eMPL/inv_mpu.o
 .rodata.reg    0x000000000000b740       0x1b ./General_Files/eMPL/inv_mpu.o
                0x000000000000b740                reg
 *fill*         0x000000000000b75b        0x1 
 .rodata.test   0x000000000000b75c       0x28 ./General_Files/eMPL/inv_mpu.o
                0x000000000000b75c                test
 .rodata.dmp_memory
                0x000000000000b784      0xbf6 ./General_Files/eMPL/inv_mpu_dmp_motion_driver.o
 *fill*         0x000000000000c37a        0x2 
 .rodata.dmp_set_tap_thresh.cst4
                0x000000000000c37c       0x24 ./General_Files/eMPL/inv_mpu_dmp_motion_driver.o
 .rodata.MPU6050_Init.str1.4
                0x000000000000c3a0       0x1b ./General_Files/drivers/MPU6050.o
 *fill*         0x000000000000c3bb        0x1 
 .rodata.BAT_ADC_Init.str1.4
                0x000000000000c3bc       0x16 ./General_Files/drivers/adc.o
 *fill*         0x000000000000c3d2        0x2 
 .rodata.FilterAverage.cst4
                0x000000000000c3d4        0x4 ./General_Files/drivers/bsp_filter.o
 .rodata.ELRS_Convert_angle.cst8
                0x000000000000c3d8        0x8 ./General_Files/apps/src/control.o
 .rodata.ELRS_Convert_throttle.cst8
                0x000000000000c3e0       0x10 ./General_Files/apps/src/control.o
 .rodata.PIDSTRUCT_Init.cst4
                0x000000000000c3f0       0x4c ./General_Files/apps/src/control.o
                                         0x50 (size before relaxing)
 .rodata.Roll_innerloop_ctr.cst4
                0x000000000000c43c        0x4 ./General_Files/apps/src/control.o
 .rodata.System_Init.str1.4
                0x000000000000c440       0x11 ./General_Files/system.o
 *fill*         0x000000000000c451        0x3 
 .rodata.pvPortMalloc.str1.4
                0x000000000000c454       0x49 ./FreeRTOS/portable/MemMang/heap_4.o
 *fill*         0x000000000000c49d        0x3 
 .rodata.xPortStartScheduler.str1.4
                0x000000000000c4a0       0x27 ./FreeRTOS/portable/GCC/RISC-V/port.o
                                         0x49 (size before relaxing)
 *fill*         0x000000000000c4c7        0x1 
 .rodata.xQueueGenericReset.str1.4
                0x000000000000c4c8       0x14 ./FreeRTOS/queue.o
                                         0x35 (size before relaxing)
 .rodata.prvTaskIsTaskSuspended.str1.4
                0x000000000000c4dc       0x14 ./FreeRTOS/tasks.o
                                         0x35 (size before relaxing)
 .rodata.vTaskStartScheduler.str1.4
                0x000000000000c4f0        0x5 ./FreeRTOS/tasks.o
 *fill*         0x000000000000c4f5        0x3 
 .rodata.prvTimerTask
                0x000000000000c4f8       0x24 ./FreeRTOS/timers.o
 .rodata.prvCheckForValidListAndQueue.str1.4
                0x000000000000c51c        0x5 ./FreeRTOS/timers.o
 *fill*         0x000000000000c521        0x3 
 .rodata.prvTimerTask.str1.4
                0x000000000000c524       0x15 ./FreeRTOS/timers.o
                                         0x39 (size before relaxing)
 *fill*         0x000000000000c539        0x3 
 .rodata.xTimerCreateTimerTask.str1.4
                0x000000000000c53c        0x8 ./FreeRTOS/timers.o
 .rodata.asinf.cst4
                0x000000000000c544        0x4 c:/mounriver/mounriver_studio/toolchain/risc-v embedded gcc/bin/../lib/gcc/riscv-none-embed/8.2.0/../../../../riscv-none-embed/lib/rv32imacxw/ilp32\libm.a(lib_a-wf_asin.o)
 .rodata.asinf.str1.4
                0x000000000000c544        0x6 c:/mounriver/mounriver_studio/toolchain/risc-v embedded gcc/bin/../lib/gcc/riscv-none-embed/8.2.0/../../../../riscv-none-embed/lib/rv32imacxw/ilp32\libm.a(lib_a-wf_asin.o)
                                          0x9 (size before relaxing)
 *fill*         0x000000000000c54a        0x2 
 .rodata.__ieee754_asinf.cst4
                0x000000000000c54c       0x3c c:/mounriver/mounriver_studio/toolchain/risc-v embedded gcc/bin/../lib/gcc/riscv-none-embed/8.2.0/../../../../riscv-none-embed/lib/rv32imacxw/ilp32\libm.a(lib_a-ef_asin.o)
                                         0x44 (size before relaxing)
 .rodata.__ieee754_atan2f.cst4
                0x000000000000c588       0x20 c:/mounriver/mounriver_studio/toolchain/risc-v embedded gcc/bin/../lib/gcc/riscv-none-embed/8.2.0/../../../../riscv-none-embed/lib/rv32imacxw/ilp32\libm.a(lib_a-ef_atan2.o)
                                         0x28 (size before relaxing)
 .rodata.nan.cst8
                0x000000000000c5a8        0x8 c:/mounriver/mounriver_studio/toolchain/risc-v embedded gcc/bin/../lib/gcc/riscv-none-embed/8.2.0/../../../../riscv-none-embed/lib/rv32imacxw/ilp32\libm.a(lib_a-s_nan.o)
 .rodata.atanf.cst4
                0x000000000000c5b0       0x38 c:/mounriver/mounriver_studio/toolchain/risc-v embedded gcc/bin/../lib/gcc/riscv-none-embed/8.2.0/../../../../riscv-none-embed/lib/rv32imacxw/ilp32\libm.a(lib_a-sf_atan.o)
                                         0x48 (size before relaxing)
 .rodata.atanhi
                0x000000000000c5e8       0x10 c:/mounriver/mounriver_studio/toolchain/risc-v embedded gcc/bin/../lib/gcc/riscv-none-embed/8.2.0/../../../../riscv-none-embed/lib/rv32imacxw/ilp32\libm.a(lib_a-sf_atan.o)
 .rodata.atanlo
                0x000000000000c5f8       0x10 c:/mounriver/mounriver_studio/toolchain/risc-v embedded gcc/bin/../lib/gcc/riscv-none-embed/8.2.0/../../../../riscv-none-embed/lib/rv32imacxw/ilp32\libm.a(lib_a-sf_atan.o)
 .rodata.print.str1.4
                0x000000000000c608        0x8 c:/mounriver/mounriver_studio/toolchain/risc-v embedded gcc/bin/../lib/gcc/riscv-none-embed/8.2.0/../../../../riscv-none-embed/lib/rv32imacxw/ilp32\libprintfloat.a(printfloat.o)
                                          0x7 (size before relaxing)
 .rodata.__muldf3
                0x000000000000c610       0x40 c:/mounriver/mounriver_studio/toolchain/risc-v embedded gcc/bin/../lib/gcc/riscv-none-embed/8.2.0/rv32imacxw/ilp32\libgcc.a(muldf3.o)
 .rodata.__divsf3
                0x000000000000c650       0x80 c:/mounriver/mounriver_studio/toolchain/risc-v embedded gcc/bin/../lib/gcc/riscv-none-embed/8.2.0/rv32imacxw/ilp32\libgcc.a(divsf3.o)
 .rodata.__mulsf3
                0x000000000000c6d0       0x40 c:/mounriver/mounriver_studio/toolchain/risc-v embedded gcc/bin/../lib/gcc/riscv-none-embed/8.2.0/rv32imacxw/ilp32\libgcc.a(mulsf3.o)
 .rodata.__clz_tab
                0x000000000000c710      0x100 c:/mounriver/mounriver_studio/toolchain/risc-v embedded gcc/bin/../lib/gcc/riscv-none-embed/8.2.0/rv32imacxw/ilp32\libgcc.a(_clz.o)
                0x000000000000c710                __clz_tab
 *(.gnu.linkonce.t.*)
                0x000000000000c810                . = ALIGN (0x4)

.rela.dyn       0x000000000000c810        0x0
 .rela.text.Print_status_task
                0x000000000000c810        0x0 ./User/RTOS_apps/IMU_handle.o
 .rela.text.Motor_sort_start
                0x000000000000c810        0x0 ./User/RTOS_apps/IMU_handle.o
 .rela.text.startup.main
                0x000000000000c810        0x0 ./User/RTOS_apps/IMU_handle.o
 .rela.init     0x000000000000c810        0x0 ./User/RTOS_apps/IMU_handle.o
 .rela.vector   0x000000000000c810        0x0 ./User/RTOS_apps/IMU_handle.o
 .rela.text.handle_reset
                0x000000000000c810        0x0 ./User/RTOS_apps/IMU_handle.o
 .rela.text.mpu_init
                0x000000000000c810        0x0 ./User/RTOS_apps/IMU_handle.o
 .rela.text.mpu_dmp_init
                0x000000000000c810        0x0 ./User/RTOS_apps/IMU_handle.o
 .rela.text.MPU6050_Init
                0x000000000000c810        0x0 ./User/RTOS_apps/IMU_handle.o
 .rela.text.BAT_ADC_Init
                0x000000000000c810        0x0 ./User/RTOS_apps/IMU_handle.o
 .rela.text.System_Init
                0x000000000000c810        0x0 ./User/RTOS_apps/IMU_handle.o
 .rela.text.pvPortMalloc
                0x000000000000c810        0x0 ./User/RTOS_apps/IMU_handle.o
 .rela.text.vPortFree
                0x000000000000c810        0x0 ./User/RTOS_apps/IMU_handle.o
 .rela.text.xPortStartScheduler
                0x000000000000c810        0x0 ./User/RTOS_apps/IMU_handle.o
 .rela.text.vPortExitCritical
                0x000000000000c810        0x0 ./User/RTOS_apps/IMU_handle.o
 .rela.sdata2.xISRStackTop
                0x000000000000c810        0x0 ./User/RTOS_apps/IMU_handle.o
 .rela.text.xQueueGenericReset
                0x000000000000c810        0x0 ./User/RTOS_apps/IMU_handle.o
 .rela.text.xQueueGenericCreate
                0x000000000000c810        0x0 ./User/RTOS_apps/IMU_handle.o
 .rela.text.xQueueReceive
                0x000000000000c810        0x0 ./User/RTOS_apps/IMU_handle.o
 .rela.text.vQueueAddToRegistry
                0x000000000000c810        0x0 ./User/RTOS_apps/IMU_handle.o
 .rela.text.xTaskCreate
                0x000000000000c810        0x0 ./User/RTOS_apps/IMU_handle.o
 .rela.text.vTaskStartScheduler
                0x000000000000c810        0x0 ./User/RTOS_apps/IMU_handle.o
 .rela.text.xTaskIncrementTick
                0x000000000000c810        0x0 ./User/RTOS_apps/IMU_handle.o
 .rela.text.xTaskResumeAll
                0x000000000000c810        0x0 ./User/RTOS_apps/IMU_handle.o
 .rela.text.vTaskDelay
                0x000000000000c810        0x0 ./User/RTOS_apps/IMU_handle.o
 .rela.text.vTaskSwitchContext
                0x000000000000c810        0x0 ./User/RTOS_apps/IMU_handle.o
 .rela.text.vTaskPlaceOnEventList
                0x000000000000c810        0x0 ./User/RTOS_apps/IMU_handle.o
 .rela.text.vTaskPlaceOnEventListRestricted
                0x000000000000c810        0x0 ./User/RTOS_apps/IMU_handle.o
 .rela.text.xTaskRemoveFromEventList
                0x000000000000c810        0x0 ./User/RTOS_apps/IMU_handle.o
 .rela.text.xTaskCheckForTimeOut
                0x000000000000c810        0x0 ./User/RTOS_apps/IMU_handle.o
 .rela.text.prvTimerTask
                0x000000000000c810        0x0 ./User/RTOS_apps/IMU_handle.o
 .rela.text.xTimerCreateTimerTask
                0x000000000000c810        0x0 ./User/RTOS_apps/IMU_handle.o
 .rela.text.prints
                0x000000000000c810        0x0 ./User/RTOS_apps/IMU_handle.o
 .rela.text.printInt
                0x000000000000c810        0x0 ./User/RTOS_apps/IMU_handle.o
 .rela.text.printLongLongInt
                0x000000000000c810        0x0 ./User/RTOS_apps/IMU_handle.o
 .rela.text.printDouble
                0x000000000000c810        0x0 ./User/RTOS_apps/IMU_handle.o
 .rela.text.print
                0x000000000000c810        0x0 ./User/RTOS_apps/IMU_handle.o
 .rela.text.printf
                0x000000000000c810        0x0 ./User/RTOS_apps/IMU_handle.o
 .rela.data.impure_data
                0x000000000000c810        0x0 ./User/RTOS_apps/IMU_handle.o

.fini           0x000000000000c810        0x0
 *(SORT_NONE(.fini))
                0x000000000000c810                . = ALIGN (0x4)
                [!provide]                        PROVIDE (_etext = .)
                [!provide]                        PROVIDE (_eitcm = .)

.preinit_array  0x000000000000c810        0x0
                [!provide]                        PROVIDE (__preinit_array_start = .)
 *(.preinit_array)
                [!provide]                        PROVIDE (__preinit_array_end = .)

.init_array     0x000000000000c810        0x0
                [!provide]                        PROVIDE (__init_array_start = .)
 *(SORT_BY_INIT_PRIORITY(.init_array.*) SORT_BY_INIT_PRIORITY(.ctors.*))
 *(.init_array EXCLUDE_FILE(*crtend?.o *crtend.o *crtbegin?.o *crtbegin.o) .ctors)
                [!provide]                        PROVIDE (__init_array_end = .)

.fini_array     0x000000000000c810        0x0
                [!provide]                        PROVIDE (__fini_array_start = .)
 *(SORT_BY_INIT_PRIORITY(.fini_array.*) SORT_BY_INIT_PRIORITY(.dtors.*))
 *(.fini_array EXCLUDE_FILE(*crtend?.o *crtend.o *crtbegin?.o *crtbegin.o) .dtors)
                [!provide]                        PROVIDE (__fini_array_end = .)

.ctors
 *crtbegin.o(.ctors)
 *crtbegin?.o(.ctors)
 *(EXCLUDE_FILE(*crtend?.o *crtend.o) .ctors)
 *(SORT_BY_NAME(.ctors.*))
 *(.ctors)

.dtors
 *crtbegin.o(.dtors)
 *crtbegin?.o(.dtors)
 *(EXCLUDE_FILE(*crtend?.o *crtend.o) .dtors)
 *(SORT_BY_NAME(.dtors.*))
 *(.dtors)

.dalign         0x0000000020000000        0x0 load address 0x000000000000c810
                0x0000000020000000                . = ALIGN (0x4)
                0x0000000020000000                PROVIDE (_data_vma = .)

.dlalign        0x000000000000c810        0x0
                0x000000000000c810                . = ALIGN (0x4)
                0x000000000000c810                PROVIDE (_data_lma = .)

.data           0x0000000020000000      0x110 load address 0x000000000000c810
 *(.gnu.linkonce.r.*)
 *(.data .data.*)
 .data.AHBPrescTable
                0x0000000020000000       0x10 ./User/system_ch32v30x.o
                0x0000000020000000                AHBPrescTable
 .data.APBAHBPrescTable
                0x0000000020000010       0x10 ./Peripheral/src/ch32v30x_rcc.o
 .data.gyro_orientation
                0x0000000020000020        0x9 ./General_Files/eMPL/inv_mpu.o
 *fill*         0x0000000020000029        0x3 
 .data.st       0x000000002000002c       0x2c ./General_Files/eMPL/inv_mpu.o
 .data.Motor_pos
                0x0000000020000058       0x10 ./General_Files/drivers/pwm.o
                0x0000000020000058                Motor_pos
 .data.pid_func
                0x0000000020000068       0x10 ./General_Files/apps/src/pid.o
                0x0000000020000068                pid_func
 .data.impure_data
                0x0000000020000078       0x60 c:/mounriver/mounriver_studio/toolchain/risc-v embedded gcc/bin/../lib/gcc/riscv-none-embed/8.2.0/../../../../riscv-none-embed/lib/rv32imacxw/ilp32\libg_nano.a(lib_a-impure.o)
 *(.gnu.linkonce.d.*)
                0x00000000200000d8                . = ALIGN (0x8)
                0x00000000200008d8                PROVIDE (__global_pointer$ = (. + 0x800))
 *(.sdata .sdata.*)
 .sdata.Motor_speed_set
                0x00000000200000d8        0x4 ./User/RTOS_apps/soft_stast.o
                0x00000000200000d8                Motor_speed_set
 .sdata.last_RC_lock_state
                0x00000000200000dc        0x4 ./User/RTOS_apps/soft_stast.o
                0x00000000200000dc                last_RC_lock_state
 .sdata.SystemCoreClock
                0x00000000200000e0        0x4 ./User/system_ch32v30x.o
                0x00000000200000e0                SystemCoreClock
 .sdata.ADCPrescTable
                0x00000000200000e4        0x4 ./Peripheral/src/ch32v30x_rcc.o
 .sdata.bmp280  0x00000000200000e8        0x4 ./General_Files/drivers/BMP280.o
                0x00000000200000e8                bmp280
 .sdata.CONTROL_MODE
                0x00000000200000ec        0x4 ./General_Files/apps/src/control.o
                0x00000000200000ec                CONTROL_MODE
 .sdata.MOTOR_MODE
                0x00000000200000f0        0x4 ./General_Files/apps/src/control.o
                0x00000000200000f0                MOTOR_MODE
 .sdata.flight_mode
                0x00000000200000f4        0x1 ./General_Files/apps/src/control.o
                0x00000000200000f4                flight_mode
 .sdata.is_locked
                0x00000000200000f5        0x1 ./General_Files/apps/src/control.o
                0x00000000200000f5                is_locked
 *fill*         0x00000000200000f6        0x2 
 .sdata.uxCriticalNesting
                0x00000000200000f8        0x4 ./FreeRTOS/portable/GCC/RISC-V/port.o
 .sdata.uxTopUsedPriority
                0x00000000200000fc        0x4 ./FreeRTOS/tasks.o
                0x00000000200000fc                uxTopUsedPriority
 .sdata.__fdlib_version
                0x0000000020000100        0x4 c:/mounriver/mounriver_studio/toolchain/risc-v embedded gcc/bin/../lib/gcc/riscv-none-embed/8.2.0/../../../../riscv-none-embed/lib/rv32imacxw/ilp32\libm.a(lib_a-s_lib_ver.o)
                0x0000000020000100                __fdlib_version
 .sdata._impure_ptr
                0x0000000020000104        0x4 c:/mounriver/mounriver_studio/toolchain/risc-v embedded gcc/bin/../lib/gcc/riscv-none-embed/8.2.0/../../../../riscv-none-embed/lib/rv32imacxw/ilp32\libg_nano.a(lib_a-impure.o)
                0x0000000020000104                _impure_ptr
 *(.sdata2.*)
 .sdata2.xISRStackTop
                0x0000000020000108        0x4 ./FreeRTOS/portable/GCC/RISC-V/port.o
                0x0000000020000108                xISRStackTop
 *(.gnu.linkonce.s.*)
                0x0000000020000110                . = ALIGN (0x8)
 *fill*         0x000000002000010c        0x4 
 *(.srodata.cst16)
 *(.srodata.cst8)
 *(.srodata.cst4)
 *(.srodata.cst2)
 *(.srodata .srodata.*)
                0x0000000020000110                . = ALIGN (0x4)
                0x0000000020000110                PROVIDE (_edata = .)

.bss            0x0000000020000110     0x36a4 load address 0x000000000000c920
                0x0000000020000110                . = ALIGN (0x4)
                0x0000000020000110                PROVIDE (_sbss = .)
 *(.sbss*)
 .sbss.IMU_Task_Handler
                0x0000000020000110        0x4 ./User/RTOS_tasks.o
                0x0000000020000110                IMU_Task_Handler
 .sbss.Motor_SoftStart_Handler
                0x0000000020000114        0x4 ./User/RTOS_tasks.o
                0x0000000020000114                Motor_SoftStart_Handler
 .sbss.PrintTask_Handler
                0x0000000020000118        0x4 ./User/RTOS_tasks.o
                0x0000000020000118                PrintTask_Handler
 .sbss.NVIC_Priority_Group
                0x000000002000011c        0x4 ./Peripheral/src/ch32v30x_misc.o
                0x000000002000011c                NVIC_Priority_Group
 .sbss.Calibrattion_Val
                0x0000000020000120        0x2 ./General_Files/drivers/adc.o
                0x0000000020000120                Calibrattion_Val
 *fill*         0x0000000020000122        0x2 
 .sbss.TxBuf    0x0000000020000124        0x2 ./General_Files/drivers/adc.o
                0x0000000020000124                TxBuf
 .sbss.RxBuf_Index
                0x0000000020000126        0x1 ./General_Files/apps/src/CRSF.o
                0x0000000020000126                RxBuf_Index
 *fill*         0x0000000020000127        0x1 
 .sbss.Mech_zero_yaw
                0x0000000020000128        0x4 ./General_Files/apps/src/control.o
                0x0000000020000128                Mech_zero_yaw
 .sbss.PWM_Out1
                0x000000002000012c        0x2 ./General_Files/apps/src/control.o
                0x000000002000012c                PWM_Out1
 .sbss.PWM_Out2
                0x000000002000012e        0x2 ./General_Files/apps/src/control.o
                0x000000002000012e                PWM_Out2
 .sbss.PWM_Out3
                0x0000000020000130        0x2 ./General_Files/apps/src/control.o
                0x0000000020000130                PWM_Out3
 .sbss.PWM_Out4
                0x0000000020000132        0x2 ./General_Files/apps/src/control.o
                0x0000000020000132                PWM_Out4
 .sbss.Pitch    0x0000000020000134        0x4 ./General_Files/apps/src/control.o
                0x0000000020000134                Pitch
 .sbss.Roll     0x0000000020000138        0x4 ./General_Files/apps/src/control.o
                0x0000000020000138                Roll
 .sbss.Throttle
                0x000000002000013c        0x2 ./General_Files/apps/src/control.o
                0x000000002000013c                Throttle
 *fill*         0x000000002000013e        0x2 
 .sbss.Yaw      0x0000000020000140        0x4 ./General_Files/apps/src/control.o
                0x0000000020000140                Yaw
 .sbss.pxEnd    0x0000000020000144        0x4 ./FreeRTOS/portable/MemMang/heap_4.o
 .sbss.xBlockAllocatedBit
                0x0000000020000148        0x4 ./FreeRTOS/portable/MemMang/heap_4.o
 .sbss.xFreeBytesRemaining
                0x000000002000014c        0x4 ./FreeRTOS/portable/MemMang/heap_4.o
 .sbss.xMinimumEverFreeBytesRemaining
                0x0000000020000150        0x4 ./FreeRTOS/portable/MemMang/heap_4.o
 .sbss.xNumberOfSuccessfulAllocations
                0x0000000020000154        0x4 ./FreeRTOS/portable/MemMang/heap_4.o
 .sbss.xNumberOfSuccessfulFrees
                0x0000000020000158        0x4 ./FreeRTOS/portable/MemMang/heap_4.o
 .sbss.xStart   0x000000002000015c        0x8 ./FreeRTOS/portable/MemMang/heap_4.o
 .sbss.pxCurrentTCB
                0x0000000020000164        0x4 ./FreeRTOS/tasks.o
                0x0000000020000164                pxCurrentTCB
 .sbss.pxDelayedTaskList
                0x0000000020000168        0x4 ./FreeRTOS/tasks.o
 .sbss.pxOverflowDelayedTaskList
                0x000000002000016c        0x4 ./FreeRTOS/tasks.o
 .sbss.uxCurrentNumberOfTasks
                0x0000000020000170        0x4 ./FreeRTOS/tasks.o
 .sbss.uxDeletedTasksWaitingCleanUp
                0x0000000020000174        0x4 ./FreeRTOS/tasks.o
 .sbss.uxSchedulerSuspended
                0x0000000020000178        0x4 ./FreeRTOS/tasks.o
 .sbss.uxTaskNumber
                0x000000002000017c        0x4 ./FreeRTOS/tasks.o
 .sbss.uxTopReadyPriority
                0x0000000020000180        0x4 ./FreeRTOS/tasks.o
 .sbss.xIdleTaskHandle
                0x0000000020000184        0x4 ./FreeRTOS/tasks.o
 .sbss.xNextTaskUnblockTime
                0x0000000020000188        0x4 ./FreeRTOS/tasks.o
 .sbss.xNumOfOverflows
                0x000000002000018c        0x4 ./FreeRTOS/tasks.o
 .sbss.xPendedTicks
                0x0000000020000190        0x4 ./FreeRTOS/tasks.o
 .sbss.xSchedulerRunning
                0x0000000020000194        0x4 ./FreeRTOS/tasks.o
 .sbss.xTickCount
                0x0000000020000198        0x4 ./FreeRTOS/tasks.o
 .sbss.xYieldPending
                0x000000002000019c        0x4 ./FreeRTOS/tasks.o
 .sbss.pxCurrentTimerList
                0x00000000200001a0        0x4 ./FreeRTOS/timers.o
 .sbss.pxOverflowTimerList
                0x00000000200001a4        0x4 ./FreeRTOS/timers.o
 .sbss.xLastTime.6314
                0x00000000200001a8        0x4 ./FreeRTOS/timers.o
 .sbss.xTimerQueue
                0x00000000200001ac        0x4 ./FreeRTOS/timers.o
 .sbss.xTimerTaskHandle
                0x00000000200001b0        0x4 ./FreeRTOS/timers.o
 .sbss.p_ms     0x00000000200001b4        0x2 ./Debug/debug.o
 .sbss.p_us     0x00000000200001b6        0x1 ./Debug/debug.o
 *(.gnu.linkonce.sb.*)
 *(.bss*)
 *fill*         0x00000000200001b7        0x1 
 .bss.MPU6050_para_filted
                0x00000000200001b8       0x14 ./User/RTOS_apps/IMU_handle.o
                0x00000000200001b8                MPU6050_para_filted
 .bss.gyro_filter
                0x00000000200001cc       0x48 ./User/RTOS_apps/IMU_handle.o
                0x00000000200001cc                gyro_filter
 .bss.dmp       0x0000000020000214       0x10 ./General_Files/eMPL/inv_mpu_dmp_motion_driver.o
 .bss.bmp280_inst
                0x0000000020000224       0x18 ./General_Files/drivers/BMP280.o
                0x0000000020000224                bmp280_inst
 .bss.MPU6050_para
                0x000000002000023c       0x14 ./General_Files/drivers/MPU6050.o
                0x000000002000023c                MPU6050_para
 .bss._lut      0x0000000020000250      0x100 ./General_Files/apps/src/CRC.o
                0x0000000020000250                _lut
 .bss.CrsfChannels
                0x0000000020000350       0x40 ./General_Files/apps/src/CRSF.o
                0x0000000020000350                CrsfChannels
 .bss.LinkStatistics
                0x0000000020000390        0xa ./General_Files/apps/src/CRSF.o
                0x0000000020000390                LinkStatistics
 *fill*         0x000000002000039a        0x2 
 .bss.RxBuf     0x000000002000039c       0x40 ./General_Files/apps/src/CRSF.o
                0x000000002000039c                RxBuf
 .bss.PID_pitch_innerloop
                0x00000000200003dc       0x50 ./General_Files/apps/src/control.o
                0x00000000200003dc                PID_pitch_innerloop
 .bss.PID_pitch_outerloop
                0x000000002000042c       0x50 ./General_Files/apps/src/control.o
                0x000000002000042c                PID_pitch_outerloop
 .bss.PID_roll_innerloop
                0x000000002000047c       0x50 ./General_Files/apps/src/control.o
                0x000000002000047c                PID_roll_innerloop
 .bss.PID_roll_outerloop
                0x00000000200004cc       0x50 ./General_Files/apps/src/control.o
                0x00000000200004cc                PID_roll_outerloop
 .bss.PID_yaw_innerloop
                0x000000002000051c       0x50 ./General_Files/apps/src/control.o
                0x000000002000051c                PID_yaw_innerloop
 .bss.PID_yaw_outerloop
                0x000000002000056c       0x50 ./General_Files/apps/src/control.o
                0x000000002000056c                PID_yaw_outerloop
 .bss.ucHeap    0x00000000200005bc     0x3000 ./FreeRTOS/portable/MemMang/heap_4.o
 .bss.xQueueRegistry
                0x00000000200035bc       0x40 ./FreeRTOS/queue.o
                0x00000000200035bc                xQueueRegistry
 .bss.pxReadyTasksLists
                0x00000000200035fc      0x12c ./FreeRTOS/tasks.o
 .bss.xDelayedTaskList1
                0x0000000020003728       0x14 ./FreeRTOS/tasks.o
 .bss.xDelayedTaskList2
                0x000000002000373c       0x14 ./FreeRTOS/tasks.o
 .bss.xPendingReadyList
                0x0000000020003750       0x14 ./FreeRTOS/tasks.o
 .bss.xSuspendedTaskList
                0x0000000020003764       0x14 ./FreeRTOS/tasks.o
 .bss.xTasksWaitingTermination
                0x0000000020003778       0x14 ./FreeRTOS/tasks.o
 .bss.xActiveTimerList1
                0x000000002000378c       0x14 ./FreeRTOS/timers.o
 .bss.xActiveTimerList2
                0x00000000200037a0       0x14 ./FreeRTOS/timers.o
 *(.gnu.linkonce.b.*)
 *(COMMON*)
                0x00000000200037b4                . = ALIGN (0x4)
                0x00000000200037b4                PROVIDE (_ebss = .)
                0x00000000200037b4                PROVIDE (_end = _ebss)
                [!provide]                        PROVIDE (end = .)

.stack          0x0000000020007800      0x800
                0x0000000020007800                PROVIDE (_heap_end = .)
                0x0000000020007800                . = ALIGN (0x4)
                [!provide]                        PROVIDE (_susrstack = .)
                0x0000000020008000                . = (. + __stack_size)
 *fill*         0x0000000020007800      0x800 
                0x0000000020008000                PROVIDE (_eusrstack = .)