Archive member included to satisfy reference by file (symbol)

c:/mounriver/mounriver_studio/toolchain/risc-v embedded gcc/bin/../lib/gcc/riscv-none-embed/8.2.0/../../../../riscv-none-embed/lib/rv32imacxw/ilp32\libm.a(lib_a-wf_asin.o)
                              ./General_Files/eMPL/inv_mpu.o (asinf)
c:/mounriver/mounriver_studio/toolchain/risc-v embedded gcc/bin/../lib/gcc/riscv-none-embed/8.2.0/../../../../riscv-none-embed/lib/rv32imacxw/ilp32\libm.a(lib_a-wf_atan2.o)
                              ./General_Files/eMPL/inv_mpu.o (atan2f)
c:/mounriver/mounriver_studio/toolchain/risc-v embedded gcc/bin/../lib/gcc/riscv-none-embed/8.2.0/../../../../riscv-none-embed/lib/rv32imacxw/ilp32\libm.a(lib_a-ef_asin.o)
                              c:/mounriver/mounriver_studio/toolchain/risc-v embedded gcc/bin/../lib/gcc/riscv-none-embed/8.2.0/../../../../riscv-none-embed/lib/rv32imacxw/ilp32\libm.a(lib_a-wf_asin.o) (__ieee754_asinf)
c:/mounriver/mounriver_studio/toolchain/risc-v embedded gcc/bin/../lib/gcc/riscv-none-embed/8.2.0/../../../../riscv-none-embed/lib/rv32imacxw/ilp32\libm.a(lib_a-ef_atan2.o)
                              c:/mounriver/mounriver_studio/toolchain/risc-v embedded gcc/bin/../lib/gcc/riscv-none-embed/8.2.0/../../../../riscv-none-embed/lib/rv32imacxw/ilp32\libm.a(lib_a-wf_atan2.o) (__ieee754_atan2f)
c:/mounriver/mounriver_studio/toolchain/risc-v embedded gcc/bin/../lib/gcc/riscv-none-embed/8.2.0/../../../../riscv-none-embed/lib/rv32imacxw/ilp32\libm.a(lib_a-ef_sqrt.o)
                              c:/mounriver/mounriver_studio/toolchain/risc-v embedded gcc/bin/../lib/gcc/riscv-none-embed/8.2.0/../../../../riscv-none-embed/lib/rv32imacxw/ilp32\libm.a(lib_a-ef_asin.o) (__ieee754_sqrtf)
c:/mounriver/mounriver_studio/toolchain/risc-v embedded gcc/bin/../lib/gcc/riscv-none-embed/8.2.0/../../../../riscv-none-embed/lib/rv32imacxw/ilp32\libm.a(lib_a-s_lib_ver.o)
                              c:/mounriver/mounriver_studio/toolchain/risc-v embedded gcc/bin/../lib/gcc/riscv-none-embed/8.2.0/../../../../riscv-none-embed/lib/rv32imacxw/ilp32\libm.a(lib_a-wf_asin.o) (__fdlib_version)
c:/mounriver/mounriver_studio/toolchain/risc-v embedded gcc/bin/../lib/gcc/riscv-none-embed/8.2.0/../../../../riscv-none-embed/lib/rv32imacxw/ilp32\libm.a(lib_a-s_matherr.o)
                              c:/mounriver/mounriver_studio/toolchain/risc-v embedded gcc/bin/../lib/gcc/riscv-none-embed/8.2.0/../../../../riscv-none-embed/lib/rv32imacxw/ilp32\libm.a(lib_a-wf_asin.o) (matherr)
c:/mounriver/mounriver_studio/toolchain/risc-v embedded gcc/bin/../lib/gcc/riscv-none-embed/8.2.0/../../../../riscv-none-embed/lib/rv32imacxw/ilp32\libm.a(lib_a-s_nan.o)
                              c:/mounriver/mounriver_studio/toolchain/risc-v embedded gcc/bin/../lib/gcc/riscv-none-embed/8.2.0/../../../../riscv-none-embed/lib/rv32imacxw/ilp32\libm.a(lib_a-wf_asin.o) (nan)
c:/mounriver/mounriver_studio/toolchain/risc-v embedded gcc/bin/../lib/gcc/riscv-none-embed/8.2.0/../../../../riscv-none-embed/lib/rv32imacxw/ilp32\libm.a(lib_a-sf_atan.o)
                              c:/mounriver/mounriver_studio/toolchain/risc-v embedded gcc/bin/../lib/gcc/riscv-none-embed/8.2.0/../../../../riscv-none-embed/lib/rv32imacxw/ilp32\libm.a(lib_a-ef_atan2.o) (atanf)
c:/mounriver/mounriver_studio/toolchain/risc-v embedded gcc/bin/../lib/gcc/riscv-none-embed/8.2.0/../../../../riscv-none-embed/lib/rv32imacxw/ilp32\libm.a(lib_a-sf_fabs.o)
                              c:/mounriver/mounriver_studio/toolchain/risc-v embedded gcc/bin/../lib/gcc/riscv-none-embed/8.2.0/../../../../riscv-none-embed/lib/rv32imacxw/ilp32\libm.a(lib_a-wf_asin.o) (fabsf)
c:/mounriver/mounriver_studio/toolchain/risc-v embedded gcc/bin/../lib/gcc/riscv-none-embed/8.2.0/../../../../riscv-none-embed/lib/rv32imacxw/ilp32\libprintfloat.a(printfloat.o)
                              ./User/RTOS_apps/Print_status.o (printf)
c:/mounriver/mounriver_studio/toolchain/risc-v embedded gcc/bin/../lib/gcc/riscv-none-embed/8.2.0/rv32imacxw/ilp32\libgcc.a(_divdi3.o)
                              ./General_Files/eMPL/inv_mpu.o (__divdi3)
c:/mounriver/mounriver_studio/toolchain/risc-v embedded gcc/bin/../lib/gcc/riscv-none-embed/8.2.0/rv32imacxw/ilp32\libgcc.a(_udivdi3.o)
                              c:/mounriver/mounriver_studio/toolchain/risc-v embedded gcc/bin/../lib/gcc/riscv-none-embed/8.2.0/../../../../riscv-none-embed/lib/rv32imacxw/ilp32\libprintfloat.a(printfloat.o) (__udivdi3)
c:/mounriver/mounriver_studio/toolchain/risc-v embedded gcc/bin/../lib/gcc/riscv-none-embed/8.2.0/rv32imacxw/ilp32\libgcc.a(_umoddi3.o)
                              c:/mounriver/mounriver_studio/toolchain/risc-v embedded gcc/bin/../lib/gcc/riscv-none-embed/8.2.0/../../../../riscv-none-embed/lib/rv32imacxw/ilp32\libprintfloat.a(printfloat.o) (__umoddi3)
c:/mounriver/mounriver_studio/toolchain/risc-v embedded gcc/bin/../lib/gcc/riscv-none-embed/8.2.0/rv32imacxw/ilp32\libgcc.a(adddf3.o)
[...]
Memory Configuration

Name             Origin             Length             Attributes
FLASH            0x0000000000000000 0x0000000000020000 xr
RAM              0x0000000020000000 0x0000000000008000 xrw
*default*        0x0000000000000000 0xffffffffffffffff

Linker script and memory map

LOAD ./User/RTOS_apps/IMU_handle.o
LOAD ./User/RTOS_apps/Print_status.o
LOAD ./User/RTOS_apps/control_handle.o
LOAD ./User/RTOS_apps/soft_stast.o
LOAD ./User/RTOS_tasks.o
LOAD ./User/ch32v30x_it.o
LOAD ./User/main.o
LOAD ./User/system_ch32v30x.o
LOAD ./Startup/startup_ch32v30x_D8C.o
LOAD ./Peripheral/src/ch32v30x_adc.o
LOAD ./Peripheral/src/ch32v30x_bkp.o
LOAD ./Peripheral/src/ch32v30x_can.o
LOAD ./Peripheral/src/ch32v30x_crc.o
LOAD ./Peripheral/src/ch32v30x_dac.o
LOAD ./Peripheral/src/ch32v30x_dbgmcu.o
LOAD ./Peripheral/src/ch32v30x_dma.o
LOAD ./Peripheral/src/ch32v30x_dvp.o
LOAD ./Peripheral/src/ch32v30x_eth.o
LOAD ./Peripheral/src/ch32v30x_exti.o
LOAD ./Peripheral/src/ch32v30x_flash.o
LOAD ./Peripheral/src/ch32v30x_fsmc.o
LOAD ./Peripheral/src/ch32v30x_gpio.o
LOAD ./Peripheral/src/ch32v30x_i2c.o
LOAD ./Peripheral/src/ch32v30x_iwdg.o
LOAD ./Peripheral/src/ch32v30x_misc.o
LOAD ./Peripheral/src/ch32v30x_opa.o
LOAD ./Peripheral/src/ch32v30x_pwr.o
LOAD ./Peripheral/src/ch32v30x_rcc.o
LOAD ./Peripheral/src/ch32v30x_rng.o
LOAD ./Peripheral/src/ch32v30x_rtc.o
LOAD ./Peripheral/src/ch32v30x_sdio.o
LOAD ./Peripheral/src/ch32v30x_spi.o
LOAD ./Peripheral/src/ch32v30x_tim.o
LOAD ./Peripheral/src/ch32v30x_usart.o
LOAD ./Peripheral/src/ch32v30x_wwdg.o
LOAD ./General_Files/eMPL/inv_mpu.o
LOAD ./General_Files/eMPL/inv_mpu_dmp_motion_driver.o
LOAD ./General_Files/drivers/BMP280.o
LOAD ./General_Files/drivers/MPU6050.o
LOAD ./General_Files/drivers/MyI2C.o
LOAD ./General_Files/drivers/ST7789.o
LOAD ./General_Files/drivers/adc.o
LOAD ./General_Files/drivers/bsp_filter.o
LOAD ./General_Files/drivers/gpio.o
LOAD ./General_Files/drivers/mtf01.o
LOAD ./General_Files/drivers/pwm.o
LOAD ./General_Files/drivers/tim.o
LOAD ./General_Files/drivers/uart.o
LOAD ./General_Files/apps/src/CRC.o
LOAD ./General_Files/apps/src/CRSF.o
LOAD ./General_Files/apps/src/control.o
LOAD ./General_Files/apps/src/pid.o
LOAD ./General_Files/system.o
LOAD ./FreeRTOS/portable/MemMang/heap_4.o
LOAD ./FreeRTOS/portable/GCC/RISC-V/port.o
LOAD ./FreeRTOS/portable/GCC/RISC-V/portASM.o
LOAD ./FreeRTOS/croutine.o
LOAD ./FreeRTOS/event_groups.o
LOAD ./FreeRTOS/list.o
LOAD ./FreeRTOS/queue.o
LOAD ./FreeRTOS/stream_buffer.o
LOAD ./FreeRTOS/tasks.o
LOAD ./FreeRTOS/timers.o
LOAD ./Debug/debug.o
LOAD ./Core/core_riscv.o
LOAD c:/mounriver/mounriver_studio/toolchain/risc-v embedded gcc/bin/../lib/gcc/riscv-none-embed/8.2.0/../../../../riscv-none-embed/lib/rv32imacxw/ilp32\libm.a
LOAD c:/mounriver/mounriver_studio/toolchain/risc-v embedded gcc/bin/../lib/gcc/riscv-none-embed/8.2.0/../../../../riscv-none-embed/lib/rv32imacxw/ilp32\libprintfloat.a
LOAD c:/mounriver/mounriver_studio/toolchain/risc-v embedded gcc/bin/../lib/gcc/riscv-none-embed/8.2.0/rv32imacxw/ilp32\libgcc.a
LOAD c:/mounriver/mounriver_studio/toolchain/risc-v embedded gcc/bin/../lib/gcc/riscv-none-embed/8.2.0/../../../../riscv-none-embed/lib/rv32imacxw/ilp32\libg_nano.a
LOAD c:/mounriver/mounriver_studio/toolchain/risc-v embedded gcc/bin/../lib/gcc/riscv-none-embed/8.2.0/../../../../riscv-none-embed/lib/rv32imacxw/ilp32\libc_nano.a
LOAD c:/mounriver/mounriver_studio/toolchain/risc-v embedded gcc/bin/../lib/gcc/riscv-none-embed/8.2.0/rv32imacxw/ilp32\libgcc.a
START GROUP
LOAD c:/mounriver/mounriver_studio/toolchain/risc-v embedded gcc/bin/../lib/gcc/riscv-none-embed/8.2.0/rv32imacxw/ilp32\libgcc.a
LOAD c:/mounriver/mounriver_studio/toolchain/risc-v embedded gcc/bin/../lib/gcc/riscv-none-embed/8.2.0/../../../../riscv-none-embed/lib/rv32imacxw/ilp32\libc_nano.a
LOAD c:/mounriver/mounriver_studio/toolchain/risc-v embedded gcc/bin/../lib/gcc/riscv-none-embed/8.2.0/../../../../riscv-none-embed/lib/rv32imacxw/ilp32\libnosys.a
END GROUP
START GROUP
LOAD c:/mounriver/mounriver_studio/toolchain/risc-v embedded gcc/bin/../lib/gcc/riscv-none-embed/8.2.0/rv32imacxw/ilp32\libgcc.a
LOAD c:/mounriver/mounriver_studio/toolchain/risc-v embedded gcc/bin/../lib/gcc/riscv-none-embed/8.2.0/../../../../riscv-none-embed/lib/rv32imacxw/ilp32\libc_nano.a
LOAD c:/mounriver/mounriver_studio/toolchain/risc-v embedded gcc/bin/../lib/gcc/riscv-none-embed/8.2.0/../../../../riscv-none-embed/lib/rv32imacxw/ilp32\libnosys.a
END GROUP
                0x0000000000000800                __stack_size = 0x800
                [!provide]                        PROVIDE (_stack_size = __stack_size)

.init           0x0000000000000000        0x4
                0x0000000000000000                _sinit = .
                0x0000000000000000                . = ALIGN (0x4)
 *(SORT_NONE(.init))
 .init          0x0000000000000000        0x4 ./Startup/startup_ch32v30x_D8C.o
                0x0000000000000000                _start
                0x0000000000000004                . = ALIGN (0x4)
                0x0000000000000004                _einit = .

.vector         0x0000000000000004      0x1bc
 *(.vector)
 .vector        0x0000000000000004      0x1a0 ./Startup/startup_ch32v30x_D8C.o
                0x00000000000001c0                . = ALIGN (0x40)
 *fill*         0x00000000000001a4       0x1c 

.text           0x0000000000000200     0xc720
                0x0000000000000200                . = ALIGN (0x4)
 *(.text)
 .text          0x0000000000000200      0x2e6 ./FreeRTOS/portable/GCC/RISC-V/portASM.o
                0x0000000000000200                SW_Handler
                0x0000000000000300                xPortStartFirstTask
                0x0000000000000400                pxPortInitialiseStack
 .text          0x00000000000004e6       0x60 c:/mounriver/mounriver_studio/toolchain/risc-v embedded gcc/bin/../lib/gcc/riscv-none-embed/8.2.0/rv32imacxw/ilp32\libgcc.a(save-restore.o)
                0x00000000000004e6                __riscv_save_12
                0x00000000000004ee                __riscv_save_9
                0x00000000000004ee                __riscv_save_11
                0x00000000000004ee                __riscv_save_10
                0x00000000000004ee                __riscv_save_8
                0x00000000000004fc                __riscv_save_4
                0x00000000000004fc                __riscv_save_6
                0x00000000000004fc                __riscv_save_5
                0x00000000000004fc                __riscv_save_7
                0x0000000000000516                __riscv_save_3
                0x0000000000000516                __riscv_save_2
                0x0000000000000516                __riscv_save_1
                0x0000000000000516                __riscv_save_0
                0x0000000000000522                __riscv_restore_12
                0x0000000000000526                __riscv_restore_11
                0x0000000000000526                __riscv_restore_9
                0x0000000000000526                __riscv_restore_10
                0x0000000000000526                __riscv_restore_8
                0x0000000000000530                __riscv_restore_5
                0x0000000000000530                __riscv_restore_7
                0x0000000000000530                __riscv_restore_6
                0x0000000000000530                __riscv_restore_4
                0x000000000000053a                __riscv_restore_3
                0x000000000000053a                __riscv_restore_0
                0x000000000000053a                __riscv_restore_2
                0x000000000000053a                __riscv_restore_1
 .text          0x0000000000000546       0xa8 c:/mounriver/mounriver_studio/toolchain/risc-v embedded gcc/bin/../lib/gcc/riscv-none-embed/8.2.0/../../../../riscv-none-embed/lib/rv32imacxw/ilp32\libg_nano.a(lib_a-memset.o)
                0x0000000000000546                memset
 *(.text.*)
 .text.load_filter_data
                0x00000000000005ee       0x66 ./User/RTOS_apps/IMU_handle.o
                0x00000000000005ee                load_filter_data
 .text.calc_IMU_filter
                0x0000000000000654       0x5a ./User/RTOS_apps/IMU_handle.o
                0x0000000000000654                calc_IMU_filter
 .text.IMU_task
                0x00000000000006ae       0x28 ./User/RTOS_apps/IMU_handle.o
                0x00000000000006ae                IMU_task
 .text.String_print
                0x00000000000006d6      0x1aa ./User/RTOS_apps/Print_status.o
                0x00000000000006d6                String_print
 .text.Print_status_task
                0x0000000000000880        0xe ./User/RTOS_apps/Print_status.o
                0x0000000000000880                Print_status_task
 .text.control_handle_task
                0x000000000000088e       0x98 ./User/RTOS_apps/control_handle.o
                0x000000000000088e                control_handle_task
 .text.Motor_sort_start
                0x0000000000000926       0xd4 ./User/RTOS_apps/soft_stast.o
                0x0000000000000926                Motor_sort_start
 .text.RTOS_init
                0x00000000000009fa       0x9a ./User/RTOS_tasks.o
                0x00000000000009fa                RTOS_init
 .text.NMI_Handler
                0x0000000000000a94        0x4 ./User/ch32v30x_it.o
                0x0000000000000a94                NMI_Handler
 .text.HardFault_Handler
                0x0000000000000a98        0x2 ./User/ch32v30x_it.o
                0x0000000000000a98                HardFault_Handler
 .text.GPIO_Toggle_INIT
                0x0000000000000a9a       0x32 ./User/main.o
                0x0000000000000a9a                GPIO_Toggle_INIT
 .text.startup.main
                0x0000000000000acc       0x76 ./User/main.o
                0x0000000000000acc                main
 .text.SystemInit
                0x0000000000000b42       0xfa ./User/system_ch32v30x.o
                0x0000000000000b42                SystemInit
 .text.SystemCoreClockUpdate
                0x0000000000000c3c      0x12a ./User/system_ch32v30x.o
                0x0000000000000c3c                SystemCoreClockUpdate
 .text.vector_handler
                0x0000000000000d66        0x2 ./Startup/startup_ch32v30x_D8C.o
                0x0000000000000d66                EXTI2_IRQHandler
                0x0000000000000d66                TIM8_TRG_COM_IRQHandler
                0x0000000000000d66                TIM8_CC_IRQHandler
                0x0000000000000d66                UART8_IRQHandler
                0x0000000000000d66                TIM1_CC_IRQHandler
                0x0000000000000d66                TIM6_IRQHandler
                0x0000000000000d66                PVD_IRQHandler
                0x0000000000000d66                SDIO_IRQHandler
                0x0000000000000d66                TIM9_BRK_IRQHandler
                0x0000000000000d66                DMA2_Channel8_IRQHandler
                0x0000000000000d66                CAN2_RX1_IRQHandler
                0x0000000000000d66                EXTI3_IRQHandler
                0x0000000000000d66                USBHS_IRQHandler
                0x0000000000000d66                DMA2_Channel9_IRQHandler
                0x0000000000000d66                TIM10_CC_IRQHandler
                0x0000000000000d66                USBFS_IRQHandler
                0x0000000000000d66                EXTI0_IRQHandler
                0x0000000000000d66                I2C2_EV_IRQHandler
                0x0000000000000d66                TIM10_TRG_COM_IRQHandler
                0x0000000000000d66                CAN2_SCE_IRQHandler
                0x0000000000000d66                ADC1_2_IRQHandler
                0x0000000000000d66                Break_Point_Handler
                0x0000000000000d66                SPI1_IRQHandler
                0x0000000000000d66                TAMPER_IRQHandler
                0x0000000000000d66                CAN2_RX0_IRQHandler
                0x0000000000000d66                TIM8_UP_IRQHandler
                0x0000000000000d66                Ecall_M_Mode_Handler
                0x0000000000000d66                DMA2_Channel2_IRQHandler
                0x0000000000000d66                DMA1_Channel4_IRQHandler
                0x0000000000000d66                TIM9_UP_IRQHandler
                0x0000000000000d66                USART3_IRQHandler
                0x0000000000000d66                RTC_IRQHandler
                0x0000000000000d66                DMA1_Channel7_IRQHandler
                0x0000000000000d66                CAN1_RX1_IRQHandler
                0x0000000000000d66                DVP_IRQHandler
                0x0000000000000d66                UART5_IRQHandler
                0x0000000000000d66                DMA2_Channel1_IRQHandler
                0x0000000000000d66                I2C1_EV_IRQHandler
                0x0000000000000d66                DMA1_Channel6_IRQHandler
                0x0000000000000d66                UART4_IRQHandler
                0x0000000000000d66                DMA2_Channel4_IRQHandler
                0x0000000000000d66                RCC_IRQHandler
                0x0000000000000d66                TIM1_TRG_COM_IRQHandler
                0x0000000000000d66                DMA1_Channel1_IRQHandler
                0x0000000000000d66                DMA2_Channel7_IRQHandler
                0x0000000000000d66                EXTI15_10_IRQHandler
                0x0000000000000d66                TIM7_IRQHandler
                0x0000000000000d66                CAN2_TX_IRQHandler
                0x0000000000000d66                TIM5_IRQHandler
                0x0000000000000d66                EXTI9_5_IRQHandler
                0x0000000000000d66                ETH_WKUP_IRQHandler
                0x0000000000000d66                SPI2_IRQHandler
                0x0000000000000d66                TIM10_BRK_IRQHandler
                0x0000000000000d66                TIM9_CC_IRQHandler
                0x0000000000000d66                DMA2_Channel5_IRQHandler
                0x0000000000000d66                DMA1_Channel5_IRQHandler
                0x0000000000000d66                EXTI4_IRQHandler
                0x0000000000000d66                USB_LP_CAN1_RX0_IRQHandler
                0x0000000000000d66                RNG_IRQHandler
                0x0000000000000d66                USB_HP_CAN1_TX_IRQHandler
                0x0000000000000d66                DMA1_Channel3_IRQHandler
                0x0000000000000d66                ETH_IRQHandler
                0x0000000000000d66                TIM1_UP_IRQHandler
                0x0000000000000d66                WWDG_IRQHandler
                0x0000000000000d66                USBHSWakeup_IRQHandler
                0x0000000000000d66                DMA2_Channel11_IRQHandler
                0x0000000000000d66                Ecall_U_Mode_Handler
                0x0000000000000d66                DMA2_Channel6_IRQHandler
                0x0000000000000d66                TIM2_IRQHandler
                0x0000000000000d66                TIM1_BRK_IRQHandler
                0x0000000000000d66                DMA2_Channel10_IRQHandler
                0x0000000000000d66                EXTI1_IRQHandler
                0x0000000000000d66                RTCAlarm_IRQHandler
                0x0000000000000d66                TIM10_UP_IRQHandler
                0x0000000000000d66                TIM9_TRG_COM_IRQHandler
                0x0000000000000d66                UART7_IRQHandler
                0x0000000000000d66                UART6_IRQHandler
                0x0000000000000d66                I2C2_ER_IRQHandler
                0x0000000000000d66                DMA1_Channel2_IRQHandler
                0x0000000000000d66                TIM8_BRK_IRQHandler
                0x0000000000000d66                CAN1_SCE_IRQHandler
                0x0000000000000d66                FLASH_IRQHandler
                0x0000000000000d66                USART1_IRQHandler
                0x0000000000000d66                SPI3_IRQHandler
                0x0000000000000d66                I2C1_ER_IRQHandler
                0x0000000000000d66                USBWakeUp_IRQHandler
                0x0000000000000d66                DMA2_Channel3_IRQHandler
 .text.handle_reset
                0x0000000000000d68       0x92 ./Startup/startup_ch32v30x_D8C.o
                0x0000000000000d68                handle_reset
 .text.ADC_DeInit
                0x0000000000000dfa       0x46 ./Peripheral/src/ch32v30x_adc.o
                0x0000000000000dfa                ADC_DeInit
 .text.ADC_Init
                0x0000000000000e40       0x56 ./Peripheral/src/ch32v30x_adc.o
                0x0000000000000e40                ADC_Init
 .text.ADC_Cmd  0x0000000000000e96       0x10 ./Peripheral/src/ch32v30x_adc.o
                0x0000000000000e96                ADC_Cmd
 .text.ADC_DMACmd
                0x0000000000000ea6       0x12 ./Peripheral/src/ch32v30x_adc.o
                0x0000000000000ea6                ADC_DMACmd
 .text.ADC_ResetCalibration
                0x0000000000000eb8        0xa ./Peripheral/src/ch32v30x_adc.o
                0x0000000000000eb8                ADC_ResetCalibration
 .text.ADC_GetResetCalibrationStatus
                0x0000000000000ec2        0x8 ./Peripheral/src/ch32v30x_adc.o
                0x0000000000000ec2                ADC_GetResetCalibrationStatus
 .text.ADC_StartCalibration
                0x0000000000000eca        0xa ./Peripheral/src/ch32v30x_adc.o
                0x0000000000000eca                ADC_StartCalibration
 .text.ADC_GetCalibrationStatus
                0x0000000000000ed4        0x8 ./Peripheral/src/ch32v30x_adc.o
                0x0000000000000ed4                ADC_GetCalibrationStatus
 .text.ADC_SoftwareStartConvCmd
                0x0000000000000edc       0x18 ./Peripheral/src/ch32v30x_adc.o
                0x0000000000000edc                ADC_SoftwareStartConvCmd
 .text.ADC_RegularChannelConfig
                0x0000000000000ef4       0xb8 ./Peripheral/src/ch32v30x_adc.o
                0x0000000000000ef4                ADC_RegularChannelConfig
 .text.ADC_BufferCmd
                0x0000000000000fac       0x18 ./Peripheral/src/ch32v30x_adc.o
                0x0000000000000fac                ADC_BufferCmd
 .text.Get_CalibrationValue
                0x0000000000000fc4      0x130 ./Peripheral/src/ch32v30x_adc.o
                0x0000000000000fc4                Get_CalibrationValue
 .text.DBGMCU_GetCHIPID
                0x00000000000010f4        0xa ./Peripheral/src/ch32v30x_dbgmcu.o
                0x00000000000010f4                DBGMCU_GetCHIPID
 .text.DMA_DeInit
                0x00000000000010fe      0x16c ./Peripheral/src/ch32v30x_dma.o
                0x00000000000010fe                DMA_DeInit
 .text.DMA_Init
                0x000000000000126a       0x38 ./Peripheral/src/ch32v30x_dma.o
                0x000000000000126a                DMA_Init
 .text.DMA_Cmd  0x00000000000012a2       0x14 ./Peripheral/src/ch32v30x_dma.o
                0x00000000000012a2                DMA_Cmd
 .text.GPIO_Init
                0x00000000000012b6       0xc0 ./Peripheral/src/ch32v30x_gpio.o
                0x00000000000012b6                GPIO_Init
 .text.GPIO_ReadInputDataBit
                0x0000000000001376        0xa ./Peripheral/src/ch32v30x_gpio.o
                0x0000000000001376                GPIO_ReadInputDataBit
 .text.GPIO_SetBits
                0x0000000000001380        0x4 ./Peripheral/src/ch32v30x_gpio.o
                0x0000000000001380                GPIO_SetBits
 .text.GPIO_WriteBit
                0x0000000000001384        0xa ./Peripheral/src/ch32v30x_gpio.o
                0x0000000000001384                GPIO_WriteBit
 .text.GPIO_PinRemapConfig
                0x000000000000138e       0xd6 ./Peripheral/src/ch32v30x_gpio.o
                0x000000000000138e                GPIO_PinRemapConfig
 .text.I2C_Init
                0x0000000000001464       0xfe ./Peripheral/src/ch32v30x_i2c.o
                0x0000000000001464                I2C_Init
 .text.I2C_Cmd  0x0000000000001562       0x18 ./Peripheral/src/ch32v30x_i2c.o
                0x0000000000001562                I2C_Cmd
 .text.I2C_GenerateSTART
                0x000000000000157a       0x1a ./Peripheral/src/ch32v30x_i2c.o
                0x000000000000157a                I2C_GenerateSTART
 .text.I2C_GenerateSTOP
                0x0000000000001594       0x1a ./Peripheral/src/ch32v30x_i2c.o
                0x0000000000001594                I2C_GenerateSTOP
 .text.I2C_AcknowledgeConfig
                0x00000000000015ae       0x1a ./Peripheral/src/ch32v30x_i2c.o
                0x00000000000015ae                I2C_AcknowledgeConfig
 .text.I2C_SendData
                0x00000000000015c8        0x4 ./Peripheral/src/ch32v30x_i2c.o
                0x00000000000015c8                I2C_SendData
 .text.I2C_ReceiveData
                0x00000000000015cc        0x8 ./Peripheral/src/ch32v30x_i2c.o
                0x00000000000015cc                I2C_ReceiveData
 .text.I2C_Send7bitAddress
                0x00000000000015d4       0x12 ./Peripheral/src/ch32v30x_i2c.o
                0x00000000000015d4                I2C_Send7bitAddress
 .text.I2C_CheckEvent
                0x00000000000015e6       0x16 ./Peripheral/src/ch32v30x_i2c.o
                0x00000000000015e6                I2C_CheckEvent
 .text.I2C_GetFlagStatus
                0x00000000000015fc       0x32 ./Peripheral/src/ch32v30x_i2c.o
                0x00000000000015fc                I2C_GetFlagStatus
 .text.NVIC_PriorityGroupConfig
                0x000000000000162e        0xa ./Peripheral/src/ch32v30x_misc.o
                0x000000000000162e                NVIC_PriorityGroupConfig
 .text.NVIC_Init
                0x0000000000001638       0x52 ./Peripheral/src/ch32v30x_misc.o
                0x0000000000001638                NVIC_Init
 .text.RCC_ADCCLKConfig
                0x000000000000168a       0x12 ./Peripheral/src/ch32v30x_rcc.o
                0x000000000000168a                RCC_ADCCLKConfig
 .text.RCC_GetClocksFreq
                0x000000000000169c      0x176 ./Peripheral/src/ch32v30x_rcc.o
                0x000000000000169c                RCC_GetClocksFreq
 .text.RCC_AHBPeriphClockCmd
                0x0000000000001812       0x1e ./Peripheral/src/ch32v30x_rcc.o
                0x0000000000001812                RCC_AHBPeriphClockCmd
 .text.RCC_APB2PeriphClockCmd
                0x0000000000001830       0x1e ./Peripheral/src/ch32v30x_rcc.o
                0x0000000000001830                RCC_APB2PeriphClockCmd
 .text.RCC_APB1PeriphClockCmd
                0x000000000000184e       0x1e ./Peripheral/src/ch32v30x_rcc.o
                0x000000000000184e                RCC_APB1PeriphClockCmd
 .text.RCC_APB2PeriphResetCmd
                0x000000000000186c       0x1e ./Peripheral/src/ch32v30x_rcc.o
                0x000000000000186c                RCC_APB2PeriphResetCmd
 .text.TIM_TimeBaseInit
                0x000000000000188a       0xaa ./Peripheral/src/ch32v30x_tim.o
                0x000000000000188a                TIM_TimeBaseInit
 .text.TIM_OC1Init
                0x0000000000001934       0x82 ./Peripheral/src/ch32v30x_tim.o
                0x0000000000001934                TIM_OC1Init
 .text.TIM_OC2Init
                0x00000000000019b6       0xae ./Peripheral/src/ch32v30x_tim.o
                0x00000000000019b6                TIM_OC2Init
 .text.TIM_OC3Init
                0x0000000000001a64       0xac ./Peripheral/src/ch32v30x_tim.o
                0x0000000000001a64                TIM_OC3Init
 .text.TIM_OC4Init
                0x0000000000001b10       0x88 ./Peripheral/src/ch32v30x_tim.o
                0x0000000000001b10                TIM_OC4Init
 .text.TIM_Cmd  0x0000000000001b98       0x18 ./Peripheral/src/ch32v30x_tim.o
                0x0000000000001b98                TIM_Cmd
 .text.TIM_CtrlPWMOutputs
                0x0000000000001bb0       0x16 ./Peripheral/src/ch32v30x_tim.o
                0x0000000000001bb0                TIM_CtrlPWMOutputs
 .text.TIM_ARRPreloadConfig
                0x0000000000001bc6       0x1a ./Peripheral/src/ch32v30x_tim.o
                0x0000000000001bc6                TIM_ARRPreloadConfig
 .text.TIM_OC1PreloadConfig
                0x0000000000001be0        0xe ./Peripheral/src/ch32v30x_tim.o
                0x0000000000001be0                TIM_OC1PreloadConfig
 .text.TIM_OC2PreloadConfig
                0x0000000000001bee       0x16 ./Peripheral/src/ch32v30x_tim.o
                0x0000000000001bee                TIM_OC2PreloadConfig
 .text.TIM_OC3PreloadConfig
                0x0000000000001c04        0xe ./Peripheral/src/ch32v30x_tim.o
                0x0000000000001c04                TIM_OC3PreloadConfig
 .text.TIM_OC4PreloadConfig
                0x0000000000001c12       0x16 ./Peripheral/src/ch32v30x_tim.o
                0x0000000000001c12                TIM_OC4PreloadConfig
 .text.TIM_SetCompare1
                0x0000000000001c28        0x4 ./Peripheral/src/ch32v30x_tim.o
                0x0000000000001c28                TIM_SetCompare1
 .text.TIM_SetCompare2
                0x0000000000001c2c        0x4 ./Peripheral/src/ch32v30x_tim.o
                0x0000000000001c2c                TIM_SetCompare2
 .text.TIM_SetCompare3
                0x0000000000001c30        0x4 ./Peripheral/src/ch32v30x_tim.o
                0x0000000000001c30                TIM_SetCompare3
 .text.TIM_SetCompare4
                0x0000000000001c34        0x6 ./Peripheral/src/ch32v30x_tim.o
                0x0000000000001c34                TIM_SetCompare4
 .text.TIM_GetCapture1
                0x0000000000001c3a        0x4 ./Peripheral/src/ch32v30x_tim.o
                0x0000000000001c3a                TIM_GetCapture1
 .text.TIM_GetCapture2
                0x0000000000001c3e        0x4 ./Peripheral/src/ch32v30x_tim.o
                0x0000000000001c3e                TIM_GetCapture2
 .text.TIM_GetCapture3
                0x0000000000001c42        0x4 ./Peripheral/src/ch32v30x_tim.o
                0x0000000000001c42                TIM_GetCapture3
 .text.TIM_GetCapture4
                0x0000000000001c46        0x6 ./Peripheral/src/ch32v30x_tim.o
                0x0000000000001c46                TIM_GetCapture4
 .text.TIM_ClearFlag
                0x0000000000001c4c        0xc ./Peripheral/src/ch32v30x_tim.o
                0x0000000000001c4c                TIM_ClearFlag
 .text.USART_Init
                0x0000000000001c58       0x90 ./Peripheral/src/ch32v30x_usart.o
                0x0000000000001c58                USART_Init
 .text.USART_Cmd
                0x0000000000001ce8       0x16 ./Peripheral/src/ch32v30x_usart.o
                0x0000000000001ce8                USART_Cmd
 .text.USART_ITConfig
                0x0000000000001cfe       0x36 ./Peripheral/src/ch32v30x_usart.o
                0x0000000000001cfe                USART_ITConfig
 .text.USART_SendData
                0x0000000000001d34        0x8 ./Peripheral/src/ch32v30x_usart.o
                0x0000000000001d34                USART_SendData
 .text.USART_ReceiveData
                0x0000000000001d3c        0x8 ./Peripheral/src/ch32v30x_usart.o
                0x0000000000001d3c                USART_ReceiveData
 .text.USART_GetFlagStatus
                0x0000000000001d44        0xa ./Peripheral/src/ch32v30x_usart.o
                0x0000000000001d44                USART_GetFlagStatus
 .text.USART_ClearFlag
                0x0000000000001d4e        0xc ./Peripheral/src/ch32v30x_usart.o
                0x0000000000001d4e                USART_ClearFlag
 .text.USART_GetITStatus
                0x0000000000001d5a       0x3c ./Peripheral/src/ch32v30x_usart.o
                0x0000000000001d5a                USART_GetITStatus
 .text.get_st_biases
                0x0000000000001d96      0x37e ./General_Files/eMPL/inv_mpu.o
 .text.set_int_enable
                0x0000000000002114       0x58 ./General_Files/eMPL/inv_mpu.o
 .text.mpu_reset_fifo
                0x000000000000216c      0x138 ./General_Files/eMPL/inv_mpu.o
                0x000000000000216c                mpu_reset_fifo
 .text.mpu_get_gyro_fsr
                0x00000000000022a4       0x3e ./General_Files/eMPL/inv_mpu.o
                0x00000000000022a4                mpu_get_gyro_fsr
 .text.mpu_set_gyro_fsr
                0x00000000000022e2       0x7c ./General_Files/eMPL/inv_mpu.o
                0x00000000000022e2                mpu_set_gyro_fsr
 .text.mpu_get_accel_fsr
                0x000000000000235e       0x46 ./General_Files/eMPL/inv_mpu.o
                0x000000000000235e                mpu_get_accel_fsr
 .text.mpu_set_accel_fsr
                0x00000000000023a4       0x74 ./General_Files/eMPL/inv_mpu.o
                0x00000000000023a4                mpu_set_accel_fsr
 .text.mpu_get_lpf
                0x0000000000002418       0x4a ./General_Files/eMPL/inv_mpu.o
                0x0000000000002418                mpu_get_lpf
 .text.mpu_set_lpf
                0x0000000000002462       0x7e ./General_Files/eMPL/inv_mpu.o
                0x0000000000002462                mpu_set_lpf
 .text.mpu_get_sample_rate
                0x00000000000024e0       0x1a ./General_Files/eMPL/inv_mpu.o
                0x00000000000024e0                mpu_get_sample_rate
 .text.mpu_get_gyro_sens
                0x00000000000024fa       0x4c ./General_Files/eMPL/inv_mpu.o
                0x00000000000024fa                mpu_get_gyro_sens
 .text.mpu_get_accel_sens
                0x0000000000002546       0x4e ./General_Files/eMPL/inv_mpu.o
                0x0000000000002546                mpu_get_accel_sens
 .text.mpu_configure_fifo
                0x0000000000002594       0x56 ./General_Files/eMPL/inv_mpu.o
                0x0000000000002594                mpu_configure_fifo
 .text.mpu_read_fifo_stream
                0x00000000000025ea       0x98 ./General_Files/eMPL/inv_mpu.o
                0x00000000000025ea                mpu_read_fifo_stream
 .text.mpu_set_bypass
                0x0000000000002682       0xca ./General_Files/eMPL/inv_mpu.o
                0x0000000000002682                mpu_set_bypass
 .text.mpu_set_int_latched
                0x000000000000274c       0x5c ./General_Files/eMPL/inv_mpu.o
                0x000000000000274c                mpu_set_int_latched
 .text.mpu_lp_accel_mode
                0x00000000000027a8       0xa6 ./General_Files/eMPL/inv_mpu.o
                0x00000000000027a8                mpu_lp_accel_mode
 .text.mpu_set_sample_rate
                0x000000000000284e       0x9a ./General_Files/eMPL/inv_mpu.o
                0x000000000000284e                mpu_set_sample_rate
 .text.mpu_set_sensors
                0x00000000000028e8       0xb8 ./General_Files/eMPL/inv_mpu.o
                0x00000000000028e8                mpu_set_sensors
 .text.mpu_init
                0x00000000000029a0      0x130 ./General_Files/eMPL/inv_mpu.o
                0x00000000000029a0                mpu_init
 .text.mpu_write_mem
                0x0000000000002ad0       0x62 ./General_Files/eMPL/inv_mpu.o
                0x0000000000002ad0                mpu_write_mem
 .text.mpu_read_mem
                0x0000000000002b32       0x62 ./General_Files/eMPL/inv_mpu.o
                0x0000000000002b32                mpu_read_mem
 .text.mpu_load_firmware
                0x0000000000002b94       0xa8 ./General_Files/eMPL/inv_mpu.o
                0x0000000000002b94                mpu_load_firmware
 .text.mpu_set_dmp_state
                0x0000000000002c3c       0x80 ./General_Files/eMPL/inv_mpu.o
                0x0000000000002c3c                mpu_set_dmp_state
 .text.mpu_run_self_test
                0x0000000000002cbc      0x350 ./General_Files/eMPL/inv_mpu.o
                0x0000000000002cbc                mpu_run_self_test
 .text.mget_ms  0x000000000000300c        0x2 ./General_Files/eMPL/inv_mpu.o
                0x000000000000300c                mget_ms
 .text.run_self_test
                0x000000000000300e       0x88 ./General_Files/eMPL/inv_mpu.o
                0x000000000000300e                run_self_test
 .text.inv_row_2_scale
                0x0000000000003096       0x30 ./General_Files/eMPL/inv_mpu.o
                0x0000000000003096                inv_row_2_scale
 .text.inv_orientation_matrix_to_scalar
                0x00000000000030c6       0x2c ./General_Files/eMPL/inv_mpu.o
                0x00000000000030c6                inv_orientation_matrix_to_scalar
 .text.mpu_dmp_init
                0x00000000000030f2       0xa0 ./General_Files/eMPL/inv_mpu.o
                0x00000000000030f2                mpu_dmp_init
 .text.mpu_dmp_get_data
                0x0000000000003192      0x1bc ./General_Files/eMPL/inv_mpu.o
                0x0000000000003192                mpu_dmp_get_data
 .text.dmp_enable_gyro_cal.part.0
                0x000000000000334e       0x32 ./General_Files/eMPL/inv_mpu_dmp_motion_driver.o
 .text.dmp_load_motion_driver_firmware
                0x0000000000003380       0x20 ./General_Files/eMPL/inv_mpu_dmp_motion_driver.o
                0x0000000000003380                dmp_load_motion_driver_firmware
 .text.dmp_set_orientation
                0x00000000000033a0       0xfa ./General_Files/eMPL/inv_mpu_dmp_motion_driver.o
                0x00000000000033a0                dmp_set_orientation
 .text.dmp_set_gyro_bias
                0x000000000000349a       0xf8 ./General_Files/eMPL/inv_mpu_dmp_motion_driver.o
                0x000000000000349a                dmp_set_gyro_bias
 .text.dmp_set_accel_bias
                0x0000000000003592       0xfc ./General_Files/eMPL/inv_mpu_dmp_motion_driver.o
                0x0000000000003592                dmp_set_accel_bias
 .text.dmp_set_fifo_rate
                0x000000000000368e       0x56 ./General_Files/eMPL/inv_mpu_dmp_motion_driver.o
                0x000000000000368e                dmp_set_fifo_rate
 .text.dmp_set_tap_thresh
                0x00000000000036e4      0x18a ./General_Files/eMPL/inv_mpu_dmp_motion_driver.o
                0x00000000000036e4                dmp_set_tap_thresh
 .text.dmp_set_tap_axes
                0x000000000000386e       0x46 ./General_Files/eMPL/inv_mpu_dmp_motion_driver.o
                0x000000000000386e                dmp_set_tap_axes
 .text.dmp_set_tap_count
                0x00000000000038b4       0x2e ./General_Files/eMPL/inv_mpu_dmp_motion_driver.o
                0x00000000000038b4                dmp_set_tap_count
 .text.dmp_set_tap_time
                0x00000000000038e2       0x28 ./General_Files/eMPL/inv_mpu_dmp_motion_driver.o
                0x00000000000038e2                dmp_set_tap_time
 .text.dmp_set_tap_time_multi
                0x000000000000390a       0x28 ./General_Files/eMPL/inv_mpu_dmp_motion_driver.o
                0x000000000000390a                dmp_set_tap_time_multi
 .text.dmp_set_shake_reject_thresh
                0x0000000000003932       0x3e ./General_Files/eMPL/inv_mpu_dmp_motion_driver.o
                0x0000000000003932                dmp_set_shake_reject_thresh
 .text.dmp_set_shake_reject_time
                0x0000000000003970       0x28 ./General_Files/eMPL/inv_mpu_dmp_motion_driver.o
                0x0000000000003970                dmp_set_shake_reject_time
 .text.dmp_set_shake_reject_timeout
                0x0000000000003998       0x28 ./General_Files/eMPL/inv_mpu_dmp_motion_driver.o
                0x0000000000003998                dmp_set_shake_reject_timeout
 .text.dmp_enable_gyro_cal
                0x00000000000039c0       0x2e ./General_Files/eMPL/inv_mpu_dmp_motion_driver.o
                0x00000000000039c0                dmp_enable_gyro_cal
 .text.dmp_enable_lp_quat
                0x00000000000039ee       0x34 ./General_Files/eMPL/inv_mpu_dmp_motion_driver.o
                0x00000000000039ee                dmp_enable_lp_quat
 .text.dmp_enable_6x_lp_quat
                0x0000000000003a22       0x34 ./General_Files/eMPL/inv_mpu_dmp_motion_driver.o
                0x0000000000003a22                dmp_enable_6x_lp_quat
 .text.dmp_enable_feature
                0x0000000000003a56      0x1d6 ./General_Files/eMPL/inv_mpu_dmp_motion_driver.o
                0x0000000000003a56                dmp_enable_feature
 .text.dmp_read_fifo
                0x0000000000003c2c      0x1c4 ./General_Files/eMPL/inv_mpu_dmp_motion_driver.o
                0x0000000000003c2c                dmp_read_fifo
 .text.BMP280_Read_Byte
                0x0000000000003df0       0x44 ./General_Files/drivers/BMP280.o
                0x0000000000003df0                BMP280_Read_Byte
 .text.BMP280_Write_Byte
                0x0000000000003e34       0x3a ./General_Files/drivers/BMP280.o
                0x0000000000003e34                BMP280_Write_Byte
 .text.BMP280_Set_TemOversamp
                0x0000000000003e6e       0x22 ./General_Files/drivers/BMP280.o
                0x0000000000003e6e                BMP280_Set_TemOversamp
 .text.BMP280_Set_Standby_FILTER
                0x0000000000003e90       0x22 ./General_Files/drivers/BMP280.o
                0x0000000000003e90                BMP280_Set_Standby_FILTER
 .text.Bmp_Init
                0x0000000000003eb2      0x174 ./General_Files/drivers/BMP280.o
                0x0000000000003eb2                Bmp_Init
 .text.MPU6050_I2C_Mem_Write
                0x0000000000004026       0xcc ./General_Files/drivers/MPU6050.o
                0x0000000000004026                MPU6050_I2C_Mem_Write
 .text.MPU6050_WriteByte
                0x00000000000040f2       0x1e ./General_Files/drivers/MPU6050.o
 .text.MPU6050_Init
                0x0000000000004110      0x116 ./General_Files/drivers/MPU6050.o
                0x0000000000004110                MPU6050_Init
 .text.MPU6050_I2C_Mem_Read
                0x0000000000004226      0x12e ./General_Files/drivers/MPU6050.o
                0x0000000000004226                MPU6050_I2C_Mem_Read
 .text.MPU6050_Get_Data
                0x0000000000004354       0x3c ./General_Files/drivers/MPU6050.o
                0x0000000000004354                MPU6050_Get_Data
 .text.MPU6050_MPU_DMP_GetData
                0x0000000000004390       0x50 ./General_Files/drivers/MPU6050.o
                0x0000000000004390                MPU6050_MPU_DMP_GetData
 .text.MyI2C_W_SCL
                0x00000000000043e0       0x20 ./General_Files/drivers/MyI2C.o
                0x00000000000043e0                MyI2C_W_SCL
 .text.MyI2C_W_SDA
                0x0000000000004400       0x20 ./General_Files/drivers/MyI2C.o
                0x0000000000004400                MyI2C_W_SDA
 .text.MyI2C_R_SDA
                0x0000000000004420       0x22 ./General_Files/drivers/MyI2C.o
                0x0000000000004420                MyI2C_R_SDA
 .text.MyI2C_Init
                0x0000000000004442       0x3c ./General_Files/drivers/MyI2C.o
                0x0000000000004442                MyI2C_Init
 .text.MyI2C_Start
                0x000000000000447e       0x20 ./General_Files/drivers/MyI2C.o
                0x000000000000447e                MyI2C_Start
 .text.MyI2C_Stop
                0x000000000000449e       0x1a ./General_Files/drivers/MyI2C.o
                0x000000000000449e                MyI2C_Stop
 .text.MyI2C_SendByte
                0x00000000000044b8       0x30 ./General_Files/drivers/MyI2C.o
                0x00000000000044b8                MyI2C_SendByte
 .text.MyI2C_ReceiveByte
                0x00000000000044e8       0x40 ./General_Files/drivers/MyI2C.o
                0x00000000000044e8                MyI2C_ReceiveByte
 .text.MyI2C_ReceiveAck
                0x0000000000004528       0x22 ./General_Files/drivers/MyI2C.o
                0x0000000000004528                MyI2C_ReceiveAck
 .text.ADC_Function_Init
                0x000000000000454a       0xd0 ./General_Files/drivers/adc.o
                0x000000000000454a                ADC_Function_Init
 .text.DMA_Tx_Init
                0x000000000000461a       0x60 ./General_Files/drivers/adc.o
                0x000000000000461a                DMA_Tx_Init
 .text.BAT_ADC_Init
                0x000000000000467a       0x60 ./General_Files/drivers/adc.o
                0x000000000000467a                BAT_ADC_Init
 .text.FilterSample
                0x00000000000046da       0x52 ./General_Files/drivers/bsp_filter.o
                0x00000000000046da                FilterSample
 .text.FilterAverage
                0x000000000000472c       0x2c ./General_Files/drivers/bsp_filter.o
                0x000000000000472c                FilterAverage
 .text.LED_Init
                0x0000000000004758       0x44 ./General_Files/drivers/gpio.o
                0x0000000000004758                LED_Init
 .text.TIM9_PWMOut_Init
                0x000000000000479c       0xfc ./General_Files/drivers/pwm.o
                0x000000000000479c                TIM9_PWMOut_Init
 .text.PWM_Init
                0x0000000000004898       0x4e ./General_Files/drivers/pwm.o
                0x0000000000004898                PWM_Init
 .text.Motor_ctr
                0x00000000000048e6       0xbe ./General_Files/drivers/pwm.o
                0x00000000000048e6                Motor_ctr
 .text.Motor_ctr_SOFT_START
                0x00000000000049a4       0x94 ./General_Files/drivers/pwm.o
                0x00000000000049a4                Motor_ctr_SOFT_START
 .text.TIM3_IRQHandler
                0x0000000000004a38       0xb4 ./General_Files/drivers/tim.o
                0x0000000000004a38                TIM3_IRQHandler
 .text.TIM4_IRQHandler
                0x0000000000004aec       0x12 ./General_Files/drivers/tim.o
                0x0000000000004aec                TIM4_IRQHandler
 .text.USARTx_CFG
                0x0000000000004afe       0xac ./General_Files/drivers/uart.o
                0x0000000000004afe                USARTx_CFG
 .text.UART_RxCpltCallback
                0x0000000000004baa       0x50 ./General_Files/drivers/uart.o
                0x0000000000004baa                UART_RxCpltCallback
 .text.USART2_IRQHandler
                0x0000000000004bfa       0x34 ./General_Files/drivers/uart.o
                0x0000000000004bfa                USART2_IRQHandler
 .text.Crc_init
                0x0000000000004c2e       0x34 ./General_Files/apps/src/CRC.o
                0x0000000000004c2e                Crc_init
 .text.Calc     0x0000000000004c62       0x1e ./General_Files/apps/src/CRC.o
                0x0000000000004c62                Calc
 .text.ShiftRxBuffer
                0x0000000000004c80       0x38 ./General_Files/apps/src/CRSF.o
                0x0000000000004c80                ShiftRxBuffer
 .text.PacketChannelsPacked
                0x0000000000004cb8      0x112 ./General_Files/apps/src/CRSF.o
                0x0000000000004cb8                PacketChannelsPacked
 .text.PacketLinkStatistics
                0x0000000000004dca       0x2e ./General_Files/apps/src/CRSF.o
                0x0000000000004dca                PacketLinkStatistics
 .text.ProcessPacketIn
                0x0000000000004df8       0x38 ./General_Files/apps/src/CRSF.o
                0x0000000000004df8                ProcessPacketIn
 .text.HandleByteReceived
                0x0000000000004e30       0x66 ./General_Files/apps/src/CRSF.o
                0x0000000000004e30                HandleByteReceived
 .text.PIDSTRUCT_Init
                0x0000000000004e96      0x1f4 ./General_Files/apps/src/control.o
                0x0000000000004e96                PIDSTRUCT_Init
 .text.ELRS_Convert_angle
                0x000000000000508a       0x40 ./General_Files/apps/src/control.o
                0x000000000000508a                ELRS_Convert_angle
 .text.ELRS_Convert_throttle
                0x00000000000050ca       0x4a ./General_Files/apps/src/control.o
                0x00000000000050ca                ELRS_Convert_throttle
 .text.ELRS_Convert_lock
                0x0000000000005114       0x16 ./General_Files/apps/src/control.o
                0x0000000000005114                ELRS_Convert_lock
 .text.ELRS_Convert_flight_mode
                0x000000000000512a       0x2c ./General_Files/apps/src/control.o
                0x000000000000512a                ELRS_Convert_flight_mode
 .text.Roll_outerloop_ctr
                0x0000000000005156       0x38 ./General_Files/apps/src/control.o
                0x0000000000005156                Roll_outerloop_ctr
 .text.Roll_innerloop_ctr
                0x000000000000518e       0x30 ./General_Files/apps/src/control.o
                0x000000000000518e                Roll_innerloop_ctr
 .text.Yaw_outerloop_ctr
                0x00000000000051be       0x3c ./General_Files/apps/src/control.o
                0x00000000000051be                Yaw_outerloop_ctr
 .text.Yaw_innerloop_ctr
                0x00000000000051fa       0x38 ./General_Files/apps/src/control.o
                0x00000000000051fa                Yaw_innerloop_ctr
 .text.Pitch_outerloop_ctr
                0x0000000000005232       0x38 ./General_Files/apps/src/control.o
                0x0000000000005232                Pitch_outerloop_ctr
 .text.Pitch_innerloop_ctr
                0x000000000000526a       0x30 ./General_Files/apps/src/control.o
                0x000000000000526a                Pitch_innerloop_ctr
 .text.Check_control_mode
                0x000000000000529a       0x20 ./General_Files/apps/src/control.o
                0x000000000000529a                Check_control_mode
 .text.Update_ELRS
                0x00000000000052ba       0x52 ./General_Files/apps/src/control.o
                0x00000000000052ba                Update_ELRS
 .text.Flight_control
                0x000000000000530c      0x1b2 ./General_Files/apps/src/control.o
                0x000000000000530c                Flight_control
 .text.Stop_motor
                0x00000000000054be       0x30 ./General_Files/apps/src/control.o
                0x00000000000054be                Stop_motor
 .text.pid_reset
                0x00000000000054ee       0x1c ./General_Files/apps/src/pid.o
                0x00000000000054ee                pid_reset
 .text.pid_init
                0x000000000000550a       0x1a ./General_Files/apps/src/pid.o
                0x000000000000550a                pid_init
 .text.pid_clc  0x0000000000005524       0x1e ./General_Files/apps/src/pid.o
                0x0000000000005524                pid_clc
 .text.pid_calc
                0x0000000000005542       0xe4 ./General_Files/apps/src/pid.o
                0x0000000000005542                pid_calc
 .text.System_Init
                0x0000000000005626       0x32 ./General_Files/system.o
                0x0000000000005626                System_Init
 .text.prvInsertBlockIntoFreeList
                0x0000000000005658       0x4c ./FreeRTOS/portable/MemMang/heap_4.o
 .text.pvPortMalloc
                0x00000000000056a4      0x18c ./FreeRTOS/portable/MemMang/heap_4.o
                0x00000000000056a4                pvPortMalloc
 .text.vPortFree
                0x0000000000005830       0xa8 ./FreeRTOS/portable/MemMang/heap_4.o
                0x0000000000005830                vPortFree
 .text.xPortGetMinimumEverFreeHeapSize
                0x00000000000058d8        0xa ./FreeRTOS/portable/MemMang/heap_4.o
                0x00000000000058d8                xPortGetMinimumEverFreeHeapSize
 .text.vPortSetupTimerInterrupt
                0x00000000000058e2       0x3a ./FreeRTOS/portable/GCC/RISC-V/port.o
                0x00000000000058e2                vPortSetupTimerInterrupt
 .text.xPortStartScheduler
                0x000000000000591c       0x90 ./FreeRTOS/portable/GCC/RISC-V/port.o
                0x000000000000591c                xPortStartScheduler
 .text.SysTick_Handler
                0x00000000000059ac       0x38 ./FreeRTOS/portable/GCC/RISC-V/port.o
                0x00000000000059ac                SysTick_Handler
 .text.vPortEnterCritical
                0x00000000000059e4       0x16 ./FreeRTOS/portable/GCC/RISC-V/port.o
                0x00000000000059e4                vPortEnterCritical
 .text.vPortExitCritical
                0x00000000000059fa       0x42 ./FreeRTOS/portable/GCC/RISC-V/port.o
                0x00000000000059fa                vPortExitCritical
 .text.vListInitialise
                0x0000000000005a3c       0x14 ./FreeRTOS/list.o
                0x0000000000005a3c                vListInitialise
 .text.vListInitialiseItem
                0x0000000000005a50        0x6 ./FreeRTOS/list.o
                0x0000000000005a50                vListInitialiseItem
 .text.vListInsert
                0x0000000000005a56       0x2e ./FreeRTOS/list.o
                0x0000000000005a56                vListInsert
 .text.uxListRemove
                0x0000000000005a84       0x20 ./FreeRTOS/list.o
                0x0000000000005a84                uxListRemove
 .text.prvIsQueueEmpty
                0x0000000000005aa4       0x1e ./FreeRTOS/queue.o
 .text.prvCopyDataFromQueue
                0x0000000000005ac2       0x28 ./FreeRTOS/queue.o
 .text.prvUnlockQueue
                0x0000000000005aea       0x76 ./FreeRTOS/queue.o
 .text.xQueueGenericReset
                0x0000000000005b60       0xc4 ./FreeRTOS/queue.o
                0x0000000000005b60                xQueueGenericReset
 .text.xQueueGenericCreate
                0x0000000000005c24       0x6e ./FreeRTOS/queue.o
                0x0000000000005c24                xQueueGenericCreate
 .text.xQueueReceive
                0x0000000000005c92      0x160 ./FreeRTOS/queue.o
                0x0000000000005c92                xQueueReceive
 .text.vQueueAddToRegistry
                0x0000000000005df2       0x6c ./FreeRTOS/queue.o
                0x0000000000005df2                vQueueAddToRegistry
 .text.vQueueWaitForMessageRestricted
                0x0000000000005e5e       0x5c ./FreeRTOS/queue.o
                0x0000000000005e5e                vQueueWaitForMessageRestricted
 .text.prvResetNextTaskUnblockTime
                0x0000000000005eba       0x24 ./FreeRTOS/tasks.o
 .text.prvAddCurrentTaskToDelayedList
                0x0000000000005ede       0xa6 ./FreeRTOS/tasks.o
 .text.prvIdleTask
                0x0000000000005f84       0x52 ./FreeRTOS/tasks.o
 .text.xTaskCreate
                0x0000000000005fd6      0x228 ./FreeRTOS/tasks.o
                0x0000000000005fd6                xTaskCreate
 .text.vTaskStartScheduler
                0x00000000000061fe       0x92 ./FreeRTOS/tasks.o
                0x00000000000061fe                vTaskStartScheduler
 .text.vTaskSuspendAll
                0x0000000000006290       0x10 ./FreeRTOS/tasks.o
                0x0000000000006290                vTaskSuspendAll
 .text.xTaskGetTickCount
                0x00000000000062a0        0xa ./FreeRTOS/tasks.o
                0x00000000000062a0                xTaskGetTickCount
 .text.xTaskIncrementTick
                0x00000000000062aa      0x1ac ./FreeRTOS/tasks.o
                0x00000000000062aa                xTaskIncrementTick
 .text.xTaskResumeAll
                0x0000000000006456      0x168 ./FreeRTOS/tasks.o
                0x0000000000006456                xTaskResumeAll
 .text.vTaskDelay
                0x00000000000065be       0x66 ./FreeRTOS/tasks.o
                0x00000000000065be                vTaskDelay
 .text.vTaskSwitchContext
                0x0000000000006624       0x9a ./FreeRTOS/tasks.o
                0x0000000000006624                vTaskSwitchContext
 .text.vTaskPlaceOnEventList
                0x00000000000066be       0x48 ./FreeRTOS/tasks.o
                0x00000000000066be                vTaskPlaceOnEventList
 .text.vTaskPlaceOnEventListRestricted
                0x0000000000006706       0x76 ./FreeRTOS/tasks.o
                0x0000000000006706                vTaskPlaceOnEventListRestricted
 .text.xTaskRemoveFromEventList
                0x000000000000677c       0xec ./FreeRTOS/tasks.o
                0x000000000000677c                xTaskRemoveFromEventList
 .text.vTaskInternalSetTimeOutState
                0x0000000000006868       0x16 ./FreeRTOS/tasks.o
                0x0000000000006868                vTaskInternalSetTimeOutState
 .text.xTaskCheckForTimeOut
                0x000000000000687e       0xca ./FreeRTOS/tasks.o
                0x000000000000687e                xTaskCheckForTimeOut
 .text.vTaskMissedYield
                0x0000000000006948        0xc ./FreeRTOS/tasks.o
                0x0000000000006948                vTaskMissedYield
 .text.xTaskGetSchedulerState
                0x0000000000006954       0x1c ./FreeRTOS/tasks.o
                0x0000000000006954                xTaskGetSchedulerState
 .text.prvCheckForValidListAndQueue
                0x0000000000006970       0x66 ./FreeRTOS/timers.o
 .text.prvInsertTimerInActiveList
                0x00000000000069d6       0x46 ./FreeRTOS/timers.o
 .text.prvReloadTimer
                0x0000000000006a1c       0x2a ./FreeRTOS/timers.o
 .text.prvProcessExpiredTimer
                0x0000000000006a46       0x46 ./FreeRTOS/timers.o
 .text.prvSwitchTimerLists
                0x0000000000006a8c       0x30 ./FreeRTOS/timers.o
 .text.prvTimerTask
                0x0000000000006abc      0x198 ./FreeRTOS/timers.o
 .text.xTimerCreateTimerTask
                0x0000000000006c54       0x60 ./FreeRTOS/timers.o
                0x0000000000006c54                xTimerCreateTimerTask
 .text.Delay_Init
                0x0000000000006cb4       0x2e ./Debug/debug.o
                0x0000000000006cb4                Delay_Init
 .text.Delay_Us
                0x0000000000006ce2       0x3a ./Debug/debug.o
                0x0000000000006ce2                Delay_Us
 .text.Delay_Ms
                0x0000000000006d1c       0x3a ./Debug/debug.o
                0x0000000000006d1c                Delay_Ms
 .text.USART_Printf_Init
                0x0000000000006d56       0x5a ./Debug/debug.o
                0x0000000000006d56                USART_Printf_Init
 .text._write   0x0000000000006db0       0x3e ./Debug/debug.o
                0x0000000000006db0                _write
 .text.asinf    0x0000000000006dee       0xbe c:/mounriver/mounriver_studio/toolchain/risc-v embedded gcc/bin/../lib/gcc/riscv-none-embed/8.2.0/../../../../riscv-none-embed/lib/rv32imacxw/ilp32\libm.a(lib_a-wf_asin.o)
                0x0000000000006dee                asinf
 .text.atan2f   0x0000000000006eac        0x2 c:/mounriver/mounriver_studio/toolchain/risc-v embedded gcc/bin/../lib/gcc/riscv-none-embed/8.2.0/../../../../riscv-none-embed/lib/rv32imacxw/ilp32\libm.a(lib_a-wf_atan2.o)
                0x0000000000006eac                atan2f
 .text.__ieee754_asinf
                0x0000000000006eae      0x370 c:/mounriver/mounriver_studio/toolchain/risc-v embedded gcc/bin/../lib/gcc/riscv-none-embed/8.2.0/../../../../riscv-none-embed/lib/rv32imacxw/ilp32\libm.a(lib_a-ef_asin.o)
                0x0000000000006eae                __ieee754_asinf
 .text.__ieee754_atan2f
                0x000000000000721e      0x192 c:/mounriver/mounriver_studio/toolchain/risc-v embedded gcc/bin/../lib/gcc/riscv-none-embed/8.2.0/../../../../riscv-none-embed/lib/rv32imacxw/ilp32\libm.a(lib_a-ef_atan2.o)
                0x000000000000721e                __ieee754_atan2f
 .text.__ieee754_sqrtf
                0x00000000000073b0       0xdc c:/mounriver/mounriver_studio/toolchain/risc-v embedded gcc/bin/../lib/gcc/riscv-none-embed/8.2.0/../../../../riscv-none-embed/lib/rv32imacxw/ilp32\libm.a(lib_a-ef_sqrt.o)
                0x00000000000073b0                __ieee754_sqrtf
 .text.matherr  0x000000000000748c        0x4 c:/mounriver/mounriver_studio/toolchain/risc-v embedded gcc/bin/../lib/gcc/riscv-none-embed/8.2.0/../../../../riscv-none-embed/lib/rv32imacxw/ilp32\libm.a(lib_a-s_matherr.o)
                0x000000000000748c                matherr
 .text.nan      0x0000000000007490        0xe c:/mounriver/mounriver_studio/toolchain/risc-v embedded gcc/bin/../lib/gcc/riscv-none-embed/8.2.0/../../../../riscv-none-embed/lib/rv32imacxw/ilp32\libm.a(lib_a-s_nan.o)
                0x0000000000007490                nan
 .text.atanf    0x000000000000749e      0x288 c:/mounriver/mounriver_studio/toolchain/risc-v embedded gcc/bin/../lib/gcc/riscv-none-embed/8.2.0/../../../../riscv-none-embed/lib/rv32imacxw/ilp32\libm.a(lib_a-sf_atan.o)
                0x000000000000749e                atanf
 .text.fabsf    0x0000000000007726        0x6 c:/mounriver/mounriver_studio/toolchain/risc-v embedded gcc/bin/../lib/gcc/riscv-none-embed/8.2.0/../../../../riscv-none-embed/lib/rv32imacxw/ilp32\libm.a(lib_a-sf_fabs.o)
                0x0000000000007726                fabsf
 .text.printchar
                0x000000000000772c       0x4a c:/mounriver/mounriver_studio/toolchain/risc-v embedded gcc/bin/../lib/gcc/riscv-none-embed/8.2.0/../../../../riscv-none-embed/lib/rv32imacxw/ilp32\libprintfloat.a(printfloat.o)
                0x000000000000772c                printchar
 .text.prints   0x0000000000007776       0xe0 c:/mounriver/mounriver_studio/toolchain/risc-v embedded gcc/bin/../lib/gcc/riscv-none-embed/8.2.0/../../../../riscv-none-embed/lib/rv32imacxw/ilp32\libprintfloat.a(printfloat.o)
                0x0000000000007776                prints
 .text.printInt
                0x0000000000007856       0xf2 c:/mounriver/mounriver_studio/toolchain/risc-v embedded gcc/bin/../lib/gcc/riscv-none-embed/8.2.0/../../../../riscv-none-embed/lib/rv32imacxw/ilp32\libprintfloat.a(printfloat.o)
                0x0000000000007856                printInt
 .text.printLongLongInt
                0x0000000000007948      0x122 c:/mounriver/mounriver_studio/toolchain/risc-v embedded gcc/bin/../lib/gcc/riscv-none-embed/8.2.0/../../../../riscv-none-embed/lib/rv32imacxw/ilp32\libprintfloat.a(printfloat.o)
                0x0000000000007948                printLongLongInt
 .text.printDouble
                0x0000000000007a6a      0x100 c:/mounriver/mounriver_studio/toolchain/risc-v embedded gcc/bin/../lib/gcc/riscv-none-embed/8.2.0/../../../../riscv-none-embed/lib/rv32imacxw/ilp32\libprintfloat.a(printfloat.o)
                0x0000000000007a6a                printDouble
 .text.print    0x0000000000007b6a      0x358 c:/mounriver/mounriver_studio/toolchain/risc-v embedded gcc/bin/../lib/gcc/riscv-none-embed/8.2.0/../../../../riscv-none-embed/lib/rv32imacxw/ilp32\libprintfloat.a(printfloat.o)
                0x0000000000007b6a                print
 .text.printf   0x0000000000007ec2       0x24 c:/mounriver/mounriver_studio/toolchain/risc-v embedded gcc/bin/../lib/gcc/riscv-none-embed/8.2.0/../../../../riscv-none-embed/lib/rv32imacxw/ilp32\libprintfloat.a(printfloat.o)
                0x0000000000007ec2                printf
 .text.puts     0x0000000000007ee6       0x4a c:/mounriver/mounriver_studio/toolchain/risc-v embedded gcc/bin/../lib/gcc/riscv-none-embed/8.2.0/../../../../riscv-none-embed/lib/rv32imacxw/ilp32\libprintfloat.a(printfloat.o)
                0x0000000000007ee6                puts
 .text.__divdi3
                0x0000000000007f30      0x3d4 c:/mounriver/mounriver_studio/toolchain/risc-v embedded gcc/bin/../lib/gcc/riscv-none-embed/8.2.0/rv32imacxw/ilp32\libgcc.a(_divdi3.o)
                0x0000000000007f30                __divdi3
 .text.__udivdi3
                0x0000000000008304      0x392 c:/mounriver/mounriver_studio/toolchain/risc-v embedded gcc/bin/../lib/gcc/riscv-none-embed/8.2.0/rv32imacxw/ilp32\libgcc.a(_udivdi3.o)
                0x0000000000008304                __udivdi3
 .text.__umoddi3
                0x0000000000008696      0x38a c:/mounriver/mounriver_studio/toolchain/risc-v embedded gcc/bin/../lib/gcc/riscv-none-embed/8.2.0/rv32imacxw/ilp32\libgcc.a(_umoddi3.o)
                0x0000000000008696                __umoddi3
 .text.__adddf3
                0x0000000000008a20      0x730 c:/mounriver/mounriver_studio/toolchain/risc-v embedded gcc/bin/../lib/gcc/riscv-none-embed/8.2.0/rv32imacxw/ilp32\libgcc.a(adddf3.o)
                0x0000000000008a20                __adddf3
 .text.__ledf2  0x0000000000009150       0xb6 c:/mounriver/mounriver_studio/toolchain/risc-v embedded gcc/bin/../lib/gcc/riscv-none-embed/8.2.0/rv32imacxw/ilp32\libgcc.a(ledf2.o)
                0x0000000000009150                __ledf2
                0x0000000000009150                __ltdf2
 .text.__muldf3
                0x0000000000009206      0x4b8 c:/mounriver/mounriver_studio/toolchain/risc-v embedded gcc/bin/../lib/gcc/riscv-none-embed/8.2.0/rv32imacxw/ilp32\libgcc.a(muldf3.o)
                0x0000000000009206                __muldf3
 .text.__subdf3
                0x00000000000096be      0x73e c:/mounriver/mounriver_studio/toolchain/risc-v embedded gcc/bin/../lib/gcc/riscv-none-embed/8.2.0/rv32imacxw/ilp32\libgcc.a(subdf3.o)
                0x00000000000096be                __subdf3
 .text.__fixunsdfsi
                0x0000000000009dfc       0x5c c:/mounriver/mounriver_studio/toolchain/risc-v embedded gcc/bin/../lib/gcc/riscv-none-embed/8.2.0/rv32imacxw/ilp32\libgcc.a(fixunsdfsi.o)
                0x0000000000009dfc                __fixunsdfsi
 .text.__floatsidf
                0x0000000000009e58       0x72 c:/mounriver/mounriver_studio/toolchain/risc-v embedded gcc/bin/../lib/gcc/riscv-none-embed/8.2.0/rv32imacxw/ilp32\libgcc.a(floatsidf.o)
                0x0000000000009e58                __floatsidf
 .text.__fixdfdi
                0x0000000000009eca       0xbc c:/mounriver/mounriver_studio/toolchain/risc-v embedded gcc/bin/../lib/gcc/riscv-none-embed/8.2.0/rv32imacxw/ilp32\libgcc.a(fixdfdi.o)
                0x0000000000009eca                __fixdfdi
 .text.__floatdidf
                0x0000000000009f86      0x1b6 c:/mounriver/mounriver_studio/toolchain/risc-v embedded gcc/bin/../lib/gcc/riscv-none-embed/8.2.0/rv32imacxw/ilp32\libgcc.a(floatdidf.o)
                0x0000000000009f86                __floatdidf
 .text.__addsf3
                0x000000000000a13c      0x36a c:/mounriver/mounriver_studio/toolchain/risc-v embedded gcc/bin/../lib/gcc/riscv-none-embed/8.2.0/rv32imacxw/ilp32\libgcc.a(addsf3.o)
                0x000000000000a13c                __addsf3
 .text.__divsf3
                0x000000000000a4a6      0x2b2 c:/mounriver/mounriver_studio/toolchain/risc-v embedded gcc/bin/../lib/gcc/riscv-none-embed/8.2.0/rv32imacxw/ilp32\libgcc.a(divsf3.o)
                0x000000000000a4a6                __divsf3
 .text.__eqsf2  0x000000000000a758       0x5c c:/mounriver/mounriver_studio/toolchain/risc-v embedded gcc/bin/../lib/gcc/riscv-none-embed/8.2.0/rv32imacxw/ilp32\libgcc.a(eqsf2.o)
                0x000000000000a758                __eqsf2
                0x000000000000a758                __nesf2
 .text.__gesf2  0x000000000000a7b4       0x86 c:/mounriver/mounriver_studio/toolchain/risc-v embedded gcc/bin/../lib/gcc/riscv-none-embed/8.2.0/rv32imacxw/ilp32\libgcc.a(gesf2.o)
                0x000000000000a7b4                __gesf2
                0x000000000000a7b4                __gtsf2
 .text.__lesf2  0x000000000000a83a       0x8c c:/mounriver/mounriver_studio/toolchain/risc-v embedded gcc/bin/../lib/gcc/riscv-none-embed/8.2.0/rv32imacxw/ilp32\libgcc.a(lesf2.o)
                0x000000000000a83a                __ltsf2
                0x000000000000a83a                __lesf2
 .text.__mulsf3
                0x000000000000a8c6      0x294 c:/mounriver/mounriver_studio/toolchain/risc-v embedded gcc/bin/../lib/gcc/riscv-none-embed/8.2.0/rv32imacxw/ilp32\libgcc.a(mulsf3.o)
                0x000000000000a8c6                __mulsf3
 .text.__subsf3
                0x000000000000ab5a      0x388 c:/mounriver/mounriver_studio/toolchain/risc-v embedded gcc/bin/../lib/gcc/riscv-none-embed/8.2.0/rv32imacxw/ilp32\libgcc.a(subsf3.o)
                0x000000000000ab5a                __subsf3
 .text.__unordsf2
                0x000000000000aee2       0x3c c:/mounriver/mounriver_studio/toolchain/risc-v embedded gcc/bin/../lib/gcc/riscv-none-embed/8.2.0/rv32imacxw/ilp32\libgcc.a(unordsf2.o)
                0x000000000000aee2                __unordsf2
 .text.__fixsfsi
                0x000000000000af1e       0x62 c:/mounriver/mounriver_studio/toolchain/risc-v embedded gcc/bin/../lib/gcc/riscv-none-embed/8.2.0/rv32imacxw/ilp32\libgcc.a(fixsfsi.o)
                0x000000000000af1e                __fixsfsi
 .text.__fixunssfsi
                0x000000000000af80       0x56 c:/mounriver/mounriver_studio/toolchain/risc-v embedded gcc/bin/../lib/gcc/riscv-none-embed/8.2.0/rv32imacxw/ilp32\libgcc.a(fixunssfsi.o)
                0x000000000000af80                __fixunssfsi
 .text.__floatsisf
                0x000000000000afd6       0xc6 c:/mounriver/mounriver_studio/toolchain/risc-v embedded gcc/bin/../lib/gcc/riscv-none-embed/8.2.0/rv32imacxw/ilp32\libgcc.a(floatsisf.o)
                0x000000000000afd6                __floatsisf
 .text.__floatunsisf
                0x000000000000b09c       0xce c:/mounriver/mounriver_studio/toolchain/risc-v embedded gcc/bin/../lib/gcc/riscv-none-embed/8.2.0/rv32imacxw/ilp32\libgcc.a(floatunsisf.o)
                0x000000000000b09c                __floatunsisf
 .text.__extendsfdf2
                0x000000000000b16a       0xac c:/mounriver/mounriver_studio/toolchain/risc-v embedded gcc/bin/../lib/gcc/riscv-none-embed/8.2.0/rv32imacxw/ilp32\libgcc.a(extendsfdf2.o)
                0x000000000000b16a                __extendsfdf2
 .text.__truncdfsf2
                0x000000000000b216      0x16a c:/mounriver/mounriver_studio/toolchain/risc-v embedded gcc/bin/../lib/gcc/riscv-none-embed/8.2.0/rv32imacxw/ilp32\libgcc.a(truncdfsf2.o)
                0x000000000000b216                __truncdfsf2
 .text.__clzsi2
                0x000000000000b380       0x6e c:/mounriver/mounriver_studio/toolchain/risc-v embedded gcc/bin/../lib/gcc/riscv-none-embed/8.2.0/rv32imacxw/ilp32\libgcc.a(_clzsi2.o)
                0x000000000000b380                __clzsi2
 .text.__errno  0x000000000000b3ee        0x8 c:/mounriver/mounriver_studio/toolchain/risc-v embedded gcc/bin/../lib/gcc/riscv-none-embed/8.2.0/../../../../riscv-none-embed/lib/rv32imacxw/ilp32\libg_nano.a(lib_a-errno.o)
                0x000000000000b3ee                __errno
 .text.memcmp   0x000000000000b3f6       0x24 c:/mounriver/mounriver_studio/toolchain/risc-v embedded gcc/bin/../lib/gcc/riscv-none-embed/8.2.0/../../../../riscv-none-embed/lib/rv32imacxw/ilp32\libg_nano.a(lib_a-memcmp.o)
                0x000000000000b3f6                memcmp
 .text.memcpy   0x000000000000b41a       0xb2 c:/mounriver/mounriver_studio/toolchain/risc-v embedded gcc/bin/../lib/gcc/riscv-none-embed/8.2.0/../../../../riscv-none-embed/lib/rv32imacxw/ilp32\libg_nano.a(lib_a-memcpy.o)
                0x000000000000b41a                memcpy
 *(.rodata)
 *fill*         0x000000000000b4cc        0x0 
 .rodata        0x000000000000b4cc       0x2f ./General_Files/eMPL/inv_mpu_dmp_motion_driver.o
 *(.rodata*)
 *fill*         0x000000000000b4fb        0x1 
 .rodata.String_print.str1.4
                0x000000000000b4fc      0x18f ./User/RTOS_apps/Print_status.o
 *fill*         0x000000000000b68b        0x1 
 .rodata.Motor_sort_start.cst4
                0x000000000000b68c        0x8 ./User/RTOS_apps/soft_stast.o
 .rodata.Motor_sort_start.str1.4
                0x000000000000b694       0x21 ./User/RTOS_apps/soft_stast.o
 *fill*         0x000000000000b6b5        0x3 
 .rodata.RTOS_init.str1.4
                0x000000000000b6b8       0x1c ./User/RTOS_tasks.o
 .rodata.main.str1.4
                0x000000000000b6d4       0x60 ./User/main.o
 .rodata.mpu_get_lpf
                0x000000000000b734       0x18 ./General_Files/eMPL/inv_mpu.o
 .rodata.hw     0x000000000000b74c        0xc ./General_Files/eMPL/inv_mpu.o
                0x000000000000b74c                hw
 .rodata.mpu_dmp_get_data.cst4
                0x000000000000b758        0x8 ./General_Files/eMPL/inv_mpu.o
 *fill*         0x000000000000b760        0x0 
 .rodata.mpu_dmp_get_data.cst8
                0x000000000000b760        0x8 ./General_Files/eMPL/inv_mpu.o
 .rodata.mpu_dmp_init.str1.4
                0x000000000000b768       0x12 ./General_Files/eMPL/inv_mpu.o
 *fill*         0x000000000000b77a        0x2 
 .rodata.mpu_get_gyro_sens.cst4
                0x000000000000b77c       0x10 ./General_Files/eMPL/inv_mpu.o
 .rodata.mpu_init.str1.4
                0x000000000000b78c       0x91 ./General_Files/eMPL/inv_mpu.o
 *fill*         0x000000000000b81d        0x3 
 .rodata.mpu_run_self_test.cst4
                0x000000000000b820       0x30 ./General_Files/eMPL/inv_mpu.o
 .rodata.reg    0x000000000000b850       0x1b ./General_Files/eMPL/inv_mpu.o
                0x000000000000b850                reg
 *fill*         0x000000000000b86b        0x1 
 .rodata.test   0x000000000000b86c       0x28 ./General_Files/eMPL/inv_mpu.o
                0x000000000000b86c                test
 .rodata.dmp_memory
                0x000000000000b894      0xbf6 ./General_Files/eMPL/inv_mpu_dmp_motion_driver.o
 *fill*         0x000000000000c48a        0x2 
 .rodata.dmp_set_tap_thresh.cst4
                0x000000000000c48c       0x24 ./General_Files/eMPL/inv_mpu_dmp_motion_driver.o
 .rodata.MPU6050_Init.str1.4
                0x000000000000c4b0       0x1b ./General_Files/drivers/MPU6050.o
 *fill*         0x000000000000c4cb        0x1 
 .rodata.BAT_ADC_Init.str1.4
                0x000000000000c4cc       0x16 ./General_Files/drivers/adc.o
 *fill*         0x000000000000c4e2        0x2 
 .rodata.FilterAverage.cst4
                0x000000000000c4e4        0x4 ./General_Files/drivers/bsp_filter.o
 .rodata.ELRS_Convert_angle.cst8
                0x000000000000c4e8        0x8 ./General_Files/apps/src/control.o
 .rodata.ELRS_Convert_throttle.cst8
                0x000000000000c4f0       0x10 ./General_Files/apps/src/control.o
 .rodata.PIDSTRUCT_Init.cst4
                0x000000000000c500       0x48 ./General_Files/apps/src/control.o
                                         0x50 (size before relaxing)
 .rodata.Roll_innerloop_ctr.cst4
                0x000000000000c548        0x4 ./General_Files/apps/src/control.o
 .rodata.System_Init.str1.4
                0x000000000000c54c       0x11 ./General_Files/system.o
 *fill*         0x000000000000c55d        0x3 
 .rodata.pvPortMalloc.str1.4
                0x000000000000c560       0x49 ./FreeRTOS/portable/MemMang/heap_4.o
 *fill*         0x000000000000c5a9        0x3 
 .rodata.xPortStartScheduler.str1.4
                0x000000000000c5ac       0x27 ./FreeRTOS/portable/GCC/RISC-V/port.o
                                         0x49 (size before relaxing)
 *fill*         0x000000000000c5d3        0x1 
 .rodata.xQueueGenericReset.str1.4
                0x000000000000c5d4       0x14 ./FreeRTOS/queue.o
                                         0x35 (size before relaxing)
 .rodata.prvTaskIsTaskSuspended.str1.4
                0x000000000000c5e8       0x14 ./FreeRTOS/tasks.o
                                         0x35 (size before relaxing)
 .rodata.vTaskStartScheduler.str1.4
                0x000000000000c5fc        0x5 ./FreeRTOS/tasks.o
 *fill*         0x000000000000c601        0x3 
 .rodata.prvTimerTask
                0x000000000000c604       0x24 ./FreeRTOS/timers.o
 .rodata.prvCheckForValidListAndQueue.str1.4
                0x000000000000c628        0x5 ./FreeRTOS/timers.o
 *fill*         0x000000000000c62d        0x3 
 .rodata.prvTimerTask.str1.4
                0x000000000000c630       0x15 ./FreeRTOS/timers.o
                                         0x39 (size before relaxing)
 *fill*         0x000000000000c645        0x3 
 .rodata.xTimerCreateTimerTask.str1.4
                0x000000000000c648        0x8 ./FreeRTOS/timers.o
 .rodata.asinf.cst4
                0x000000000000c650        0x4 c:/mounriver/mounriver_studio/toolchain/risc-v embedded gcc/bin/../lib/gcc/riscv-none-embed/8.2.0/../../../../riscv-none-embed/lib/rv32imacxw/ilp32\libm.a(lib_a-wf_asin.o)
 .rodata.asinf.str1.4
                0x000000000000c650        0x6 c:/mounriver/mounriver_studio/toolchain/risc-v embedded gcc/bin/../lib/gcc/riscv-none-embed/8.2.0/../../../../riscv-none-embed/lib/rv32imacxw/ilp32\libm.a(lib_a-wf_asin.o)
                                          0x9 (size before relaxing)
 *fill*         0x000000000000c656        0x2 
 .rodata.__ieee754_asinf.cst4
                0x000000000000c658       0x40 c:/mounriver/mounriver_studio/toolchain/risc-v embedded gcc/bin/../lib/gcc/riscv-none-embed/8.2.0/../../../../riscv-none-embed/lib/rv32imacxw/ilp32\libm.a(lib_a-ef_asin.o)
                                         0x44 (size before relaxing)
 .rodata.__ieee754_atan2f.cst4
                0x000000000000c698       0x20 c:/mounriver/mounriver_studio/toolchain/risc-v embedded gcc/bin/../lib/gcc/riscv-none-embed/8.2.0/../../../../riscv-none-embed/lib/rv32imacxw/ilp32\libm.a(lib_a-ef_atan2.o)
                                         0x28 (size before relaxing)
 .rodata.nan.cst8
                0x000000000000c6b8        0x8 c:/mounriver/mounriver_studio/toolchain/risc-v embedded gcc/bin/../lib/gcc/riscv-none-embed/8.2.0/../../../../riscv-none-embed/lib/rv32imacxw/ilp32\libm.a(lib_a-s_nan.o)
 .rodata.atanf.cst4
                0x000000000000c6c0       0x38 c:/mounriver/mounriver_studio/toolchain/risc-v embedded gcc/bin/../lib/gcc/riscv-none-embed/8.2.0/../../../../riscv-none-embed/lib/rv32imacxw/ilp32\libm.a(lib_a-sf_atan.o)
                                         0x48 (size before relaxing)
 .rodata.atanhi
                0x000000000000c6f8       0x10 c:/mounriver/mounriver_studio/toolchain/risc-v embedded gcc/bin/../lib/gcc/riscv-none-embed/8.2.0/../../../../riscv-none-embed/lib/rv32imacxw/ilp32\libm.a(lib_a-sf_atan.o)
 .rodata.atanlo
                0x000000000000c708       0x10 c:/mounriver/mounriver_studio/toolchain/risc-v embedded gcc/bin/../lib/gcc/riscv-none-embed/8.2.0/../../../../riscv-none-embed/lib/rv32imacxw/ilp32\libm.a(lib_a-sf_atan.o)
 .rodata.print.str1.4
                0x000000000000c718        0x8 c:/mounriver/mounriver_studio/toolchain/risc-v embedded gcc/bin/../lib/gcc/riscv-none-embed/8.2.0/../../../../riscv-none-embed/lib/rv32imacxw/ilp32\libprintfloat.a(printfloat.o)
                                          0x7 (size before relaxing)
 .rodata.__muldf3
                0x000000000000c720       0x40 c:/mounriver/mounriver_studio/toolchain/risc-v embedded gcc/bin/../lib/gcc/riscv-none-embed/8.2.0/rv32imacxw/ilp32\libgcc.a(muldf3.o)
 .rodata.__divsf3
                0x000000000000c760       0x80 c:/mounriver/mounriver_studio/toolchain/risc-v embedded gcc/bin/../lib/gcc/riscv-none-embed/8.2.0/rv32imacxw/ilp32\libgcc.a(divsf3.o)
 .rodata.__mulsf3
                0x000000000000c7e0       0x40 c:/mounriver/mounriver_studio/toolchain/risc-v embedded gcc/bin/../lib/gcc/riscv-none-embed/8.2.0/rv32imacxw/ilp32\libgcc.a(mulsf3.o)
 .rodata.__clz_tab
                0x000000000000c820      0x100 c:/mounriver/mounriver_studio/toolchain/risc-v embedded gcc/bin/../lib/gcc/riscv-none-embed/8.2.0/rv32imacxw/ilp32\libgcc.a(_clz.o)
                0x000000000000c820                __clz_tab
 *(.gnu.linkonce.t.*)
                0x000000000000c920                . = ALIGN (0x4)

.rela.dyn       0x000000000000c920        0x0
 .rela.text.String_print
                0x000000000000c920        0x0 ./User/RTOS_apps/IMU_handle.o
 .rela.text.Motor_sort_start
                0x000000000000c920        0x0 ./User/RTOS_apps/IMU_handle.o
 .rela.text.startup.main
                0x000000000000c920        0x0 ./User/RTOS_apps/IMU_handle.o
 .rela.init     0x000000000000c920        0x0 ./User/RTOS_apps/IMU_handle.o
 .rela.vector   0x000000000000c920        0x0 ./User/RTOS_apps/IMU_handle.o
 .rela.text.handle_reset
                0x000000000000c920        0x0 ./User/RTOS_apps/IMU_handle.o
 .rela.text.mpu_init
                0x000000000000c920        0x0 ./User/RTOS_apps/IMU_handle.o
 .rela.text.mpu_dmp_init
                0x000000000000c920        0x0 ./User/RTOS_apps/IMU_handle.o
 .rela.text.MPU6050_Init
                0x000000000000c920        0x0 ./User/RTOS_apps/IMU_handle.o
 .rela.text.BAT_ADC_Init
                0x000000000000c920        0x0 ./User/RTOS_apps/IMU_handle.o
 .rela.text.System_Init
                0x000000000000c920        0x0 ./User/RTOS_apps/IMU_handle.o
 .rela.text.pvPortMalloc
                0x000000000000c920        0x0 ./User/RTOS_apps/IMU_handle.o
 .rela.text.vPortFree
                0x000000000000c920        0x0 ./User/RTOS_apps/IMU_handle.o
 .rela.text.xPortStartScheduler
                0x000000000000c920        0x0 ./User/RTOS_apps/IMU_handle.o
 .rela.text.vPortExitCritical
                0x000000000000c920        0x0 ./User/RTOS_apps/IMU_handle.o
 .rela.sdata2.xISRStackTop
                0x000000000000c920        0x0 ./User/RTOS_apps/IMU_handle.o
 .rela.text.xQueueGenericReset
                0x000000000000c920        0x0 ./User/RTOS_apps/IMU_handle.o
 .rela.text.xQueueGenericCreate
                0x000000000000c920        0x0 ./User/RTOS_apps/IMU_handle.o
 .rela.text.xQueueReceive
                0x000000000000c920        0x0 ./User/RTOS_apps/IMU_handle.o
 .rela.text.vQueueAddToRegistry
                0x000000000000c920        0x0 ./User/RTOS_apps/IMU_handle.o
 .rela.text.xTaskCreate
                0x000000000000c920        0x0 ./User/RTOS_apps/IMU_handle.o
 .rela.text.vTaskStartScheduler
                0x000000000000c920        0x0 ./User/RTOS_apps/IMU_handle.o
 .rela.text.xTaskIncrementTick
                0x000000000000c920        0x0 ./User/RTOS_apps/IMU_handle.o
 .rela.text.xTaskResumeAll
                0x000000000000c920        0x0 ./User/RTOS_apps/IMU_handle.o
 .rela.text.vTaskDelay
                0x000000000000c920        0x0 ./User/RTOS_apps/IMU_handle.o
 .rela.text.vTaskSwitchContext
                0x000000000000c920        0x0 ./User/RTOS_apps/IMU_handle.o
 .rela.text.vTaskPlaceOnEventList
                0x000000000000c920        0x0 ./User/RTOS_apps/IMU_handle.o
 .rela.text.vTaskPlaceOnEventListRestricted
                0x000000000000c920        0x0 ./User/RTOS_apps/IMU_handle.o
 .rela.text.xTaskRemoveFromEventList
                0x000000000000c920        0x0 ./User/RTOS_apps/IMU_handle.o
 .rela.text.xTaskCheckForTimeOut
                0x000000000000c920        0x0 ./User/RTOS_apps/IMU_handle.o
 .rela.text.prvTimerTask
                0x000000000000c920        0x0 ./User/RTOS_apps/IMU_handle.o
 .rela.text.xTimerCreateTimerTask
                0x000000000000c920        0x0 ./User/RTOS_apps/IMU_handle.o
 .rela.text.prints
                0x000000000000c920        0x0 ./User/RTOS_apps/IMU_handle.o
 .rela.text.printInt
                0x000000000000c920        0x0 ./User/RTOS_apps/IMU_handle.o
 .rela.text.printLongLongInt
                0x000000000000c920        0x0 ./User/RTOS_apps/IMU_handle.o
 .rela.text.printDouble
                0x000000000000c920        0x0 ./User/RTOS_apps/IMU_handle.o
 .rela.text.print
                0x000000000000c920        0x0 ./User/RTOS_apps/IMU_handle.o
 .rela.text.printf
                0x000000000000c920        0x0 ./User/RTOS_apps/IMU_handle.o
 .rela.data.impure_data
                0x000000000000c920        0x0 ./User/RTOS_apps/IMU_handle.o

.fini           0x000000000000c920        0x0
 *(SORT_NONE(.fini))
                0x000000000000c920                . = ALIGN (0x4)
                [!provide]                        PROVIDE (_etext = .)
                [!provide]                        PROVIDE (_eitcm = .)

.preinit_array  0x000000000000c920        0x0
                [!provide]                        PROVIDE (__preinit_array_start = .)
 *(.preinit_array)
                [!provide]                        PROVIDE (__preinit_array_end = .)

.init_array     0x000000000000c920        0x0
                [!provide]                        PROVIDE (__init_array_start = .)
 *(SORT_BY_INIT_PRIORITY(.init_array.*) SORT_BY_INIT_PRIORITY(.ctors.*))
 *(.init_array EXCLUDE_FILE(*crtend?.o *crtend.o *crtbegin?.o *crtbegin.o) .ctors)
                [!provide]                        PROVIDE (__init_array_end = .)

.fini_array     0x000000000000c920        0x0
                [!provide]                        PROVIDE (__fini_array_start = .)
 *(SORT_BY_INIT_PRIORITY(.fini_array.*) SORT_BY_INIT_PRIORITY(.dtors.*))
 *(.fini_array EXCLUDE_FILE(*crtend?.o *crtend.o *crtbegin?.o *crtbegin.o) .dtors)
                [!provide]                        PROVIDE (__fini_array_end = .)

.ctors
 *crtbegin.o(.ctors)
 *crtbegin?.o(.ctors)
 *(EXCLUDE_FILE(*crtend?.o *crtend.o) .ctors)
 *(SORT_BY_NAME(.ctors.*))
 *(.ctors)

.dtors
 *crtbegin.o(.dtors)
 *crtbegin?.o(.dtors)
 *(EXCLUDE_FILE(*crtend?.o *crtend.o) .dtors)
 *(SORT_BY_NAME(.dtors.*))
 *(.dtors)

.dalign         0x0000000020000000        0x0 load address 0x000000000000c920
                0x0000000020000000                . = ALIGN (0x4)
                0x0000000020000000                PROVIDE (_data_vma = .)

.dlalign        0x000000000000c920        0x0
                0x000000000000c920                . = ALIGN (0x4)
                0x000000000000c920                PROVIDE (_data_lma = .)

.data           0x0000000020000000      0x110 load address 0x000000000000c920
 *(.gnu.linkonce.r.*)
 *(.data .data.*)
 .data.AHBPrescTable
                0x0000000020000000       0x10 ./User/system_ch32v30x.o
                0x0000000020000000                AHBPrescTable
 .data.APBAHBPrescTable
                0x0000000020000010       0x10 ./Peripheral/src/ch32v30x_rcc.o
 .data.gyro_orientation
                0x0000000020000020        0x9 ./General_Files/eMPL/inv_mpu.o
 *fill*         0x0000000020000029        0x3 
 .data.st       0x000000002000002c       0x2c ./General_Files/eMPL/inv_mpu.o
 .data.Motor_pos
                0x0000000020000058       0x10 ./General_Files/drivers/pwm.o
                0x0000000020000058                Motor_pos
 .data.pid_func
                0x0000000020000068       0x10 ./General_Files/apps/src/pid.o
                0x0000000020000068                pid_func
 .data.impure_data
                0x0000000020000078       0x60 c:/mounriver/mounriver_studio/toolchain/risc-v embedded gcc/bin/../lib/gcc/riscv-none-embed/8.2.0/../../../../riscv-none-embed/lib/rv32imacxw/ilp32\libg_nano.a(lib_a-impure.o)
 *(.gnu.linkonce.d.*)
                0x00000000200000d8                . = ALIGN (0x8)
                0x00000000200008d8                PROVIDE (__global_pointer$ = (. + 0x800))
 *(.sdata .sdata.*)
 .sdata.IMU_IO_STATUS
                0x00000000200000d8        0x4 ./User/RTOS_apps/IMU_handle.o
                0x00000000200000d8                IMU_IO_STATUS
 .sdata.Motor_speed_set
                0x00000000200000dc        0x4 ./User/RTOS_apps/soft_stast.o
                0x00000000200000dc                Motor_speed_set
 .sdata.last_RC_lock_state
                0x00000000200000e0        0x4 ./User/RTOS_apps/soft_stast.o
                0x00000000200000e0                last_RC_lock_state
 .sdata.SystemCoreClock
                0x00000000200000e4        0x4 ./User/system_ch32v30x.o
                0x00000000200000e4                SystemCoreClock
 .sdata.ADCPrescTable
                0x00000000200000e8        0x4 ./Peripheral/src/ch32v30x_rcc.o
 .sdata.bmp280  0x00000000200000ec        0x4 ./General_Files/drivers/BMP280.o
                0x00000000200000ec                bmp280
 .sdata.CONTROL_MODE
                0x00000000200000f0        0x4 ./General_Files/apps/src/control.o
                0x00000000200000f0                CONTROL_MODE
 .sdata.MOTOR_MODE
                0x00000000200000f4        0x4 ./General_Files/apps/src/control.o
                0x00000000200000f4                MOTOR_MODE
 .sdata.flight_mode
                0x00000000200000f8        0x1 ./General_Files/apps/src/control.o
                0x00000000200000f8                flight_mode
 .sdata.is_locked
                0x00000000200000f9        0x1 ./General_Files/apps/src/control.o
                0x00000000200000f9                is_locked
 *fill*         0x00000000200000fa        0x2 
 .sdata.uxCriticalNesting
                0x00000000200000fc        0x4 ./FreeRTOS/portable/GCC/RISC-V/port.o
 .sdata.uxTopUsedPriority
                0x0000000020000100        0x4 ./FreeRTOS/tasks.o
                0x0000000020000100                uxTopUsedPriority
 .sdata.__fdlib_version
                0x0000000020000104        0x4 c:/mounriver/mounriver_studio/toolchain/risc-v embedded gcc/bin/../lib/gcc/riscv-none-embed/8.2.0/../../../../riscv-none-embed/lib/rv32imacxw/ilp32\libm.a(lib_a-s_lib_ver.o)
                0x0000000020000104                __fdlib_version
 .sdata._impure_ptr
                0x0000000020000108        0x4 c:/mounriver/mounriver_studio/toolchain/risc-v embedded gcc/bin/../lib/gcc/riscv-none-embed/8.2.0/../../../../riscv-none-embed/lib/rv32imacxw/ilp32\libg_nano.a(lib_a-impure.o)
                0x0000000020000108                _impure_ptr
 *(.sdata2.*)
 .sdata2.xISRStackTop
                0x000000002000010c        0x4 ./FreeRTOS/portable/GCC/RISC-V/port.o
                0x000000002000010c                xISRStackTop
 *(.gnu.linkonce.s.*)
                0x0000000020000110                . = ALIGN (0x8)
 *(.srodata.cst16)
 *(.srodata.cst8)
 *(.srodata.cst4)
 *(.srodata.cst2)
 *(.srodata .srodata.*)
                0x0000000020000110                . = ALIGN (0x4)
                0x0000000020000110                PROVIDE (_edata = .)

.bss            0x0000000020000110     0x460c load address 0x000000000000ca30
                0x0000000020000110                . = ALIGN (0x4)
                0x0000000020000110                PROVIDE (_sbss = .)
 *(.sbss*)
 .sbss.Control_task_Handler
                0x0000000020000110        0x4 ./User/RTOS_tasks.o
                0x0000000020000110                Control_task_Handler
 .sbss.IMU_Task_Handler
                0x0000000020000114        0x4 ./User/RTOS_tasks.o
                0x0000000020000114                IMU_Task_Handler
 .sbss.Motor_SoftStart_Handler
                0x0000000020000118        0x4 ./User/RTOS_tasks.o
                0x0000000020000118                Motor_SoftStart_Handler
 .sbss.PrintTask_Handler
                0x000000002000011c        0x4 ./User/RTOS_tasks.o
                0x000000002000011c                PrintTask_Handler
 .sbss.NVIC_Priority_Group
                0x0000000020000120        0x4 ./Peripheral/src/ch32v30x_misc.o
                0x0000000020000120                NVIC_Priority_Group
 .sbss.Calibrattion_Val
                0x0000000020000124        0x2 ./General_Files/drivers/adc.o
                0x0000000020000124                Calibrattion_Val
 *fill*         0x0000000020000126        0x2 
 .sbss.TxBuf    0x0000000020000128        0x2 ./General_Files/drivers/adc.o
                0x0000000020000128                TxBuf
 .sbss.RxBuf_Index
                0x000000002000012a        0x1 ./General_Files/apps/src/CRSF.o
                0x000000002000012a                RxBuf_Index
 *fill*         0x000000002000012b        0x1 
 .sbss.Mech_zero_yaw
                0x000000002000012c        0x4 ./General_Files/apps/src/control.o
                0x000000002000012c                Mech_zero_yaw
 .sbss.PWM_Out1
                0x0000000020000130        0x2 ./General_Files/apps/src/control.o
                0x0000000020000130                PWM_Out1
 .sbss.PWM_Out2
                0x0000000020000132        0x2 ./General_Files/apps/src/control.o
                0x0000000020000132                PWM_Out2
 .sbss.PWM_Out3
                0x0000000020000134        0x2 ./General_Files/apps/src/control.o
                0x0000000020000134                PWM_Out3
 .sbss.PWM_Out4
                0x0000000020000136        0x2 ./General_Files/apps/src/control.o
                0x0000000020000136                PWM_Out4
 .sbss.Pitch    0x0000000020000138        0x4 ./General_Files/apps/src/control.o
                0x0000000020000138                Pitch
 .sbss.Roll     0x000000002000013c        0x4 ./General_Files/apps/src/control.o
                0x000000002000013c                Roll
 .sbss.Throttle
                0x0000000020000140        0x2 ./General_Files/apps/src/control.o
                0x0000000020000140                Throttle
 *fill*         0x0000000020000142        0x2 
 .sbss.Yaw      0x0000000020000144        0x4 ./General_Files/apps/src/control.o
                0x0000000020000144                Yaw
 .sbss.pxEnd    0x0000000020000148        0x4 ./FreeRTOS/portable/MemMang/heap_4.o
 .sbss.xBlockAllocatedBit
                0x000000002000014c        0x4 ./FreeRTOS/portable/MemMang/heap_4.o
 .sbss.xFreeBytesRemaining
                0x0000000020000150        0x4 ./FreeRTOS/portable/MemMang/heap_4.o
 .sbss.xMinimumEverFreeBytesRemaining
                0x0000000020000154        0x4 ./FreeRTOS/portable/MemMang/heap_4.o
 .sbss.xNumberOfSuccessfulAllocations
                0x0000000020000158        0x4 ./FreeRTOS/portable/MemMang/heap_4.o
 .sbss.xNumberOfSuccessfulFrees
                0x000000002000015c        0x4 ./FreeRTOS/portable/MemMang/heap_4.o
 .sbss.xStart   0x0000000020000160        0x8 ./FreeRTOS/portable/MemMang/heap_4.o
 .sbss.pxCurrentTCB
                0x0000000020000168        0x4 ./FreeRTOS/tasks.o
                0x0000000020000168                pxCurrentTCB
 .sbss.pxDelayedTaskList
                0x000000002000016c        0x4 ./FreeRTOS/tasks.o
 .sbss.pxOverflowDelayedTaskList
                0x0000000020000170        0x4 ./FreeRTOS/tasks.o
 .sbss.uxCurrentNumberOfTasks
                0x0000000020000174        0x4 ./FreeRTOS/tasks.o
 .sbss.uxDeletedTasksWaitingCleanUp
                0x0000000020000178        0x4 ./FreeRTOS/tasks.o
 .sbss.uxSchedulerSuspended
                0x000000002000017c        0x4 ./FreeRTOS/tasks.o
 .sbss.uxTaskNumber
                0x0000000020000180        0x4 ./FreeRTOS/tasks.o
 .sbss.uxTopReadyPriority
                0x0000000020000184        0x4 ./FreeRTOS/tasks.o
 .sbss.xIdleTaskHandle
                0x0000000020000188        0x4 ./FreeRTOS/tasks.o
 .sbss.xNextTaskUnblockTime
                0x000000002000018c        0x4 ./FreeRTOS/tasks.o
 .sbss.xNumOfOverflows
                0x0000000020000190        0x4 ./FreeRTOS/tasks.o
 .sbss.xPendedTicks
                0x0000000020000194        0x4 ./FreeRTOS/tasks.o
 .sbss.xSchedulerRunning
                0x0000000020000198        0x4 ./FreeRTOS/tasks.o
 .sbss.xTickCount
                0x000000002000019c        0x4 ./FreeRTOS/tasks.o
 .sbss.xYieldPending
                0x00000000200001a0        0x4 ./FreeRTOS/tasks.o
 .sbss.pxCurrentTimerList
                0x00000000200001a4        0x4 ./FreeRTOS/timers.o
 .sbss.pxOverflowTimerList
                0x00000000200001a8        0x4 ./FreeRTOS/timers.o
 .sbss.xLastTime.6314
                0x00000000200001ac        0x4 ./FreeRTOS/timers.o
 .sbss.xTimerQueue
                0x00000000200001b0        0x4 ./FreeRTOS/timers.o
 .sbss.xTimerTaskHandle
                0x00000000200001b4        0x4 ./FreeRTOS/timers.o
 .sbss.p_ms     0x00000000200001b8        0x2 ./Debug/debug.o
 .sbss.p_us     0x00000000200001ba        0x1 ./Debug/debug.o
 *(.gnu.linkonce.sb.*)
 *(.bss*)
 *fill*         0x00000000200001bb        0x1 
 .bss.MPU6050_para
                0x00000000200001bc       0x14 ./User/RTOS_apps/IMU_handle.o
                0x00000000200001bc                MPU6050_para
 .bss.MPU6050_para_filted
                0x00000000200001d0       0x14 ./User/RTOS_apps/IMU_handle.o
                0x00000000200001d0                MPU6050_para_filted
 .bss.gyro_filter
                0x00000000200001e4       0x60 ./User/RTOS_apps/IMU_handle.o
                0x00000000200001e4                gyro_filter
 .bss.dmp       0x0000000020000244       0x10 ./General_Files/eMPL/inv_mpu_dmp_motion_driver.o
 .bss.bmp280_inst
                0x0000000020000254       0x18 ./General_Files/drivers/BMP280.o
                0x0000000020000254                bmp280_inst
 .bss._lut      0x000000002000026c      0x100 ./General_Files/apps/src/CRC.o
                0x000000002000026c                _lut
 .bss.CrsfChannels
                0x000000002000036c       0x40 ./General_Files/apps/src/CRSF.o
                0x000000002000036c                CrsfChannels
 .bss.LinkStatistics
                0x00000000200003ac        0xa ./General_Files/apps/src/CRSF.o
                0x00000000200003ac                LinkStatistics
 *fill*         0x00000000200003b6        0x2 
 .bss.RxBuf     0x00000000200003b8       0x40 ./General_Files/apps/src/CRSF.o
                0x00000000200003b8                RxBuf
 .bss.PID_pitch_innerloop
                0x00000000200003f8       0x50 ./General_Files/apps/src/control.o
                0x00000000200003f8                PID_pitch_innerloop
 .bss.PID_pitch_outerloop
                0x0000000020000448       0x50 ./General_Files/apps/src/control.o
                0x0000000020000448                PID_pitch_outerloop
 .bss.PID_roll_innerloop
                0x0000000020000498       0x50 ./General_Files/apps/src/control.o
                0x0000000020000498                PID_roll_innerloop
 .bss.PID_roll_outerloop
                0x00000000200004e8       0x50 ./General_Files/apps/src/control.o
                0x00000000200004e8                PID_roll_outerloop
 .bss.PID_yaw_innerloop
                0x0000000020000538       0x50 ./General_Files/apps/src/control.o
                0x0000000020000538                PID_yaw_innerloop
 .bss.PID_yaw_outerloop
                0x0000000020000588       0x50 ./General_Files/apps/src/control.o
                0x0000000020000588                PID_yaw_outerloop
 .bss.ucHeap    0x00000000200005d8     0x4000 ./FreeRTOS/portable/MemMang/heap_4.o
 .bss.xQueueRegistry
                0x00000000200045d8       0x40 ./FreeRTOS/queue.o
                0x00000000200045d8                xQueueRegistry
 .bss.pxReadyTasksLists
                0x0000000020004618       0x78 ./FreeRTOS/tasks.o
 .bss.xDelayedTaskList1
                0x0000000020004690       0x14 ./FreeRTOS/tasks.o
 .bss.xDelayedTaskList2
                0x00000000200046a4       0x14 ./FreeRTOS/tasks.o
 .bss.xPendingReadyList
                0x00000000200046b8       0x14 ./FreeRTOS/tasks.o
 .bss.xSuspendedTaskList
                0x00000000200046cc       0x14 ./FreeRTOS/tasks.o
 .bss.xTasksWaitingTermination
                0x00000000200046e0       0x14 ./FreeRTOS/tasks.o
 .bss.xActiveTimerList1
                0x00000000200046f4       0x14 ./FreeRTOS/timers.o
 .bss.xActiveTimerList2
                0x0000000020004708       0x14 ./FreeRTOS/timers.o
 *(.gnu.linkonce.b.*)
 *(COMMON*)
                0x000000002000471c                . = ALIGN (0x4)
                0x000000002000471c                PROVIDE (_ebss = .)