Archive member included to satisfy reference by file (symbol)

c:/mounriver/mounriver_studio/toolchain/risc-v embedded gcc/bin/../lib/gcc/riscv-none-embed/8.2.0/../../../../riscv-none-embed/lib/rv32imacxw/ilp32\libm.a(lib_a-wf_asin.o)
                              ./General_Files/eMPL/inv_mpu.o (asinf)
c:/mounriver/mounriver_studio/toolchain/risc-v embedded gcc/bin/../lib/gcc/riscv-none-embed/8.2.0/../../../../riscv-none-embed/lib/rv32imacxw/ilp32\libm.a(lib_a-wf_atan2.o)
                              ./General_Files/eMPL/inv_mpu.o (atan2f)
c:/mounriver/mounriver_studio/toolchain/risc-v embedded gcc/bin/../lib/gcc/riscv-none-embed/8.2.0/../../../../riscv-none-embed/lib/rv32imacxw/ilp32\libm.a(lib_a-ef_asin.o)
                              c:/mounriver/mounriver_studio/toolchain/risc-v embedded gcc/bin/../lib/gcc/riscv-none-embed/8.2.0/../../../../riscv-none-embed/lib/rv32imacxw/ilp32\libm.a(lib_a-wf_asin.o) (__ieee754_asinf)
c:/mounriver/mounriver_studio/toolchain/risc-v embedded gcc/bin/../lib/gcc/riscv-none-embed/8.2.0/../../../../riscv-none-embed/lib/rv32imacxw/ilp32\libm.a(lib_a-ef_atan2.o)
                              c:/mounriver/mounriver_studio/toolchain/risc-v embedded gcc/bin/../lib/gcc/riscv-none-embed/8.2.0/../../../../riscv-none-embed/lib/rv32imacxw/ilp32\libm.a(lib_a-wf_atan2.o) (__ieee754_atan2f)
c:/mounriver/mounriver_studio/toolchain/risc-v embedded gcc/bin/../lib/gcc/riscv-none-embed/8.2.0/../../../../riscv-none-embed/lib/rv32imacxw/ilp32\libm.a(lib_a-ef_sqrt.o)
                              c:/mounriver/mounriver_studio/toolchain/risc-v embedded gcc/bin/../lib/gcc/riscv-none-embed/8.2.0/../../../../riscv-none-embed/lib/rv32imacxw/ilp32\libm.a(lib_a-ef_asin.o) (__ieee754_sqrtf)
c:/mounriver/mounriver_studio/toolchain/risc-v embedded gcc/bin/../lib/gcc/riscv-none-embed/8.2.0/../../../../riscv-none-embed/lib/rv32imacxw/ilp32\libm.a(lib_a-s_lib_ver.o)
                              c:/mounriver/mounriver_studio/toolchain/risc-v embedded gcc/bin/../lib/gcc/riscv-none-embed/8.2.0/../../../../riscv-none-embed/lib/rv32imacxw/ilp32\libm.a(lib_a-wf_asin.o) (__fdlib_version)
c:/mounriver/mounriver_studio/toolchain/risc-v embedded gcc/bin/../lib/gcc/riscv-none-embed/8.2.0/../../../../riscv-none-embed/lib/rv32imacxw/ilp32\libm.a(lib_a-s_matherr.o)
                              c:/mounriver/mounriver_studio/toolchain/risc-v embedded gcc/bin/../lib/gcc/riscv-none-embed/8.2.0/../../../../riscv-none-embed/lib/rv32imacxw/ilp32\libm.a(lib_a-wf_asin.o) (matherr)
c:/mounriver/mounriver_studio/toolchain/risc-v embedded gcc/bin/../lib/gcc/riscv-none-embed/8.2.0/../../../../riscv-none-embed/lib/rv32imacxw/ilp32\libm.a(lib_a-s_nan.o)
                              c:/mounriver/mounriver_studio/toolchain/risc-v embedded gcc/bin/../lib/gcc/riscv-none-embed/8.2.0/../../../../riscv-none-embed/lib/rv32imacxw/ilp32\libm.a(lib_a-wf_asin.o) (nan)
c:/mounriver/mounriver_studio/toolchain/risc-v embedded gcc/bin/../lib/gcc/riscv-none-embed/8.2.0/../../../../riscv-none-embed/lib/rv32imacxw/ilp32\libm.a(lib_a-sf_atan.o)
                              c:/mounriver/mounriver_studio/toolchain/risc-v embedded gcc/bin/../lib/gcc/riscv-none-embed/8.2.0/../../../../riscv-none-embed/lib/rv32imacxw/ilp32\libm.a(lib_a-ef_atan2.o) (atanf)
c:/mounriver/mounriver_studio/toolchain/risc-v embedded gcc/bin/../lib/gcc/riscv-none-embed/8.2.0/../../../../riscv-none-embed/lib/rv32imacxw/ilp32\libm.a(lib_a-sf_fabs.o)
                              c:/mounriver/mounriver_studio/toolchain/risc-v embedded gcc/bin/../lib/gcc/riscv-none-embed/8.2.0/../../../../riscv-none-embed/lib/rv32imacxw/ilp32\libm.a(lib_a-wf_asin.o) (fabsf)
c:/mounriver/mounriver_studio/toolchain/risc-v embedded gcc/bin/../lib/gcc/riscv-none-embed/8.2.0/rv32imacxw/ilp32\libgcc.a(_divdi3.o)
                              ./General_Files/eMPL/inv_mpu.o (__divdi3)
c:/mounriver/mounriver_studio/toolchain/risc-v embedded gcc/bin/../lib/gcc/riscv-none-embed/8.2.0/rv32imacxw/ilp32\libgcc.a(adddf3.o)
                              ./General_Files/drivers/BMP280.o (__adddf3)
c:/mounriver/mounriver_studio/toolchain/risc-v embedded gcc/bin/../lib/gcc/riscv-none-embed/8.2.0/rv32imacxw/ilp32\libgcc.a(divdf3.o)
                              ./General_Files/drivers/BMP280.o (__divdf3)
c:/mounriver/mounriver_studio/toolchain/risc-v embedded gcc/bin/../lib/gcc/riscv-none-embed/8.2.0/rv32imacxw/ilp32\libgcc.a(eqdf2.o)
                              ./General_Files/drivers/BMP280.o (__eqdf2)
c:/mounriver/mounriver_studio/toolchain/risc-v embedded gcc/bin/../lib/gcc/riscv-none-embed/8.2.0/rv32imacxw/ilp32\libgcc.a(muldf3.o)
                              ./General_Files/eMPL/inv_mpu.o (__muldf3)
c:/mounriver/mounriver_studio/toolchain/risc-v embedded gcc/bin/../lib/gcc/riscv-none-embed/8.2.0/rv32imacxw/ilp32\libgcc.a(subdf3.o)
                              ./General_Files/drivers/BMP280.o (__subdf3)
[...]
Memory Configuration

Name             Origin             Length             Attributes
FLASH            0x0000000000000000 0x0000000000020000 xr
RAM              0x0000000020000000 0x0000000000008000 xrw
*default*        0x0000000000000000 0xffffffffffffffff

Linker script and memory map

LOAD ./User/ch32v30x_it.o
LOAD ./User/main.o
LOAD ./User/system_ch32v30x.o
LOAD ./Startup/startup_ch32v30x_D8C.o
LOAD ./Peripheral/src/ch32v30x_adc.o
LOAD ./Peripheral/src/ch32v30x_bkp.o
LOAD ./Peripheral/src/ch32v30x_can.o
LOAD ./Peripheral/src/ch32v30x_crc.o
LOAD ./Peripheral/src/ch32v30x_dac.o
LOAD ./Peripheral/src/ch32v30x_dbgmcu.o
LOAD ./Peripheral/src/ch32v30x_dma.o
LOAD ./Peripheral/src/ch32v30x_dvp.o
LOAD ./Peripheral/src/ch32v30x_eth.o
LOAD ./Peripheral/src/ch32v30x_exti.o
LOAD ./Peripheral/src/ch32v30x_flash.o
LOAD ./Peripheral/src/ch32v30x_fsmc.o
LOAD ./Peripheral/src/ch32v30x_gpio.o
LOAD ./Peripheral/src/ch32v30x_i2c.o
LOAD ./Peripheral/src/ch32v30x_iwdg.o
LOAD ./Peripheral/src/ch32v30x_misc.o
LOAD ./Peripheral/src/ch32v30x_opa.o
LOAD ./Peripheral/src/ch32v30x_pwr.o
LOAD ./Peripheral/src/ch32v30x_rcc.o
LOAD ./Peripheral/src/ch32v30x_rng.o
LOAD ./Peripheral/src/ch32v30x_rtc.o
LOAD ./Peripheral/src/ch32v30x_sdio.o
LOAD ./Peripheral/src/ch32v30x_spi.o
LOAD ./Peripheral/src/ch32v30x_tim.o
LOAD ./Peripheral/src/ch32v30x_usart.o
LOAD ./Peripheral/src/ch32v30x_wwdg.o
LOAD ./General_Files/eMPL/inv_mpu.o
LOAD ./General_Files/eMPL/inv_mpu_dmp_motion_driver.o
LOAD ./General_Files/drivers/BMP280.o
LOAD ./General_Files/drivers/MPU6050.o
LOAD ./General_Files/drivers/MyI2C.o
LOAD ./General_Files/drivers/ST7789.o
LOAD ./General_Files/drivers/adc.o
LOAD ./General_Files/drivers/bsp_filter.o
LOAD ./General_Files/drivers/gpio.o
LOAD ./General_Files/drivers/mtf01.o
LOAD ./General_Files/drivers/pwm.o
LOAD ./General_Files/drivers/tim.o
LOAD ./General_Files/drivers/uart.o
LOAD ./General_Files/apps/src/CRC.o
LOAD ./General_Files/apps/src/CRSF.o
LOAD ./General_Files/apps/src/control.o
LOAD ./General_Files/apps/src/pid.o
LOAD ./General_Files/system.o
LOAD ./FreeRTOS/portable/MemMang/heap_4.o
LOAD ./FreeRTOS/portable/GCC/RISC-V/port.o
LOAD ./FreeRTOS/portable/GCC/RISC-V/portASM.o
LOAD ./FreeRTOS/croutine.o
LOAD ./FreeRTOS/event_groups.o
LOAD ./FreeRTOS/list.o
LOAD ./FreeRTOS/queue.o
LOAD ./FreeRTOS/stream_buffer.o
LOAD ./FreeRTOS/tasks.o
LOAD ./FreeRTOS/timers.o
LOAD ./Debug/debug.o
LOAD ./Core/core_riscv.o
LOAD c:/mounriver/mounriver_studio/toolchain/risc-v embedded gcc/bin/../lib/gcc/riscv-none-embed/8.2.0/../../../../riscv-none-embed/lib/rv32imacxw/ilp32\libm.a
LOAD c:/mounriver/mounriver_studio/toolchain/risc-v embedded gcc/bin/../lib/gcc/riscv-none-embed/8.2.0/rv32imacxw/ilp32\libgcc.a
LOAD c:/mounriver/mounriver_studio/toolchain/risc-v embedded gcc/bin/../lib/gcc/riscv-none-embed/8.2.0/../../../../riscv-none-embed/lib/rv32imacxw/ilp32\libg_nano.a
LOAD c:/mounriver/mounriver_studio/toolchain/risc-v embedded gcc/bin/../lib/gcc/riscv-none-embed/8.2.0/../../../../riscv-none-embed/lib/rv32imacxw/ilp32\libc_nano.a
LOAD c:/mounriver/mounriver_studio/toolchain/risc-v embedded gcc/bin/../lib/gcc/riscv-none-embed/8.2.0/rv32imacxw/ilp32\libgcc.a
START GROUP
LOAD c:/mounriver/mounriver_studio/toolchain/risc-v embedded gcc/bin/../lib/gcc/riscv-none-embed/8.2.0/rv32imacxw/ilp32\libgcc.a
LOAD c:/mounriver/mounriver_studio/toolchain/risc-v embedded gcc/bin/../lib/gcc/riscv-none-embed/8.2.0/../../../../riscv-none-embed/lib/rv32imacxw/ilp32\libc_nano.a
LOAD c:/mounriver/mounriver_studio/toolchain/risc-v embedded gcc/bin/../lib/gcc/riscv-none-embed/8.2.0/../../../../riscv-none-embed/lib/rv32imacxw/ilp32\libnosys.a
END GROUP
START GROUP
LOAD c:/mounriver/mounriver_studio/toolchain/risc-v embedded gcc/bin/../lib/gcc/riscv-none-embed/8.2.0/rv32imacxw/ilp32\libgcc.a
LOAD c:/mounriver/mounriver_studio/toolchain/risc-v embedded gcc/bin/../lib/gcc/riscv-none-embed/8.2.0/../../../../riscv-none-embed/lib/rv32imacxw/ilp32\libc_nano.a
LOAD c:/mounriver/mounriver_studio/toolchain/risc-v embedded gcc/bin/../lib/gcc/riscv-none-embed/8.2.0/../../../../riscv-none-embed/lib/rv32imacxw/ilp32\libnosys.a
END GROUP
                0x0000000000000800                __stack_size = 0x800
                [!provide]                        PROVIDE (_stack_size = __stack_size)

.init           0x0000000000000000        0x4
                0x0000000000000000                _sinit = .
                0x0000000000000000                . = ALIGN (0x4)
 *(SORT_NONE(.init))
 .init          0x0000000000000000        0x4 ./Startup/startup_ch32v30x_D8C.o
                0x0000000000000000                _start
                0x0000000000000004                . = ALIGN (0x4)
                0x0000000000000004                _einit = .

.vector         0x0000000000000004      0x1bc
 *(.vector)
 .vector        0x0000000000000004      0x1a0 ./Startup/startup_ch32v30x_D8C.o
                0x00000000000001c0                . = ALIGN (0x40)
 *fill*         0x00000000000001a4       0x1c 

.text           0x0000000000000200     0xa95c
                0x0000000000000200                . = ALIGN (0x4)
 *(.text)
 .text          0x0000000000000200      0x2e6 ./FreeRTOS/portable/GCC/RISC-V/portASM.o
                0x0000000000000200                SW_Handler
                0x0000000000000300                xPortStartFirstTask
                0x0000000000000400                pxPortInitialiseStack
 .text          0x00000000000004e6       0x60 c:/mounriver/mounriver_studio/toolchain/risc-v embedded gcc/bin/../lib/gcc/riscv-none-embed/8.2.0/rv32imacxw/ilp32\libgcc.a(save-restore.o)
                0x00000000000004e6                __riscv_save_12
                0x00000000000004ee                __riscv_save_9
                0x00000000000004ee                __riscv_save_11
                0x00000000000004ee                __riscv_save_10
                0x00000000000004ee                __riscv_save_8
                0x00000000000004fc                __riscv_save_4
                0x00000000000004fc                __riscv_save_6
                0x00000000000004fc                __riscv_save_5
                0x00000000000004fc                __riscv_save_7
                0x0000000000000516                __riscv_save_3
                0x0000000000000516                __riscv_save_2
                0x0000000000000516                __riscv_save_1
                0x0000000000000516                __riscv_save_0
                0x0000000000000522                __riscv_restore_12
                0x0000000000000526                __riscv_restore_11
                0x0000000000000526                __riscv_restore_9
                0x0000000000000526                __riscv_restore_10
                0x0000000000000526                __riscv_restore_8
                0x0000000000000530                __riscv_restore_5
                0x0000000000000530                __riscv_restore_7
                0x0000000000000530                __riscv_restore_6
                0x0000000000000530                __riscv_restore_4
                0x000000000000053a                __riscv_restore_3
                0x000000000000053a                __riscv_restore_0
                0x000000000000053a                __riscv_restore_2
                0x000000000000053a                __riscv_restore_1
 .text          0x0000000000000546       0xa8 c:/mounriver/mounriver_studio/toolchain/risc-v embedded gcc/bin/../lib/gcc/riscv-none-embed/8.2.0/../../../../riscv-none-embed/lib/rv32imacxw/ilp32\libg_nano.a(lib_a-memset.o)
                0x0000000000000546                memset
 *(.text.*)
 .text.NMI_Handler
                0x00000000000005ee        0x4 ./User/ch32v30x_it.o
                0x00000000000005ee                NMI_Handler
 .text.HardFault_Handler
                0x00000000000005f2        0x2 ./User/ch32v30x_it.o
                0x00000000000005f2                HardFault_Handler
 .text.Motor_sort_start
                0x00000000000005f4       0xde ./User/main.o
                0x00000000000005f4                Motor_sort_start
 .text.startup.main
                0x00000000000006d2       0x48 ./User/main.o
                0x00000000000006d2                main
 .text.SystemInit
                0x000000000000071a       0xfa ./User/system_ch32v30x.o
                0x000000000000071a                SystemInit
 .text.vector_handler
                0x0000000000000814        0x2 ./Startup/startup_ch32v30x_D8C.o
                0x0000000000000814                EXTI2_IRQHandler
                0x0000000000000814                TIM8_TRG_COM_IRQHandler
                0x0000000000000814                TIM8_CC_IRQHandler
                0x0000000000000814                UART8_IRQHandler
                0x0000000000000814                TIM1_CC_IRQHandler
                0x0000000000000814                TIM6_IRQHandler
                0x0000000000000814                PVD_IRQHandler
                0x0000000000000814                SDIO_IRQHandler
                0x0000000000000814                TIM9_BRK_IRQHandler
                0x0000000000000814                DMA2_Channel8_IRQHandler
                0x0000000000000814                CAN2_RX1_IRQHandler
                0x0000000000000814                EXTI3_IRQHandler
                0x0000000000000814                USBHS_IRQHandler
                0x0000000000000814                DMA2_Channel9_IRQHandler
                0x0000000000000814                TIM10_CC_IRQHandler
                0x0000000000000814                USBFS_IRQHandler
                0x0000000000000814                EXTI0_IRQHandler
                0x0000000000000814                I2C2_EV_IRQHandler
                0x0000000000000814                TIM10_TRG_COM_IRQHandler
                0x0000000000000814                CAN2_SCE_IRQHandler
                0x0000000000000814                ADC1_2_IRQHandler
                0x0000000000000814                Break_Point_Handler
                0x0000000000000814                SPI1_IRQHandler
                0x0000000000000814                TAMPER_IRQHandler
                0x0000000000000814                CAN2_RX0_IRQHandler
                0x0000000000000814                TIM8_UP_IRQHandler
                0x0000000000000814                Ecall_M_Mode_Handler
                0x0000000000000814                DMA2_Channel2_IRQHandler
                0x0000000000000814                DMA1_Channel4_IRQHandler
                0x0000000000000814                TIM9_UP_IRQHandler
                0x0000000000000814                USART3_IRQHandler
                0x0000000000000814                RTC_IRQHandler
                0x0000000000000814                DMA1_Channel7_IRQHandler
                0x0000000000000814                CAN1_RX1_IRQHandler
                0x0000000000000814                DVP_IRQHandler
                0x0000000000000814                UART5_IRQHandler
                0x0000000000000814                DMA2_Channel1_IRQHandler
                0x0000000000000814                I2C1_EV_IRQHandler
                0x0000000000000814                DMA1_Channel6_IRQHandler
                0x0000000000000814                UART4_IRQHandler
                0x0000000000000814                DMA2_Channel4_IRQHandler
                0x0000000000000814                RCC_IRQHandler
                0x0000000000000814                TIM1_TRG_COM_IRQHandler
                0x0000000000000814                DMA1_Channel1_IRQHandler
                0x0000000000000814                DMA2_Channel7_IRQHandler
                0x0000000000000814                EXTI15_10_IRQHandler
                0x0000000000000814                TIM7_IRQHandler
                0x0000000000000814                CAN2_TX_IRQHandler
                0x0000000000000814                TIM5_IRQHandler
                0x0000000000000814                EXTI9_5_IRQHandler
                0x0000000000000814                ETH_WKUP_IRQHandler
                0x0000000000000814                SPI2_IRQHandler
                0x0000000000000814                TIM10_BRK_IRQHandler
                0x0000000000000814                TIM9_CC_IRQHandler
                0x0000000000000814                DMA2_Channel5_IRQHandler
                0x0000000000000814                DMA1_Channel5_IRQHandler
                0x0000000000000814                EXTI4_IRQHandler
                0x0000000000000814                USB_LP_CAN1_RX0_IRQHandler
                0x0000000000000814                RNG_IRQHandler
                0x0000000000000814                USB_HP_CAN1_TX_IRQHandler
                0x0000000000000814                DMA1_Channel3_IRQHandler
                0x0000000000000814                ETH_IRQHandler
                0x0000000000000814                TIM1_UP_IRQHandler
                0x0000000000000814                WWDG_IRQHandler
                0x0000000000000814                USBHSWakeup_IRQHandler
                0x0000000000000814                DMA2_Channel11_IRQHandler
                0x0000000000000814                Ecall_U_Mode_Handler
                0x0000000000000814                DMA2_Channel6_IRQHandler
                0x0000000000000814                TIM2_IRQHandler
                0x0000000000000814                TIM1_BRK_IRQHandler
                0x0000000000000814                DMA2_Channel10_IRQHandler
                0x0000000000000814                EXTI1_IRQHandler
                0x0000000000000814                RTCAlarm_IRQHandler
                0x0000000000000814                TIM10_UP_IRQHandler
                0x0000000000000814                TIM9_TRG_COM_IRQHandler
                0x0000000000000814                UART7_IRQHandler
                0x0000000000000814                UART6_IRQHandler
                0x0000000000000814                I2C2_ER_IRQHandler
                0x0000000000000814                DMA1_Channel2_IRQHandler
                0x0000000000000814                TIM8_BRK_IRQHandler
                0x0000000000000814                CAN1_SCE_IRQHandler
                0x0000000000000814                FLASH_IRQHandler
                0x0000000000000814                USART1_IRQHandler
                0x0000000000000814                SPI3_IRQHandler
                0x0000000000000814                I2C1_ER_IRQHandler
                0x0000000000000814                USBWakeUp_IRQHandler
                0x0000000000000814                DMA2_Channel3_IRQHandler
 .text.handle_reset
                0x0000000000000816       0x8e ./Startup/startup_ch32v30x_D8C.o
                0x0000000000000816                handle_reset
 .text.ADC_DeInit
                0x00000000000008a4       0x44 ./Peripheral/src/ch32v30x_adc.o
                0x00000000000008a4                ADC_DeInit
 .text.ADC_Init
                0x00000000000008e8       0x56 ./Peripheral/src/ch32v30x_adc.o
                0x00000000000008e8                ADC_Init
 .text.ADC_Cmd  0x000000000000093e       0x10 ./Peripheral/src/ch32v30x_adc.o
                0x000000000000093e                ADC_Cmd
 .text.ADC_DMACmd
                0x000000000000094e       0x12 ./Peripheral/src/ch32v30x_adc.o
                0x000000000000094e                ADC_DMACmd
 .text.ADC_ResetCalibration
                0x0000000000000960        0xa ./Peripheral/src/ch32v30x_adc.o
                0x0000000000000960                ADC_ResetCalibration
 .text.ADC_GetResetCalibrationStatus
                0x000000000000096a        0x8 ./Peripheral/src/ch32v30x_adc.o
                0x000000000000096a                ADC_GetResetCalibrationStatus
 .text.ADC_StartCalibration
                0x0000000000000972        0xa ./Peripheral/src/ch32v30x_adc.o
                0x0000000000000972                ADC_StartCalibration
 .text.ADC_GetCalibrationStatus
                0x000000000000097c        0x8 ./Peripheral/src/ch32v30x_adc.o
                0x000000000000097c                ADC_GetCalibrationStatus
 .text.ADC_SoftwareStartConvCmd
                0x0000000000000984       0x18 ./Peripheral/src/ch32v30x_adc.o
                0x0000000000000984                ADC_SoftwareStartConvCmd
 .text.ADC_RegularChannelConfig
                0x000000000000099c       0xb8 ./Peripheral/src/ch32v30x_adc.o
                0x000000000000099c                ADC_RegularChannelConfig
 .text.ADC_BufferCmd
                0x0000000000000a54       0x18 ./Peripheral/src/ch32v30x_adc.o
                0x0000000000000a54                ADC_BufferCmd
 .text.Get_CalibrationValue
                0x0000000000000a6c      0x12e ./Peripheral/src/ch32v30x_adc.o
                0x0000000000000a6c                Get_CalibrationValue
 .text.DMA_DeInit
                0x0000000000000b9a      0x16c ./Peripheral/src/ch32v30x_dma.o
                0x0000000000000b9a                DMA_DeInit
 .text.DMA_Init
                0x0000000000000d06       0x38 ./Peripheral/src/ch32v30x_dma.o
                0x0000000000000d06                DMA_Init
 .text.DMA_Cmd  0x0000000000000d3e       0x14 ./Peripheral/src/ch32v30x_dma.o
                0x0000000000000d3e                DMA_Cmd
 .text.GPIO_Init
                0x0000000000000d52       0xc0 ./Peripheral/src/ch32v30x_gpio.o
                0x0000000000000d52                GPIO_Init
 .text.GPIO_ReadInputDataBit
                0x0000000000000e12        0xa ./Peripheral/src/ch32v30x_gpio.o
                0x0000000000000e12                GPIO_ReadInputDataBit
 .text.GPIO_SetBits
                0x0000000000000e1c        0x4 ./Peripheral/src/ch32v30x_gpio.o
                0x0000000000000e1c                GPIO_SetBits
 .text.GPIO_WriteBit
                0x0000000000000e20        0xa ./Peripheral/src/ch32v30x_gpio.o
                0x0000000000000e20                GPIO_WriteBit
 .text.GPIO_PinRemapConfig
                0x0000000000000e2a       0xd6 ./Peripheral/src/ch32v30x_gpio.o
                0x0000000000000e2a                GPIO_PinRemapConfig
 .text.I2C_Init
                0x0000000000000f00       0xfe ./Peripheral/src/ch32v30x_i2c.o
                0x0000000000000f00                I2C_Init
 .text.I2C_Cmd  0x0000000000000ffe       0x18 ./Peripheral/src/ch32v30x_i2c.o
                0x0000000000000ffe                I2C_Cmd
 .text.I2C_GenerateSTART
                0x0000000000001016       0x1a ./Peripheral/src/ch32v30x_i2c.o
                0x0000000000001016                I2C_GenerateSTART
 .text.I2C_GenerateSTOP
                0x0000000000001030       0x1a ./Peripheral/src/ch32v30x_i2c.o
                0x0000000000001030                I2C_GenerateSTOP
 .text.I2C_AcknowledgeConfig
                0x000000000000104a       0x1a ./Peripheral/src/ch32v30x_i2c.o
                0x000000000000104a                I2C_AcknowledgeConfig
 .text.I2C_SendData
                0x0000000000001064        0x4 ./Peripheral/src/ch32v30x_i2c.o
                0x0000000000001064                I2C_SendData
 .text.I2C_ReceiveData
                0x0000000000001068        0x8 ./Peripheral/src/ch32v30x_i2c.o
                0x0000000000001068                I2C_ReceiveData
 .text.I2C_Send7bitAddress
                0x0000000000001070       0x12 ./Peripheral/src/ch32v30x_i2c.o
                0x0000000000001070                I2C_Send7bitAddress
 .text.I2C_CheckEvent
                0x0000000000001082       0x16 ./Peripheral/src/ch32v30x_i2c.o
                0x0000000000001082                I2C_CheckEvent
 .text.I2C_GetFlagStatus
                0x0000000000001098       0x32 ./Peripheral/src/ch32v30x_i2c.o
                0x0000000000001098                I2C_GetFlagStatus
 .text.NVIC_PriorityGroupConfig
                0x00000000000010ca        0xa ./Peripheral/src/ch32v30x_misc.o
                0x00000000000010ca                NVIC_PriorityGroupConfig
 .text.NVIC_Init
                0x00000000000010d4       0x52 ./Peripheral/src/ch32v30x_misc.o
                0x00000000000010d4                NVIC_Init
 .text.RCC_ADCCLKConfig
                0x0000000000001126       0x12 ./Peripheral/src/ch32v30x_rcc.o
                0x0000000000001126                RCC_ADCCLKConfig
 .text.RCC_GetClocksFreq
                0x0000000000001138      0x176 ./Peripheral/src/ch32v30x_rcc.o
                0x0000000000001138                RCC_GetClocksFreq
 .text.RCC_AHBPeriphClockCmd
                0x00000000000012ae       0x1e ./Peripheral/src/ch32v30x_rcc.o
                0x00000000000012ae                RCC_AHBPeriphClockCmd
 .text.RCC_APB2PeriphClockCmd
                0x00000000000012cc       0x1e ./Peripheral/src/ch32v30x_rcc.o
                0x00000000000012cc                RCC_APB2PeriphClockCmd
 .text.RCC_APB1PeriphClockCmd
                0x00000000000012ea       0x1e ./Peripheral/src/ch32v30x_rcc.o
                0x00000000000012ea                RCC_APB1PeriphClockCmd
 .text.RCC_APB2PeriphResetCmd
                0x0000000000001308       0x1e ./Peripheral/src/ch32v30x_rcc.o
                0x0000000000001308                RCC_APB2PeriphResetCmd
 .text.TIM_TimeBaseInit
                0x0000000000001326       0xaa ./Peripheral/src/ch32v30x_tim.o
                0x0000000000001326                TIM_TimeBaseInit
 .text.TIM_OC1Init
                0x00000000000013d0       0x82 ./Peripheral/src/ch32v30x_tim.o
                0x00000000000013d0                TIM_OC1Init
 .text.TIM_OC2Init
                0x0000000000001452       0xae ./Peripheral/src/ch32v30x_tim.o
                0x0000000000001452                TIM_OC2Init
 .text.TIM_OC3Init
                0x0000000000001500       0xac ./Peripheral/src/ch32v30x_tim.o
                0x0000000000001500                TIM_OC3Init
 .text.TIM_OC4Init
                0x00000000000015ac       0x88 ./Peripheral/src/ch32v30x_tim.o
                0x00000000000015ac                TIM_OC4Init
 .text.TIM_Cmd  0x0000000000001634       0x18 ./Peripheral/src/ch32v30x_tim.o
                0x0000000000001634                TIM_Cmd
 .text.TIM_CtrlPWMOutputs
                0x000000000000164c       0x16 ./Peripheral/src/ch32v30x_tim.o
                0x000000000000164c                TIM_CtrlPWMOutputs
 .text.TIM_ITConfig
                0x0000000000001662       0x12 ./Peripheral/src/ch32v30x_tim.o
                0x0000000000001662                TIM_ITConfig
 .text.TIM_ARRPreloadConfig
                0x0000000000001674       0x1a ./Peripheral/src/ch32v30x_tim.o
                0x0000000000001674                TIM_ARRPreloadConfig
 .text.TIM_OC1PreloadConfig
                0x000000000000168e        0xe ./Peripheral/src/ch32v30x_tim.o
                0x000000000000168e                TIM_OC1PreloadConfig
 .text.TIM_OC2PreloadConfig
                0x000000000000169c       0x16 ./Peripheral/src/ch32v30x_tim.o
                0x000000000000169c                TIM_OC2PreloadConfig
 .text.TIM_OC3PreloadConfig
                0x00000000000016b2        0xe ./Peripheral/src/ch32v30x_tim.o
                0x00000000000016b2                TIM_OC3PreloadConfig
 .text.TIM_OC4PreloadConfig
                0x00000000000016c0       0x16 ./Peripheral/src/ch32v30x_tim.o
                0x00000000000016c0                TIM_OC4PreloadConfig
 .text.TIM_SetCompare1
                0x00000000000016d6        0x4 ./Peripheral/src/ch32v30x_tim.o
                0x00000000000016d6                TIM_SetCompare1
 .text.TIM_SetCompare2
                0x00000000000016da        0x4 ./Peripheral/src/ch32v30x_tim.o
                0x00000000000016da                TIM_SetCompare2
 .text.TIM_SetCompare3
                0x00000000000016de        0x4 ./Peripheral/src/ch32v30x_tim.o
                0x00000000000016de                TIM_SetCompare3
 .text.TIM_SetCompare4
                0x00000000000016e2        0x6 ./Peripheral/src/ch32v30x_tim.o
                0x00000000000016e2                TIM_SetCompare4
 .text.TIM_GetCapture1
                0x00000000000016e8        0x4 ./Peripheral/src/ch32v30x_tim.o
                0x00000000000016e8                TIM_GetCapture1
 .text.TIM_GetCapture2
                0x00000000000016ec        0x4 ./Peripheral/src/ch32v30x_tim.o
                0x00000000000016ec                TIM_GetCapture2
 .text.TIM_GetCapture3
                0x00000000000016f0        0x4 ./Peripheral/src/ch32v30x_tim.o
                0x00000000000016f0                TIM_GetCapture3
 .text.TIM_GetCapture4
                0x00000000000016f4        0x6 ./Peripheral/src/ch32v30x_tim.o
                0x00000000000016f4                TIM_GetCapture4
 .text.TIM_ClearFlag
                0x00000000000016fa        0xc ./Peripheral/src/ch32v30x_tim.o
                0x00000000000016fa                TIM_ClearFlag
 .text.USART_Init
                0x0000000000001706       0x8e ./Peripheral/src/ch32v30x_usart.o
                0x0000000000001706                USART_Init
 .text.USART_Cmd
                0x0000000000001794       0x16 ./Peripheral/src/ch32v30x_usart.o
                0x0000000000001794                USART_Cmd
 .text.USART_ITConfig
                0x00000000000017aa       0x36 ./Peripheral/src/ch32v30x_usart.o
                0x00000000000017aa                USART_ITConfig
 .text.USART_SendData
                0x00000000000017e0        0x8 ./Peripheral/src/ch32v30x_usart.o
                0x00000000000017e0                USART_SendData
 .text.USART_ReceiveData
                0x00000000000017e8        0x8 ./Peripheral/src/ch32v30x_usart.o
                0x00000000000017e8                USART_ReceiveData
 .text.USART_GetFlagStatus
                0x00000000000017f0        0xa ./Peripheral/src/ch32v30x_usart.o
                0x00000000000017f0                USART_GetFlagStatus
 .text.USART_ClearFlag
                0x00000000000017fa        0xc ./Peripheral/src/ch32v30x_usart.o
                0x00000000000017fa                USART_ClearFlag
 .text.USART_GetITStatus
                0x0000000000001806       0x3c ./Peripheral/src/ch32v30x_usart.o
                0x0000000000001806                USART_GetITStatus
 .text.get_st_biases
                0x0000000000001842      0x37e ./General_Files/eMPL/inv_mpu.o
 .text.set_int_enable
                0x0000000000001bc0       0x58 ./General_Files/eMPL/inv_mpu.o
 .text.mpu_reset_fifo
                0x0000000000001c18      0x138 ./General_Files/eMPL/inv_mpu.o
                0x0000000000001c18                mpu_reset_fifo
 .text.mpu_get_gyro_fsr
                0x0000000000001d50       0x3e ./General_Files/eMPL/inv_mpu.o
                0x0000000000001d50                mpu_get_gyro_fsr
 .text.mpu_set_gyro_fsr
                0x0000000000001d8e       0x7c ./General_Files/eMPL/inv_mpu.o
                0x0000000000001d8e                mpu_set_gyro_fsr
 .text.mpu_get_accel_fsr
                0x0000000000001e0a       0x46 ./General_Files/eMPL/inv_mpu.o
                0x0000000000001e0a                mpu_get_accel_fsr
 .text.mpu_set_accel_fsr
                0x0000000000001e50       0x74 ./General_Files/eMPL/inv_mpu.o
                0x0000000000001e50                mpu_set_accel_fsr
 .text.mpu_get_lpf
                0x0000000000001ec4       0x4a ./General_Files/eMPL/inv_mpu.o
                0x0000000000001ec4                mpu_get_lpf
 .text.mpu_set_lpf
                0x0000000000001f0e       0x7e ./General_Files/eMPL/inv_mpu.o
                0x0000000000001f0e                mpu_set_lpf
 .text.mpu_get_sample_rate
                0x0000000000001f8c       0x1a ./General_Files/eMPL/inv_mpu.o
                0x0000000000001f8c                mpu_get_sample_rate
 .text.mpu_get_gyro_sens
                0x0000000000001fa6       0x4c ./General_Files/eMPL/inv_mpu.o
                0x0000000000001fa6                mpu_get_gyro_sens
 .text.mpu_get_accel_sens
                0x0000000000001ff2       0x4e ./General_Files/eMPL/inv_mpu.o
                0x0000000000001ff2                mpu_get_accel_sens
 .text.mpu_configure_fifo
                0x0000000000002040       0x52 ./General_Files/eMPL/inv_mpu.o
                0x0000000000002040                mpu_configure_fifo
 .text.mpu_read_fifo_stream
                0x0000000000002092       0x96 ./General_Files/eMPL/inv_mpu.o
                0x0000000000002092                mpu_read_fifo_stream
 .text.mpu_set_bypass
                0x0000000000002128       0xca ./General_Files/eMPL/inv_mpu.o
                0x0000000000002128                mpu_set_bypass
 .text.mpu_set_int_latched
                0x00000000000021f2       0x5c ./General_Files/eMPL/inv_mpu.o
                0x00000000000021f2                mpu_set_int_latched
 .text.mpu_lp_accel_mode
                0x000000000000224e       0xa6 ./General_Files/eMPL/inv_mpu.o
                0x000000000000224e                mpu_lp_accel_mode
 .text.mpu_set_sample_rate
                0x00000000000022f4       0x98 ./General_Files/eMPL/inv_mpu.o
                0x00000000000022f4                mpu_set_sample_rate
 .text.mpu_set_sensors
                0x000000000000238c       0xb8 ./General_Files/eMPL/inv_mpu.o
                0x000000000000238c                mpu_set_sensors
 .text.mpu_init
                0x0000000000002444      0x12c ./General_Files/eMPL/inv_mpu.o
                0x0000000000002444                mpu_init
 .text.mpu_write_mem
                0x0000000000002570       0x62 ./General_Files/eMPL/inv_mpu.o
                0x0000000000002570                mpu_write_mem
 .text.mpu_read_mem
                0x00000000000025d2       0x62 ./General_Files/eMPL/inv_mpu.o
                0x00000000000025d2                mpu_read_mem
 .text.mpu_load_firmware
                0x0000000000002634       0xa8 ./General_Files/eMPL/inv_mpu.o
                0x0000000000002634                mpu_load_firmware
 .text.mpu_set_dmp_state
                0x00000000000026dc       0x7e ./General_Files/eMPL/inv_mpu.o
                0x00000000000026dc                mpu_set_dmp_state
 .text.mpu_run_self_test
                0x000000000000275a      0x350 ./General_Files/eMPL/inv_mpu.o
                0x000000000000275a                mpu_run_self_test
 .text.mget_ms  0x0000000000002aaa        0x2 ./General_Files/eMPL/inv_mpu.o
                0x0000000000002aaa                mget_ms
 .text.run_self_test
                0x0000000000002aac       0x86 ./General_Files/eMPL/inv_mpu.o
                0x0000000000002aac                run_self_test
 .text.inv_row_2_scale
                0x0000000000002b32       0x30 ./General_Files/eMPL/inv_mpu.o
                0x0000000000002b32                inv_row_2_scale
 .text.inv_orientation_matrix_to_scalar
                0x0000000000002b62       0x2c ./General_Files/eMPL/inv_mpu.o
                0x0000000000002b62                inv_orientation_matrix_to_scalar
 .text.mpu_dmp_init
                0x0000000000002b8e       0xa0 ./General_Files/eMPL/inv_mpu.o
                0x0000000000002b8e                mpu_dmp_init
 .text.mpu_dmp_get_data
                0x0000000000002c2e      0x1bc ./General_Files/eMPL/inv_mpu.o
                0x0000000000002c2e                mpu_dmp_get_data
 .text.dmp_enable_gyro_cal.part.0
                0x0000000000002dea       0x32 ./General_Files/eMPL/inv_mpu_dmp_motion_driver.o
 .text.dmp_load_motion_driver_firmware
                0x0000000000002e1c       0x20 ./General_Files/eMPL/inv_mpu_dmp_motion_driver.o
                0x0000000000002e1c                dmp_load_motion_driver_firmware
 .text.dmp_set_orientation
                0x0000000000002e3c       0xfe ./General_Files/eMPL/inv_mpu_dmp_motion_driver.o
                0x0000000000002e3c                dmp_set_orientation
 .text.dmp_set_gyro_bias
                0x0000000000002f3a       0xfc ./General_Files/eMPL/inv_mpu_dmp_motion_driver.o
                0x0000000000002f3a                dmp_set_gyro_bias
 .text.dmp_set_accel_bias
                0x0000000000003036      0x100 ./General_Files/eMPL/inv_mpu_dmp_motion_driver.o
                0x0000000000003036                dmp_set_accel_bias
 .text.dmp_set_fifo_rate
                0x0000000000003136       0x5a ./General_Files/eMPL/inv_mpu_dmp_motion_driver.o
                0x0000000000003136                dmp_set_fifo_rate
 .text.dmp_set_tap_thresh
                0x0000000000003190      0x18a ./General_Files/eMPL/inv_mpu_dmp_motion_driver.o
                0x0000000000003190                dmp_set_tap_thresh
 .text.dmp_set_tap_axes
                0x000000000000331a       0x46 ./General_Files/eMPL/inv_mpu_dmp_motion_driver.o
                0x000000000000331a                dmp_set_tap_axes
 .text.dmp_set_tap_count
                0x0000000000003360       0x2e ./General_Files/eMPL/inv_mpu_dmp_motion_driver.o
                0x0000000000003360                dmp_set_tap_count
 .text.dmp_set_tap_time
                0x000000000000338e       0x28 ./General_Files/eMPL/inv_mpu_dmp_motion_driver.o
                0x000000000000338e                dmp_set_tap_time
 .text.dmp_set_tap_time_multi
                0x00000000000033b6       0x28 ./General_Files/eMPL/inv_mpu_dmp_motion_driver.o
                0x00000000000033b6                dmp_set_tap_time_multi
 .text.dmp_set_shake_reject_thresh
                0x00000000000033de       0x3e ./General_Files/eMPL/inv_mpu_dmp_motion_driver.o
                0x00000000000033de                dmp_set_shake_reject_thresh
 .text.dmp_set_shake_reject_time
                0x000000000000341c       0x28 ./General_Files/eMPL/inv_mpu_dmp_motion_driver.o
                0x000000000000341c                dmp_set_shake_reject_time
 .text.dmp_set_shake_reject_timeout
                0x0000000000003444       0x28 ./General_Files/eMPL/inv_mpu_dmp_motion_driver.o
                0x0000000000003444                dmp_set_shake_reject_timeout
 .text.dmp_enable_gyro_cal
                0x000000000000346c       0x2e ./General_Files/eMPL/inv_mpu_dmp_motion_driver.o
                0x000000000000346c                dmp_enable_gyro_cal
 .text.dmp_enable_lp_quat
                0x000000000000349a       0x34 ./General_Files/eMPL/inv_mpu_dmp_motion_driver.o
                0x000000000000349a                dmp_enable_lp_quat
 .text.dmp_enable_6x_lp_quat
                0x00000000000034ce       0x34 ./General_Files/eMPL/inv_mpu_dmp_motion_driver.o
                0x00000000000034ce                dmp_enable_6x_lp_quat
 .text.dmp_enable_feature
                0x0000000000003502      0x1d8 ./General_Files/eMPL/inv_mpu_dmp_motion_driver.o
                0x0000000000003502                dmp_enable_feature
 .text.dmp_read_fifo
                0x00000000000036da      0x1c8 ./General_Files/eMPL/inv_mpu_dmp_motion_driver.o
                0x00000000000036da                dmp_read_fifo
 .text.BMP280_Read_Byte
                0x00000000000038a2       0x44 ./General_Files/drivers/BMP280.o
                0x00000000000038a2                BMP280_Read_Byte
 .text.BMP280_Write_Byte
                0x00000000000038e6       0x3a ./General_Files/drivers/BMP280.o
                0x00000000000038e6                BMP280_Write_Byte
 .text.BMP280_Set_TemOversamp
                0x0000000000003920       0x20 ./General_Files/drivers/BMP280.o
                0x0000000000003920                BMP280_Set_TemOversamp
 .text.BMP280_Set_Standby_FILTER
                0x0000000000003940       0x20 ./General_Files/drivers/BMP280.o
                0x0000000000003940                BMP280_Set_Standby_FILTER
 .text.Bmp_Init
                0x0000000000003960      0x174 ./General_Files/drivers/BMP280.o
                0x0000000000003960                Bmp_Init
 .text.MPU6050_I2C_Mem_Write
                0x0000000000003ad4       0xcc ./General_Files/drivers/MPU6050.o
                0x0000000000003ad4                MPU6050_I2C_Mem_Write
 .text.MPU6050_WriteByte
                0x0000000000003ba0       0x1e ./General_Files/drivers/MPU6050.o
 .text.MPU6050_Init
                0x0000000000003bbe      0x116 ./General_Files/drivers/MPU6050.o
                0x0000000000003bbe                MPU6050_Init
 .text.MPU6050_I2C_Mem_Read
                0x0000000000003cd4      0x12e ./General_Files/drivers/MPU6050.o
                0x0000000000003cd4                MPU6050_I2C_Mem_Read
 .text.MPU6050_Get_Data
                0x0000000000003e02       0x3c ./General_Files/drivers/MPU6050.o
                0x0000000000003e02                MPU6050_Get_Data
 .text.MPU6050_MPU_DMP_GetData
                0x0000000000003e3e       0x4e ./General_Files/drivers/MPU6050.o
                0x0000000000003e3e                MPU6050_MPU_DMP_GetData
 .text.MyI2C_W_SCL
                0x0000000000003e8c       0x20 ./General_Files/drivers/MyI2C.o
                0x0000000000003e8c                MyI2C_W_SCL
 .text.MyI2C_W_SDA
                0x0000000000003eac       0x20 ./General_Files/drivers/MyI2C.o
                0x0000000000003eac                MyI2C_W_SDA
 .text.MyI2C_R_SDA
                0x0000000000003ecc       0x22 ./General_Files/drivers/MyI2C.o
                0x0000000000003ecc                MyI2C_R_SDA
 .text.MyI2C_Init
                0x0000000000003eee       0x3c ./General_Files/drivers/MyI2C.o
                0x0000000000003eee                MyI2C_Init
 .text.MyI2C_Start
                0x0000000000003f2a       0x20 ./General_Files/drivers/MyI2C.o
                0x0000000000003f2a                MyI2C_Start
 .text.MyI2C_Stop
                0x0000000000003f4a       0x1a ./General_Files/drivers/MyI2C.o
                0x0000000000003f4a                MyI2C_Stop
 .text.MyI2C_SendByte
                0x0000000000003f64       0x30 ./General_Files/drivers/MyI2C.o
                0x0000000000003f64                MyI2C_SendByte
 .text.MyI2C_ReceiveByte
                0x0000000000003f94       0x40 ./General_Files/drivers/MyI2C.o
                0x0000000000003f94                MyI2C_ReceiveByte
 .text.MyI2C_ReceiveAck
                0x0000000000003fd4       0x22 ./General_Files/drivers/MyI2C.o
                0x0000000000003fd4                MyI2C_ReceiveAck
 .text.ADC_Function_Init
                0x0000000000003ff6       0xd0 ./General_Files/drivers/adc.o
                0x0000000000003ff6                ADC_Function_Init
 .text.DMA_Tx_Init
                0x00000000000040c6       0x60 ./General_Files/drivers/adc.o
                0x00000000000040c6                DMA_Tx_Init
 .text.BAT_ADC_Init
                0x0000000000004126       0x60 ./General_Files/drivers/adc.o
                0x0000000000004126                BAT_ADC_Init
 .text.FilterSample
                0x0000000000004186       0x50 ./General_Files/drivers/bsp_filter.o
                0x0000000000004186                FilterSample
 .text.FilterAverage
                0x00000000000041d6       0x26 ./General_Files/drivers/bsp_filter.o
                0x00000000000041d6                FilterAverage
 .text.LED_Init
                0x00000000000041fc       0x44 ./General_Files/drivers/gpio.o
                0x00000000000041fc                LED_Init
 .text.TIM9_PWMOut_Init
                0x0000000000004240       0xfc ./General_Files/drivers/pwm.o
                0x0000000000004240                TIM9_PWMOut_Init
 .text.PWM_Init
                0x000000000000433c       0x4e ./General_Files/drivers/pwm.o
                0x000000000000433c                PWM_Init
 .text.Motor_ctr
                0x000000000000438a       0xbe ./General_Files/drivers/pwm.o
                0x000000000000438a                Motor_ctr
 .text.Motor_ctr_SOFT_START
                0x0000000000004448       0x94 ./General_Files/drivers/pwm.o
                0x0000000000004448                Motor_ctr_SOFT_START
 .text.TIM3_Interrupt_Init
                0x00000000000044dc       0x24 ./General_Files/drivers/tim.o
                0x00000000000044dc                TIM3_Interrupt_Init
 .text.TIM3_Init
                0x0000000000004500       0x56 ./General_Files/drivers/tim.o
                0x0000000000004500                TIM3_Init
 .text.TIM4_Interrupt_Init
                0x0000000000004556       0x24 ./General_Files/drivers/tim.o
                0x0000000000004556                TIM4_Interrupt_Init
 .text.TIM4_Init
                0x000000000000457a       0x56 ./General_Files/drivers/tim.o
                0x000000000000457a                TIM4_Init
 .text.TIM4_IRQHandler
                0x00000000000045d0       0x14 ./General_Files/drivers/tim.o
                0x00000000000045d0                TIM4_IRQHandler
 .text.load_filter_data
                0x00000000000045e4       0x6e ./General_Files/drivers/tim.o
                0x00000000000045e4                load_filter_data
 .text.calc_IMU_filter
                0x0000000000004652       0x60 ./General_Files/drivers/tim.o
                0x0000000000004652                calc_IMU_filter
 .text.TIM3_IRQHandler
                0x00000000000046b2       0xb4 ./General_Files/drivers/tim.o
                0x00000000000046b2                TIM3_IRQHandler
 .text.USARTx_CFG
                0x0000000000004766       0xac ./General_Files/drivers/uart.o
                0x0000000000004766                USARTx_CFG
 .text.UART_RxCpltCallback
                0x0000000000004812       0x42 ./General_Files/drivers/uart.o
                0x0000000000004812                UART_RxCpltCallback
 .text.USART2_IRQHandler
                0x0000000000004854       0x34 ./General_Files/drivers/uart.o
                0x0000000000004854                USART2_IRQHandler
 .text.print_status
                0x0000000000004888      0x19a ./General_Files/drivers/uart.o
                0x0000000000004888                print_status
 .text.Crc_init
                0x0000000000004a22       0x34 ./General_Files/apps/src/CRC.o
                0x0000000000004a22                Crc_init
 .text.Calc     0x0000000000004a56       0x1e ./General_Files/apps/src/CRC.o
                0x0000000000004a56                Calc
 .text.ShiftRxBuffer
                0x0000000000004a74       0x38 ./General_Files/apps/src/CRSF.o
                0x0000000000004a74                ShiftRxBuffer
 .text.PacketChannelsPacked
                0x0000000000004aac      0x112 ./General_Files/apps/src/CRSF.o
                0x0000000000004aac                PacketChannelsPacked
 .text.PacketLinkStatistics
                0x0000000000004bbe       0x2e ./General_Files/apps/src/CRSF.o
                0x0000000000004bbe                PacketLinkStatistics
 .text.ProcessPacketIn
                0x0000000000004bec       0x38 ./General_Files/apps/src/CRSF.o
                0x0000000000004bec                ProcessPacketIn
 .text.HandleByteReceived
                0x0000000000004c24       0x66 ./General_Files/apps/src/CRSF.o
                0x0000000000004c24                HandleByteReceived
 .text.PIDSTRUCT_Init
                0x0000000000004c8a      0x1f4 ./General_Files/apps/src/control.o
                0x0000000000004c8a                PIDSTRUCT_Init
 .text.ELRS_Convert_angle
                0x0000000000004e7e       0x40 ./General_Files/apps/src/control.o
                0x0000000000004e7e                ELRS_Convert_angle
 .text.ELRS_Convert_throttle
                0x0000000000004ebe       0x4a ./General_Files/apps/src/control.o
                0x0000000000004ebe                ELRS_Convert_throttle
 .text.ELRS_Convert_lock
                0x0000000000004f08       0x16 ./General_Files/apps/src/control.o
                0x0000000000004f08                ELRS_Convert_lock
 .text.ELRS_Convert_flight_mode
                0x0000000000004f1e       0x2c ./General_Files/apps/src/control.o
                0x0000000000004f1e                ELRS_Convert_flight_mode
 .text.Roll_outerloop_ctr
                0x0000000000004f4a       0x38 ./General_Files/apps/src/control.o
                0x0000000000004f4a                Roll_outerloop_ctr
 .text.Roll_innerloop_ctr
                0x0000000000004f82       0x34 ./General_Files/apps/src/control.o
                0x0000000000004f82                Roll_innerloop_ctr
 .text.Yaw_outerloop_ctr
                0x0000000000004fb6       0x3c ./General_Files/apps/src/control.o
                0x0000000000004fb6                Yaw_outerloop_ctr
 .text.Yaw_innerloop_ctr
                0x0000000000004ff2       0x38 ./General_Files/apps/src/control.o
                0x0000000000004ff2                Yaw_innerloop_ctr
 .text.Pitch_outerloop_ctr
                0x000000000000502a       0x38 ./General_Files/apps/src/control.o
                0x000000000000502a                Pitch_outerloop_ctr
 .text.Pitch_innerloop_ctr
                0x0000000000005062       0x34 ./General_Files/apps/src/control.o
                0x0000000000005062                Pitch_innerloop_ctr
 .text.Check_control_mode
                0x0000000000005096       0x20 ./General_Files/apps/src/control.o
                0x0000000000005096                Check_control_mode
 .text.Update_ELRS
                0x00000000000050b6       0x52 ./General_Files/apps/src/control.o
                0x00000000000050b6                Update_ELRS
 .text.Flight_control
                0x0000000000005108      0x1b2 ./General_Files/apps/src/control.o
                0x0000000000005108                Flight_control
 .text.Stop_motor
                0x00000000000052ba       0x30 ./General_Files/apps/src/control.o
                0x00000000000052ba                Stop_motor
 .text.pid_reset
                0x00000000000052ea       0x1c ./General_Files/apps/src/pid.o
                0x00000000000052ea                pid_reset
 .text.pid_init
                0x0000000000005306       0x1a ./General_Files/apps/src/pid.o
                0x0000000000005306                pid_init
 .text.pid_clc  0x0000000000005320       0x1e ./General_Files/apps/src/pid.o
                0x0000000000005320                pid_clc
 .text.pid_calc
                0x000000000000533e       0xe4 ./General_Files/apps/src/pid.o
                0x000000000000533e                pid_calc
 .text.System_Init
                0x0000000000005422       0x4c ./General_Files/system.o
                0x0000000000005422                System_Init
 .text.System_Loop
                0x000000000000546e        0x2 ./General_Files/system.o
                0x000000000000546e                System_Loop
 .text.SysTick_Handler
                0x0000000000005470       0x36 ./FreeRTOS/portable/GCC/RISC-V/port.o
                0x0000000000005470                SysTick_Handler
 .text.prvResetNextTaskUnblockTime
                0x00000000000054a6       0x24 ./FreeRTOS/tasks.o
 .text.xTaskIncrementTick
                0x00000000000054ca      0x1a8 ./FreeRTOS/tasks.o
                0x00000000000054ca                xTaskIncrementTick
 .text.vTaskSwitchContext
                0x0000000000005672       0x96 ./FreeRTOS/tasks.o
                0x0000000000005672                vTaskSwitchContext
 .text.Delay_Init
                0x0000000000005708       0x2e ./Debug/debug.o
                0x0000000000005708                Delay_Init
 .text.Delay_Us
                0x0000000000005736       0x3a ./Debug/debug.o
                0x0000000000005736                Delay_Us
 .text.Delay_Ms
                0x0000000000005770       0x3a ./Debug/debug.o
                0x0000000000005770                Delay_Ms
 .text.USART_Printf_Init
                0x00000000000057aa       0x5a ./Debug/debug.o
                0x00000000000057aa                USART_Printf_Init
 .text._write   0x0000000000005804       0x3e ./Debug/debug.o
                0x0000000000005804                _write
 .text._sbrk    0x0000000000005842       0x26 ./Debug/debug.o
                0x0000000000005842                _sbrk
 .text.asinf    0x0000000000005868       0xbe c:/mounriver/mounriver_studio/toolchain/risc-v embedded gcc/bin/../lib/gcc/riscv-none-embed/8.2.0/../../../../riscv-none-embed/lib/rv32imacxw/ilp32\libm.a(lib_a-wf_asin.o)
                0x0000000000005868                asinf
 .text.atan2f   0x0000000000005926        0x2 c:/mounriver/mounriver_studio/toolchain/risc-v embedded gcc/bin/../lib/gcc/riscv-none-embed/8.2.0/../../../../riscv-none-embed/lib/rv32imacxw/ilp32\libm.a(lib_a-wf_atan2.o)
                0x0000000000005926                atan2f
 .text.__ieee754_asinf
                0x0000000000005928      0x370 c:/mounriver/mounriver_studio/toolchain/risc-v embedded gcc/bin/../lib/gcc/riscv-none-embed/8.2.0/../../../../riscv-none-embed/lib/rv32imacxw/ilp32\libm.a(lib_a-ef_asin.o)
                0x0000000000005928                __ieee754_asinf
 .text.__ieee754_atan2f
                0x0000000000005c98      0x192 c:/mounriver/mounriver_studio/toolchain/risc-v embedded gcc/bin/../lib/gcc/riscv-none-embed/8.2.0/../../../../riscv-none-embed/lib/rv32imacxw/ilp32\libm.a(lib_a-ef_atan2.o)
                0x0000000000005c98                __ieee754_atan2f
 .text.__ieee754_sqrtf
                0x0000000000005e2a       0xdc c:/mounriver/mounriver_studio/toolchain/risc-v embedded gcc/bin/../lib/gcc/riscv-none-embed/8.2.0/../../../../riscv-none-embed/lib/rv32imacxw/ilp32\libm.a(lib_a-ef_sqrt.o)
                0x0000000000005e2a                __ieee754_sqrtf
 .text.matherr  0x0000000000005f06        0x4 c:/mounriver/mounriver_studio/toolchain/risc-v embedded gcc/bin/../lib/gcc/riscv-none-embed/8.2.0/../../../../riscv-none-embed/lib/rv32imacxw/ilp32\libm.a(lib_a-s_matherr.o)
                0x0000000000005f06                matherr
 .text.nan      0x0000000000005f0a        0xe c:/mounriver/mounriver_studio/toolchain/risc-v embedded gcc/bin/../lib/gcc/riscv-none-embed/8.2.0/../../../../riscv-none-embed/lib/rv32imacxw/ilp32\libm.a(lib_a-s_nan.o)
                0x0000000000005f0a                nan
 .text.atanf    0x0000000000005f18      0x288 c:/mounriver/mounriver_studio/toolchain/risc-v embedded gcc/bin/../lib/gcc/riscv-none-embed/8.2.0/../../../../riscv-none-embed/lib/rv32imacxw/ilp32\libm.a(lib_a-sf_atan.o)
                0x0000000000005f18                atanf
 .text.fabsf    0x00000000000061a0        0x6 c:/mounriver/mounriver_studio/toolchain/risc-v embedded gcc/bin/../lib/gcc/riscv-none-embed/8.2.0/../../../../riscv-none-embed/lib/rv32imacxw/ilp32\libm.a(lib_a-sf_fabs.o)
                0x00000000000061a0                fabsf
 .text.__divdi3
                0x00000000000061a6      0x3d4 c:/mounriver/mounriver_studio/toolchain/risc-v embedded gcc/bin/../lib/gcc/riscv-none-embed/8.2.0/rv32imacxw/ilp32\libgcc.a(_divdi3.o)
                0x00000000000061a6                __divdi3
 .text.__adddf3
                0x000000000000657a      0x730 c:/mounriver/mounriver_studio/toolchain/risc-v embedded gcc/bin/../lib/gcc/riscv-none-embed/8.2.0/rv32imacxw/ilp32\libgcc.a(adddf3.o)
                0x000000000000657a                __adddf3
 .text.__muldf3
                0x0000000000006caa      0x4b8 c:/mounriver/mounriver_studio/toolchain/risc-v embedded gcc/bin/../lib/gcc/riscv-none-embed/8.2.0/rv32imacxw/ilp32\libgcc.a(muldf3.o)
                0x0000000000006caa                __muldf3
 .text.__fixunsdfsi
                0x0000000000007162       0x5c c:/mounriver/mounriver_studio/toolchain/risc-v embedded gcc/bin/../lib/gcc/riscv-none-embed/8.2.0/rv32imacxw/ilp32\libgcc.a(fixunsdfsi.o)
                0x0000000000007162                __fixunsdfsi
 .text.__floatsidf
                0x00000000000071be       0x72 c:/mounriver/mounriver_studio/toolchain/risc-v embedded gcc/bin/../lib/gcc/riscv-none-embed/8.2.0/rv32imacxw/ilp32\libgcc.a(floatsidf.o)
                0x00000000000071be                __floatsidf
 .text.__addsf3
                0x0000000000007230      0x36a c:/mounriver/mounriver_studio/toolchain/risc-v embedded gcc/bin/../lib/gcc/riscv-none-embed/8.2.0/rv32imacxw/ilp32\libgcc.a(addsf3.o)
                0x0000000000007230                __addsf3
 .text.__divsf3
                0x000000000000759a      0x2b2 c:/mounriver/mounriver_studio/toolchain/risc-v embedded gcc/bin/../lib/gcc/riscv-none-embed/8.2.0/rv32imacxw/ilp32\libgcc.a(divsf3.o)
                0x000000000000759a                __divsf3
 .text.__eqsf2  0x000000000000784c       0x5c c:/mounriver/mounriver_studio/toolchain/risc-v embedded gcc/bin/../lib/gcc/riscv-none-embed/8.2.0/rv32imacxw/ilp32\libgcc.a(eqsf2.o)
                0x000000000000784c                __eqsf2
                0x000000000000784c                __nesf2
 .text.__gesf2  0x00000000000078a8       0x86 c:/mounriver/mounriver_studio/toolchain/risc-v embedded gcc/bin/../lib/gcc/riscv-none-embed/8.2.0/rv32imacxw/ilp32\libgcc.a(gesf2.o)
                0x00000000000078a8                __gesf2
                0x00000000000078a8                __gtsf2
 .text.__lesf2  0x000000000000792e       0x8c c:/mounriver/mounriver_studio/toolchain/risc-v embedded gcc/bin/../lib/gcc/riscv-none-embed/8.2.0/rv32imacxw/ilp32\libgcc.a(lesf2.o)
                0x000000000000792e                __ltsf2
                0x000000000000792e                __lesf2
 .text.__mulsf3
                0x00000000000079ba      0x294 c:/mounriver/mounriver_studio/toolchain/risc-v embedded gcc/bin/../lib/gcc/riscv-none-embed/8.2.0/rv32imacxw/ilp32\libgcc.a(mulsf3.o)
                0x00000000000079ba                __mulsf3
 .text.__subsf3
                0x0000000000007c4e      0x388 c:/mounriver/mounriver_studio/toolchain/risc-v embedded gcc/bin/../lib/gcc/riscv-none-embed/8.2.0/rv32imacxw/ilp32\libgcc.a(subsf3.o)
                0x0000000000007c4e                __subsf3
 .text.__unordsf2
                0x0000000000007fd6       0x3c c:/mounriver/mounriver_studio/toolchain/risc-v embedded gcc/bin/../lib/gcc/riscv-none-embed/8.2.0/rv32imacxw/ilp32\libgcc.a(unordsf2.o)
                0x0000000000007fd6                __unordsf2
 .text.__fixsfsi
                0x0000000000008012       0x62 c:/mounriver/mounriver_studio/toolchain/risc-v embedded gcc/bin/../lib/gcc/riscv-none-embed/8.2.0/rv32imacxw/ilp32\libgcc.a(fixsfsi.o)
                0x0000000000008012                __fixsfsi
 .text.__fixunssfsi
                0x0000000000008074       0x56 c:/mounriver/mounriver_studio/toolchain/risc-v embedded gcc/bin/../lib/gcc/riscv-none-embed/8.2.0/rv32imacxw/ilp32\libgcc.a(fixunssfsi.o)
                0x0000000000008074                __fixunssfsi
 .text.__floatsisf
                0x00000000000080ca       0xc6 c:/mounriver/mounriver_studio/toolchain/risc-v embedded gcc/bin/../lib/gcc/riscv-none-embed/8.2.0/rv32imacxw/ilp32\libgcc.a(floatsisf.o)
                0x00000000000080ca                __floatsisf
 .text.__floatunsisf
                0x0000000000008190       0xce c:/mounriver/mounriver_studio/toolchain/risc-v embedded gcc/bin/../lib/gcc/riscv-none-embed/8.2.0/rv32imacxw/ilp32\libgcc.a(floatunsisf.o)
                0x0000000000008190                __floatunsisf
 .text.__extendsfdf2
                0x000000000000825e       0xac c:/mounriver/mounriver_studio/toolchain/risc-v embedded gcc/bin/../lib/gcc/riscv-none-embed/8.2.0/rv32imacxw/ilp32\libgcc.a(extendsfdf2.o)
                0x000000000000825e                __extendsfdf2
 .text.__truncdfsf2
                0x000000000000830a      0x16a c:/mounriver/mounriver_studio/toolchain/risc-v embedded gcc/bin/../lib/gcc/riscv-none-embed/8.2.0/rv32imacxw/ilp32\libgcc.a(truncdfsf2.o)
                0x000000000000830a                __truncdfsf2
 .text.__clzsi2
                0x0000000000008474       0x6e c:/mounriver/mounriver_studio/toolchain/risc-v embedded gcc/bin/../lib/gcc/riscv-none-embed/8.2.0/rv32imacxw/ilp32\libgcc.a(_clzsi2.o)
                0x0000000000008474                __clzsi2
 .text.__errno  0x00000000000084e2        0x8 c:/mounriver/mounriver_studio/toolchain/risc-v embedded gcc/bin/../lib/gcc/riscv-none-embed/8.2.0/../../../../riscv-none-embed/lib/rv32imacxw/ilp32\libg_nano.a(lib_a-errno.o)
                0x00000000000084e2                __errno
 .text.memcmp   0x00000000000084ea       0x24 c:/mounriver/mounriver_studio/toolchain/risc-v embedded gcc/bin/../lib/gcc/riscv-none-embed/8.2.0/../../../../riscv-none-embed/lib/rv32imacxw/ilp32\libg_nano.a(lib_a-memcmp.o)
                0x00000000000084ea                memcmp
 .text.memcpy   0x000000000000850e       0xb2 c:/mounriver/mounriver_studio/toolchain/risc-v embedded gcc/bin/../lib/gcc/riscv-none-embed/8.2.0/../../../../riscv-none-embed/lib/rv32imacxw/ilp32\libg_nano.a(lib_a-memcpy.o)
                0x000000000000850e                memcpy
 .text.printf   0x00000000000085c0       0x40 c:/mounriver/mounriver_studio/toolchain/risc-v embedded gcc/bin/../lib/gcc/riscv-none-embed/8.2.0/../../../../riscv-none-embed/lib/rv32imacxw/ilp32\libg_nano.a(lib_a-printf.o)
                0x00000000000085c0                iprintf
                0x00000000000085c0                printf
 .text._puts_r  0x0000000000008600       0xd4 c:/mounriver/mounriver_studio/toolchain/risc-v embedded gcc/bin/../lib/gcc/riscv-none-embed/8.2.0/../../../../riscv-none-embed/lib/rv32imacxw/ilp32\libg_nano.a(lib_a-puts.o)
                0x0000000000008600                _puts_r
 .text.puts     0x00000000000086d4        0xc c:/mounriver/mounriver_studio/toolchain/risc-v embedded gcc/bin/../lib/gcc/riscv-none-embed/8.2.0/../../../../riscv-none-embed/lib/rv32imacxw/ilp32\libg_nano.a(lib_a-puts.o)
                0x00000000000086d4                puts
 .text.__swbuf_r
                0x00000000000086e0       0xbc c:/mounriver/mounriver_studio/toolchain/risc-v embedded gcc/bin/../lib/gcc/riscv-none-embed/8.2.0/../../../../riscv-none-embed/lib/rv32imacxw/ilp32\libg_nano.a(lib_a-wbuf.o)
                0x00000000000086e0                __swbuf_r
 .text.__swsetup_r
                0x000000000000879c       0xfc c:/mounriver/mounriver_studio/toolchain/risc-v embedded gcc/bin/../lib/gcc/riscv-none-embed/8.2.0/../../../../riscv-none-embed/lib/rv32imacxw/ilp32\libg_nano.a(lib_a-wsetup.o)
                0x000000000000879c                __swsetup_r
 .text.__sflush_r
                0x0000000000008898      0x130 c:/mounriver/mounriver_studio/toolchain/risc-v embedded gcc/bin/../lib/gcc/riscv-none-embed/8.2.0/../../../../riscv-none-embed/lib/rv32imacxw/ilp32\libg_nano.a(lib_a-fflush.o)
                0x0000000000008898                __sflush_r
 .text._fflush_r
                0x00000000000089c8       0x66 c:/mounriver/mounriver_studio/toolchain/risc-v embedded gcc/bin/../lib/gcc/riscv-none-embed/8.2.0/../../../../riscv-none-embed/lib/rv32imacxw/ilp32\libg_nano.a(lib_a-fflush.o)
                0x00000000000089c8                _fflush_r
 .text.std      0x0000000000008a2e       0x66 c:/mounriver/mounriver_studio/toolchain/risc-v embedded gcc/bin/../lib/gcc/riscv-none-embed/8.2.0/../../../../riscv-none-embed/lib/rv32imacxw/ilp32\libg_nano.a(lib_a-findfp.o)
 .text._cleanup_r
                0x0000000000008a94        0xa c:/mounriver/mounriver_studio/toolchain/risc-v embedded gcc/bin/../lib/gcc/riscv-none-embed/8.2.0/../../../../riscv-none-embed/lib/rv32imacxw/ilp32\libg_nano.a(lib_a-findfp.o)
                0x0000000000008a94                _cleanup_r
 .text.__sfmoreglue
                0x0000000000008a9e       0x46 c:/mounriver/mounriver_studio/toolchain/risc-v embedded gcc/bin/../lib/gcc/riscv-none-embed/8.2.0/../../../../riscv-none-embed/lib/rv32imacxw/ilp32\libg_nano.a(lib_a-findfp.o)
                0x0000000000008a9e                __sfmoreglue
 .text.__sinit  0x0000000000008ae4       0x6c c:/mounriver/mounriver_studio/toolchain/risc-v embedded gcc/bin/../lib/gcc/riscv-none-embed/8.2.0/../../../../riscv-none-embed/lib/rv32imacxw/ilp32\libg_nano.a(lib_a-findfp.o)
                0x0000000000008ae4                __sinit
 .text.__sfp    0x0000000000008b50       0xa0 c:/mounriver/mounriver_studio/toolchain/risc-v embedded gcc/bin/../lib/gcc/riscv-none-embed/8.2.0/../../../../riscv-none-embed/lib/rv32imacxw/ilp32\libg_nano.a(lib_a-findfp.o)
                0x0000000000008b50                __sfp
 .text._fwalk_reent
                0x0000000000008bf0       0x6a c:/mounriver/mounriver_studio/toolchain/risc-v embedded gcc/bin/../lib/gcc/riscv-none-embed/8.2.0/../../../../riscv-none-embed/lib/rv32imacxw/ilp32\libg_nano.a(lib_a-fwalk.o)
                0x0000000000008bf0                _fwalk_reent
 .text.__swhatbuf_r
                0x0000000000008c5a       0x58 c:/mounriver/mounriver_studio/toolchain/risc-v embedded gcc/bin/../lib/gcc/riscv-none-embed/8.2.0/../../../../riscv-none-embed/lib/rv32imacxw/ilp32\libg_nano.a(lib_a-makebuf.o)
                0x0000000000008c5a                __swhatbuf_r
 .text.__smakebuf_r
                0x0000000000008cb2       0x92 c:/mounriver/mounriver_studio/toolchain/risc-v embedded gcc/bin/../lib/gcc/riscv-none-embed/8.2.0/../../../../riscv-none-embed/lib/rv32imacxw/ilp32\libg_nano.a(lib_a-makebuf.o)
                0x0000000000008cb2                __smakebuf_r
 .text._free_r  0x0000000000008d44       0xb0 c:/mounriver/mounriver_studio/toolchain/risc-v embedded gcc/bin/../lib/gcc/riscv-none-embed/8.2.0/../../../../riscv-none-embed/lib/rv32imacxw/ilp32\libg_nano.a(lib_a-nano-freer.o)
                0x0000000000008d44                _free_r
 .text._malloc_r
                0x0000000000008df4       0xe4 c:/mounriver/mounriver_studio/toolchain/risc-v embedded gcc/bin/../lib/gcc/riscv-none-embed/8.2.0/../../../../riscv-none-embed/lib/rv32imacxw/ilp32\libg_nano.a(lib_a-nano-mallocr.o)
                0x0000000000008df4                _malloc_r
 .text.__sfputc_r
                0x0000000000008ed8       0x28 c:/mounriver/mounriver_studio/toolchain/risc-v embedded gcc/bin/../lib/gcc/riscv-none-embed/8.2.0/../../../../riscv-none-embed/lib/rv32imacxw/ilp32\libg_nano.a(lib_a-nano-vfprintf.o)
 .text.__sfputs_r
                0x0000000000008f00       0x42 c:/mounriver/mounriver_studio/toolchain/risc-v embedded gcc/bin/../lib/gcc/riscv-none-embed/8.2.0/../../../../riscv-none-embed/lib/rv32imacxw/ilp32\libg_nano.a(lib_a-nano-vfprintf.o)
                0x0000000000008f00                __sfputs_r
 .text._vfprintf_r
                0x0000000000008f42      0x288 c:/mounriver/mounriver_studio/toolchain/risc-v embedded gcc/bin/../lib/gcc/riscv-none-embed/8.2.0/../../../../riscv-none-embed/lib/rv32imacxw/ilp32\libg_nano.a(lib_a-nano-vfprintf.o)
                0x0000000000008f42                _vfprintf_r
                0x0000000000008f42                _vfiprintf_r
 .text._printf_common
                0x00000000000091ca      0x10c c:/mounriver/mounriver_studio/toolchain/risc-v embedded gcc/bin/../lib/gcc/riscv-none-embed/8.2.0/../../../../riscv-none-embed/lib/rv32imacxw/ilp32\libg_nano.a(lib_a-nano-vfprintf_i.o)
                0x00000000000091ca                _printf_common
 .text._printf_i
                0x00000000000092d6      0x2a2 c:/mounriver/mounriver_studio/toolchain/risc-v embedded gcc/bin/../lib/gcc/riscv-none-embed/8.2.0/../../../../riscv-none-embed/lib/rv32imacxw/ilp32\libg_nano.a(lib_a-nano-vfprintf_i.o)
                0x00000000000092d6                _printf_i
 .text._sbrk_r  0x0000000000009578       0x2a c:/mounriver/mounriver_studio/toolchain/risc-v embedded gcc/bin/../lib/gcc/riscv-none-embed/8.2.0/../../../../riscv-none-embed/lib/rv32imacxw/ilp32\libg_nano.a(lib_a-sbrkr.o)
                0x0000000000009578                _sbrk_r
 .text.__sread  0x00000000000095a2       0x2c c:/mounriver/mounriver_studio/toolchain/risc-v embedded gcc/bin/../lib/gcc/riscv-none-embed/8.2.0/../../../../riscv-none-embed/lib/rv32imacxw/ilp32\libg_nano.a(lib_a-stdio.o)
                0x00000000000095a2                __sread
 .text.__swrite
                0x00000000000095ce       0x48 c:/mounriver/mounriver_studio/toolchain/risc-v embedded gcc/bin/../lib/gcc/riscv-none-embed/8.2.0/../../../../riscv-none-embed/lib/rv32imacxw/ilp32\libg_nano.a(lib_a-stdio.o)
                0x00000000000095ce                __swrite
 .text.__sseek  0x0000000000009616       0x30 c:/mounriver/mounriver_studio/toolchain/risc-v embedded gcc/bin/../lib/gcc/riscv-none-embed/8.2.0/../../../../riscv-none-embed/lib/rv32imacxw/ilp32\libg_nano.a(lib_a-stdio.o)
                0x0000000000009616                __sseek
 .text.__sclose
                0x0000000000009646        0x6 c:/mounriver/mounriver_studio/toolchain/risc-v embedded gcc/bin/../lib/gcc/riscv-none-embed/8.2.0/../../../../riscv-none-embed/lib/rv32imacxw/ilp32\libg_nano.a(lib_a-stdio.o)
                0x0000000000009646                __sclose
 .text._write_r
                0x000000000000964c       0x2e c:/mounriver/mounriver_studio/toolchain/risc-v embedded gcc/bin/../lib/gcc/riscv-none-embed/8.2.0/../../../../riscv-none-embed/lib/rv32imacxw/ilp32\libg_nano.a(lib_a-writer.o)
                0x000000000000964c                _write_r
 .text._close_r
                0x000000000000967a       0x28 c:/mounriver/mounriver_studio/toolchain/risc-v embedded gcc/bin/../lib/gcc/riscv-none-embed/8.2.0/../../../../riscv-none-embed/lib/rv32imacxw/ilp32\libg_nano.a(lib_a-closer.o)
                0x000000000000967a                _close_r
 .text._fstat_r
                0x00000000000096a2       0x2a c:/mounriver/mounriver_studio/toolchain/risc-v embedded gcc/bin/../lib/gcc/riscv-none-embed/8.2.0/../../../../riscv-none-embed/lib/rv32imacxw/ilp32\libg_nano.a(lib_a-fstatr.o)
                0x00000000000096a2                _fstat_r
 .text._isatty_r
                0x00000000000096cc       0x28 c:/mounriver/mounriver_studio/toolchain/risc-v embedded gcc/bin/../lib/gcc/riscv-none-embed/8.2.0/../../../../riscv-none-embed/lib/rv32imacxw/ilp32\libg_nano.a(lib_a-isattyr.o)
                0x00000000000096cc                _isatty_r
 .text._lseek_r
                0x00000000000096f4       0x2c c:/mounriver/mounriver_studio/toolchain/risc-v embedded gcc/bin/../lib/gcc/riscv-none-embed/8.2.0/../../../../riscv-none-embed/lib/rv32imacxw/ilp32\libg_nano.a(lib_a-lseekr.o)
                0x00000000000096f4                _lseek_r
 .text.memchr   0x0000000000009720       0x18 c:/mounriver/mounriver_studio/toolchain/risc-v embedded gcc/bin/../lib/gcc/riscv-none-embed/8.2.0/../../../../riscv-none-embed/lib/rv32imacxw/ilp32\libg_nano.a(lib_a-memchr.o)
                0x0000000000009720                memchr
 .text.__malloc_lock
                0x0000000000009738        0x2 c:/mounriver/mounriver_studio/toolchain/risc-v embedded gcc/bin/../lib/gcc/riscv-none-embed/8.2.0/../../../../riscv-none-embed/lib/rv32imacxw/ilp32\libg_nano.a(lib_a-mlock.o)
                0x0000000000009738                __malloc_lock
 .text.__malloc_unlock
                0x000000000000973a        0x2 c:/mounriver/mounriver_studio/toolchain/risc-v embedded gcc/bin/../lib/gcc/riscv-none-embed/8.2.0/../../../../riscv-none-embed/lib/rv32imacxw/ilp32\libg_nano.a(lib_a-mlock.o)
                0x000000000000973a                __malloc_unlock
 .text._read_r  0x000000000000973c       0x2c c:/mounriver/mounriver_studio/toolchain/risc-v embedded gcc/bin/../lib/gcc/riscv-none-embed/8.2.0/../../../../riscv-none-embed/lib/rv32imacxw/ilp32\libg_nano.a(lib_a-readr.o)
                0x000000000000973c                _read_r
 .text._close   0x0000000000009768        0xc c:/mounriver/mounriver_studio/toolchain/risc-v embedded gcc/bin/../lib/gcc/riscv-none-embed/8.2.0/../../../../riscv-none-embed/lib/rv32imacxw/ilp32\libnosys.a(close.o)
                0x0000000000009768                _close
 .text._fstat   0x0000000000009774        0xc c:/mounriver/mounriver_studio/toolchain/risc-v embedded gcc/bin/../lib/gcc/riscv-none-embed/8.2.0/../../../../riscv-none-embed/lib/rv32imacxw/ilp32\libnosys.a(fstat.o)
                0x0000000000009774                _fstat
 .text._isatty  0x0000000000009780        0xc c:/mounriver/mounriver_studio/toolchain/risc-v embedded gcc/bin/../lib/gcc/riscv-none-embed/8.2.0/../../../../riscv-none-embed/lib/rv32imacxw/ilp32\libnosys.a(isatty.o)
                0x0000000000009780                _isatty
 .text._lseek   0x000000000000978c        0xc c:/mounriver/mounriver_studio/toolchain/risc-v embedded gcc/bin/../lib/gcc/riscv-none-embed/8.2.0/../../../../riscv-none-embed/lib/rv32imacxw/ilp32\libnosys.a(lseek.o)
                0x000000000000978c                _lseek
 .text._read    0x0000000000009798        0xc c:/mounriver/mounriver_studio/toolchain/risc-v embedded gcc/bin/../lib/gcc/riscv-none-embed/8.2.0/../../../../riscv-none-embed/lib/rv32imacxw/ilp32\libnosys.a(read.o)
                0x0000000000009798                _read
 *(.rodata)
 *fill*         0x00000000000097a4        0x0 
 .rodata        0x00000000000097a4       0x2f ./General_Files/eMPL/inv_mpu_dmp_motion_driver.o
 *(.rodata*)
 *fill*         0x00000000000097d3        0x1 
 .rodata.Motor_sort_start.cst4
                0x00000000000097d4        0x8 ./User/main.o
 .rodata.Motor_sort_start.str1.4
                0x00000000000097dc       0x21 ./User/main.o
 *fill*         0x00000000000097fd        0x3 
 .rodata.main.str1.4
                0x0000000000009800       0x28 ./User/main.o
 .rodata.mpu_get_lpf
                0x0000000000009828       0x18 ./General_Files/eMPL/inv_mpu.o
 .rodata.hw     0x0000000000009840        0xc ./General_Files/eMPL/inv_mpu.o
                0x0000000000009840                hw
 .rodata.mpu_dmp_get_data.cst4
                0x000000000000984c        0x8 ./General_Files/eMPL/inv_mpu.o
 *fill*         0x0000000000009854        0x4 
 .rodata.mpu_dmp_get_data.cst8
                0x0000000000009858        0x8 ./General_Files/eMPL/inv_mpu.o
 .rodata.mpu_dmp_init.str1.4
                0x0000000000009860       0x12 ./General_Files/eMPL/inv_mpu.o
 *fill*         0x0000000000009872        0x2 
 .rodata.mpu_get_gyro_sens.cst4
                0x0000000000009874       0x10 ./General_Files/eMPL/inv_mpu.o
 .rodata.mpu_init.str1.4
                0x0000000000009884       0x91 ./General_Files/eMPL/inv_mpu.o
 *fill*         0x0000000000009915        0x3 
 .rodata.mpu_run_self_test.cst4
                0x0000000000009918       0x30 ./General_Files/eMPL/inv_mpu.o
 .rodata.reg    0x0000000000009948       0x1b ./General_Files/eMPL/inv_mpu.o
                0x0000000000009948                reg
 *fill*         0x0000000000009963        0x1 
 .rodata.test   0x0000000000009964       0x28 ./General_Files/eMPL/inv_mpu.o
                0x0000000000009964                test
 .rodata.dmp_memory
                0x000000000000998c      0xbf6 ./General_Files/eMPL/inv_mpu_dmp_motion_driver.o
 *fill*         0x000000000000a582        0x2 
 .rodata.dmp_set_tap_thresh.cst4
                0x000000000000a584       0x24 ./General_Files/eMPL/inv_mpu_dmp_motion_driver.o
 .rodata.MPU6050_Init.str1.4
                0x000000000000a5a8       0x1b ./General_Files/drivers/MPU6050.o
 *fill*         0x000000000000a5c3        0x1 
 .rodata.BAT_ADC_Init.str1.4
                0x000000000000a5c4       0x16 ./General_Files/drivers/adc.o
 *fill*         0x000000000000a5da        0x2 
 .rodata.FilterAverage.cst4
                0x000000000000a5dc        0x4 ./General_Files/drivers/bsp_filter.o
 .rodata.print_status.str1.4
                0x000000000000a5e0      0x167 ./General_Files/drivers/uart.o
 *fill*         0x000000000000a747        0x1 
 .rodata.ELRS_Convert_angle.cst8
                0x000000000000a748        0x8 ./General_Files/apps/src/control.o
 .rodata.ELRS_Convert_throttle.cst8
                0x000000000000a750       0x10 ./General_Files/apps/src/control.o
 .rodata.PIDSTRUCT_Init.cst4
                0x000000000000a760       0x4c ./General_Files/apps/src/control.o
                                         0x50 (size before relaxing)
 .rodata.Roll_innerloop_ctr.cst4
                0x000000000000a7ac        0x4 ./General_Files/apps/src/control.o
 .rodata.System_Init.str1.4
                0x000000000000a7b0       0x11 ./General_Files/system.o
 *fill*         0x000000000000a7c1        0x3 
 .rodata.prvTaskIsTaskSuspended.str1.4
                0x000000000000a7c4       0x35 ./FreeRTOS/tasks.o
 .rodata.asinf.cst4
                0x000000000000a7f9        0x4 c:/mounriver/mounriver_studio/toolchain/risc-v embedded gcc/bin/../lib/gcc/riscv-none-embed/8.2.0/../../../../riscv-none-embed/lib/rv32imacxw/ilp32\libm.a(lib_a-wf_asin.o)
 *fill*         0x000000000000a7f9        0x3 
 .rodata.asinf.str1.4
                0x000000000000a7fc        0x6 c:/mounriver/mounriver_studio/toolchain/risc-v embedded gcc/bin/../lib/gcc/riscv-none-embed/8.2.0/../../../../riscv-none-embed/lib/rv32imacxw/ilp32\libm.a(lib_a-wf_asin.o)
                                          0x9 (size before relaxing)
 *fill*         0x000000000000a802        0x2 
 .rodata.__ieee754_asinf.cst4
                0x000000000000a804       0x3c c:/mounriver/mounriver_studio/toolchain/risc-v embedded gcc/bin/../lib/gcc/riscv-none-embed/8.2.0/../../../../riscv-none-embed/lib/rv32imacxw/ilp32\libm.a(lib_a-ef_asin.o)
                                         0x44 (size before relaxing)
 .rodata.__ieee754_atan2f.cst4
                0x000000000000a840       0x20 c:/mounriver/mounriver_studio/toolchain/risc-v embedded gcc/bin/../lib/gcc/riscv-none-embed/8.2.0/../../../../riscv-none-embed/lib/rv32imacxw/ilp32\libm.a(lib_a-ef_atan2.o)
                                         0x28 (size before relaxing)
 .rodata.nan.cst8
                0x000000000000a860        0x8 c:/mounriver/mounriver_studio/toolchain/risc-v embedded gcc/bin/../lib/gcc/riscv-none-embed/8.2.0/../../../../riscv-none-embed/lib/rv32imacxw/ilp32\libm.a(lib_a-s_nan.o)
 .rodata.atanf.cst4
                0x000000000000a868       0x38 c:/mounriver/mounriver_studio/toolchain/risc-v embedded gcc/bin/../lib/gcc/riscv-none-embed/8.2.0/../../../../riscv-none-embed/lib/rv32imacxw/ilp32\libm.a(lib_a-sf_atan.o)
                                         0x48 (size before relaxing)
 .rodata.atanhi
                0x000000000000a8a0       0x10 c:/mounriver/mounriver_studio/toolchain/risc-v embedded gcc/bin/../lib/gcc/riscv-none-embed/8.2.0/../../../../riscv-none-embed/lib/rv32imacxw/ilp32\libm.a(lib_a-sf_atan.o)
 .rodata.atanlo
                0x000000000000a8b0       0x10 c:/mounriver/mounriver_studio/toolchain/risc-v embedded gcc/bin/../lib/gcc/riscv-none-embed/8.2.0/../../../../riscv-none-embed/lib/rv32imacxw/ilp32\libm.a(lib_a-sf_atan.o)
 .rodata.__muldf3
                0x000000000000a8c0       0x40 c:/mounriver/mounriver_studio/toolchain/risc-v embedded gcc/bin/../lib/gcc/riscv-none-embed/8.2.0/rv32imacxw/ilp32\libgcc.a(muldf3.o)
 .rodata.__divsf3
                0x000000000000a900       0x80 c:/mounriver/mounriver_studio/toolchain/risc-v embedded gcc/bin/../lib/gcc/riscv-none-embed/8.2.0/rv32imacxw/ilp32\libgcc.a(divsf3.o)
 .rodata.__mulsf3
                0x000000000000a980       0x40 c:/mounriver/mounriver_studio/toolchain/risc-v embedded gcc/bin/../lib/gcc/riscv-none-embed/8.2.0/rv32imacxw/ilp32\libgcc.a(mulsf3.o)
 .rodata.__clz_tab
                0x000000000000a9c0      0x100 c:/mounriver/mounriver_studio/toolchain/risc-v embedded gcc/bin/../lib/gcc/riscv-none-embed/8.2.0/rv32imacxw/ilp32\libgcc.a(_clz.o)
                0x000000000000a9c0                __clz_tab
 .rodata.__sf_fake_stderr
                0x000000000000aac0       0x20 c:/mounriver/mounriver_studio/toolchain/risc-v embedded gcc/bin/../lib/gcc/riscv-none-embed/8.2.0/../../../../riscv-none-embed/lib/rv32imacxw/ilp32\libg_nano.a(lib_a-findfp.o)
                0x000000000000aac0                __sf_fake_stderr
 .rodata.__sf_fake_stdin
                0x000000000000aae0       0x20 c:/mounriver/mounriver_studio/toolchain/risc-v embedded gcc/bin/../lib/gcc/riscv-none-embed/8.2.0/../../../../riscv-none-embed/lib/rv32imacxw/ilp32\libg_nano.a(lib_a-findfp.o)
                0x000000000000aae0                __sf_fake_stdin
 .rodata.__sf_fake_stdout
                0x000000000000ab00       0x20 c:/mounriver/mounriver_studio/toolchain/risc-v embedded gcc/bin/../lib/gcc/riscv-none-embed/8.2.0/../../../../riscv-none-embed/lib/rv32imacxw/ilp32\libg_nano.a(lib_a-findfp.o)
                0x000000000000ab00                __sf_fake_stdout
 .rodata._vfprintf_r.str1.4
                0x000000000000ab20       0x13 c:/mounriver/mounriver_studio/toolchain/risc-v embedded gcc/bin/../lib/gcc/riscv-none-embed/8.2.0/../../../../riscv-none-embed/lib/rv32imacxw/ilp32\libg_nano.a(lib_a-nano-vfprintf.o)
 *fill*         0x000000000000ab33        0x1 
 .rodata._printf_i.str1.4
                0x000000000000ab34       0x28 c:/mounriver/mounriver_studio/toolchain/risc-v embedded gcc/bin/../lib/gcc/riscv-none-embed/8.2.0/../../../../riscv-none-embed/lib/rv32imacxw/ilp32\libg_nano.a(lib_a-nano-vfprintf_i.o)
                                         0x25 (size before relaxing)
 *(.gnu.linkonce.t.*)
                0x000000000000ab5c                . = ALIGN (0x4)

.rela.dyn       0x000000000000ab5c        0x0
 .rela.init     0x000000000000ab5c        0x0 ./User/ch32v30x_it.o
 .rela.vector   0x000000000000ab5c        0x0 ./User/ch32v30x_it.o
 .rela.text.handle_reset
                0x000000000000ab5c        0x0 ./User/ch32v30x_it.o
 .rela.sdata2.xISRStackTop
                0x000000000000ab5c        0x0 ./User/ch32v30x_it.o
 .rela.text._sbrk
                0x000000000000ab5c        0x0 ./User/ch32v30x_it.o
 .rela.sdata.curbrk.5265
                0x000000000000ab5c        0x0 ./User/ch32v30x_it.o
 .rela.text._vfprintf_r
                0x000000000000ab5c        0x0 ./User/ch32v30x_it.o
 .rela.text._sbrk_r
                0x000000000000ab5c        0x0 ./User/ch32v30x_it.o
 .rela.text._write_r
                0x000000000000ab5c        0x0 ./User/ch32v30x_it.o
 .rela.text._close_r
                0x000000000000ab5c        0x0 ./User/ch32v30x_it.o
 .rela.text._fstat_r
                0x000000000000ab5c        0x0 ./User/ch32v30x_it.o
 .rela.text._isatty_r
                0x000000000000ab5c        0x0 ./User/ch32v30x_it.o
 .rela.text._lseek_r
                0x000000000000ab5c        0x0 ./User/ch32v30x_it.o
 .rela.text._read_r
                0x000000000000ab5c        0x0 ./User/ch32v30x_it.o
 .rela.text._close
                0x000000000000ab5c        0x0 ./User/ch32v30x_it.o
 .rela.text._fstat
                0x000000000000ab5c        0x0 ./User/ch32v30x_it.o
 .rela.text._isatty
                0x000000000000ab5c        0x0 ./User/ch32v30x_it.o
 .rela.text._lseek
                0x000000000000ab5c        0x0 ./User/ch32v30x_it.o
 .rela.text._read
                0x000000000000ab5c        0x0 ./User/ch32v30x_it.o

.fini           0x000000000000ab5c        0x0
 *(SORT_NONE(.fini))
                0x000000000000ab5c                . = ALIGN (0x4)
                [!provide]                        PROVIDE (_etext = .)
                [!provide]                        PROVIDE (_eitcm = .)

.preinit_array  0x000000000000ab5c        0x0
                [!provide]                        PROVIDE (__preinit_array_start = .)
 *(.preinit_array)
                [!provide]                        PROVIDE (__preinit_array_end = .)

.init_array     0x000000000000ab5c        0x0
                [!provide]                        PROVIDE (__init_array_start = .)
 *(SORT_BY_INIT_PRIORITY(.init_array.*) SORT_BY_INIT_PRIORITY(.ctors.*))
 *(.init_array EXCLUDE_FILE(*crtend?.o *crtend.o *crtbegin?.o *crtbegin.o) .ctors)
                [!provide]                        PROVIDE (__init_array_end = .)

.fini_array     0x000000000000ab5c        0x0
                [!provide]                        PROVIDE (__fini_array_start = .)
 *(SORT_BY_INIT_PRIORITY(.fini_array.*) SORT_BY_INIT_PRIORITY(.dtors.*))
 *(.fini_array EXCLUDE_FILE(*crtend?.o *crtend.o *crtbegin?.o *crtbegin.o) .dtors)
                [!provide]                        PROVIDE (__fini_array_end = .)

.ctors
 *crtbegin.o(.ctors)
 *crtbegin?.o(.ctors)
 *(EXCLUDE_FILE(*crtend?.o *crtend.o) .ctors)
 *(SORT_BY_NAME(.ctors.*))
 *(.ctors)

.dtors
 *crtbegin.o(.dtors)
 *crtbegin?.o(.dtors)
 *(EXCLUDE_FILE(*crtend?.o *crtend.o) .dtors)
 *(SORT_BY_NAME(.dtors.*))
 *(.dtors)

.dalign         0x0000000020000000        0x0 load address 0x000000000000ab5c
                0x0000000020000000                . = ALIGN (0x4)
                0x0000000020000000                PROVIDE (_data_vma = .)

.dlalign        0x000000000000ab5c        0x0
                0x000000000000ab5c                . = ALIGN (0x4)
                0x000000000000ab5c                PROVIDE (_data_lma = .)

.data           0x0000000020000000      0x100 load address 0x000000000000ab5c
 *(.gnu.linkonce.r.*)
 *(.data .data.*)
 .data.APBAHBPrescTable
                0x0000000020000000       0x10 ./Peripheral/src/ch32v30x_rcc.o
 .data.gyro_orientation
                0x0000000020000010        0x9 ./General_Files/eMPL/inv_mpu.o
 *fill*         0x0000000020000019        0x3 
 .data.st       0x000000002000001c       0x2c ./General_Files/eMPL/inv_mpu.o
 .data.Motor_pos
                0x0000000020000048       0x10 ./General_Files/drivers/pwm.o
                0x0000000020000048                Motor_pos
 .data.pid_func
                0x0000000020000058       0x10 ./General_Files/apps/src/pid.o
                0x0000000020000058                pid_func
 .data.impure_data
                0x0000000020000068       0x60 c:/mounriver/mounriver_studio/toolchain/risc-v embedded gcc/bin/../lib/gcc/riscv-none-embed/8.2.0/../../../../riscv-none-embed/lib/rv32imacxw/ilp32\libg_nano.a(lib_a-impure.o)
 *(.gnu.linkonce.d.*)
                0x00000000200000c8                . = ALIGN (0x8)
                0x00000000200008c8                PROVIDE (__global_pointer$ = (. + 0x800))
 *(.sdata .sdata.*)
 .sdata.Motor_speed_set
                0x00000000200000c8        0x4 ./User/main.o
                0x00000000200000c8                Motor_speed_set
 .sdata.last_RC_lock_state
                0x00000000200000cc        0x4 ./User/main.o
                0x00000000200000cc                last_RC_lock_state
 .sdata.SystemCoreClock
                0x00000000200000d0        0x4 ./User/system_ch32v30x.o
                0x00000000200000d0                SystemCoreClock
 .sdata.ADCPrescTable
                0x00000000200000d4        0x4 ./Peripheral/src/ch32v30x_rcc.o
 .sdata.bmp280  0x00000000200000d8        0x4 ./General_Files/drivers/BMP280.o
                0x00000000200000d8                bmp280
 .sdata.CONTROL_MODE
                0x00000000200000dc        0x4 ./General_Files/apps/src/control.o
                0x00000000200000dc                CONTROL_MODE
 .sdata.MOTOR_MODE
                0x00000000200000e0        0x4 ./General_Files/apps/src/control.o
                0x00000000200000e0                MOTOR_MODE
 .sdata.flight_mode
                0x00000000200000e4        0x1 ./General_Files/apps/src/control.o
                0x00000000200000e4                flight_mode
 .sdata.is_locked
                0x00000000200000e5        0x1 ./General_Files/apps/src/control.o
                0x00000000200000e5                is_locked
 *fill*         0x00000000200000e6        0x2 
 .sdata.curbrk.5265
                0x00000000200000e8        0x4 ./Debug/debug.o
 .sdata.__fdlib_version
                0x00000000200000ec        0x4 c:/mounriver/mounriver_studio/toolchain/risc-v embedded gcc/bin/../lib/gcc/riscv-none-embed/8.2.0/../../../../riscv-none-embed/lib/rv32imacxw/ilp32\libm.a(lib_a-s_lib_ver.o)
                0x00000000200000ec                __fdlib_version
 .sdata._impure_ptr
                0x00000000200000f0        0x4 c:/mounriver/mounriver_studio/toolchain/risc-v embedded gcc/bin/../lib/gcc/riscv-none-embed/8.2.0/../../../../riscv-none-embed/lib/rv32imacxw/ilp32\libg_nano.a(lib_a-impure.o)
                0x00000000200000f0                _impure_ptr
 *(.sdata2.*)
 .sdata2.xISRStackTop
                0x00000000200000f4        0x4 ./FreeRTOS/portable/GCC/RISC-V/port.o
                0x00000000200000f4                xISRStackTop
 .sdata2._global_impure_ptr
                0x00000000200000f8        0x4 c:/mounriver/mounriver_studio/toolchain/risc-v embedded gcc/bin/../lib/gcc/riscv-none-embed/8.2.0/../../../../riscv-none-embed/lib/rv32imacxw/ilp32\libg_nano.a(lib_a-impure.o)
                0x00000000200000f8                _global_impure_ptr
 *(.gnu.linkonce.s.*)
                0x0000000020000100                . = ALIGN (0x8)
 *fill*         0x00000000200000fc        0x4 
 *(.srodata.cst16)
 *(.srodata.cst8)
 *(.srodata.cst4)
 *(.srodata.cst2)
 *(.srodata .srodata.*)
                0x0000000020000100                . = ALIGN (0x4)
                0x0000000020000100                PROVIDE (_edata = .)

.bss            0x0000000020000100      0x590 load address 0x000000000000ac5c
                0x0000000020000100                . = ALIGN (0x4)
                0x0000000020000100                PROVIDE (_sbss = .)
 *(.sbss*)
 .sbss.NVIC_Priority_Group
                0x0000000020000100        0x4 ./Peripheral/src/ch32v30x_misc.o
                0x0000000020000100                NVIC_Priority_Group
 .sbss.Calibrattion_Val
                0x0000000020000104        0x2 ./General_Files/drivers/adc.o
                0x0000000020000104                Calibrattion_Val
 *fill*         0x0000000020000106        0x2 
 .sbss.TxBuf    0x0000000020000108        0x2 ./General_Files/drivers/adc.o
                0x0000000020000108                TxBuf
 .sbss.RxBuf_Index
                0x000000002000010a        0x1 ./General_Files/apps/src/CRSF.o
                0x000000002000010a                RxBuf_Index
 *fill*         0x000000002000010b        0x1 
 .sbss.Mech_zero_yaw
                0x000000002000010c        0x4 ./General_Files/apps/src/control.o
                0x000000002000010c                Mech_zero_yaw
 .sbss.PWM_Out1
                0x0000000020000110        0x2 ./General_Files/apps/src/control.o
                0x0000000020000110                PWM_Out1
 .sbss.PWM_Out2
                0x0000000020000112        0x2 ./General_Files/apps/src/control.o
                0x0000000020000112                PWM_Out2
 .sbss.PWM_Out3
                0x0000000020000114        0x2 ./General_Files/apps/src/control.o
                0x0000000020000114                PWM_Out3
 .sbss.PWM_Out4
                0x0000000020000116        0x2 ./General_Files/apps/src/control.o
                0x0000000020000116                PWM_Out4
 .sbss.Pitch    0x0000000020000118        0x4 ./General_Files/apps/src/control.o
                0x0000000020000118                Pitch
 .sbss.Roll     0x000000002000011c        0x4 ./General_Files/apps/src/control.o
                0x000000002000011c                Roll
 .sbss.Throttle
                0x0000000020000120        0x2 ./General_Files/apps/src/control.o
                0x0000000020000120                Throttle
 *fill*         0x0000000020000122        0x2 
 .sbss.Yaw      0x0000000020000124        0x4 ./General_Files/apps/src/control.o
                0x0000000020000124                Yaw
 .sbss.pxCurrentTCB
                0x0000000020000128        0x4 ./FreeRTOS/tasks.o
                0x0000000020000128                pxCurrentTCB
 .sbss.pxDelayedTaskList
                0x000000002000012c        0x4 ./FreeRTOS/tasks.o
 .sbss.pxOverflowDelayedTaskList
                0x0000000020000130        0x4 ./FreeRTOS/tasks.o
 .sbss.uxSchedulerSuspended
                0x0000000020000134        0x4 ./FreeRTOS/tasks.o
 .sbss.uxTopReadyPriority
                0x0000000020000138        0x4 ./FreeRTOS/tasks.o
 .sbss.xNextTaskUnblockTime
                0x000000002000013c        0x4 ./FreeRTOS/tasks.o
 .sbss.xNumOfOverflows
                0x0000000020000140        0x4 ./FreeRTOS/tasks.o
 .sbss.xPendedTicks
                0x0000000020000144        0x4 ./FreeRTOS/tasks.o
 .sbss.xTickCount
                0x0000000020000148        0x4 ./FreeRTOS/tasks.o
 .sbss.xYieldPending
                0x000000002000014c        0x4 ./FreeRTOS/tasks.o
 .sbss.p_ms     0x0000000020000150        0x2 ./Debug/debug.o
 .sbss.p_us     0x0000000020000152        0x1 ./Debug/debug.o
 *fill*         0x0000000020000153        0x1 
 .sbss.__malloc_free_list
                0x0000000020000154        0x4 c:/mounriver/mounriver_studio/toolchain/risc-v embedded gcc/bin/../lib/gcc/riscv-none-embed/8.2.0/../../../../riscv-none-embed/lib/rv32imacxw/ilp32\libg_nano.a(lib_a-nano-mallocr.o)
                0x0000000020000154                __malloc_free_list
 .sbss.__malloc_sbrk_start
                0x0000000020000158        0x4 c:/mounriver/mounriver_studio/toolchain/risc-v embedded gcc/bin/../lib/gcc/riscv-none-embed/8.2.0/../../../../riscv-none-embed/lib/rv32imacxw/ilp32\libg_nano.a(lib_a-nano-mallocr.o)
                0x0000000020000158                __malloc_sbrk_start
 *(.gnu.linkonce.sb.*)
 *(.bss*)
 .bss.dmp       0x000000002000015c       0x10 ./General_Files/eMPL/inv_mpu_dmp_motion_driver.o
 .bss.bmp280_inst
                0x000000002000016c       0x18 ./General_Files/drivers/BMP280.o
                0x000000002000016c                bmp280_inst
 .bss.MPU6050_para
                0x0000000020000184       0x14 ./General_Files/drivers/MPU6050.o
                0x0000000020000184                MPU6050_para
 .bss.MPU6050_para_filted
                0x0000000020000198       0x14 ./General_Files/drivers/tim.o
                0x0000000020000198                MPU6050_para_filted
 .bss.gyro_filter
                0x00000000200001ac       0x48 ./General_Files/drivers/tim.o
                0x00000000200001ac                gyro_filter
 .bss._lut      0x00000000200001f4      0x100 ./General_Files/apps/src/CRC.o
                0x00000000200001f4                _lut
 .bss.CrsfChannels
                0x00000000200002f4       0x40 ./General_Files/apps/src/CRSF.o
                0x00000000200002f4                CrsfChannels
 .bss.LinkStatistics
                0x0000000020000334        0xa ./General_Files/apps/src/CRSF.o
                0x0000000020000334                LinkStatistics
 *fill*         0x000000002000033e        0x2 
 .bss.RxBuf     0x0000000020000340       0x40 ./General_Files/apps/src/CRSF.o
                0x0000000020000340                RxBuf
 .bss.PID_pitch_innerloop
                0x0000000020000380       0x50 ./General_Files/apps/src/control.o
                0x0000000020000380                PID_pitch_innerloop
 .bss.PID_pitch_outerloop
                0x00000000200003d0       0x50 ./General_Files/apps/src/control.o
                0x00000000200003d0                PID_pitch_outerloop
 .bss.PID_roll_innerloop
                0x0000000020000420       0x50 ./General_Files/apps/src/control.o
                0x0000000020000420                PID_roll_innerloop
 .bss.PID_roll_outerloop
                0x0000000020000470       0x50 ./General_Files/apps/src/control.o
                0x0000000020000470                PID_roll_outerloop
 .bss.PID_yaw_innerloop
                0x00000000200004c0       0x50 ./General_Files/apps/src/control.o
                0x00000000200004c0                PID_yaw_innerloop
 .bss.PID_yaw_outerloop
                0x0000000020000510       0x50 ./General_Files/apps/src/control.o
                0x0000000020000510                PID_yaw_outerloop
 .bss.pxReadyTasksLists
                0x0000000020000560      0x12c ./FreeRTOS/tasks.o
 *(.gnu.linkonce.b.*)
 *(COMMON*)
 COMMON         0x000000002000068c        0x4 c:/mounriver/mounriver_studio/toolchain/risc-v embedded gcc/bin/../lib/gcc/riscv-none-embed/8.2.0/../../../../riscv-none-embed/lib/rv32imacxw/ilp32\libg_nano.a(lib_a-reent.o)
                0x000000002000068c                errno
                0x0000000020000690                . = ALIGN (0x4)
                0x0000000020000690                PROVIDE (_ebss = .)
                0x0000000020000690                PROVIDE (_end = _ebss)
                [!provide]                        PROVIDE (end = .)

.stack          0x0000000020007800      0x800
                0x0000000020007800                PROVIDE (_heap_end = .)
                0x0000000020007800                . = ALIGN (0x4)
                [!provide]                        PROVIDE (_susrstack = .)
                0x0000000020008000                . = (. + __stack_size)
 *fill*         0x0000000020007800      0x800 
                0x0000000020008000                PROVIDE (_eusrstack = .)
                0x0000000020008000                __freertos_irq_stack_top = .
OUTPUT(FreeRTOS.elf elf32-littleriscv)

.debug_info     0x0000000000000000    0x26a04
 .debug_info    0x0000000000000000      0x962 ./User/ch32v30x_it.o
 .debug_info    0x0000000000000962      0xe70 ./User/main.o
 .debug_info    0x00000000000017d2      0xb99 ./User/system_ch32v30x.o
 .debug_info    0x000000000000236b       0x22 ./Startup/startup_ch32v30x_D8C.o
 .debug_info    0x000000000000238d     0x16e9 ./Peripheral/src/ch32v30x_adc.o
 .debug_info    0x0000000000003a76      0xd16 ./Peripheral/src/ch32v30x_dma.o
 .debug_info    0x000000000000478c     0x11cb ./Peripheral/src/ch32v30x_gpio.o
 .debug_info    0x0000000000005957     0x1481 ./Peripheral/src/ch32v30x_i2c.o
 .debug_info    0x0000000000006dd8      0xf60 ./Peripheral/src/ch32v30x_misc.o
 .debug_info    0x0000000000007d38     0x156e ./Peripheral/src/ch32v30x_rcc.o
 .debug_info    0x00000000000092a6     0x2a16 ./Peripheral/src/ch32v30x_tim.o
 .debug_info    0x000000000000bcbc     0x13b1 ./Peripheral/src/ch32v30x_usart.o
 .debug_info    0x000000000000d06d     0x4343 ./General_Files/eMPL/inv_mpu.o
 .debug_info    0x00000000000113b0     0x1b5b ./General_Files/eMPL/inv_mpu_dmp_motion_driver.o
 .debug_info    0x0000000000012f0b     0x13dd ./General_Files/drivers/BMP280.o
 .debug_info    0x00000000000142e8     0x1601 ./General_Files/drivers/MPU6050.o
 .debug_info    0x00000000000158e9      0xfb7 ./General_Files/drivers/MyI2C.o
 .debug_info    0x00000000000168a0     0x12e7 ./General_Files/drivers/adc.o
 .debug_info    0x0000000000017b87      0xc96 ./General_Files/drivers/bsp_filter.o
 .debug_info    0x000000000001881d      0xb5b ./General_Files/drivers/gpio.o
 .debug_info    0x0000000000019378     0x154c ./General_Files/drivers/pwm.o
 .debug_info    0x000000000001a8c4     0x179d ./General_Files/drivers/tim.o
 .debug_info    0x000000000001c061     0x188a ./General_Files/drivers/uart.o
 .debug_info    0x000000000001d8eb      0x15e ./General_Files/apps/src/CRC.o
 .debug_info    0x000000000001da49      0xef3 ./General_Files/apps/src/CRSF.o
 .debug_info    0x000000000001e93c     0x129f ./General_Files/apps/src/control.o
 .debug_info    0x000000000001fbdb      0x275 ./General_Files/apps/src/pid.o
 .debug_info    0x000000000001fe50      0xe6c ./General_Files/system.o
 .debug_info    0x0000000000020cbc     0x1169 ./FreeRTOS/portable/GCC/RISC-V/port.o
 .debug_info    0x0000000000021e25       0x26 ./FreeRTOS/portable/GCC/RISC-V/portASM.o
 .debug_info    0x0000000000021e4b     0x3c8b ./FreeRTOS/tasks.o
 .debug_info    0x0000000000025ad6      0xf2e ./Debug/debug.o

.debug_abbrev   0x0000000000000000     0x5c58
 .debug_abbrev  0x0000000000000000      0x1cf ./User/ch32v30x_it.o
 .debug_abbrev  0x00000000000001cf      0x29a ./User/main.o