Archive member included to satisfy reference by file (symbol)

d:/mounriver/mounriver_studio/toolchain/risc-v embedded gcc/bin/../lib/gcc/riscv-none-embed/8.2.0/../../../../riscv-none-embed/lib/rv32imacxw/ilp32\libm.a(lib_a-wf_asin.o)
                              ./General_Files/eMPL/inv_mpu.o (asinf)
d:/mounriver/mounriver_studio/toolchain/risc-v embedded gcc/bin/../lib/gcc/riscv-none-embed/8.2.0/../../../../riscv-none-embed/lib/rv32imacxw/ilp32\libm.a(lib_a-wf_atan2.o)
                              ./General_Files/eMPL/inv_mpu.o (atan2f)
d:/mounriver/mounriver_studio/toolchain/risc-v embedded gcc/bin/../lib/gcc/riscv-none-embed/8.2.0/../../../../riscv-none-embed/lib/rv32imacxw/ilp32\libm.a(lib_a-ef_asin.o)
                              d:/mounriver/mounriver_studio/toolchain/risc-v embedded gcc/bin/../lib/gcc/riscv-none-embed/8.2.0/../../../../riscv-none-embed/lib/rv32imacxw/ilp32\libm.a(lib_a-wf_asin.o) (__ieee754_asinf)
d:/mounriver/mounriver_studio/toolchain/risc-v embedded gcc/bin/../lib/gcc/riscv-none-embed/8.2.0/../../../../riscv-none-embed/lib/rv32imacxw/ilp32\libm.a(lib_a-ef_atan2.o)
                              d:/mounriver/mounriver_studio/toolchain/risc-v embedded gcc/bin/../lib/gcc/riscv-none-embed/8.2.0/../../../../riscv-none-embed/lib/rv32imacxw/ilp32\libm.a(lib_a-wf_atan2.o) (__ieee754_atan2f)
d:/mounriver/mounriver_studio/toolchain/risc-v embedded gcc/bin/../lib/gcc/riscv-none-embed/8.2.0/../../../../riscv-none-embed/lib/rv32imacxw/ilp32\libm.a(lib_a-ef_sqrt.o)
                              d:/mounriver/mounriver_studio/toolchain/risc-v embedded gcc/bin/../lib/gcc/riscv-none-embed/8.2.0/../../../../riscv-none-embed/lib/rv32imacxw/ilp32\libm.a(lib_a-ef_asin.o) (__ieee754_sqrtf)
d:/mounriver/mounriver_studio/toolchain/risc-v embedded gcc/bin/../lib/gcc/riscv-none-embed/8.2.0/../../../../riscv-none-embed/lib/rv32imacxw/ilp32\libm.a(lib_a-s_lib_ver.o)
                              d:/mounriver/mounriver_studio/toolchain/risc-v embedded gcc/bin/../lib/gcc/riscv-none-embed/8.2.0/../../../../riscv-none-embed/lib/rv32imacxw/ilp32\libm.a(lib_a-wf_asin.o) (__fdlib_version)
d:/mounriver/mounriver_studio/toolchain/risc-v embedded gcc/bin/../lib/gcc/riscv-none-embed/8.2.0/../../../../riscv-none-embed/lib/rv32imacxw/ilp32\libm.a(lib_a-s_matherr.o)
                              d:/mounriver/mounriver_studio/toolchain/risc-v embedded gcc/bin/../lib/gcc/riscv-none-embed/8.2.0/../../../../riscv-none-embed/lib/rv32imacxw/ilp32\libm.a(lib_a-wf_asin.o) (matherr)
d:/mounriver/mounriver_studio/toolchain/risc-v embedded gcc/bin/../lib/gcc/riscv-none-embed/8.2.0/../../../../riscv-none-embed/lib/rv32imacxw/ilp32\libm.a(lib_a-s_nan.o)
                              d:/mounriver/mounriver_studio/toolchain/risc-v embedded gcc/bin/../lib/gcc/riscv-none-embed/8.2.0/../../../../riscv-none-embed/lib/rv32imacxw/ilp32\libm.a(lib_a-wf_asin.o) (nan)
d:/mounriver/mounriver_studio/toolchain/risc-v embedded gcc/bin/../lib/gcc/riscv-none-embed/8.2.0/../../../../riscv-none-embed/lib/rv32imacxw/ilp32\libm.a(lib_a-sf_atan.o)
                              d:/mounriver/mounriver_studio/toolchain/risc-v embedded gcc/bin/../lib/gcc/riscv-none-embed/8.2.0/../../../../riscv-none-embed/lib/rv32imacxw/ilp32\libm.a(lib_a-ef_atan2.o) (atanf)
d:/mounriver/mounriver_studio/toolchain/risc-v embedded gcc/bin/../lib/gcc/riscv-none-embed/8.2.0/../../../../riscv-none-embed/lib/rv32imacxw/ilp32\libm.a(lib_a-sf_fabs.o)
                              d:/mounriver/mounriver_studio/toolchain/risc-v embedded gcc/bin/../lib/gcc/riscv-none-embed/8.2.0/../../../../riscv-none-embed/lib/rv32imacxw/ilp32\libm.a(lib_a-wf_asin.o) (fabsf)
d:/mounriver/mounriver_studio/toolchain/risc-v embedded gcc/bin/../lib/gcc/riscv-none-embed/8.2.0/../../../../riscv-none-embed/lib/rv32imacxw/ilp32\libprintfloat.a(printfloat.o)
                              ./User/RTOS_apps/Print_status.o (printf)
d:/mounriver/mounriver_studio/toolchain/risc-v embedded gcc/bin/../lib/gcc/riscv-none-embed/8.2.0/rv32imacxw/ilp32\libgcc.a(_divdi3.o)
                              ./General_Files/eMPL/inv_mpu.o (__divdi3)
d:/mounriver/mounriver_studio/toolchain/risc-v embedded gcc/bin/../lib/gcc/riscv-none-embed/8.2.0/rv32imacxw/ilp32\libgcc.a(_udivdi3.o)
                              d:/mounriver/mounriver_studio/toolchain/risc-v embedded gcc/bin/../lib/gcc/riscv-none-embed/8.2.0/../../../../riscv-none-embed/lib/rv32imacxw/ilp32\libprintfloat.a(printfloat.o) (__udivdi3)
d:/mounriver/mounriver_studio/toolchain/risc-v embedded gcc/bin/../lib/gcc/riscv-none-embed/8.2.0/rv32imacxw/ilp32\libgcc.a(_umoddi3.o)
                              d:/mounriver/mounriver_studio/toolchain/risc-v embedded gcc/bin/../lib/gcc/riscv-none-embed/8.2.0/../../../../riscv-none-embed/lib/rv32imacxw/ilp32\libprintfloat.a(printfloat.o) (__umoddi3)
d:/mounriver/mounriver_studio/toolchain/risc-v embedded gcc/bin/../lib/gcc/riscv-none-embed/8.2.0/rv32imacxw/ilp32\libgcc.a(adddf3.o)
[...]
Memory Configuration

Name             Origin             Length             Attributes
FLASH            0x0000000000000000 0x0000000000020000 xr
RAM              0x0000000020000000 0x0000000000008000 xrw
*default*        0x0000000000000000 0xffffffffffffffff

Linker script and memory map

LOAD ./User/RTOS_apps/IMU_handle.o
LOAD ./User/RTOS_apps/Print_status.o
LOAD ./User/RTOS_apps/control_handle.o
LOAD ./User/RTOS_apps/soft_stast.o
LOAD ./User/RTOS_tasks.o
LOAD ./User/ch32v30x_it.o
LOAD ./User/main.o
LOAD ./User/system_ch32v30x.o
LOAD ./Startup/startup_ch32v30x_D8C.o
LOAD ./Peripheral/src/ch32v30x_adc.o
LOAD ./Peripheral/src/ch32v30x_bkp.o
LOAD ./Peripheral/src/ch32v30x_can.o
LOAD ./Peripheral/src/ch32v30x_crc.o
LOAD ./Peripheral/src/ch32v30x_dac.o
LOAD ./Peripheral/src/ch32v30x_dbgmcu.o
LOAD ./Peripheral/src/ch32v30x_dma.o
LOAD ./Peripheral/src/ch32v30x_dvp.o
LOAD ./Peripheral/src/ch32v30x_eth.o
LOAD ./Peripheral/src/ch32v30x_exti.o
LOAD ./Peripheral/src/ch32v30x_flash.o
LOAD ./Peripheral/src/ch32v30x_fsmc.o
LOAD ./Peripheral/src/ch32v30x_gpio.o
LOAD ./Peripheral/src/ch32v30x_i2c.o
LOAD ./Peripheral/src/ch32v30x_iwdg.o
LOAD ./Peripheral/src/ch32v30x_misc.o
LOAD ./Peripheral/src/ch32v30x_opa.o
LOAD ./Peripheral/src/ch32v30x_pwr.o
LOAD ./Peripheral/src/ch32v30x_rcc.o
LOAD ./Peripheral/src/ch32v30x_rng.o
LOAD ./Peripheral/src/ch32v30x_rtc.o
LOAD ./Peripheral/src/ch32v30x_sdio.o
LOAD ./Peripheral/src/ch32v30x_spi.o
LOAD ./Peripheral/src/ch32v30x_tim.o
LOAD ./Peripheral/src/ch32v30x_usart.o
LOAD ./Peripheral/src/ch32v30x_wwdg.o
LOAD ./General_Files/eMPL/inv_mpu.o
LOAD ./General_Files/eMPL/inv_mpu_dmp_motion_driver.o
LOAD ./General_Files/drivers/BMP280.o
LOAD ./General_Files/drivers/MPU6050.o
LOAD ./General_Files/drivers/MTF01.o
LOAD ./General_Files/drivers/MyI2C.o
LOAD ./General_Files/drivers/ST7789.o
LOAD ./General_Files/drivers/adc.o
LOAD ./General_Files/drivers/bsp_filter.o
LOAD ./General_Files/drivers/gpio.o
LOAD ./General_Files/drivers/pwm.o
LOAD ./General_Files/drivers/tim.o
LOAD ./General_Files/drivers/uart.o
LOAD ./General_Files/apps/src/CRC.o
LOAD ./General_Files/apps/src/CRSF.o
LOAD ./General_Files/apps/src/pid.o
LOAD ./General_Files/system.o
LOAD ./FreeRTOS/portable/MemMang/heap_4.o
LOAD ./FreeRTOS/portable/GCC/RISC-V/port.o
LOAD ./FreeRTOS/portable/GCC/RISC-V/portASM.o
LOAD ./FreeRTOS/croutine.o
LOAD ./FreeRTOS/event_groups.o
LOAD ./FreeRTOS/list.o
LOAD ./FreeRTOS/queue.o
LOAD ./FreeRTOS/stream_buffer.o
LOAD ./FreeRTOS/tasks.o
LOAD ./FreeRTOS/timers.o
LOAD ./Debug/debug.o
LOAD ./Core/core_riscv.o
LOAD d:/mounriver/mounriver_studio/toolchain/risc-v embedded gcc/bin/../lib/gcc/riscv-none-embed/8.2.0/../../../../riscv-none-embed/lib/rv32imacxw/ilp32\libm.a
LOAD d:/mounriver/mounriver_studio/toolchain/risc-v embedded gcc/bin/../lib/gcc/riscv-none-embed/8.2.0/../../../../riscv-none-embed/lib/rv32imacxw/ilp32\libprintfloat.a
LOAD d:/mounriver/mounriver_studio/toolchain/risc-v embedded gcc/bin/../lib/gcc/riscv-none-embed/8.2.0/rv32imacxw/ilp32\libgcc.a
LOAD d:/mounriver/mounriver_studio/toolchain/risc-v embedded gcc/bin/../lib/gcc/riscv-none-embed/8.2.0/../../../../riscv-none-embed/lib/rv32imacxw/ilp32\libg_nano.a
LOAD d:/mounriver/mounriver_studio/toolchain/risc-v embedded gcc/bin/../lib/gcc/riscv-none-embed/8.2.0/../../../../riscv-none-embed/lib/rv32imacxw/ilp32\libc_nano.a
LOAD d:/mounriver/mounriver_studio/toolchain/risc-v embedded gcc/bin/../lib/gcc/riscv-none-embed/8.2.0/rv32imacxw/ilp32\libgcc.a
START GROUP
LOAD d:/mounriver/mounriver_studio/toolchain/risc-v embedded gcc/bin/../lib/gcc/riscv-none-embed/8.2.0/rv32imacxw/ilp32\libgcc.a
LOAD d:/mounriver/mounriver_studio/toolchain/risc-v embedded gcc/bin/../lib/gcc/riscv-none-embed/8.2.0/../../../../riscv-none-embed/lib/rv32imacxw/ilp32\libc_nano.a
LOAD d:/mounriver/mounriver_studio/toolchain/risc-v embedded gcc/bin/../lib/gcc/riscv-none-embed/8.2.0/../../../../riscv-none-embed/lib/rv32imacxw/ilp32\libnosys.a
END GROUP
START GROUP
LOAD d:/mounriver/mounriver_studio/toolchain/risc-v embedded gcc/bin/../lib/gcc/riscv-none-embed/8.2.0/rv32imacxw/ilp32\libgcc.a
LOAD d:/mounriver/mounriver_studio/toolchain/risc-v embedded gcc/bin/../lib/gcc/riscv-none-embed/8.2.0/../../../../riscv-none-embed/lib/rv32imacxw/ilp32\libc_nano.a
LOAD d:/mounriver/mounriver_studio/toolchain/risc-v embedded gcc/bin/../lib/gcc/riscv-none-embed/8.2.0/../../../../riscv-none-embed/lib/rv32imacxw/ilp32\libnosys.a
END GROUP
                0x0000000000000800                __stack_size = 0x800
                [!provide]                        PROVIDE (_stack_size = __stack_size)

.init           0x0000000000000000        0x4
                0x0000000000000000                _sinit = .
                0x0000000000000000                . = ALIGN (0x4)
 *(SORT_NONE(.init))
 .init          0x0000000000000000        0x4 ./Startup/startup_ch32v30x_D8C.o
                0x0000000000000000                _start
                0x0000000000000004                . = ALIGN (0x4)
                0x0000000000000004                _einit = .

.vector         0x0000000000000004      0x1bc
 *(.vector)
 .vector        0x0000000000000004      0x1a0 ./Startup/startup_ch32v30x_D8C.o
                0x00000000000001c0                . = ALIGN (0x40)
 *fill*         0x00000000000001a4       0x1c 

.text           0x0000000000000200     0xcbe4
                0x0000000000000200                . = ALIGN (0x4)
 *(.text)
 .text          0x0000000000000200      0x2e6 ./FreeRTOS/portable/GCC/RISC-V/portASM.o
                0x0000000000000200                SW_Handler
                0x0000000000000300                xPortStartFirstTask
                0x0000000000000400                pxPortInitialiseStack
 .text          0x00000000000004e6       0x60 d:/mounriver/mounriver_studio/toolchain/risc-v embedded gcc/bin/../lib/gcc/riscv-none-embed/8.2.0/rv32imacxw/ilp32\libgcc.a(save-restore.o)
                0x00000000000004e6                __riscv_save_12
                0x00000000000004ee                __riscv_save_9
                0x00000000000004ee                __riscv_save_11
                0x00000000000004ee                __riscv_save_10
                0x00000000000004ee                __riscv_save_8
                0x00000000000004fc                __riscv_save_4
                0x00000000000004fc                __riscv_save_6
                0x00000000000004fc                __riscv_save_5
                0x00000000000004fc                __riscv_save_7
                0x0000000000000516                __riscv_save_3
                0x0000000000000516                __riscv_save_2
                0x0000000000000516                __riscv_save_1
                0x0000000000000516                __riscv_save_0
                0x0000000000000522                __riscv_restore_12
                0x0000000000000526                __riscv_restore_11
                0x0000000000000526                __riscv_restore_9
                0x0000000000000526                __riscv_restore_10
                0x0000000000000526                __riscv_restore_8
                0x0000000000000530                __riscv_restore_5
                0x0000000000000530                __riscv_restore_7
                0x0000000000000530                __riscv_restore_6
                0x0000000000000530                __riscv_restore_4
                0x000000000000053a                __riscv_restore_3
                0x000000000000053a                __riscv_restore_0
                0x000000000000053a                __riscv_restore_2
                0x000000000000053a                __riscv_restore_1
 .text          0x0000000000000546       0xa8 d:/mounriver/mounriver_studio/toolchain/risc-v embedded gcc/bin/../lib/gcc/riscv-none-embed/8.2.0/../../../../riscv-none-embed/lib/rv32imacxw/ilp32\libg_nano.a(lib_a-memset.o)
                0x0000000000000546                memset
 *(.text.*)
 .text.load_filter_data
                0x00000000000005ee       0x6a ./User/RTOS_apps/IMU_handle.o
                0x00000000000005ee                load_filter_data
 .text.calc_IMU_filter
                0x0000000000000658       0x5e ./User/RTOS_apps/IMU_handle.o
                0x0000000000000658                calc_IMU_filter
 .text.IMU_task
                0x00000000000006b6       0x28 ./User/RTOS_apps/IMU_handle.o
                0x00000000000006b6                IMU_task
 .text.String_print
                0x00000000000006de      0x1e6 ./User/RTOS_apps/Print_status.o
                0x00000000000006de                String_print
 .text.Print_status_task
                0x00000000000008c4        0xe ./User/RTOS_apps/Print_status.o
                0x00000000000008c4                Print_status_task
 .text.PIDSTRUCT_Init
                0x00000000000008d2      0x31a ./User/RTOS_apps/control_handle.o
                0x00000000000008d2                PIDSTRUCT_Init
 .text.ELRS_Convert_angle
                0x0000000000000bec       0x40 ./User/RTOS_apps/control_handle.o
                0x0000000000000bec                ELRS_Convert_angle
 .text.ELRS_Convert_throttle
                0x0000000000000c2c       0x4a ./User/RTOS_apps/control_handle.o
                0x0000000000000c2c                ELRS_Convert_throttle
 .text.ELRS_Convert_lock
                0x0000000000000c76       0x16 ./User/RTOS_apps/control_handle.o
                0x0000000000000c76                ELRS_Convert_lock
 .text.ELRS_Convert_flight_mode
                0x0000000000000c8c       0x2c ./User/RTOS_apps/control_handle.o
                0x0000000000000c8c                ELRS_Convert_flight_mode
 .text.Check_control_mode
                0x0000000000000cb8       0x2c ./User/RTOS_apps/control_handle.o
                0x0000000000000cb8                Check_control_mode
 .text.Update_ELRS
                0x0000000000000ce4       0x3e ./User/RTOS_apps/control_handle.o
                0x0000000000000ce4                Update_ELRS
 .text.Roll_outerloop_ctr
                0x0000000000000d22       0x20 ./User/RTOS_apps/control_handle.o
                0x0000000000000d22                Roll_outerloop_ctr
 .text.Roll_innerloop_ctr
                0x0000000000000d42       0x38 ./User/RTOS_apps/control_handle.o
                0x0000000000000d42                Roll_innerloop_ctr
 .text.Yaw_outerloop_ctr
                0x0000000000000d7a       0x20 ./User/RTOS_apps/control_handle.o
                0x0000000000000d7a                Yaw_outerloop_ctr
 .text.Yaw_innerloop_ctr
                0x0000000000000d9a       0x36 ./User/RTOS_apps/control_handle.o
                0x0000000000000d9a                Yaw_innerloop_ctr
 .text.Pitch_outerloop_ctr
                0x0000000000000dd0       0x20 ./User/RTOS_apps/control_handle.o
                0x0000000000000dd0                Pitch_outerloop_ctr
 .text.Pitch_innerloop_ctr
                0x0000000000000df0       0x38 ./User/RTOS_apps/control_handle.o
                0x0000000000000df0                Pitch_innerloop_ctr
 .text.Flight_control
                0x0000000000000e28      0x30a ./User/RTOS_apps/control_handle.o
                0x0000000000000e28                Flight_control
 .text.control_para_init
                0x0000000000001132       0x38 ./User/RTOS_apps/control_handle.o
                0x0000000000001132                control_para_init
 .text.Stop_motor
                0x000000000000116a       0x30 ./User/RTOS_apps/control_handle.o
                0x000000000000116a                Stop_motor
 .text.control_handle_task
                0x000000000000119a       0x9e ./User/RTOS_apps/control_handle.o
                0x000000000000119a                control_handle_task
 .text.Motor_sort_start
                0x0000000000001238       0xf4 ./User/RTOS_apps/soft_stast.o
                0x0000000000001238                Motor_sort_start
 .text.RTOS_init
                0x000000000000132c       0x9c ./User/RTOS_tasks.o
                0x000000000000132c                RTOS_init
 .text.NMI_Handler
                0x00000000000013c8        0x4 ./User/ch32v30x_it.o
                0x00000000000013c8                NMI_Handler
 .text.HardFault_Handler
                0x00000000000013cc        0x2 ./User/ch32v30x_it.o
                0x00000000000013cc                HardFault_Handler
 .text.GPIO_Toggle_INIT
                0x00000000000013ce       0x34 ./User/main.o
                0x00000000000013ce                GPIO_Toggle_INIT
 .text.startup.main
                0x0000000000001402       0x66 ./User/main.o
                0x0000000000001402                main
 .text.SystemInit
                0x0000000000001468       0xfa ./User/system_ch32v30x.o
                0x0000000000001468                SystemInit
 .text.SystemCoreClockUpdate
                0x0000000000001562      0x12a ./User/system_ch32v30x.o
                0x0000000000001562                SystemCoreClockUpdate
 .text.vector_handler
                0x000000000000168c        0x2 ./Startup/startup_ch32v30x_D8C.o
                0x000000000000168c                EXTI2_IRQHandler
                0x000000000000168c                TIM8_TRG_COM_IRQHandler
                0x000000000000168c                TIM8_CC_IRQHandler
                0x000000000000168c                UART8_IRQHandler
                0x000000000000168c                TIM1_CC_IRQHandler
                0x000000000000168c                TIM6_IRQHandler
                0x000000000000168c                PVD_IRQHandler
                0x000000000000168c                SDIO_IRQHandler
                0x000000000000168c                TIM9_BRK_IRQHandler
                0x000000000000168c                DMA2_Channel8_IRQHandler
                0x000000000000168c                CAN2_RX1_IRQHandler
                0x000000000000168c                EXTI3_IRQHandler
                0x000000000000168c                USBHS_IRQHandler
                0x000000000000168c                DMA2_Channel9_IRQHandler
                0x000000000000168c                TIM10_CC_IRQHandler
                0x000000000000168c                USBFS_IRQHandler
                0x000000000000168c                EXTI0_IRQHandler
                0x000000000000168c                I2C2_EV_IRQHandler
                0x000000000000168c                TIM10_TRG_COM_IRQHandler
                0x000000000000168c                CAN2_SCE_IRQHandler
                0x000000000000168c                ADC1_2_IRQHandler
                0x000000000000168c                Break_Point_Handler
                0x000000000000168c                SPI1_IRQHandler
                0x000000000000168c                TAMPER_IRQHandler
                0x000000000000168c                CAN2_RX0_IRQHandler
                0x000000000000168c                TIM8_UP_IRQHandler
                0x000000000000168c                Ecall_M_Mode_Handler
                0x000000000000168c                DMA2_Channel2_IRQHandler
                0x000000000000168c                DMA1_Channel4_IRQHandler
                0x000000000000168c                TIM9_UP_IRQHandler
                0x000000000000168c                USART3_IRQHandler
                0x000000000000168c                RTC_IRQHandler
                0x000000000000168c                DMA1_Channel7_IRQHandler
                0x000000000000168c                CAN1_RX1_IRQHandler
                0x000000000000168c                DVP_IRQHandler
                0x000000000000168c                DMA2_Channel1_IRQHandler
                0x000000000000168c                I2C1_EV_IRQHandler
                0x000000000000168c                DMA1_Channel6_IRQHandler
                0x000000000000168c                UART4_IRQHandler
                0x000000000000168c                DMA2_Channel4_IRQHandler
                0x000000000000168c                RCC_IRQHandler
                0x000000000000168c                TIM1_TRG_COM_IRQHandler
                0x000000000000168c                DMA1_Channel1_IRQHandler
                0x000000000000168c                DMA2_Channel7_IRQHandler
                0x000000000000168c                EXTI15_10_IRQHandler
                0x000000000000168c                TIM7_IRQHandler
                0x000000000000168c                CAN2_TX_IRQHandler
                0x000000000000168c                TIM5_IRQHandler
                0x000000000000168c                EXTI9_5_IRQHandler
                0x000000000000168c                ETH_WKUP_IRQHandler
                0x000000000000168c                SPI2_IRQHandler
                0x000000000000168c                TIM10_BRK_IRQHandler
                0x000000000000168c                TIM9_CC_IRQHandler
                0x000000000000168c                DMA2_Channel5_IRQHandler
                0x000000000000168c                DMA1_Channel5_IRQHandler
                0x000000000000168c                EXTI4_IRQHandler
                0x000000000000168c                USB_LP_CAN1_RX0_IRQHandler
                0x000000000000168c                RNG_IRQHandler
                0x000000000000168c                USB_HP_CAN1_TX_IRQHandler
                0x000000000000168c                DMA1_Channel3_IRQHandler
                0x000000000000168c                ETH_IRQHandler
                0x000000000000168c                TIM1_UP_IRQHandler
                0x000000000000168c                WWDG_IRQHandler
                0x000000000000168c                USBHSWakeup_IRQHandler
                0x000000000000168c                DMA2_Channel11_IRQHandler
                0x000000000000168c                Ecall_U_Mode_Handler
                0x000000000000168c                DMA2_Channel6_IRQHandler
                0x000000000000168c                TIM2_IRQHandler
                0x000000000000168c                TIM1_BRK_IRQHandler
                0x000000000000168c                DMA2_Channel10_IRQHandler
                0x000000000000168c                EXTI1_IRQHandler
                0x000000000000168c                RTCAlarm_IRQHandler
                0x000000000000168c                TIM10_UP_IRQHandler
                0x000000000000168c                TIM9_TRG_COM_IRQHandler
                0x000000000000168c                UART7_IRQHandler
                0x000000000000168c                UART6_IRQHandler
                0x000000000000168c                I2C2_ER_IRQHandler
                0x000000000000168c                DMA1_Channel2_IRQHandler
                0x000000000000168c                TIM8_BRK_IRQHandler
                0x000000000000168c                CAN1_SCE_IRQHandler
                0x000000000000168c                FLASH_IRQHandler
                0x000000000000168c                USART1_IRQHandler
                0x000000000000168c                SPI3_IRQHandler
                0x000000000000168c                I2C1_ER_IRQHandler
                0x000000000000168c                USBWakeUp_IRQHandler
                0x000000000000168c                DMA2_Channel3_IRQHandler
 .text.handle_reset
                0x000000000000168e       0x92 ./Startup/startup_ch32v30x_D8C.o
                0x000000000000168e                handle_reset
 .text.ADC_DeInit
                0x0000000000001720       0x46 ./Peripheral/src/ch32v30x_adc.o
                0x0000000000001720                ADC_DeInit
 .text.ADC_Init
                0x0000000000001766       0x56 ./Peripheral/src/ch32v30x_adc.o
                0x0000000000001766                ADC_Init
 .text.ADC_Cmd  0x00000000000017bc       0x10 ./Peripheral/src/ch32v30x_adc.o
                0x00000000000017bc                ADC_Cmd
 .text.ADC_DMACmd
                0x00000000000017cc       0x12 ./Peripheral/src/ch32v30x_adc.o
                0x00000000000017cc                ADC_DMACmd
 .text.ADC_ResetCalibration
                0x00000000000017de        0xa ./Peripheral/src/ch32v30x_adc.o
                0x00000000000017de                ADC_ResetCalibration
 .text.ADC_GetResetCalibrationStatus
                0x00000000000017e8        0x8 ./Peripheral/src/ch32v30x_adc.o
                0x00000000000017e8                ADC_GetResetCalibrationStatus
 .text.ADC_StartCalibration
                0x00000000000017f0        0xa ./Peripheral/src/ch32v30x_adc.o
                0x00000000000017f0                ADC_StartCalibration
 .text.ADC_GetCalibrationStatus
                0x00000000000017fa        0x8 ./Peripheral/src/ch32v30x_adc.o
                0x00000000000017fa                ADC_GetCalibrationStatus
 .text.ADC_SoftwareStartConvCmd
                0x0000000000001802       0x18 ./Peripheral/src/ch32v30x_adc.o
                0x0000000000001802                ADC_SoftwareStartConvCmd
 .text.ADC_RegularChannelConfig
                0x000000000000181a       0xb8 ./Peripheral/src/ch32v30x_adc.o
                0x000000000000181a                ADC_RegularChannelConfig
 .text.ADC_BufferCmd
                0x00000000000018d2       0x18 ./Peripheral/src/ch32v30x_adc.o
                0x00000000000018d2                ADC_BufferCmd
 .text.Get_CalibrationValue
                0x00000000000018ea      0x130 ./Peripheral/src/ch32v30x_adc.o
                0x00000000000018ea                Get_CalibrationValue
 .text.DMA_DeInit
                0x0000000000001a1a      0x16c ./Peripheral/src/ch32v30x_dma.o
                0x0000000000001a1a                DMA_DeInit
 .text.DMA_Init
                0x0000000000001b86       0x38 ./Peripheral/src/ch32v30x_dma.o
                0x0000000000001b86                DMA_Init
 .text.DMA_Cmd  0x0000000000001bbe       0x14 ./Peripheral/src/ch32v30x_dma.o
                0x0000000000001bbe                DMA_Cmd
 .text.GPIO_Init
                0x0000000000001bd2       0xc0 ./Peripheral/src/ch32v30x_gpio.o
                0x0000000000001bd2                GPIO_Init
 .text.GPIO_ReadInputDataBit
                0x0000000000001c92        0xa ./Peripheral/src/ch32v30x_gpio.o
                0x0000000000001c92                GPIO_ReadInputDataBit
 .text.GPIO_SetBits
                0x0000000000001c9c        0x4 ./Peripheral/src/ch32v30x_gpio.o
                0x0000000000001c9c                GPIO_SetBits
 .text.GPIO_WriteBit
                0x0000000000001ca0        0xa ./Peripheral/src/ch32v30x_gpio.o
                0x0000000000001ca0                GPIO_WriteBit
 .text.GPIO_PinRemapConfig
                0x0000000000001caa       0xc4 ./Peripheral/src/ch32v30x_gpio.o
                0x0000000000001caa                GPIO_PinRemapConfig
 .text.I2C_Init
                0x0000000000001d6e       0xf2 ./Peripheral/src/ch32v30x_i2c.o
                0x0000000000001d6e                I2C_Init
 .text.I2C_Cmd  0x0000000000001e60       0x18 ./Peripheral/src/ch32v30x_i2c.o
                0x0000000000001e60                I2C_Cmd
 .text.I2C_GenerateSTART
                0x0000000000001e78       0x1a ./Peripheral/src/ch32v30x_i2c.o
                0x0000000000001e78                I2C_GenerateSTART
 .text.I2C_GenerateSTOP
                0x0000000000001e92       0x1a ./Peripheral/src/ch32v30x_i2c.o
                0x0000000000001e92                I2C_GenerateSTOP
 .text.I2C_AcknowledgeConfig
                0x0000000000001eac       0x1a ./Peripheral/src/ch32v30x_i2c.o
                0x0000000000001eac                I2C_AcknowledgeConfig
 .text.I2C_SendData
                0x0000000000001ec6        0x4 ./Peripheral/src/ch32v30x_i2c.o
                0x0000000000001ec6                I2C_SendData
 .text.I2C_ReceiveData
                0x0000000000001eca        0x8 ./Peripheral/src/ch32v30x_i2c.o
                0x0000000000001eca                I2C_ReceiveData
 .text.I2C_Send7bitAddress
                0x0000000000001ed2       0x12 ./Peripheral/src/ch32v30x_i2c.o
                0x0000000000001ed2                I2C_Send7bitAddress
 .text.I2C_CheckEvent
                0x0000000000001ee4       0x16 ./Peripheral/src/ch32v30x_i2c.o
                0x0000000000001ee4                I2C_CheckEvent
 .text.I2C_GetFlagStatus
                0x0000000000001efa       0x32 ./Peripheral/src/ch32v30x_i2c.o
                0x0000000000001efa                I2C_GetFlagStatus
 .text.NVIC_PriorityGroupConfig
                0x0000000000001f2c        0xa ./Peripheral/src/ch32v30x_misc.o
                0x0000000000001f2c                NVIC_PriorityGroupConfig
 .text.NVIC_Init
                0x0000000000001f36       0xaa ./Peripheral/src/ch32v30x_misc.o
                0x0000000000001f36                NVIC_Init
 .text.RCC_ADCCLKConfig
                0x0000000000001fe0       0x12 ./Peripheral/src/ch32v30x_rcc.o
                0x0000000000001fe0                RCC_ADCCLKConfig
 .text.RCC_GetClocksFreq
                0x0000000000001ff2      0x106 ./Peripheral/src/ch32v30x_rcc.o
                0x0000000000001ff2                RCC_GetClocksFreq
 .text.RCC_AHBPeriphClockCmd
                0x00000000000020f8       0x1e ./Peripheral/src/ch32v30x_rcc.o
                0x00000000000020f8                RCC_AHBPeriphClockCmd
 .text.RCC_APB2PeriphClockCmd
                0x0000000000002116       0x1e ./Peripheral/src/ch32v30x_rcc.o
                0x0000000000002116                RCC_APB2PeriphClockCmd
 .text.RCC_APB1PeriphClockCmd
                0x0000000000002134       0x1e ./Peripheral/src/ch32v30x_rcc.o
                0x0000000000002134                RCC_APB1PeriphClockCmd
 .text.RCC_APB2PeriphResetCmd
                0x0000000000002152       0x1e ./Peripheral/src/ch32v30x_rcc.o
                0x0000000000002152                RCC_APB2PeriphResetCmd
 .text.TIM_TimeBaseInit
                0x0000000000002170       0xaa ./Peripheral/src/ch32v30x_tim.o
                0x0000000000002170                TIM_TimeBaseInit
 .text.TIM_OC1Init
                0x000000000000221a       0x82 ./Peripheral/src/ch32v30x_tim.o
                0x000000000000221a                TIM_OC1Init
 .text.TIM_OC2Init
                0x000000000000229c       0xae ./Peripheral/src/ch32v30x_tim.o
                0x000000000000229c                TIM_OC2Init
 .text.TIM_OC3Init
                0x000000000000234a       0xac ./Peripheral/src/ch32v30x_tim.o
                0x000000000000234a                TIM_OC3Init
 .text.TIM_OC4Init
                0x00000000000023f6       0x88 ./Peripheral/src/ch32v30x_tim.o
                0x00000000000023f6                TIM_OC4Init
 .text.TIM_Cmd  0x000000000000247e       0x18 ./Peripheral/src/ch32v30x_tim.o
                0x000000000000247e                TIM_Cmd
 .text.TIM_CtrlPWMOutputs
                0x0000000000002496       0x16 ./Peripheral/src/ch32v30x_tim.o
                0x0000000000002496                TIM_CtrlPWMOutputs
 .text.TIM_ARRPreloadConfig
                0x00000000000024ac       0x1a ./Peripheral/src/ch32v30x_tim.o
                0x00000000000024ac                TIM_ARRPreloadConfig
 .text.TIM_OC1PreloadConfig
                0x00000000000024c6        0xe ./Peripheral/src/ch32v30x_tim.o
                0x00000000000024c6                TIM_OC1PreloadConfig
 .text.TIM_OC2PreloadConfig
                0x00000000000024d4       0x16 ./Peripheral/src/ch32v30x_tim.o
                0x00000000000024d4                TIM_OC2PreloadConfig
 .text.TIM_OC3PreloadConfig
                0x00000000000024ea        0xe ./Peripheral/src/ch32v30x_tim.o
                0x00000000000024ea                TIM_OC3PreloadConfig
 .text.TIM_OC4PreloadConfig
                0x00000000000024f8       0x16 ./Peripheral/src/ch32v30x_tim.o
                0x00000000000024f8                TIM_OC4PreloadConfig
 .text.TIM_SetCompare1
                0x000000000000250e        0x4 ./Peripheral/src/ch32v30x_tim.o
                0x000000000000250e                TIM_SetCompare1
 .text.TIM_SetCompare2
                0x0000000000002512        0x4 ./Peripheral/src/ch32v30x_tim.o
                0x0000000000002512                TIM_SetCompare2
 .text.TIM_SetCompare3
                0x0000000000002516        0x4 ./Peripheral/src/ch32v30x_tim.o
                0x0000000000002516                TIM_SetCompare3
 .text.TIM_SetCompare4
                0x000000000000251a        0x6 ./Peripheral/src/ch32v30x_tim.o
                0x000000000000251a                TIM_SetCompare4
 .text.TIM_GetCapture1
                0x0000000000002520        0x4 ./Peripheral/src/ch32v30x_tim.o
                0x0000000000002520                TIM_GetCapture1
 .text.TIM_GetCapture2
                0x0000000000002524        0x4 ./Peripheral/src/ch32v30x_tim.o
                0x0000000000002524                TIM_GetCapture2
 .text.TIM_GetCapture3
                0x0000000000002528        0x4 ./Peripheral/src/ch32v30x_tim.o
                0x0000000000002528                TIM_GetCapture3
 .text.TIM_GetCapture4
                0x000000000000252c        0x6 ./Peripheral/src/ch32v30x_tim.o
                0x000000000000252c                TIM_GetCapture4
 .text.TIM_ClearFlag
                0x0000000000002532        0xc ./Peripheral/src/ch32v30x_tim.o
                0x0000000000002532                TIM_ClearFlag
 .text.USART_Init
                0x000000000000253e       0xbc ./Peripheral/src/ch32v30x_usart.o
                0x000000000000253e                USART_Init
 .text.USART_Cmd
                0x00000000000025fa       0x16 ./Peripheral/src/ch32v30x_usart.o
                0x00000000000025fa                USART_Cmd
 .text.USART_ITConfig
                0x0000000000002610       0x36 ./Peripheral/src/ch32v30x_usart.o
                0x0000000000002610                USART_ITConfig
 .text.USART_SendData
                0x0000000000002646        0x8 ./Peripheral/src/ch32v30x_usart.o
                0x0000000000002646                USART_SendData
 .text.USART_ReceiveData
                0x000000000000264e        0x8 ./Peripheral/src/ch32v30x_usart.o
                0x000000000000264e                USART_ReceiveData
 .text.USART_GetFlagStatus
                0x0000000000002656        0xa ./Peripheral/src/ch32v30x_usart.o
                0x0000000000002656                USART_GetFlagStatus
 .text.USART_ClearFlag
                0x0000000000002660        0xc ./Peripheral/src/ch32v30x_usart.o
                0x0000000000002660                USART_ClearFlag
 .text.USART_GetITStatus
                0x000000000000266c       0x3c ./Peripheral/src/ch32v30x_usart.o
                0x000000000000266c                USART_GetITStatus
 .text.get_st_biases
                0x00000000000026a8      0x37e ./General_Files/eMPL/inv_mpu.o
 .text.set_int_enable
                0x0000000000002a26       0x58 ./General_Files/eMPL/inv_mpu.o
 .text.mpu_reset_fifo
                0x0000000000002a7e      0x138 ./General_Files/eMPL/inv_mpu.o
                0x0000000000002a7e                mpu_reset_fifo
 .text.mpu_get_gyro_fsr
                0x0000000000002bb6       0x3e ./General_Files/eMPL/inv_mpu.o
                0x0000000000002bb6                mpu_get_gyro_fsr
 .text.mpu_set_gyro_fsr
                0x0000000000002bf4       0x7c ./General_Files/eMPL/inv_mpu.o
                0x0000000000002bf4                mpu_set_gyro_fsr
 .text.mpu_get_accel_fsr
                0x0000000000002c70       0x46 ./General_Files/eMPL/inv_mpu.o
                0x0000000000002c70                mpu_get_accel_fsr
 .text.mpu_set_accel_fsr
                0x0000000000002cb6       0x74 ./General_Files/eMPL/inv_mpu.o
                0x0000000000002cb6                mpu_set_accel_fsr
 .text.mpu_get_lpf
                0x0000000000002d2a       0x4a ./General_Files/eMPL/inv_mpu.o
                0x0000000000002d2a                mpu_get_lpf
 .text.mpu_set_lpf
                0x0000000000002d74       0x7e ./General_Files/eMPL/inv_mpu.o
                0x0000000000002d74                mpu_set_lpf
 .text.mpu_get_sample_rate
                0x0000000000002df2       0x1a ./General_Files/eMPL/inv_mpu.o
                0x0000000000002df2                mpu_get_sample_rate
 .text.mpu_get_gyro_sens
                0x0000000000002e0c       0x4c ./General_Files/eMPL/inv_mpu.o
                0x0000000000002e0c                mpu_get_gyro_sens
 .text.mpu_get_accel_sens
                0x0000000000002e58       0x4e ./General_Files/eMPL/inv_mpu.o
                0x0000000000002e58                mpu_get_accel_sens
 .text.mpu_configure_fifo
                0x0000000000002ea6       0x58 ./General_Files/eMPL/inv_mpu.o
                0x0000000000002ea6                mpu_configure_fifo
 .text.mpu_read_fifo_stream
                0x0000000000002efe       0x98 ./General_Files/eMPL/inv_mpu.o
                0x0000000000002efe                mpu_read_fifo_stream
 .text.mpu_set_bypass
                0x0000000000002f96       0xca ./General_Files/eMPL/inv_mpu.o
                0x0000000000002f96                mpu_set_bypass
 .text.mpu_set_int_latched
                0x0000000000003060       0x5c ./General_Files/eMPL/inv_mpu.o
                0x0000000000003060                mpu_set_int_latched
 .text.mpu_lp_accel_mode
                0x00000000000030bc       0xaa ./General_Files/eMPL/inv_mpu.o
                0x00000000000030bc                mpu_lp_accel_mode
 .text.mpu_set_sample_rate
                0x0000000000003166       0x9a ./General_Files/eMPL/inv_mpu.o
                0x0000000000003166                mpu_set_sample_rate
 .text.mpu_set_sensors
                0x0000000000003200       0xba ./General_Files/eMPL/inv_mpu.o
                0x0000000000003200                mpu_set_sensors
 .text.mpu_init
                0x00000000000032ba      0x132 ./General_Files/eMPL/inv_mpu.o
                0x00000000000032ba                mpu_init
 .text.mpu_write_mem
                0x00000000000033ec       0x62 ./General_Files/eMPL/inv_mpu.o
                0x00000000000033ec                mpu_write_mem
 .text.mpu_read_mem
                0x000000000000344e       0x62 ./General_Files/eMPL/inv_mpu.o
                0x000000000000344e                mpu_read_mem
 .text.mpu_load_firmware
                0x00000000000034b0       0xa8 ./General_Files/eMPL/inv_mpu.o
                0x00000000000034b0                mpu_load_firmware
 .text.mpu_set_dmp_state
                0x0000000000003558       0x80 ./General_Files/eMPL/inv_mpu.o
                0x0000000000003558                mpu_set_dmp_state
 .text.mpu_run_self_test
                0x00000000000035d8      0x352 ./General_Files/eMPL/inv_mpu.o
                0x00000000000035d8                mpu_run_self_test
 .text.mget_ms  0x000000000000392a        0x2 ./General_Files/eMPL/inv_mpu.o
                0x000000000000392a                mget_ms
 .text.run_self_test
                0x000000000000392c       0x88 ./General_Files/eMPL/inv_mpu.o
                0x000000000000392c                run_self_test
 .text.inv_row_2_scale
                0x00000000000039b4       0x30 ./General_Files/eMPL/inv_mpu.o
                0x00000000000039b4                inv_row_2_scale
 .text.inv_orientation_matrix_to_scalar
                0x00000000000039e4       0x2c ./General_Files/eMPL/inv_mpu.o
                0x00000000000039e4                inv_orientation_matrix_to_scalar
 .text.mpu_dmp_init
                0x0000000000003a10       0xa4 ./General_Files/eMPL/inv_mpu.o
                0x0000000000003a10                mpu_dmp_init
 .text.mpu_dmp_get_data
                0x0000000000003ab4      0x1bc ./General_Files/eMPL/inv_mpu.o
                0x0000000000003ab4                mpu_dmp_get_data
 .text.dmp_enable_gyro_cal.part.0
                0x0000000000003c70       0x32 ./General_Files/eMPL/inv_mpu_dmp_motion_driver.o
 .text.dmp_load_motion_driver_firmware
                0x0000000000003ca2       0x20 ./General_Files/eMPL/inv_mpu_dmp_motion_driver.o
                0x0000000000003ca2                dmp_load_motion_driver_firmware
 .text.dmp_set_orientation
                0x0000000000003cc2       0xfa ./General_Files/eMPL/inv_mpu_dmp_motion_driver.o
                0x0000000000003cc2                dmp_set_orientation
 .text.dmp_set_gyro_bias
                0x0000000000003dbc       0xf8 ./General_Files/eMPL/inv_mpu_dmp_motion_driver.o
                0x0000000000003dbc                dmp_set_gyro_bias
 .text.dmp_set_accel_bias
                0x0000000000003eb4       0xfc ./General_Files/eMPL/inv_mpu_dmp_motion_driver.o
                0x0000000000003eb4                dmp_set_accel_bias
 .text.dmp_set_fifo_rate
                0x0000000000003fb0       0x56 ./General_Files/eMPL/inv_mpu_dmp_motion_driver.o
                0x0000000000003fb0                dmp_set_fifo_rate
 .text.dmp_set_tap_thresh
                0x0000000000004006      0x18a ./General_Files/eMPL/inv_mpu_dmp_motion_driver.o
                0x0000000000004006                dmp_set_tap_thresh
 .text.dmp_set_tap_axes
                0x0000000000004190       0x46 ./General_Files/eMPL/inv_mpu_dmp_motion_driver.o
                0x0000000000004190                dmp_set_tap_axes
 .text.dmp_set_tap_count
                0x00000000000041d6       0x2e ./General_Files/eMPL/inv_mpu_dmp_motion_driver.o
                0x00000000000041d6                dmp_set_tap_count
 .text.dmp_set_tap_time
                0x0000000000004204       0x28 ./General_Files/eMPL/inv_mpu_dmp_motion_driver.o
                0x0000000000004204                dmp_set_tap_time
 .text.dmp_set_tap_time_multi
                0x000000000000422c       0x28 ./General_Files/eMPL/inv_mpu_dmp_motion_driver.o
                0x000000000000422c                dmp_set_tap_time_multi
 .text.dmp_set_shake_reject_thresh
                0x0000000000004254       0x3e ./General_Files/eMPL/inv_mpu_dmp_motion_driver.o
                0x0000000000004254                dmp_set_shake_reject_thresh
 .text.dmp_set_shake_reject_time
                0x0000000000004292       0x28 ./General_Files/eMPL/inv_mpu_dmp_motion_driver.o
                0x0000000000004292                dmp_set_shake_reject_time
 .text.dmp_set_shake_reject_timeout
                0x00000000000042ba       0x28 ./General_Files/eMPL/inv_mpu_dmp_motion_driver.o
                0x00000000000042ba                dmp_set_shake_reject_timeout
 .text.dmp_enable_gyro_cal
                0x00000000000042e2       0x2e ./General_Files/eMPL/inv_mpu_dmp_motion_driver.o
                0x00000000000042e2                dmp_enable_gyro_cal
 .text.dmp_enable_lp_quat
                0x0000000000004310       0x34 ./General_Files/eMPL/inv_mpu_dmp_motion_driver.o
                0x0000000000004310                dmp_enable_lp_quat
 .text.dmp_enable_6x_lp_quat
                0x0000000000004344       0x34 ./General_Files/eMPL/inv_mpu_dmp_motion_driver.o
                0x0000000000004344                dmp_enable_6x_lp_quat
 .text.dmp_enable_feature
                0x0000000000004378      0x1d6 ./General_Files/eMPL/inv_mpu_dmp_motion_driver.o
                0x0000000000004378                dmp_enable_feature
 .text.dmp_read_fifo
                0x000000000000454e      0x1c4 ./General_Files/eMPL/inv_mpu_dmp_motion_driver.o
                0x000000000000454e                dmp_read_fifo
 .text.BMP280_Read_Byte
                0x0000000000004712       0x44 ./General_Files/drivers/BMP280.o
                0x0000000000004712                BMP280_Read_Byte
 .text.BMP280_Write_Byte
                0x0000000000004756       0x3a ./General_Files/drivers/BMP280.o
                0x0000000000004756                BMP280_Write_Byte
 .text.BMP280_Set_TemOversamp
                0x0000000000004790       0x22 ./General_Files/drivers/BMP280.o
                0x0000000000004790                BMP280_Set_TemOversamp
 .text.BMP280_Set_Standby_FILTER
                0x00000000000047b2       0x22 ./General_Files/drivers/BMP280.o
                0x00000000000047b2                BMP280_Set_Standby_FILTER
 .text.Bmp_Init
                0x00000000000047d4      0x176 ./General_Files/drivers/BMP280.o
                0x00000000000047d4                Bmp_Init
 .text.MPU6050_I2C_Mem_Write
                0x000000000000494a       0xcc ./General_Files/drivers/MPU6050.o
                0x000000000000494a                MPU6050_I2C_Mem_Write
 .text.MPU6050_WriteByte
                0x0000000000004a16       0x1e ./General_Files/drivers/MPU6050.o
 .text.MPU6050_Init
                0x0000000000004a34      0x116 ./General_Files/drivers/MPU6050.o
                0x0000000000004a34                MPU6050_Init
 .text.MPU6050_I2C_Mem_Read
                0x0000000000004b4a      0x12e ./General_Files/drivers/MPU6050.o
                0x0000000000004b4a                MPU6050_I2C_Mem_Read
 .text.MPU6050_Get_Data
                0x0000000000004c78       0x3c ./General_Files/drivers/MPU6050.o
                0x0000000000004c78                MPU6050_Get_Data
 .text.MPU6050_MPU_DMP_GetData
                0x0000000000004cb4       0x50 ./General_Files/drivers/MPU6050.o
                0x0000000000004cb4                MPU6050_MPU_DMP_GetData
 .text.micolink_check_sum
                0x0000000000004d04       0x48 ./General_Files/drivers/MTF01.o
                0x0000000000004d04                micolink_check_sum
 .text.micolink_parse_char
                0x0000000000004d4c       0xa0 ./General_Files/drivers/MTF01.o
                0x0000000000004d4c                micolink_parse_char
 .text.mtf01_load_filter_data
                0x0000000000004dec       0x3e ./General_Files/drivers/MTF01.o
                0x0000000000004dec                mtf01_load_filter_data
 .text.calc_mtf01_filter
                0x0000000000004e2a       0x34 ./General_Files/drivers/MTF01.o
                0x0000000000004e2a                calc_mtf01_filter
 .text.micolink_decode
                0x0000000000004e5e       0x38 ./General_Files/drivers/MTF01.o
                0x0000000000004e5e                micolink_decode
 .text.MyI2C_W_SCL
                0x0000000000004e96       0x20 ./General_Files/drivers/MyI2C.o
                0x0000000000004e96                MyI2C_W_SCL
 .text.MyI2C_W_SDA
                0x0000000000004eb6       0x20 ./General_Files/drivers/MyI2C.o
                0x0000000000004eb6                MyI2C_W_SDA
 .text.MyI2C_R_SDA
                0x0000000000004ed6       0x22 ./General_Files/drivers/MyI2C.o
                0x0000000000004ed6                MyI2C_R_SDA
 .text.MyI2C_Init
                0x0000000000004ef8       0x3c ./General_Files/drivers/MyI2C.o
                0x0000000000004ef8                MyI2C_Init
 .text.MyI2C_Start
                0x0000000000004f34       0x20 ./General_Files/drivers/MyI2C.o
                0x0000000000004f34                MyI2C_Start
 .text.MyI2C_Stop
                0x0000000000004f54       0x1a ./General_Files/drivers/MyI2C.o
                0x0000000000004f54                MyI2C_Stop
 .text.MyI2C_SendByte
                0x0000000000004f6e       0x30 ./General_Files/drivers/MyI2C.o
                0x0000000000004f6e                MyI2C_SendByte
 .text.MyI2C_ReceiveByte
                0x0000000000004f9e       0x40 ./General_Files/drivers/MyI2C.o
                0x0000000000004f9e                MyI2C_ReceiveByte
 .text.MyI2C_ReceiveAck
                0x0000000000004fde       0x22 ./General_Files/drivers/MyI2C.o
                0x0000000000004fde                MyI2C_ReceiveAck
 .text.ADC_Function_Init
                0x0000000000005000       0xd0 ./General_Files/drivers/adc.o
                0x0000000000005000                ADC_Function_Init
 .text.DMA_Tx_Init
                0x00000000000050d0       0x60 ./General_Files/drivers/adc.o
                0x00000000000050d0                DMA_Tx_Init
 .text.BAT_ADC_Init
                0x0000000000005130       0x60 ./General_Files/drivers/adc.o
                0x0000000000005130                BAT_ADC_Init
 .text.FilterSample
                0x0000000000005190       0x52 ./General_Files/drivers/bsp_filter.o
                0x0000000000005190                FilterSample
 .text.FilterAverage
                0x00000000000051e2       0x2c ./General_Files/drivers/bsp_filter.o
                0x00000000000051e2                FilterAverage
 .text.LED_Init
                0x000000000000520e       0x44 ./General_Files/drivers/gpio.o
                0x000000000000520e                LED_Init
 .text.TIM9_PWMOut_Init
                0x0000000000005252       0xfc ./General_Files/drivers/pwm.o
                0x0000000000005252                TIM9_PWMOut_Init
 .text.PWM_Init
                0x000000000000534e       0x4e ./General_Files/drivers/pwm.o
                0x000000000000534e                PWM_Init
 .text.Motor_ctr
                0x000000000000539c       0xc8 ./General_Files/drivers/pwm.o
                0x000000000000539c                Motor_ctr
 .text.Motor_ctr_SOFT_START
                0x0000000000005464       0x94 ./General_Files/drivers/pwm.o
                0x0000000000005464                Motor_ctr_SOFT_START
 .text.TIM3_IRQHandler
                0x00000000000054f8       0x12 ./General_Files/drivers/tim.o
                0x00000000000054f8                TIM3_IRQHandler
 .text.TIM4_IRQHandler
                0x000000000000550a       0x12 ./General_Files/drivers/tim.o
                0x000000000000550a                TIM4_IRQHandler
 .text.USARTx_CFG
                0x000000000000551c      0x142 ./General_Files/drivers/uart.o
                0x000000000000551c                USARTx_CFG
 .text.USART2_RxCpltCallback
                0x000000000000565e       0x50 ./General_Files/drivers/uart.o
                0x000000000000565e                USART2_RxCpltCallback
 .text.USART2_IRQHandler
                0x00000000000056ae       0x34 ./General_Files/drivers/uart.o
                0x00000000000056ae                USART2_IRQHandler
 .text.UART5_RxCpltCallback
                0x00000000000056e2       0x20 ./General_Files/drivers/uart.o
                0x00000000000056e2                UART5_RxCpltCallback
 .text.UART5_IRQHandler
                0x0000000000005702       0x28 ./General_Files/drivers/uart.o
                0x0000000000005702                UART5_IRQHandler
 .text.Crc_init
                0x000000000000572a       0x34 ./General_Files/apps/src/CRC.o
                0x000000000000572a                Crc_init
 .text.Calc     0x000000000000575e       0x1e ./General_Files/apps/src/CRC.o
                0x000000000000575e                Calc
 .text.ShiftRxBuffer
                0x000000000000577c       0x38 ./General_Files/apps/src/CRSF.o
                0x000000000000577c                ShiftRxBuffer
 .text.PacketChannelsPacked
                0x00000000000057b4      0x112 ./General_Files/apps/src/CRSF.o
                0x00000000000057b4                PacketChannelsPacked
 .text.PacketLinkStatistics
                0x00000000000058c6       0x2e ./General_Files/apps/src/CRSF.o
                0x00000000000058c6                PacketLinkStatistics
 .text.ProcessPacketIn
                0x00000000000058f4       0x38 ./General_Files/apps/src/CRSF.o
                0x00000000000058f4                ProcessPacketIn
 .text.HandleByteReceived
                0x000000000000592c       0x66 ./General_Files/apps/src/CRSF.o
                0x000000000000592c                HandleByteReceived
 .text.pid_reset
                0x0000000000005992       0x1c ./General_Files/apps/src/pid.o
                0x0000000000005992                pid_reset
 .text.pid_init
                0x00000000000059ae       0x1a ./General_Files/apps/src/pid.o
                0x00000000000059ae                pid_init
 .text.pid_clc  0x00000000000059c8       0x1e ./General_Files/apps/src/pid.o
                0x00000000000059c8                pid_clc
 .text.pid_calc
                0x00000000000059e6       0xe4 ./General_Files/apps/src/pid.o
                0x00000000000059e6                pid_calc
 .text.System_Init
                0x0000000000005aca       0x32 ./General_Files/system.o
                0x0000000000005aca                System_Init
 .text.prvInsertBlockIntoFreeList
                0x0000000000005afc       0x4c ./FreeRTOS/portable/MemMang/heap_4.o
 .text.pvPortMalloc
                0x0000000000005b48      0x18c ./FreeRTOS/portable/MemMang/heap_4.o
                0x0000000000005b48                pvPortMalloc
 .text.vPortFree
                0x0000000000005cd4       0xa8 ./FreeRTOS/portable/MemMang/heap_4.o
                0x0000000000005cd4                vPortFree
 .text.xPortGetMinimumEverFreeHeapSize
                0x0000000000005d7c        0xa ./FreeRTOS/portable/MemMang/heap_4.o
                0x0000000000005d7c                xPortGetMinimumEverFreeHeapSize
 .text.vPortSetupTimerInterrupt
                0x0000000000005d86       0x3a ./FreeRTOS/portable/GCC/RISC-V/port.o
                0x0000000000005d86                vPortSetupTimerInterrupt
 .text.xPortStartScheduler
                0x0000000000005dc0       0x90 ./FreeRTOS/portable/GCC/RISC-V/port.o
                0x0000000000005dc0                xPortStartScheduler
 .text.SysTick_Handler
                0x0000000000005e50       0x38 ./FreeRTOS/portable/GCC/RISC-V/port.o
                0x0000000000005e50                SysTick_Handler
 .text.vPortEnterCritical
                0x0000000000005e88       0x16 ./FreeRTOS/portable/GCC/RISC-V/port.o
                0x0000000000005e88                vPortEnterCritical
 .text.vPortExitCritical
                0x0000000000005e9e       0x42 ./FreeRTOS/portable/GCC/RISC-V/port.o
                0x0000000000005e9e                vPortExitCritical
 .text.vListInitialise
                0x0000000000005ee0       0x14 ./FreeRTOS/list.o
                0x0000000000005ee0                vListInitialise
 .text.vListInitialiseItem
                0x0000000000005ef4        0x6 ./FreeRTOS/list.o
                0x0000000000005ef4                vListInitialiseItem
 .text.vListInsert
                0x0000000000005efa       0x2e ./FreeRTOS/list.o
                0x0000000000005efa                vListInsert
 .text.uxListRemove
                0x0000000000005f28       0x20 ./FreeRTOS/list.o
                0x0000000000005f28                uxListRemove
 .text.prvIsQueueEmpty
                0x0000000000005f48       0x1e ./FreeRTOS/queue.o
 .text.prvCopyDataFromQueue
                0x0000000000005f66       0x28 ./FreeRTOS/queue.o
 .text.prvUnlockQueue
                0x0000000000005f8e       0x76 ./FreeRTOS/queue.o
 .text.xQueueGenericReset
                0x0000000000006004       0xc4 ./FreeRTOS/queue.o
                0x0000000000006004                xQueueGenericReset
 .text.xQueueGenericCreate
                0x00000000000060c8       0x6e ./FreeRTOS/queue.o
                0x00000000000060c8                xQueueGenericCreate
 .text.xQueueReceive
                0x0000000000006136      0x160 ./FreeRTOS/queue.o
                0x0000000000006136                xQueueReceive
 .text.vQueueAddToRegistry
                0x0000000000006296       0x6c ./FreeRTOS/queue.o
                0x0000000000006296                vQueueAddToRegistry
 .text.vQueueWaitForMessageRestricted
                0x0000000000006302       0x5c ./FreeRTOS/queue.o
                0x0000000000006302                vQueueWaitForMessageRestricted
 .text.prvResetNextTaskUnblockTime
                0x000000000000635e       0x24 ./FreeRTOS/tasks.o
 .text.prvAddCurrentTaskToDelayedList
                0x0000000000006382       0xa6 ./FreeRTOS/tasks.o
 .text.prvIdleTask
                0x0000000000006428       0x52 ./FreeRTOS/tasks.o
 .text.xTaskCreate
                0x000000000000647a      0x228 ./FreeRTOS/tasks.o
                0x000000000000647a                xTaskCreate
 .text.vTaskStartScheduler
                0x00000000000066a2       0x92 ./FreeRTOS/tasks.o
                0x00000000000066a2                vTaskStartScheduler
 .text.vTaskSuspendAll
                0x0000000000006734       0x10 ./FreeRTOS/tasks.o
                0x0000000000006734                vTaskSuspendAll
 .text.xTaskGetTickCount
                0x0000000000006744        0xa ./FreeRTOS/tasks.o
                0x0000000000006744                xTaskGetTickCount
 .text.xTaskIncrementTick
                0x000000000000674e      0x1ac ./FreeRTOS/tasks.o
                0x000000000000674e                xTaskIncrementTick
 .text.xTaskResumeAll
                0x00000000000068fa      0x168 ./FreeRTOS/tasks.o
                0x00000000000068fa                xTaskResumeAll
 .text.vTaskDelay
                0x0000000000006a62       0x66 ./FreeRTOS/tasks.o
                0x0000000000006a62                vTaskDelay
 .text.vTaskSwitchContext
                0x0000000000006ac8       0x9a ./FreeRTOS/tasks.o
                0x0000000000006ac8                vTaskSwitchContext
 .text.vTaskPlaceOnEventList
                0x0000000000006b62       0x48 ./FreeRTOS/tasks.o
                0x0000000000006b62                vTaskPlaceOnEventList
 .text.vTaskPlaceOnEventListRestricted
                0x0000000000006baa       0x76 ./FreeRTOS/tasks.o
                0x0000000000006baa                vTaskPlaceOnEventListRestricted
 .text.xTaskRemoveFromEventList
                0x0000000000006c20       0xec ./FreeRTOS/tasks.o
                0x0000000000006c20                xTaskRemoveFromEventList
 .text.vTaskInternalSetTimeOutState
                0x0000000000006d0c       0x16 ./FreeRTOS/tasks.o
                0x0000000000006d0c                vTaskInternalSetTimeOutState
 .text.xTaskCheckForTimeOut
                0x0000000000006d22       0xca ./FreeRTOS/tasks.o
                0x0000000000006d22                xTaskCheckForTimeOut
 .text.vTaskMissedYield
                0x0000000000006dec        0xc ./FreeRTOS/tasks.o
                0x0000000000006dec                vTaskMissedYield
 .text.xTaskGetSchedulerState
                0x0000000000006df8       0x1c ./FreeRTOS/tasks.o
                0x0000000000006df8                xTaskGetSchedulerState
 .text.prvCheckForValidListAndQueue
                0x0000000000006e14       0x66 ./FreeRTOS/timers.o
 .text.prvInsertTimerInActiveList
                0x0000000000006e7a       0x46 ./FreeRTOS/timers.o
 .text.prvReloadTimer
                0x0000000000006ec0       0x2a ./FreeRTOS/timers.o
 .text.prvProcessExpiredTimer
                0x0000000000006eea       0x46 ./FreeRTOS/timers.o
 .text.prvSwitchTimerLists
                0x0000000000006f30       0x30 ./FreeRTOS/timers.o
 .text.prvTimerTask
                0x0000000000006f60      0x198 ./FreeRTOS/timers.o
 .text.xTimerCreateTimerTask
                0x00000000000070f8       0x60 ./FreeRTOS/timers.o
                0x00000000000070f8                xTimerCreateTimerTask
 .text.Delay_Init
                0x0000000000007158       0x2e ./Debug/debug.o
                0x0000000000007158                Delay_Init
 .text.Delay_Us
                0x0000000000007186       0x3a ./Debug/debug.o
                0x0000000000007186                Delay_Us
 .text.Delay_Ms
                0x00000000000071c0       0x3a ./Debug/debug.o
                0x00000000000071c0                Delay_Ms
 .text.USART_Printf_Init
                0x00000000000071fa       0x5a ./Debug/debug.o
                0x00000000000071fa                USART_Printf_Init
 .text._write   0x0000000000007254       0x3e ./Debug/debug.o
                0x0000000000007254                _write
 .text.asinf    0x0000000000007292       0xbe d:/mounriver/mounriver_studio/toolchain/risc-v embedded gcc/bin/../lib/gcc/riscv-none-embed/8.2.0/../../../../riscv-none-embed/lib/rv32imacxw/ilp32\libm.a(lib_a-wf_asin.o)
                0x0000000000007292                asinf
 .text.atan2f   0x0000000000007350        0x2 d:/mounriver/mounriver_studio/toolchain/risc-v embedded gcc/bin/../lib/gcc/riscv-none-embed/8.2.0/../../../../riscv-none-embed/lib/rv32imacxw/ilp32\libm.a(lib_a-wf_atan2.o)
                0x0000000000007350                atan2f
 .text.__ieee754_asinf
                0x0000000000007352      0x370 d:/mounriver/mounriver_studio/toolchain/risc-v embedded gcc/bin/../lib/gcc/riscv-none-embed/8.2.0/../../../../riscv-none-embed/lib/rv32imacxw/ilp32\libm.a(lib_a-ef_asin.o)
                0x0000000000007352                __ieee754_asinf
 .text.__ieee754_atan2f
                0x00000000000076c2      0x192 d:/mounriver/mounriver_studio/toolchain/risc-v embedded gcc/bin/../lib/gcc/riscv-none-embed/8.2.0/../../../../riscv-none-embed/lib/rv32imacxw/ilp32\libm.a(lib_a-ef_atan2.o)
                0x00000000000076c2                __ieee754_atan2f
 .text.__ieee754_sqrtf
                0x0000000000007854       0xdc d:/mounriver/mounriver_studio/toolchain/risc-v embedded gcc/bin/../lib/gcc/riscv-none-embed/8.2.0/../../../../riscv-none-embed/lib/rv32imacxw/ilp32\libm.a(lib_a-ef_sqrt.o)
                0x0000000000007854                __ieee754_sqrtf
 .text.matherr  0x0000000000007930        0x4 d:/mounriver/mounriver_studio/toolchain/risc-v embedded gcc/bin/../lib/gcc/riscv-none-embed/8.2.0/../../../../riscv-none-embed/lib/rv32imacxw/ilp32\libm.a(lib_a-s_matherr.o)
                0x0000000000007930                matherr
 .text.nan      0x0000000000007934        0xe d:/mounriver/mounriver_studio/toolchain/risc-v embedded gcc/bin/../lib/gcc/riscv-none-embed/8.2.0/../../../../riscv-none-embed/lib/rv32imacxw/ilp32\libm.a(lib_a-s_nan.o)
                0x0000000000007934                nan
 .text.atanf    0x0000000000007942      0x288 d:/mounriver/mounriver_studio/toolchain/risc-v embedded gcc/bin/../lib/gcc/riscv-none-embed/8.2.0/../../../../riscv-none-embed/lib/rv32imacxw/ilp32\libm.a(lib_a-sf_atan.o)
                0x0000000000007942                atanf
 .text.fabsf    0x0000000000007bca        0x6 d:/mounriver/mounriver_studio/toolchain/risc-v embedded gcc/bin/../lib/gcc/riscv-none-embed/8.2.0/../../../../riscv-none-embed/lib/rv32imacxw/ilp32\libm.a(lib_a-sf_fabs.o)
                0x0000000000007bca                fabsf
 .text.printchar
                0x0000000000007bd0       0x4a d:/mounriver/mounriver_studio/toolchain/risc-v embedded gcc/bin/../lib/gcc/riscv-none-embed/8.2.0/../../../../riscv-none-embed/lib/rv32imacxw/ilp32\libprintfloat.a(printfloat.o)
                0x0000000000007bd0                printchar
 .text.prints   0x0000000000007c1a       0xe0 d:/mounriver/mounriver_studio/toolchain/risc-v embedded gcc/bin/../lib/gcc/riscv-none-embed/8.2.0/../../../../riscv-none-embed/lib/rv32imacxw/ilp32\libprintfloat.a(printfloat.o)
                0x0000000000007c1a                prints
 .text.printInt
                0x0000000000007cfa       0xf2 d:/mounriver/mounriver_studio/toolchain/risc-v embedded gcc/bin/../lib/gcc/riscv-none-embed/8.2.0/../../../../riscv-none-embed/lib/rv32imacxw/ilp32\libprintfloat.a(printfloat.o)
                0x0000000000007cfa                printInt
 .text.printLongLongInt
                0x0000000000007dec      0x122 d:/mounriver/mounriver_studio/toolchain/risc-v embedded gcc/bin/../lib/gcc/riscv-none-embed/8.2.0/../../../../riscv-none-embed/lib/rv32imacxw/ilp32\libprintfloat.a(printfloat.o)
                0x0000000000007dec                printLongLongInt
 .text.printDouble
                0x0000000000007f0e      0x100 d:/mounriver/mounriver_studio/toolchain/risc-v embedded gcc/bin/../lib/gcc/riscv-none-embed/8.2.0/../../../../riscv-none-embed/lib/rv32imacxw/ilp32\libprintfloat.a(printfloat.o)
                0x0000000000007f0e                printDouble
 .text.print    0x000000000000800e      0x358 d:/mounriver/mounriver_studio/toolchain/risc-v embedded gcc/bin/../lib/gcc/riscv-none-embed/8.2.0/../../../../riscv-none-embed/lib/rv32imacxw/ilp32\libprintfloat.a(printfloat.o)
                0x000000000000800e                print
 .text.printf   0x0000000000008366       0x24 d:/mounriver/mounriver_studio/toolchain/risc-v embedded gcc/bin/../lib/gcc/riscv-none-embed/8.2.0/../../../../riscv-none-embed/lib/rv32imacxw/ilp32\libprintfloat.a(printfloat.o)
                0x0000000000008366                printf
 .text.puts     0x000000000000838a       0x4a d:/mounriver/mounriver_studio/toolchain/risc-v embedded gcc/bin/../lib/gcc/riscv-none-embed/8.2.0/../../../../riscv-none-embed/lib/rv32imacxw/ilp32\libprintfloat.a(printfloat.o)
                0x000000000000838a                puts
 .text.__divdi3
                0x00000000000083d4      0x3d4 d:/mounriver/mounriver_studio/toolchain/risc-v embedded gcc/bin/../lib/gcc/riscv-none-embed/8.2.0/rv32imacxw/ilp32\libgcc.a(_divdi3.o)
                0x00000000000083d4                __divdi3
 .text.__udivdi3
                0x00000000000087a8      0x392 d:/mounriver/mounriver_studio/toolchain/risc-v embedded gcc/bin/../lib/gcc/riscv-none-embed/8.2.0/rv32imacxw/ilp32\libgcc.a(_udivdi3.o)
                0x00000000000087a8                __udivdi3
 .text.__umoddi3
                0x0000000000008b3a      0x38a d:/mounriver/mounriver_studio/toolchain/risc-v embedded gcc/bin/../lib/gcc/riscv-none-embed/8.2.0/rv32imacxw/ilp32\libgcc.a(_umoddi3.o)
                0x0000000000008b3a                __umoddi3
 .text.__adddf3
                0x0000000000008ec4      0x730 d:/mounriver/mounriver_studio/toolchain/risc-v embedded gcc/bin/../lib/gcc/riscv-none-embed/8.2.0/rv32imacxw/ilp32\libgcc.a(adddf3.o)
                0x0000000000008ec4                __adddf3
 .text.__ledf2  0x00000000000095f4       0xb6 d:/mounriver/mounriver_studio/toolchain/risc-v embedded gcc/bin/../lib/gcc/riscv-none-embed/8.2.0/rv32imacxw/ilp32\libgcc.a(ledf2.o)
                0x00000000000095f4                __ledf2
                0x00000000000095f4                __ltdf2
 .text.__muldf3
                0x00000000000096aa      0x4b8 d:/mounriver/mounriver_studio/toolchain/risc-v embedded gcc/bin/../lib/gcc/riscv-none-embed/8.2.0/rv32imacxw/ilp32\libgcc.a(muldf3.o)
                0x00000000000096aa                __muldf3
 .text.__subdf3
                0x0000000000009b62      0x73e d:/mounriver/mounriver_studio/toolchain/risc-v embedded gcc/bin/../lib/gcc/riscv-none-embed/8.2.0/rv32imacxw/ilp32\libgcc.a(subdf3.o)
                0x0000000000009b62                __subdf3
 .text.__fixunsdfsi
                0x000000000000a2a0       0x5c d:/mounriver/mounriver_studio/toolchain/risc-v embedded gcc/bin/../lib/gcc/riscv-none-embed/8.2.0/rv32imacxw/ilp32\libgcc.a(fixunsdfsi.o)
                0x000000000000a2a0                __fixunsdfsi
 .text.__floatsidf
                0x000000000000a2fc       0x72 d:/mounriver/mounriver_studio/toolchain/risc-v embedded gcc/bin/../lib/gcc/riscv-none-embed/8.2.0/rv32imacxw/ilp32\libgcc.a(floatsidf.o)
                0x000000000000a2fc                __floatsidf
 .text.__fixdfdi
                0x000000000000a36e       0xbc d:/mounriver/mounriver_studio/toolchain/risc-v embedded gcc/bin/../lib/gcc/riscv-none-embed/8.2.0/rv32imacxw/ilp32\libgcc.a(fixdfdi.o)
                0x000000000000a36e                __fixdfdi
 .text.__floatdidf
                0x000000000000a42a      0x1b6 d:/mounriver/mounriver_studio/toolchain/risc-v embedded gcc/bin/../lib/gcc/riscv-none-embed/8.2.0/rv32imacxw/ilp32\libgcc.a(floatdidf.o)
                0x000000000000a42a                __floatdidf
 .text.__addsf3
                0x000000000000a5e0      0x36a d:/mounriver/mounriver_studio/toolchain/risc-v embedded gcc/bin/../lib/gcc/riscv-none-embed/8.2.0/rv32imacxw/ilp32\libgcc.a(addsf3.o)
                0x000000000000a5e0                __addsf3
 .text.__divsf3
                0x000000000000a94a      0x2b2 d:/mounriver/mounriver_studio/toolchain/risc-v embedded gcc/bin/../lib/gcc/riscv-none-embed/8.2.0/rv32imacxw/ilp32\libgcc.a(divsf3.o)
                0x000000000000a94a                __divsf3
 .text.__eqsf2  0x000000000000abfc       0x5c d:/mounriver/mounriver_studio/toolchain/risc-v embedded gcc/bin/../lib/gcc/riscv-none-embed/8.2.0/rv32imacxw/ilp32\libgcc.a(eqsf2.o)
                0x000000000000abfc                __eqsf2
                0x000000000000abfc                __nesf2
 .text.__gesf2  0x000000000000ac58       0x86 d:/mounriver/mounriver_studio/toolchain/risc-v embedded gcc/bin/../lib/gcc/riscv-none-embed/8.2.0/rv32imacxw/ilp32\libgcc.a(gesf2.o)
                0x000000000000ac58                __gesf2
                0x000000000000ac58                __gtsf2
 .text.__lesf2  0x000000000000acde       0x8c d:/mounriver/mounriver_studio/toolchain/risc-v embedded gcc/bin/../lib/gcc/riscv-none-embed/8.2.0/rv32imacxw/ilp32\libgcc.a(lesf2.o)
                0x000000000000acde                __ltsf2
                0x000000000000acde                __lesf2
 .text.__mulsf3
                0x000000000000ad6a      0x294 d:/mounriver/mounriver_studio/toolchain/risc-v embedded gcc/bin/../lib/gcc/riscv-none-embed/8.2.0/rv32imacxw/ilp32\libgcc.a(mulsf3.o)
                0x000000000000ad6a                __mulsf3
 .text.__subsf3
                0x000000000000affe      0x388 d:/mounriver/mounriver_studio/toolchain/risc-v embedded gcc/bin/../lib/gcc/riscv-none-embed/8.2.0/rv32imacxw/ilp32\libgcc.a(subsf3.o)
                0x000000000000affe                __subsf3
 .text.__unordsf2
                0x000000000000b386       0x3c d:/mounriver/mounriver_studio/toolchain/risc-v embedded gcc/bin/../lib/gcc/riscv-none-embed/8.2.0/rv32imacxw/ilp32\libgcc.a(unordsf2.o)
                0x000000000000b386                __unordsf2
 .text.__fixsfsi
                0x000000000000b3c2       0x62 d:/mounriver/mounriver_studio/toolchain/risc-v embedded gcc/bin/../lib/gcc/riscv-none-embed/8.2.0/rv32imacxw/ilp32\libgcc.a(fixsfsi.o)
                0x000000000000b3c2                __fixsfsi
 .text.__fixunssfsi
                0x000000000000b424       0x56 d:/mounriver/mounriver_studio/toolchain/risc-v embedded gcc/bin/../lib/gcc/riscv-none-embed/8.2.0/rv32imacxw/ilp32\libgcc.a(fixunssfsi.o)
                0x000000000000b424                __fixunssfsi
 .text.__floatsisf
                0x000000000000b47a       0xc6 d:/mounriver/mounriver_studio/toolchain/risc-v embedded gcc/bin/../lib/gcc/riscv-none-embed/8.2.0/rv32imacxw/ilp32\libgcc.a(floatsisf.o)
                0x000000000000b47a                __floatsisf
 .text.__floatunsisf
                0x000000000000b540       0xce d:/mounriver/mounriver_studio/toolchain/risc-v embedded gcc/bin/../lib/gcc/riscv-none-embed/8.2.0/rv32imacxw/ilp32\libgcc.a(floatunsisf.o)
                0x000000000000b540                __floatunsisf
 .text.__extendsfdf2
                0x000000000000b60e       0xac d:/mounriver/mounriver_studio/toolchain/risc-v embedded gcc/bin/../lib/gcc/riscv-none-embed/8.2.0/rv32imacxw/ilp32\libgcc.a(extendsfdf2.o)
                0x000000000000b60e                __extendsfdf2
 .text.__truncdfsf2
                0x000000000000b6ba      0x16a d:/mounriver/mounriver_studio/toolchain/risc-v embedded gcc/bin/../lib/gcc/riscv-none-embed/8.2.0/rv32imacxw/ilp32\libgcc.a(truncdfsf2.o)
                0x000000000000b6ba                __truncdfsf2
 .text.__clzsi2
                0x000000000000b824       0x6e d:/mounriver/mounriver_studio/toolchain/risc-v embedded gcc/bin/../lib/gcc/riscv-none-embed/8.2.0/rv32imacxw/ilp32\libgcc.a(_clzsi2.o)
                0x000000000000b824                __clzsi2
 .text.__errno  0x000000000000b892        0x8 d:/mounriver/mounriver_studio/toolchain/risc-v embedded gcc/bin/../lib/gcc/riscv-none-embed/8.2.0/../../../../riscv-none-embed/lib/rv32imacxw/ilp32\libg_nano.a(lib_a-errno.o)
                0x000000000000b892                __errno
 .text.memcmp   0x000000000000b89a       0x24 d:/mounriver/mounriver_studio/toolchain/risc-v embedded gcc/bin/../lib/gcc/riscv-none-embed/8.2.0/../../../../riscv-none-embed/lib/rv32imacxw/ilp32\libg_nano.a(lib_a-memcmp.o)
                0x000000000000b89a                memcmp
 .text.memcpy   0x000000000000b8be       0xb2 d:/mounriver/mounriver_studio/toolchain/risc-v embedded gcc/bin/../lib/gcc/riscv-none-embed/8.2.0/../../../../riscv-none-embed/lib/rv32imacxw/ilp32\libg_nano.a(lib_a-memcpy.o)
                0x000000000000b8be                memcpy
 *(.rodata)
 *fill*         0x000000000000b970        0x0 
 .rodata        0x000000000000b970       0x2f ./General_Files/eMPL/inv_mpu_dmp_motion_driver.o
 *(.rodata*)
 *fill*         0x000000000000b99f        0x1 
 .rodata.String_print.str1.4
                0x000000000000b9a0      0x18a ./User/RTOS_apps/Print_status.o
 *fill*         0x000000000000bb2a        0x6 
 .rodata.ELRS_Convert_angle.cst8
                0x000000000000bb30        0x8 ./User/RTOS_apps/control_handle.o
 .rodata.ELRS_Convert_throttle.cst8
                0x000000000000bb38       0x10 ./User/RTOS_apps/control_handle.o
 .rodata.PIDSTRUCT_Init.cst4
                0x000000000000bb48       0x5c ./User/RTOS_apps/control_handle.o
 .rodata.Roll_innerloop_ctr.cst4
                0x000000000000bba4        0x4 ./User/RTOS_apps/control_handle.o
 .rodata.Motor_sort_start.cst4
                0x000000000000bba8        0x8 ./User/RTOS_apps/soft_stast.o
 .rodata.Motor_sort_start.str1.4
                0x000000000000bbb0       0x21 ./User/RTOS_apps/soft_stast.o
 *fill*         0x000000000000bbd1        0x3 
 .rodata.RTOS_init.str1.4
                0x000000000000bbd4       0x1c ./User/RTOS_tasks.o
 .rodata.main.str1.4
                0x000000000000bbf0       0x50 ./User/main.o
 .rodata.mpu_get_lpf
                0x000000000000bc40       0x18 ./General_Files/eMPL/inv_mpu.o
 .rodata.hw     0x000000000000bc58        0xc ./General_Files/eMPL/inv_mpu.o
                0x000000000000bc58                hw
 .rodata.mpu_dmp_get_data.cst4
                0x000000000000bc64        0x8 ./General_Files/eMPL/inv_mpu.o
 *fill*         0x000000000000bc6c        0x4 
 .rodata.mpu_dmp_get_data.cst8
                0x000000000000bc70        0x8 ./General_Files/eMPL/inv_mpu.o
 .rodata.mpu_dmp_init.str1.4
                0x000000000000bc78       0x12 ./General_Files/eMPL/inv_mpu.o
 *fill*         0x000000000000bc8a        0x2 
 .rodata.mpu_get_gyro_sens.cst4
                0x000000000000bc8c       0x10 ./General_Files/eMPL/inv_mpu.o
 .rodata.mpu_init.str1.4
                0x000000000000bc9c       0x91 ./General_Files/eMPL/inv_mpu.o
 *fill*         0x000000000000bd2d        0x3 
 .rodata.mpu_run_self_test.cst4
                0x000000000000bd30       0x2c ./General_Files/eMPL/inv_mpu.o
                                         0x30 (size before relaxing)
 .rodata.reg    0x000000000000bd5c       0x1b ./General_Files/eMPL/inv_mpu.o
                0x000000000000bd5c                reg
 *fill*         0x000000000000bd77        0x1 
 .rodata.test   0x000000000000bd78       0x28 ./General_Files/eMPL/inv_mpu.o
                0x000000000000bd78                test
 .rodata.dmp_memory
                0x000000000000bda0      0xbf6 ./General_Files/eMPL/inv_mpu_dmp_motion_driver.o
 *fill*         0x000000000000c996        0x2 
 .rodata.dmp_set_tap_thresh.cst4
                0x000000000000c998       0x24 ./General_Files/eMPL/inv_mpu_dmp_motion_driver.o
 .rodata.MPU6050_Init.str1.4
                0x000000000000c9bc       0x1b ./General_Files/drivers/MPU6050.o
 *fill*         0x000000000000c9d7        0x1 
 .rodata.micolink_parse_char
                0x000000000000c9d8       0x20 ./General_Files/drivers/MTF01.o
 .rodata.BAT_ADC_Init.str1.4
                0x000000000000c9f8       0x16 ./General_Files/drivers/adc.o
 *fill*         0x000000000000ca0e        0x2 
 .rodata.FilterAverage.cst4
                0x000000000000ca10        0x4 ./General_Files/drivers/bsp_filter.o
 .rodata.System_Init.str1.4
                0x000000000000ca14       0x11 ./General_Files/system.o
 *fill*         0x000000000000ca25        0x3 
 .rodata.pvPortMalloc.str1.4
                0x000000000000ca28       0x49 ./FreeRTOS/portable/MemMang/heap_4.o
 *fill*         0x000000000000ca71        0x3 
 .rodata.xPortStartScheduler.str1.4
                0x000000000000ca74       0x27 ./FreeRTOS/portable/GCC/RISC-V/port.o
                                         0x49 (size before relaxing)
 *fill*         0x000000000000ca9b        0x1 
 .rodata.xQueueGenericReset.str1.4
                0x000000000000ca9c       0x14 ./FreeRTOS/queue.o
                                         0x35 (size before relaxing)
 .rodata.prvTaskIsTaskSuspended.str1.4
                0x000000000000cab0       0x14 ./FreeRTOS/tasks.o
                                         0x35 (size before relaxing)
 .rodata.vTaskStartScheduler.str1.4
                0x000000000000cac4        0x5 ./FreeRTOS/tasks.o
 *fill*         0x000000000000cac9        0x3 
 .rodata.prvTimerTask
                0x000000000000cacc       0x24 ./FreeRTOS/timers.o
 .rodata.prvCheckForValidListAndQueue.str1.4
                0x000000000000caf0        0x5 ./FreeRTOS/timers.o
 *fill*         0x000000000000caf5        0x3 
 .rodata.prvTimerTask.str1.4
                0x000000000000caf8       0x15 ./FreeRTOS/timers.o
                                         0x39 (size before relaxing)
 *fill*         0x000000000000cb0d        0x3 
 .rodata.xTimerCreateTimerTask.str1.4
                0x000000000000cb10        0x8 ./FreeRTOS/timers.o
 .rodata.asinf.cst4
                0x000000000000cb18        0x4 d:/mounriver/mounriver_studio/toolchain/risc-v embedded gcc/bin/../lib/gcc/riscv-none-embed/8.2.0/../../../../riscv-none-embed/lib/rv32imacxw/ilp32\libm.a(lib_a-wf_asin.o)
 .rodata.asinf.str1.4
                0x000000000000cb18        0x6 d:/mounriver/mounriver_studio/toolchain/risc-v embedded gcc/bin/../lib/gcc/riscv-none-embed/8.2.0/../../../../riscv-none-embed/lib/rv32imacxw/ilp32\libm.a(lib_a-wf_asin.o)
                                          0x9 (size before relaxing)
 *fill*         0x000000000000cb1e        0x2 
 .rodata.__ieee754_asinf.cst4
                0x000000000000cb20       0x40 d:/mounriver/mounriver_studio/toolchain/risc-v embedded gcc/bin/../lib/gcc/riscv-none-embed/8.2.0/../../../../riscv-none-embed/lib/rv32imacxw/ilp32\libm.a(lib_a-ef_asin.o)
                                         0x44 (size before relaxing)
 .rodata.__ieee754_atan2f.cst4
                0x000000000000cb60       0x20 d:/mounriver/mounriver_studio/toolchain/risc-v embedded gcc/bin/../lib/gcc/riscv-none-embed/8.2.0/../../../../riscv-none-embed/lib/rv32imacxw/ilp32\libm.a(lib_a-ef_atan2.o)
                                         0x28 (size before relaxing)
 .rodata.nan.cst8
                0x000000000000cb80        0x8 d:/mounriver/mounriver_studio/toolchain/risc-v embedded gcc/bin/../lib/gcc/riscv-none-embed/8.2.0/../../../../riscv-none-embed/lib/rv32imacxw/ilp32\libm.a(lib_a-s_nan.o)
 .rodata.atanf.cst4
                0x000000000000cb88       0x34 d:/mounriver/mounriver_studio/toolchain/risc-v embedded gcc/bin/../lib/gcc/riscv-none-embed/8.2.0/../../../../riscv-none-embed/lib/rv32imacxw/ilp32\libm.a(lib_a-sf_atan.o)
                                         0x48 (size before relaxing)
 .rodata.atanhi
                0x000000000000cbbc       0x10 d:/mounriver/mounriver_studio/toolchain/risc-v embedded gcc/bin/../lib/gcc/riscv-none-embed/8.2.0/../../../../riscv-none-embed/lib/rv32imacxw/ilp32\libm.a(lib_a-sf_atan.o)
 .rodata.atanlo
                0x000000000000cbcc       0x10 d:/mounriver/mounriver_studio/toolchain/risc-v embedded gcc/bin/../lib/gcc/riscv-none-embed/8.2.0/../../../../riscv-none-embed/lib/rv32imacxw/ilp32\libm.a(lib_a-sf_atan.o)
 .rodata.print.str1.4
                0x000000000000cbdc        0x8 d:/mounriver/mounriver_studio/toolchain/risc-v embedded gcc/bin/../lib/gcc/riscv-none-embed/8.2.0/../../../../riscv-none-embed/lib/rv32imacxw/ilp32\libprintfloat.a(printfloat.o)
                                          0x7 (size before relaxing)
 .rodata.__muldf3
                0x000000000000cbe4       0x40 d:/mounriver/mounriver_studio/toolchain/risc-v embedded gcc/bin/../lib/gcc/riscv-none-embed/8.2.0/rv32imacxw/ilp32\libgcc.a(muldf3.o)
 .rodata.__divsf3
                0x000000000000cc24       0x80 d:/mounriver/mounriver_studio/toolchain/risc-v embedded gcc/bin/../lib/gcc/riscv-none-embed/8.2.0/rv32imacxw/ilp32\libgcc.a(divsf3.o)
 .rodata.__mulsf3
                0x000000000000cca4       0x40 d:/mounriver/mounriver_studio/toolchain/risc-v embedded gcc/bin/../lib/gcc/riscv-none-embed/8.2.0/rv32imacxw/ilp32\libgcc.a(mulsf3.o)
 .rodata.__clz_tab
                0x000000000000cce4      0x100 d:/mounriver/mounriver_studio/toolchain/risc-v embedded gcc/bin/../lib/gcc/riscv-none-embed/8.2.0/rv32imacxw/ilp32\libgcc.a(_clz.o)
                0x000000000000cce4                __clz_tab
 *(.gnu.linkonce.t.*)
                0x000000000000cde4                . = ALIGN (0x4)

.rela.dyn       0x000000000000cde4        0x0
 .rela.text.String_print
                0x000000000000cde4        0x0 ./User/RTOS_apps/IMU_handle.o
 .rela.text.Motor_sort_start
                0x000000000000cde4        0x0 ./User/RTOS_apps/IMU_handle.o
 .rela.text.startup.main
                0x000000000000cde4        0x0 ./User/RTOS_apps/IMU_handle.o
 .rela.init     0x000000000000cde4        0x0 ./User/RTOS_apps/IMU_handle.o
 .rela.vector   0x000000000000cde4        0x0 ./User/RTOS_apps/IMU_handle.o
 .rela.text.handle_reset
                0x000000000000cde4        0x0 ./User/RTOS_apps/IMU_handle.o
 .rela.text.mpu_init
                0x000000000000cde4        0x0 ./User/RTOS_apps/IMU_handle.o
 .rela.text.mpu_dmp_init
                0x000000000000cde4        0x0 ./User/RTOS_apps/IMU_handle.o
 .rela.text.MPU6050_Init
                0x000000000000cde4        0x0 ./User/RTOS_apps/IMU_handle.o
 .rela.text.BAT_ADC_Init
                0x000000000000cde4        0x0 ./User/RTOS_apps/IMU_handle.o
 .rela.text.System_Init
                0x000000000000cde4        0x0 ./User/RTOS_apps/IMU_handle.o
 .rela.text.pvPortMalloc
                0x000000000000cde4        0x0 ./User/RTOS_apps/IMU_handle.o
 .rela.text.vPortFree
                0x000000000000cde4        0x0 ./User/RTOS_apps/IMU_handle.o
 .rela.text.xPortStartScheduler
                0x000000000000cde4        0x0 ./User/RTOS_apps/IMU_handle.o
 .rela.text.vPortExitCritical
                0x000000000000cde4        0x0 ./User/RTOS_apps/IMU_handle.o
 .rela.sdata2.xISRStackTop
                0x000000000000cde4        0x0 ./User/RTOS_apps/IMU_handle.o
 .rela.text.xQueueGenericReset
                0x000000000000cde4        0x0 ./User/RTOS_apps/IMU_handle.o
 .rela.text.xQueueGenericCreate
                0x000000000000cde4        0x0 ./User/RTOS_apps/IMU_handle.o
 .rela.text.xQueueReceive
                0x000000000000cde4        0x0 ./User/RTOS_apps/IMU_handle.o
 .rela.text.vQueueAddToRegistry
                0x000000000000cde4        0x0 ./User/RTOS_apps/IMU_handle.o
 .rela.text.xTaskCreate
                0x000000000000cde4        0x0 ./User/RTOS_apps/IMU_handle.o
 .rela.text.vTaskStartScheduler
                0x000000000000cde4        0x0 ./User/RTOS_apps/IMU_handle.o
 .rela.text.xTaskIncrementTick
                0x000000000000cde4        0x0 ./User/RTOS_apps/IMU_handle.o
 .rela.text.xTaskResumeAll
                0x000000000000cde4        0x0 ./User/RTOS_apps/IMU_handle.o
 .rela.text.vTaskDelay
                0x000000000000cde4        0x0 ./User/RTOS_apps/IMU_handle.o
 .rela.text.vTaskSwitchContext
                0x000000000000cde4        0x0 ./User/RTOS_apps/IMU_handle.o
 .rela.text.vTaskPlaceOnEventList
                0x000000000000cde4        0x0 ./User/RTOS_apps/IMU_handle.o
 .rela.text.vTaskPlaceOnEventListRestricted
                0x000000000000cde4        0x0 ./User/RTOS_apps/IMU_handle.o
 .rela.text.xTaskRemoveFromEventList
                0x000000000000cde4        0x0 ./User/RTOS_apps/IMU_handle.o
 .rela.text.xTaskCheckForTimeOut
                0x000000000000cde4        0x0 ./User/RTOS_apps/IMU_handle.o
 .rela.text.prvTimerTask
                0x000000000000cde4        0x0 ./User/RTOS_apps/IMU_handle.o
 .rela.text.xTimerCreateTimerTask
                0x000000000000cde4        0x0 ./User/RTOS_apps/IMU_handle.o
 .rela.text.prints
                0x000000000000cde4        0x0 ./User/RTOS_apps/IMU_handle.o
 .rela.text.printInt
                0x000000000000cde4        0x0 ./User/RTOS_apps/IMU_handle.o
 .rela.text.printLongLongInt
                0x000000000000cde4        0x0 ./User/RTOS_apps/IMU_handle.o
 .rela.text.printDouble
                0x000000000000cde4        0x0 ./User/RTOS_apps/IMU_handle.o
 .rela.text.print
                0x000000000000cde4        0x0 ./User/RTOS_apps/IMU_handle.o
 .rela.text.printf
                0x000000000000cde4        0x0 ./User/RTOS_apps/IMU_handle.o
 .rela.data.impure_data
                0x000000000000cde4        0x0 ./User/RTOS_apps/IMU_handle.o

.fini           0x000000000000cde4        0x0
 *(SORT_NONE(.fini))
                0x000000000000cde4                . = ALIGN (0x4)
                [!provide]                        PROVIDE (_etext = .)
                [!provide]                        PROVIDE (_eitcm = .)

.preinit_array  0x000000000000cde4        0x0
                [!provide]                        PROVIDE (__preinit_array_start = .)
 *(.preinit_array)
                [!provide]                        PROVIDE (__preinit_array_end = .)

.init_array     0x000000000000cde4        0x0
                [!provide]                        PROVIDE (__init_array_start = .)
 *(SORT_BY_INIT_PRIORITY(.init_array.*) SORT_BY_INIT_PRIORITY(.ctors.*))
 *(.init_array EXCLUDE_FILE(*crtend?.o *crtend.o *crtbegin?.o *crtbegin.o) .ctors)
                [!provide]                        PROVIDE (__init_array_end = .)

.fini_array     0x000000000000cde4        0x0
                [!provide]                        PROVIDE (__fini_array_start = .)
 *(SORT_BY_INIT_PRIORITY(.fini_array.*) SORT_BY_INIT_PRIORITY(.dtors.*))
 *(.fini_array EXCLUDE_FILE(*crtend?.o *crtend.o *crtbegin?.o *crtbegin.o) .dtors)
                [!provide]                        PROVIDE (__fini_array_end = .)

.ctors
 *crtbegin.o(.ctors)
 *crtbegin?.o(.ctors)
 *(EXCLUDE_FILE(*crtend?.o *crtend.o) .ctors)
 *(SORT_BY_NAME(.ctors.*))
 *(.ctors)

.dtors
 *crtbegin.o(.dtors)
 *crtbegin?.o(.dtors)
 *(EXCLUDE_FILE(*crtend?.o *crtend.o) .dtors)
 *(SORT_BY_NAME(.dtors.*))
 *(.dtors)

.dalign         0x0000000020000000        0x0 load address 0x000000000000cde4
                0x0000000020000000                . = ALIGN (0x4)
                0x0000000020000000                PROVIDE (_data_vma = .)

.dlalign        0x000000000000cde4        0x0
                0x000000000000cde4                . = ALIGN (0x4)
                0x000000000000cde4                PROVIDE (_data_lma = .)

.data           0x0000000020000000      0x108 load address 0x000000000000cde4
 *(.gnu.linkonce.r.*)
 *(.data .data.*)
 .data.AHBPrescTable
                0x0000000020000000       0x10 ./User/system_ch32v30x.o
                0x0000000020000000                AHBPrescTable
 .data.APBAHBPrescTable
                0x0000000020000010       0x10 ./Peripheral/src/ch32v30x_rcc.o
 .data.gyro_orientation
                0x0000000020000020        0x9 ./General_Files/eMPL/inv_mpu.o
 *fill*         0x0000000020000029        0x3 
 .data.st       0x000000002000002c       0x2c ./General_Files/eMPL/inv_mpu.o
 .data.Motor_pos
                0x0000000020000058       0x10 ./General_Files/drivers/pwm.o
                0x0000000020000058                Motor_pos
 .data.pid_func
                0x0000000020000068       0x10 ./General_Files/apps/src/pid.o
                0x0000000020000068                pid_func
 .data.impure_data
                0x0000000020000078       0x60 d:/mounriver/mounriver_studio/toolchain/risc-v embedded gcc/bin/../lib/gcc/riscv-none-embed/8.2.0/../../../../riscv-none-embed/lib/rv32imacxw/ilp32\libg_nano.a(lib_a-impure.o)
 *(.gnu.linkonce.d.*)
                0x00000000200000d8                . = ALIGN (0x8)
                0x00000000200008d8                PROVIDE (__global_pointer$ = (. + 0x800))
 *(.sdata .sdata.*)
 .sdata.IMU_IO_STATUS
                0x00000000200000d8        0x4 ./User/RTOS_apps/IMU_handle.o
                0x00000000200000d8                IMU_IO_STATUS
 .sdata.Motor_speed_set
                0x00000000200000dc        0x4 ./User/RTOS_apps/soft_stast.o
                0x00000000200000dc                Motor_speed_set
 .sdata.last_RC_lock_state
                0x00000000200000e0        0x4 ./User/RTOS_apps/soft_stast.o
                0x00000000200000e0                last_RC_lock_state
 .sdata.SystemCoreClock
                0x00000000200000e4        0x4 ./User/system_ch32v30x.o
                0x00000000200000e4                SystemCoreClock
 .sdata.ADCPrescTable
                0x00000000200000e8        0x4 ./Peripheral/src/ch32v30x_rcc.o
 .sdata.bmp280  0x00000000200000ec        0x4 ./General_Files/drivers/BMP280.o
                0x00000000200000ec                bmp280
 .sdata.uxCriticalNesting
                0x00000000200000f0        0x4 ./FreeRTOS/portable/GCC/RISC-V/port.o
 .sdata.uxTopUsedPriority
                0x00000000200000f4        0x4 ./FreeRTOS/tasks.o
                0x00000000200000f4                uxTopUsedPriority
 .sdata.__fdlib_version
                0x00000000200000f8        0x4 d:/mounriver/mounriver_studio/toolchain/risc-v embedded gcc/bin/../lib/gcc/riscv-none-embed/8.2.0/../../../../riscv-none-embed/lib/rv32imacxw/ilp32\libm.a(lib_a-s_lib_ver.o)
                0x00000000200000f8                __fdlib_version
 .sdata._impure_ptr
                0x00000000200000fc        0x4 d:/mounriver/mounriver_studio/toolchain/risc-v embedded gcc/bin/../lib/gcc/riscv-none-embed/8.2.0/../../../../riscv-none-embed/lib/rv32imacxw/ilp32\libg_nano.a(lib_a-impure.o)
                0x00000000200000fc                _impure_ptr
 *(.sdata2.*)
 .sdata2.xISRStackTop
                0x0000000020000100        0x4 ./FreeRTOS/portable/GCC/RISC-V/port.o
                0x0000000020000100                xISRStackTop
 *(.gnu.linkonce.s.*)
                0x0000000020000108                . = ALIGN (0x8)
 *fill*         0x0000000020000104        0x4 
 *(.srodata.cst16)
 *(.srodata.cst8)
 *(.srodata.cst4)
 *(.srodata.cst2)
 *(.srodata .srodata.*)
                0x0000000020000108                . = ALIGN (0x4)
                0x0000000020000108                PROVIDE (_edata = .)

.bss            0x0000000020000108     0x4804 load address 0x000000000000ceec
                0x0000000020000108                . = ALIGN (0x4)
                0x0000000020000108                PROVIDE (_sbss = .)
 *(.sbss*)
 .sbss.Control_task_Handler
                0x0000000020000108        0x4 ./User/RTOS_tasks.o
                0x0000000020000108                Control_task_Handler
 .sbss.IMU_Task_Handler
                0x000000002000010c        0x4 ./User/RTOS_tasks.o
                0x000000002000010c                IMU_Task_Handler
 .sbss.Motor_SoftStart_Handler
                0x0000000020000110        0x4 ./User/RTOS_tasks.o
                0x0000000020000110                Motor_SoftStart_Handler
 .sbss.PrintTask_Handler
                0x0000000020000114        0x4 ./User/RTOS_tasks.o
                0x0000000020000114                PrintTask_Handler
 .sbss.NVIC_Priority_Group
                0x0000000020000118        0x4 ./Peripheral/src/ch32v30x_misc.o
                0x0000000020000118                NVIC_Priority_Group
 .sbss.Calibrattion_Val
                0x000000002000011c        0x2 ./General_Files/drivers/adc.o
                0x000000002000011c                Calibrattion_Val
 *fill*         0x000000002000011e        0x2 
 .sbss.TxBuf    0x0000000020000120        0x2 ./General_Files/drivers/adc.o
                0x0000000020000120                TxBuf
 .sbss.RxBuf_Index
                0x0000000020000122        0x1 ./General_Files/apps/src/CRSF.o
                0x0000000020000122                RxBuf_Index
 *fill*         0x0000000020000123        0x1 
 .sbss.pxEnd    0x0000000020000124        0x4 ./FreeRTOS/portable/MemMang/heap_4.o
 .sbss.xBlockAllocatedBit
                0x0000000020000128        0x4 ./FreeRTOS/portable/MemMang/heap_4.o
 .sbss.xFreeBytesRemaining
                0x000000002000012c        0x4 ./FreeRTOS/portable/MemMang/heap_4.o
 .sbss.xMinimumEverFreeBytesRemaining
                0x0000000020000130        0x4 ./FreeRTOS/portable/MemMang/heap_4.o
 .sbss.xNumberOfSuccessfulAllocations
                0x0000000020000134        0x4 ./FreeRTOS/portable/MemMang/heap_4.o
 .sbss.xNumberOfSuccessfulFrees
                0x0000000020000138        0x4 ./FreeRTOS/portable/MemMang/heap_4.o
 .sbss.xStart   0x000000002000013c        0x8 ./FreeRTOS/portable/MemMang/heap_4.o
 .sbss.pxCurrentTCB
                0x0000000020000144        0x4 ./FreeRTOS/tasks.o
                0x0000000020000144                pxCurrentTCB
 .sbss.pxDelayedTaskList
                0x0000000020000148        0x4 ./FreeRTOS/tasks.o
 .sbss.pxOverflowDelayedTaskList
                0x000000002000014c        0x4 ./FreeRTOS/tasks.o
 .sbss.uxCurrentNumberOfTasks
                0x0000000020000150        0x4 ./FreeRTOS/tasks.o
 .sbss.uxDeletedTasksWaitingCleanUp
                0x0000000020000154        0x4 ./FreeRTOS/tasks.o
 .sbss.uxSchedulerSuspended
                0x0000000020000158        0x4 ./FreeRTOS/tasks.o
 .sbss.uxTaskNumber
                0x000000002000015c        0x4 ./FreeRTOS/tasks.o
 .sbss.uxTopReadyPriority
                0x0000000020000160        0x4 ./FreeRTOS/tasks.o
 .sbss.xIdleTaskHandle
                0x0000000020000164        0x4 ./FreeRTOS/tasks.o
 .sbss.xNextTaskUnblockTime
                0x0000000020000168        0x4 ./FreeRTOS/tasks.o
 .sbss.xNumOfOverflows
                0x000000002000016c        0x4 ./FreeRTOS/tasks.o
 .sbss.xPendedTicks
                0x0000000020000170        0x4 ./FreeRTOS/tasks.o
 .sbss.xSchedulerRunning
                0x0000000020000174        0x4 ./FreeRTOS/tasks.o
 .sbss.xTickCount
                0x0000000020000178        0x4 ./FreeRTOS/tasks.o
 .sbss.xYieldPending
                0x000000002000017c        0x4 ./FreeRTOS/tasks.o
 .sbss.pxCurrentTimerList
                0x0000000020000180        0x4 ./FreeRTOS/timers.o
 .sbss.pxOverflowTimerList
                0x0000000020000184        0x4 ./FreeRTOS/timers.o
 .sbss.xLastTime.6265
                0x0000000020000188        0x4 ./FreeRTOS/timers.o
 .sbss.xTimerQueue
                0x000000002000018c        0x4 ./FreeRTOS/timers.o
 .sbss.xTimerTaskHandle
                0x0000000020000190        0x4 ./FreeRTOS/timers.o
 .sbss.p_ms     0x0000000020000194        0x2 ./Debug/debug.o
 .sbss.p_us     0x0000000020000196        0x1 ./Debug/debug.o
 *(.gnu.linkonce.sb.*)
 *(.bss*)
 *fill*         0x0000000020000197        0x1 
 .bss.MPU6050_para
                0x0000000020000198       0x14 ./User/RTOS_apps/IMU_handle.o
                0x0000000020000198                MPU6050_para
 .bss.MPU6050_para_filted
                0x00000000200001ac       0x14 ./User/RTOS_apps/IMU_handle.o
                0x00000000200001ac                MPU6050_para_filted
 .bss.gyro_filter
                0x00000000200001c0       0x60 ./User/RTOS_apps/IMU_handle.o
                0x00000000200001c0                gyro_filter
 .bss.control   0x0000000020000220      0x350 ./User/RTOS_apps/control_handle.o
                0x0000000020000220                control
 .bss.dmp       0x0000000020000570       0x10 ./General_Files/eMPL/inv_mpu_dmp_motion_driver.o
 .bss.bmp280_inst
                0x0000000020000580       0x18 ./General_Files/drivers/BMP280.o
                0x0000000020000580                bmp280_inst
 .bss.msg.6004  0x0000000020000598       0x49 ./General_Files/drivers/MTF01.o
 *fill*         0x00000000200005e1        0x3 
 .bss.mtf01_filter
                0x00000000200005e4       0x30 ./General_Files/drivers/MTF01.o
                0x00000000200005e4                mtf01_filter
 .bss.payload   0x0000000020000614       0x14 ./General_Files/drivers/MTF01.o
                0x0000000020000614                payload
 .bss.payload_filtered
                0x0000000020000628       0x14 ./General_Files/drivers/MTF01.o
                0x0000000020000628                payload_filtered
 .bss._lut      0x000000002000063c      0x100 ./General_Files/apps/src/CRC.o
                0x000000002000063c                _lut
 .bss.CrsfChannels
                0x000000002000073c       0x40 ./General_Files/apps/src/CRSF.o
                0x000000002000073c                CrsfChannels
 .bss.LinkStatistics
                0x000000002000077c        0xa ./General_Files/apps/src/CRSF.o
                0x000000002000077c                LinkStatistics
 *fill*         0x0000000020000786        0x2 
 .bss.RxBuf     0x0000000020000788       0x40 ./General_Files/apps/src/CRSF.o
                0x0000000020000788                RxBuf
 .bss.ucHeap    0x00000000200007c8     0x4000 ./FreeRTOS/portable/MemMang/heap_4.o
 .bss.xQueueRegistry
                0x00000000200047c8       0x40 ./FreeRTOS/queue.o
                0x00000000200047c8                xQueueRegistry
 .bss.pxReadyTasksLists
                0x0000000020004808       0x78 ./FreeRTOS/tasks.o
 .bss.xDelayedTaskList1
                0x0000000020004880       0x14 ./FreeRTOS/tasks.o
 .bss.xDelayedTaskList2
                0x0000000020004894       0x14 ./FreeRTOS/tasks.o
 .bss.xPendingReadyList
                0x00000000200048a8       0x14 ./FreeRTOS/tasks.o
 .bss.xSuspendedTaskList
                0x00000000200048bc       0x14 ./FreeRTOS/tasks.o
 .bss.xTasksWaitingTermination
                0x00000000200048d0       0x14 ./FreeRTOS/tasks.o
 .bss.xActiveTimerList1
                0x00000000200048e4       0x14 ./FreeRTOS/timers.o
 .bss.xActiveTimerList2
                0x00000000200048f8       0x14 ./FreeRTOS/timers.o
 *(.gnu.linkonce.b.*)
 *(COMMON*)
                0x000000002000490c                . = ALIGN (0x4)
                0x000000002000490c                PROVIDE (_ebss = .)
                0x000000002000490c                PROVIDE (_end = _ebss)
                [!provide]                        PROVIDE (end = .)

.stack          0x0000000020007800      0x800
                0x0000000020007800                PROVIDE (_heap_end = .)
                0x0000000020007800                . = ALIGN (0x4)
                [!provide]                        PROVIDE (_susrstack = .)
                0x0000000020008000                . = (. + __stack_size)
 *fill*         0x0000000020007800      0x800 
                0x0000000020008000                PROVIDE (_eusrstack = .)
                0x0000000020008000                __freertos_irq_stack_top = .
OUTPUT(FreeRTOS.elf elf32-littleriscv)

.debug_info     0x0000000000000000    0x32ede
 .debug_info    0x0000000000000000      0xfe5 ./User/RTOS_apps/IMU_handle.o
 .debug_info    0x0000000000000fe5     0x1383 ./User/RTOS_apps/Print_status.o
 .debug_info    0x0000000000002368     0x156a ./User/RTOS_apps/control_handle.o
 .debug_info    0x00000000000038d2      0xed9 ./User/RTOS_apps/soft_stast.o
 .debug_info    0x00000000000047ab      0xf75 ./User/RTOS_tasks.o
 .debug_info    0x0000000000005720      0x962 ./User/ch32v30x_it.o