Archive member included to satisfy reference by file (symbol)

c:/mounriver/mounriver_studio/toolchain/risc-v embedded gcc/bin/../lib/gcc/riscv-none-embed/8.2.0/../../../../riscv-none-embed/lib/rv32imacxw/ilp32\libm.a(lib_a-wf_asin.o)
                              ./General_Files/eMPL/inv_mpu.o (asinf)
c:/mounriver/mounriver_studio/toolchain/risc-v embedded gcc/bin/../lib/gcc/riscv-none-embed/8.2.0/../../../../riscv-none-embed/lib/rv32imacxw/ilp32\libm.a(lib_a-wf_atan2.o)
                              ./General_Files/eMPL/inv_mpu.o (atan2f)
c:/mounriver/mounriver_studio/toolchain/risc-v embedded gcc/bin/../lib/gcc/riscv-none-embed/8.2.0/../../../../riscv-none-embed/lib/rv32imacxw/ilp32\libm.a(lib_a-ef_asin.o)
                              c:/mounriver/mounriver_studio/toolchain/risc-v embedded gcc/bin/../lib/gcc/riscv-none-embed/8.2.0/../../../../riscv-none-embed/lib/rv32imacxw/ilp32\libm.a(lib_a-wf_asin.o) (__ieee754_asinf)
c:/mounriver/mounriver_studio/toolchain/risc-v embedded gcc/bin/../lib/gcc/riscv-none-embed/8.2.0/../../../../riscv-none-embed/lib/rv32imacxw/ilp32\libm.a(lib_a-ef_atan2.o)
                              c:/mounriver/mounriver_studio/toolchain/risc-v embedded gcc/bin/../lib/gcc/riscv-none-embed/8.2.0/../../../../riscv-none-embed/lib/rv32imacxw/ilp32\libm.a(lib_a-wf_atan2.o) (__ieee754_atan2f)
c:/mounriver/mounriver_studio/toolchain/risc-v embedded gcc/bin/../lib/gcc/riscv-none-embed/8.2.0/../../../../riscv-none-embed/lib/rv32imacxw/ilp32\libm.a(lib_a-ef_sqrt.o)
                              c:/mounriver/mounriver_studio/toolchain/risc-v embedded gcc/bin/../lib/gcc/riscv-none-embed/8.2.0/../../../../riscv-none-embed/lib/rv32imacxw/ilp32\libm.a(lib_a-ef_asin.o) (__ieee754_sqrtf)
c:/mounriver/mounriver_studio/toolchain/risc-v embedded gcc/bin/../lib/gcc/riscv-none-embed/8.2.0/../../../../riscv-none-embed/lib/rv32imacxw/ilp32\libm.a(lib_a-s_lib_ver.o)
                              c:/mounriver/mounriver_studio/toolchain/risc-v embedded gcc/bin/../lib/gcc/riscv-none-embed/8.2.0/../../../../riscv-none-embed/lib/rv32imacxw/ilp32\libm.a(lib_a-wf_asin.o) (__fdlib_version)
c:/mounriver/mounriver_studio/toolchain/risc-v embedded gcc/bin/../lib/gcc/riscv-none-embed/8.2.0/../../../../riscv-none-embed/lib/rv32imacxw/ilp32\libm.a(lib_a-s_matherr.o)
                              c:/mounriver/mounriver_studio/toolchain/risc-v embedded gcc/bin/../lib/gcc/riscv-none-embed/8.2.0/../../../../riscv-none-embed/lib/rv32imacxw/ilp32\libm.a(lib_a-wf_asin.o) (matherr)
c:/mounriver/mounriver_studio/toolchain/risc-v embedded gcc/bin/../lib/gcc/riscv-none-embed/8.2.0/../../../../riscv-none-embed/lib/rv32imacxw/ilp32\libm.a(lib_a-s_nan.o)
                              c:/mounriver/mounriver_studio/toolchain/risc-v embedded gcc/bin/../lib/gcc/riscv-none-embed/8.2.0/../../../../riscv-none-embed/lib/rv32imacxw/ilp32\libm.a(lib_a-wf_asin.o) (nan)
c:/mounriver/mounriver_studio/toolchain/risc-v embedded gcc/bin/../lib/gcc/riscv-none-embed/8.2.0/../../../../riscv-none-embed/lib/rv32imacxw/ilp32\libm.a(lib_a-sf_atan.o)
                              c:/mounriver/mounriver_studio/toolchain/risc-v embedded gcc/bin/../lib/gcc/riscv-none-embed/8.2.0/../../../../riscv-none-embed/lib/rv32imacxw/ilp32\libm.a(lib_a-ef_atan2.o) (atanf)
c:/mounriver/mounriver_studio/toolchain/risc-v embedded gcc/bin/../lib/gcc/riscv-none-embed/8.2.0/../../../../riscv-none-embed/lib/rv32imacxw/ilp32\libm.a(lib_a-sf_fabs.o)
                              c:/mounriver/mounriver_studio/toolchain/risc-v embedded gcc/bin/../lib/gcc/riscv-none-embed/8.2.0/../../../../riscv-none-embed/lib/rv32imacxw/ilp32\libm.a(lib_a-wf_asin.o) (fabsf)
c:/mounriver/mounriver_studio/toolchain/risc-v embedded gcc/bin/../lib/gcc/riscv-none-embed/8.2.0/../../../../riscv-none-embed/lib/rv32imacxw/ilp32\libprintfloat.a(printfloat.o)
                              ./User/RTOS_apps/Print_status.o (printf)
c:/mounriver/mounriver_studio/toolchain/risc-v embedded gcc/bin/../lib/gcc/riscv-none-embed/8.2.0/rv32imacxw/ilp32\libgcc.a(_divdi3.o)
                              ./General_Files/eMPL/inv_mpu.o (__divdi3)
c:/mounriver/mounriver_studio/toolchain/risc-v embedded gcc/bin/../lib/gcc/riscv-none-embed/8.2.0/rv32imacxw/ilp32\libgcc.a(_udivdi3.o)
                              c:/mounriver/mounriver_studio/toolchain/risc-v embedded gcc/bin/../lib/gcc/riscv-none-embed/8.2.0/../../../../riscv-none-embed/lib/rv32imacxw/ilp32\libprintfloat.a(printfloat.o) (__udivdi3)
c:/mounriver/mounriver_studio/toolchain/risc-v embedded gcc/bin/../lib/gcc/riscv-none-embed/8.2.0/rv32imacxw/ilp32\libgcc.a(_umoddi3.o)
                              c:/mounriver/mounriver_studio/toolchain/risc-v embedded gcc/bin/../lib/gcc/riscv-none-embed/8.2.0/../../../../riscv-none-embed/lib/rv32imacxw/ilp32\libprintfloat.a(printfloat.o) (__umoddi3)
c:/mounriver/mounriver_studio/toolchain/risc-v embedded gcc/bin/../lib/gcc/riscv-none-embed/8.2.0/rv32imacxw/ilp32\libgcc.a(adddf3.o)
[...]
Memory Configuration

Name             Origin             Length             Attributes
FLASH            0x0000000000000000 0x0000000000020000 xr
RAM              0x0000000020000000 0x0000000000008000 xrw
*default*        0x0000000000000000 0xffffffffffffffff

Linker script and memory map

LOAD ./User/RTOS_apps/IMU_handle.o
LOAD ./User/RTOS_apps/Print_status.o
LOAD ./User/RTOS_apps/control_handle.o
LOAD ./User/RTOS_apps/soft_stast.o
LOAD ./User/RTOS_tasks.o
LOAD ./User/ch32v30x_it.o
LOAD ./User/main.o
LOAD ./User/system_ch32v30x.o
LOAD ./Startup/startup_ch32v30x_D8C.o
LOAD ./Peripheral/src/ch32v30x_adc.o
LOAD ./Peripheral/src/ch32v30x_bkp.o
LOAD ./Peripheral/src/ch32v30x_can.o
LOAD ./Peripheral/src/ch32v30x_crc.o
LOAD ./Peripheral/src/ch32v30x_dac.o
LOAD ./Peripheral/src/ch32v30x_dbgmcu.o
LOAD ./Peripheral/src/ch32v30x_dma.o
LOAD ./Peripheral/src/ch32v30x_dvp.o
LOAD ./Peripheral/src/ch32v30x_eth.o
LOAD ./Peripheral/src/ch32v30x_exti.o
LOAD ./Peripheral/src/ch32v30x_flash.o
LOAD ./Peripheral/src/ch32v30x_fsmc.o
LOAD ./Peripheral/src/ch32v30x_gpio.o
LOAD ./Peripheral/src/ch32v30x_i2c.o
LOAD ./Peripheral/src/ch32v30x_iwdg.o
LOAD ./Peripheral/src/ch32v30x_misc.o
LOAD ./Peripheral/src/ch32v30x_opa.o
LOAD ./Peripheral/src/ch32v30x_pwr.o
LOAD ./Peripheral/src/ch32v30x_rcc.o
LOAD ./Peripheral/src/ch32v30x_rng.o
LOAD ./Peripheral/src/ch32v30x_rtc.o
LOAD ./Peripheral/src/ch32v30x_sdio.o
LOAD ./Peripheral/src/ch32v30x_spi.o
LOAD ./Peripheral/src/ch32v30x_tim.o
LOAD ./Peripheral/src/ch32v30x_usart.o
LOAD ./Peripheral/src/ch32v30x_wwdg.o
LOAD ./General_Files/eMPL/inv_mpu.o
LOAD ./General_Files/eMPL/inv_mpu_dmp_motion_driver.o
LOAD ./General_Files/drivers/BMP280.o
LOAD ./General_Files/drivers/MPU6050.o
LOAD ./General_Files/drivers/MyI2C.o
LOAD ./General_Files/drivers/ST7789.o
LOAD ./General_Files/drivers/adc.o
LOAD ./General_Files/drivers/bsp_filter.o
LOAD ./General_Files/drivers/gpio.o
LOAD ./General_Files/drivers/mtf01.o
LOAD ./General_Files/drivers/pwm.o
LOAD ./General_Files/drivers/tim.o
LOAD ./General_Files/drivers/uart.o
LOAD ./General_Files/apps/src/CRC.o
LOAD ./General_Files/apps/src/CRSF.o
LOAD ./General_Files/apps/src/pid.o
LOAD ./General_Files/system.o
LOAD ./FreeRTOS/portable/MemMang/heap_4.o
LOAD ./FreeRTOS/portable/GCC/RISC-V/port.o
LOAD ./FreeRTOS/portable/GCC/RISC-V/portASM.o
LOAD ./FreeRTOS/croutine.o
LOAD ./FreeRTOS/event_groups.o
LOAD ./FreeRTOS/list.o
LOAD ./FreeRTOS/queue.o
LOAD ./FreeRTOS/stream_buffer.o
LOAD ./FreeRTOS/tasks.o
LOAD ./FreeRTOS/timers.o
LOAD ./Debug/debug.o
LOAD ./Core/core_riscv.o
LOAD c:/mounriver/mounriver_studio/toolchain/risc-v embedded gcc/bin/../lib/gcc/riscv-none-embed/8.2.0/../../../../riscv-none-embed/lib/rv32imacxw/ilp32\libm.a
LOAD c:/mounriver/mounriver_studio/toolchain/risc-v embedded gcc/bin/../lib/gcc/riscv-none-embed/8.2.0/../../../../riscv-none-embed/lib/rv32imacxw/ilp32\libprintfloat.a
LOAD c:/mounriver/mounriver_studio/toolchain/risc-v embedded gcc/bin/../lib/gcc/riscv-none-embed/8.2.0/rv32imacxw/ilp32\libgcc.a
LOAD c:/mounriver/mounriver_studio/toolchain/risc-v embedded gcc/bin/../lib/gcc/riscv-none-embed/8.2.0/../../../../riscv-none-embed/lib/rv32imacxw/ilp32\libg_nano.a
LOAD c:/mounriver/mounriver_studio/toolchain/risc-v embedded gcc/bin/../lib/gcc/riscv-none-embed/8.2.0/../../../../riscv-none-embed/lib/rv32imacxw/ilp32\libc_nano.a
LOAD c:/mounriver/mounriver_studio/toolchain/risc-v embedded gcc/bin/../lib/gcc/riscv-none-embed/8.2.0/rv32imacxw/ilp32\libgcc.a
START GROUP
LOAD c:/mounriver/mounriver_studio/toolchain/risc-v embedded gcc/bin/../lib/gcc/riscv-none-embed/8.2.0/rv32imacxw/ilp32\libgcc.a
LOAD c:/mounriver/mounriver_studio/toolchain/risc-v embedded gcc/bin/../lib/gcc/riscv-none-embed/8.2.0/../../../../riscv-none-embed/lib/rv32imacxw/ilp32\libc_nano.a
LOAD c:/mounriver/mounriver_studio/toolchain/risc-v embedded gcc/bin/../lib/gcc/riscv-none-embed/8.2.0/../../../../riscv-none-embed/lib/rv32imacxw/ilp32\libnosys.a
END GROUP
START GROUP
LOAD c:/mounriver/mounriver_studio/toolchain/risc-v embedded gcc/bin/../lib/gcc/riscv-none-embed/8.2.0/rv32imacxw/ilp32\libgcc.a
LOAD c:/mounriver/mounriver_studio/toolchain/risc-v embedded gcc/bin/../lib/gcc/riscv-none-embed/8.2.0/../../../../riscv-none-embed/lib/rv32imacxw/ilp32\libc_nano.a
LOAD c:/mounriver/mounriver_studio/toolchain/risc-v embedded gcc/bin/../lib/gcc/riscv-none-embed/8.2.0/../../../../riscv-none-embed/lib/rv32imacxw/ilp32\libnosys.a
END GROUP
                0x0000000000000800                __stack_size = 0x800
                [!provide]                        PROVIDE (_stack_size = __stack_size)

.init           0x0000000000000000        0x4
                0x0000000000000000                _sinit = .
                0x0000000000000000                . = ALIGN (0x4)
 *(SORT_NONE(.init))
 .init          0x0000000000000000        0x4 ./Startup/startup_ch32v30x_D8C.o
                0x0000000000000000                _start
                0x0000000000000004                . = ALIGN (0x4)
                0x0000000000000004                _einit = .

.vector         0x0000000000000004      0x1bc
 *(.vector)
 .vector        0x0000000000000004      0x1a0 ./Startup/startup_ch32v30x_D8C.o
                0x00000000000001c0                . = ALIGN (0x40)
 *fill*         0x00000000000001a4       0x1c 

.text           0x0000000000000200     0xc6e0
                0x0000000000000200                . = ALIGN (0x4)
 *(.text)
 .text          0x0000000000000200      0x2e6 ./FreeRTOS/portable/GCC/RISC-V/portASM.o
                0x0000000000000200                SW_Handler
                0x0000000000000300                xPortStartFirstTask
                0x0000000000000400                pxPortInitialiseStack
 .text          0x00000000000004e6       0x60 c:/mounriver/mounriver_studio/toolchain/risc-v embedded gcc/bin/../lib/gcc/riscv-none-embed/8.2.0/rv32imacxw/ilp32\libgcc.a(save-restore.o)
                0x00000000000004e6                __riscv_save_12
                0x00000000000004ee                __riscv_save_9
                0x00000000000004ee                __riscv_save_11
                0x00000000000004ee                __riscv_save_10
                0x00000000000004ee                __riscv_save_8
                0x00000000000004fc                __riscv_save_4
                0x00000000000004fc                __riscv_save_6
                0x00000000000004fc                __riscv_save_5
                0x00000000000004fc                __riscv_save_7
                0x0000000000000516                __riscv_save_3
                0x0000000000000516                __riscv_save_2
                0x0000000000000516                __riscv_save_1
                0x0000000000000516                __riscv_save_0
                0x0000000000000522                __riscv_restore_12
                0x0000000000000526                __riscv_restore_11
                0x0000000000000526                __riscv_restore_9
                0x0000000000000526                __riscv_restore_10
                0x0000000000000526                __riscv_restore_8
                0x0000000000000530                __riscv_restore_5
                0x0000000000000530                __riscv_restore_7
                0x0000000000000530                __riscv_restore_6
                0x0000000000000530                __riscv_restore_4
                0x000000000000053a                __riscv_restore_3
                0x000000000000053a                __riscv_restore_0
                0x000000000000053a                __riscv_restore_2
                0x000000000000053a                __riscv_restore_1
 .text          0x0000000000000546       0xa8 c:/mounriver/mounriver_studio/toolchain/risc-v embedded gcc/bin/../lib/gcc/riscv-none-embed/8.2.0/../../../../riscv-none-embed/lib/rv32imacxw/ilp32\libg_nano.a(lib_a-memset.o)
                0x0000000000000546                memset
 *(.text.*)
 .text.load_filter_data
                0x00000000000005ee       0x6a ./User/RTOS_apps/IMU_handle.o
                0x00000000000005ee                load_filter_data
 .text.calc_IMU_filter
                0x0000000000000658       0x5e ./User/RTOS_apps/IMU_handle.o
                0x0000000000000658                calc_IMU_filter
 .text.IMU_task
                0x00000000000006b6       0x28 ./User/RTOS_apps/IMU_handle.o
                0x00000000000006b6                IMU_task
 .text.String_print
                0x00000000000006de      0x1c0 ./User/RTOS_apps/Print_status.o
                0x00000000000006de                String_print
 .text.Print_status_task
                0x000000000000089e        0xe ./User/RTOS_apps/Print_status.o
                0x000000000000089e                Print_status_task
 .text.PIDSTRUCT_Init
                0x00000000000008ac      0x1fa ./User/RTOS_apps/control_handle.o
                0x00000000000008ac                PIDSTRUCT_Init
 .text.ELRS_Convert_angle
                0x0000000000000aa6       0x3e ./User/RTOS_apps/control_handle.o
                0x0000000000000aa6                ELRS_Convert_angle
 .text.ELRS_Convert_throttle
                0x0000000000000ae4       0x48 ./User/RTOS_apps/control_handle.o
                0x0000000000000ae4                ELRS_Convert_throttle
 .text.ELRS_Convert_lock
                0x0000000000000b2c       0x16 ./User/RTOS_apps/control_handle.o
                0x0000000000000b2c                ELRS_Convert_lock
 .text.ELRS_Convert_flight_mode
                0x0000000000000b42       0x2c ./User/RTOS_apps/control_handle.o
                0x0000000000000b42                ELRS_Convert_flight_mode
 .text.Roll_outerloop_ctr
                0x0000000000000b6e       0x36 ./User/RTOS_apps/control_handle.o
                0x0000000000000b6e                Roll_outerloop_ctr
 .text.Roll_innerloop_ctr
                0x0000000000000ba4       0x36 ./User/RTOS_apps/control_handle.o
                0x0000000000000ba4                Roll_innerloop_ctr
 .text.Yaw_outerloop_ctr
                0x0000000000000bda       0x36 ./User/RTOS_apps/control_handle.o
                0x0000000000000bda                Yaw_outerloop_ctr
 .text.Yaw_innerloop_ctr
                0x0000000000000c10       0x3a ./User/RTOS_apps/control_handle.o
                0x0000000000000c10                Yaw_innerloop_ctr
 .text.Pitch_outerloop_ctr
                0x0000000000000c4a       0x38 ./User/RTOS_apps/control_handle.o
                0x0000000000000c4a                Pitch_outerloop_ctr
 .text.Pitch_innerloop_ctr
                0x0000000000000c82       0x38 ./User/RTOS_apps/control_handle.o
                0x0000000000000c82                Pitch_innerloop_ctr
 .text.Check_control_mode
                0x0000000000000cba       0x20 ./User/RTOS_apps/control_handle.o
                0x0000000000000cba                Check_control_mode
 .text.Update_ELRS
                0x0000000000000cda       0x38 ./User/RTOS_apps/control_handle.o
                0x0000000000000cda                Update_ELRS
 .text.Flight_control
                0x0000000000000d12      0x18e ./User/RTOS_apps/control_handle.o
                0x0000000000000d12                Flight_control
 .text.control_para_init
                0x0000000000000ea0       0x38 ./User/RTOS_apps/control_handle.o
                0x0000000000000ea0                control_para_init
 .text.Stop_motor
                0x0000000000000ed8       0x30 ./User/RTOS_apps/control_handle.o
                0x0000000000000ed8                Stop_motor
 .text.control_handle_task
                0x0000000000000f08       0x9c ./User/RTOS_apps/control_handle.o
                0x0000000000000f08                control_handle_task
 .text.Motor_sort_start
                0x0000000000000fa4       0xde ./User/RTOS_apps/soft_stast.o
                0x0000000000000fa4                Motor_sort_start
 .text.RTOS_init
                0x0000000000001082       0x9c ./User/RTOS_tasks.o
                0x0000000000001082                RTOS_init
 .text.NMI_Handler
                0x000000000000111e        0x4 ./User/ch32v30x_it.o
                0x000000000000111e                NMI_Handler
 .text.HardFault_Handler
                0x0000000000001122        0x2 ./User/ch32v30x_it.o
                0x0000000000001122                HardFault_Handler
 .text.GPIO_Toggle_INIT
                0x0000000000001124       0x34 ./User/main.o
                0x0000000000001124                GPIO_Toggle_INIT
 .text.startup.main
                0x0000000000001158       0x76 ./User/main.o
                0x0000000000001158                main
 .text.SystemInit
                0x00000000000011ce       0xfa ./User/system_ch32v30x.o
                0x00000000000011ce                SystemInit
 .text.SystemCoreClockUpdate
                0x00000000000012c8      0x12a ./User/system_ch32v30x.o
                0x00000000000012c8                SystemCoreClockUpdate
 .text.vector_handler
                0x00000000000013f2        0x2 ./Startup/startup_ch32v30x_D8C.o
                0x00000000000013f2                EXTI2_IRQHandler
                0x00000000000013f2                TIM8_TRG_COM_IRQHandler
                0x00000000000013f2                TIM8_CC_IRQHandler
                0x00000000000013f2                UART8_IRQHandler
                0x00000000000013f2                TIM1_CC_IRQHandler
                0x00000000000013f2                TIM6_IRQHandler
                0x00000000000013f2                PVD_IRQHandler
                0x00000000000013f2                SDIO_IRQHandler
                0x00000000000013f2                TIM9_BRK_IRQHandler
                0x00000000000013f2                DMA2_Channel8_IRQHandler
                0x00000000000013f2                CAN2_RX1_IRQHandler
                0x00000000000013f2                EXTI3_IRQHandler
                0x00000000000013f2                USBHS_IRQHandler
                0x00000000000013f2                DMA2_Channel9_IRQHandler
                0x00000000000013f2                TIM10_CC_IRQHandler
                0x00000000000013f2                USBFS_IRQHandler
                0x00000000000013f2                EXTI0_IRQHandler
                0x00000000000013f2                I2C2_EV_IRQHandler
                0x00000000000013f2                TIM10_TRG_COM_IRQHandler
                0x00000000000013f2                CAN2_SCE_IRQHandler
                0x00000000000013f2                ADC1_2_IRQHandler
                0x00000000000013f2                Break_Point_Handler
                0x00000000000013f2                SPI1_IRQHandler
                0x00000000000013f2                TAMPER_IRQHandler
                0x00000000000013f2                CAN2_RX0_IRQHandler
                0x00000000000013f2                TIM8_UP_IRQHandler
                0x00000000000013f2                Ecall_M_Mode_Handler
                0x00000000000013f2                DMA2_Channel2_IRQHandler
                0x00000000000013f2                DMA1_Channel4_IRQHandler
                0x00000000000013f2                TIM9_UP_IRQHandler
                0x00000000000013f2                USART3_IRQHandler
                0x00000000000013f2                RTC_IRQHandler
                0x00000000000013f2                DMA1_Channel7_IRQHandler
                0x00000000000013f2                CAN1_RX1_IRQHandler
                0x00000000000013f2                DVP_IRQHandler
                0x00000000000013f2                UART5_IRQHandler
                0x00000000000013f2                DMA2_Channel1_IRQHandler
                0x00000000000013f2                I2C1_EV_IRQHandler
                0x00000000000013f2                DMA1_Channel6_IRQHandler
                0x00000000000013f2                UART4_IRQHandler
                0x00000000000013f2                DMA2_Channel4_IRQHandler
                0x00000000000013f2                RCC_IRQHandler
                0x00000000000013f2                TIM1_TRG_COM_IRQHandler
                0x00000000000013f2                DMA1_Channel1_IRQHandler
                0x00000000000013f2                DMA2_Channel7_IRQHandler
                0x00000000000013f2                EXTI15_10_IRQHandler
                0x00000000000013f2                TIM7_IRQHandler
                0x00000000000013f2                CAN2_TX_IRQHandler
                0x00000000000013f2                TIM5_IRQHandler
                0x00000000000013f2                EXTI9_5_IRQHandler
                0x00000000000013f2                ETH_WKUP_IRQHandler
                0x00000000000013f2                SPI2_IRQHandler
                0x00000000000013f2                TIM10_BRK_IRQHandler
                0x00000000000013f2                TIM9_CC_IRQHandler
                0x00000000000013f2                DMA2_Channel5_IRQHandler
                0x00000000000013f2                DMA1_Channel5_IRQHandler
                0x00000000000013f2                EXTI4_IRQHandler
                0x00000000000013f2                USB_LP_CAN1_RX0_IRQHandler
                0x00000000000013f2                RNG_IRQHandler
                0x00000000000013f2                USB_HP_CAN1_TX_IRQHandler
                0x00000000000013f2                DMA1_Channel3_IRQHandler
                0x00000000000013f2                ETH_IRQHandler
                0x00000000000013f2                TIM1_UP_IRQHandler
                0x00000000000013f2                WWDG_IRQHandler
                0x00000000000013f2                USBHSWakeup_IRQHandler
                0x00000000000013f2                DMA2_Channel11_IRQHandler
                0x00000000000013f2                Ecall_U_Mode_Handler
                0x00000000000013f2                DMA2_Channel6_IRQHandler
                0x00000000000013f2                TIM2_IRQHandler
                0x00000000000013f2                TIM1_BRK_IRQHandler
                0x00000000000013f2                DMA2_Channel10_IRQHandler
                0x00000000000013f2                EXTI1_IRQHandler
                0x00000000000013f2                RTCAlarm_IRQHandler
                0x00000000000013f2                TIM10_UP_IRQHandler
                0x00000000000013f2                TIM9_TRG_COM_IRQHandler
                0x00000000000013f2                UART7_IRQHandler
                0x00000000000013f2                UART6_IRQHandler
                0x00000000000013f2                I2C2_ER_IRQHandler
                0x00000000000013f2                DMA1_Channel2_IRQHandler
                0x00000000000013f2                TIM8_BRK_IRQHandler
                0x00000000000013f2                CAN1_SCE_IRQHandler
                0x00000000000013f2                FLASH_IRQHandler
                0x00000000000013f2                USART1_IRQHandler
                0x00000000000013f2                SPI3_IRQHandler
                0x00000000000013f2                I2C1_ER_IRQHandler
                0x00000000000013f2                USBWakeUp_IRQHandler
                0x00000000000013f2                DMA2_Channel3_IRQHandler
 .text.handle_reset
                0x00000000000013f4       0x92 ./Startup/startup_ch32v30x_D8C.o
                0x00000000000013f4                handle_reset
 .text.ADC_DeInit
                0x0000000000001486       0x46 ./Peripheral/src/ch32v30x_adc.o
                0x0000000000001486                ADC_DeInit
 .text.ADC_Init
                0x00000000000014cc       0x56 ./Peripheral/src/ch32v30x_adc.o
                0x00000000000014cc                ADC_Init
 .text.ADC_Cmd  0x0000000000001522       0x10 ./Peripheral/src/ch32v30x_adc.o
                0x0000000000001522                ADC_Cmd
 .text.ADC_DMACmd
                0x0000000000001532       0x12 ./Peripheral/src/ch32v30x_adc.o
                0x0000000000001532                ADC_DMACmd
 .text.ADC_ResetCalibration
                0x0000000000001544        0xa ./Peripheral/src/ch32v30x_adc.o
                0x0000000000001544                ADC_ResetCalibration
 .text.ADC_GetResetCalibrationStatus
                0x000000000000154e        0x8 ./Peripheral/src/ch32v30x_adc.o
                0x000000000000154e                ADC_GetResetCalibrationStatus
 .text.ADC_StartCalibration
                0x0000000000001556        0xa ./Peripheral/src/ch32v30x_adc.o
                0x0000000000001556                ADC_StartCalibration
 .text.ADC_GetCalibrationStatus
                0x0000000000001560        0x8 ./Peripheral/src/ch32v30x_adc.o
                0x0000000000001560                ADC_GetCalibrationStatus
 .text.ADC_SoftwareStartConvCmd
                0x0000000000001568       0x18 ./Peripheral/src/ch32v30x_adc.o
                0x0000000000001568                ADC_SoftwareStartConvCmd
 .text.ADC_RegularChannelConfig
                0x0000000000001580       0xb8 ./Peripheral/src/ch32v30x_adc.o
                0x0000000000001580                ADC_RegularChannelConfig
 .text.ADC_BufferCmd
                0x0000000000001638       0x18 ./Peripheral/src/ch32v30x_adc.o
                0x0000000000001638                ADC_BufferCmd
 .text.Get_CalibrationValue
                0x0000000000001650      0x130 ./Peripheral/src/ch32v30x_adc.o
                0x0000000000001650                Get_CalibrationValue
 .text.DBGMCU_GetCHIPID
                0x0000000000001780        0xa ./Peripheral/src/ch32v30x_dbgmcu.o
                0x0000000000001780                DBGMCU_GetCHIPID
 .text.DMA_DeInit
                0x000000000000178a      0x16c ./Peripheral/src/ch32v30x_dma.o
                0x000000000000178a                DMA_DeInit
 .text.DMA_Init
                0x00000000000018f6       0x38 ./Peripheral/src/ch32v30x_dma.o
                0x00000000000018f6                DMA_Init
 .text.DMA_Cmd  0x000000000000192e       0x14 ./Peripheral/src/ch32v30x_dma.o
                0x000000000000192e                DMA_Cmd
 .text.GPIO_Init
                0x0000000000001942       0xc0 ./Peripheral/src/ch32v30x_gpio.o
                0x0000000000001942                GPIO_Init
 .text.GPIO_ReadInputDataBit
                0x0000000000001a02        0xa ./Peripheral/src/ch32v30x_gpio.o
                0x0000000000001a02                GPIO_ReadInputDataBit
 .text.GPIO_SetBits
                0x0000000000001a0c        0x4 ./Peripheral/src/ch32v30x_gpio.o
                0x0000000000001a0c                GPIO_SetBits
 .text.GPIO_WriteBit
                0x0000000000001a10        0xa ./Peripheral/src/ch32v30x_gpio.o
                0x0000000000001a10                GPIO_WriteBit
 .text.GPIO_PinRemapConfig
                0x0000000000001a1a       0xd6 ./Peripheral/src/ch32v30x_gpio.o
                0x0000000000001a1a                GPIO_PinRemapConfig
 .text.I2C_Init
                0x0000000000001af0       0xfe ./Peripheral/src/ch32v30x_i2c.o
                0x0000000000001af0                I2C_Init
 .text.I2C_Cmd  0x0000000000001bee       0x18 ./Peripheral/src/ch32v30x_i2c.o
                0x0000000000001bee                I2C_Cmd
 .text.I2C_GenerateSTART
                0x0000000000001c06       0x1a ./Peripheral/src/ch32v30x_i2c.o
                0x0000000000001c06                I2C_GenerateSTART
 .text.I2C_GenerateSTOP
                0x0000000000001c20       0x1a ./Peripheral/src/ch32v30x_i2c.o
                0x0000000000001c20                I2C_GenerateSTOP
 .text.I2C_AcknowledgeConfig
                0x0000000000001c3a       0x1a ./Peripheral/src/ch32v30x_i2c.o
                0x0000000000001c3a                I2C_AcknowledgeConfig
 .text.I2C_SendData
                0x0000000000001c54        0x4 ./Peripheral/src/ch32v30x_i2c.o
                0x0000000000001c54                I2C_SendData
 .text.I2C_ReceiveData
                0x0000000000001c58        0x8 ./Peripheral/src/ch32v30x_i2c.o
                0x0000000000001c58                I2C_ReceiveData
 .text.I2C_Send7bitAddress
                0x0000000000001c60       0x12 ./Peripheral/src/ch32v30x_i2c.o
                0x0000000000001c60                I2C_Send7bitAddress
 .text.I2C_CheckEvent
                0x0000000000001c72       0x16 ./Peripheral/src/ch32v30x_i2c.o
                0x0000000000001c72                I2C_CheckEvent
 .text.I2C_GetFlagStatus
                0x0000000000001c88       0x32 ./Peripheral/src/ch32v30x_i2c.o
                0x0000000000001c88                I2C_GetFlagStatus
 .text.NVIC_PriorityGroupConfig
                0x0000000000001cba        0xa ./Peripheral/src/ch32v30x_misc.o
                0x0000000000001cba                NVIC_PriorityGroupConfig
 .text.NVIC_Init
                0x0000000000001cc4       0x52 ./Peripheral/src/ch32v30x_misc.o
                0x0000000000001cc4                NVIC_Init
 .text.RCC_ADCCLKConfig
                0x0000000000001d16       0x12 ./Peripheral/src/ch32v30x_rcc.o
                0x0000000000001d16                RCC_ADCCLKConfig
 .text.RCC_GetClocksFreq
                0x0000000000001d28      0x176 ./Peripheral/src/ch32v30x_rcc.o
                0x0000000000001d28                RCC_GetClocksFreq
 .text.RCC_AHBPeriphClockCmd
                0x0000000000001e9e       0x1e ./Peripheral/src/ch32v30x_rcc.o
                0x0000000000001e9e                RCC_AHBPeriphClockCmd
 .text.RCC_APB2PeriphClockCmd
                0x0000000000001ebc       0x1e ./Peripheral/src/ch32v30x_rcc.o
                0x0000000000001ebc                RCC_APB2PeriphClockCmd
 .text.RCC_APB1PeriphClockCmd
                0x0000000000001eda       0x1e ./Peripheral/src/ch32v30x_rcc.o
                0x0000000000001eda                RCC_APB1PeriphClockCmd
 .text.RCC_APB2PeriphResetCmd
                0x0000000000001ef8       0x1e ./Peripheral/src/ch32v30x_rcc.o
                0x0000000000001ef8                RCC_APB2PeriphResetCmd
 .text.TIM_TimeBaseInit
                0x0000000000001f16       0xaa ./Peripheral/src/ch32v30x_tim.o
                0x0000000000001f16                TIM_TimeBaseInit
 .text.TIM_OC1Init
                0x0000000000001fc0       0x82 ./Peripheral/src/ch32v30x_tim.o
                0x0000000000001fc0                TIM_OC1Init
 .text.TIM_OC2Init
                0x0000000000002042       0xae ./Peripheral/src/ch32v30x_tim.o
                0x0000000000002042                TIM_OC2Init
 .text.TIM_OC3Init
                0x00000000000020f0       0xac ./Peripheral/src/ch32v30x_tim.o
                0x00000000000020f0                TIM_OC3Init
 .text.TIM_OC4Init
                0x000000000000219c       0x88 ./Peripheral/src/ch32v30x_tim.o
                0x000000000000219c                TIM_OC4Init
 .text.TIM_Cmd  0x0000000000002224       0x18 ./Peripheral/src/ch32v30x_tim.o
                0x0000000000002224                TIM_Cmd
 .text.TIM_CtrlPWMOutputs
                0x000000000000223c       0x16 ./Peripheral/src/ch32v30x_tim.o
                0x000000000000223c                TIM_CtrlPWMOutputs
 .text.TIM_ARRPreloadConfig
                0x0000000000002252       0x1a ./Peripheral/src/ch32v30x_tim.o
                0x0000000000002252                TIM_ARRPreloadConfig
 .text.TIM_OC1PreloadConfig
                0x000000000000226c        0xe ./Peripheral/src/ch32v30x_tim.o
                0x000000000000226c                TIM_OC1PreloadConfig
 .text.TIM_OC2PreloadConfig
                0x000000000000227a       0x16 ./Peripheral/src/ch32v30x_tim.o
                0x000000000000227a                TIM_OC2PreloadConfig
 .text.TIM_OC3PreloadConfig
                0x0000000000002290        0xe ./Peripheral/src/ch32v30x_tim.o
                0x0000000000002290                TIM_OC3PreloadConfig
 .text.TIM_OC4PreloadConfig
                0x000000000000229e       0x16 ./Peripheral/src/ch32v30x_tim.o
                0x000000000000229e                TIM_OC4PreloadConfig
 .text.TIM_SetCompare1
                0x00000000000022b4        0x4 ./Peripheral/src/ch32v30x_tim.o
                0x00000000000022b4                TIM_SetCompare1
 .text.TIM_SetCompare2
                0x00000000000022b8        0x4 ./Peripheral/src/ch32v30x_tim.o
                0x00000000000022b8                TIM_SetCompare2
 .text.TIM_SetCompare3
                0x00000000000022bc        0x4 ./Peripheral/src/ch32v30x_tim.o
                0x00000000000022bc                TIM_SetCompare3
 .text.TIM_SetCompare4
                0x00000000000022c0        0x6 ./Peripheral/src/ch32v30x_tim.o
                0x00000000000022c0                TIM_SetCompare4
 .text.TIM_GetCapture1
                0x00000000000022c6        0x4 ./Peripheral/src/ch32v30x_tim.o
                0x00000000000022c6                TIM_GetCapture1
 .text.TIM_GetCapture2
                0x00000000000022ca        0x4 ./Peripheral/src/ch32v30x_tim.o
                0x00000000000022ca                TIM_GetCapture2
 .text.TIM_GetCapture3
                0x00000000000022ce        0x4 ./Peripheral/src/ch32v30x_tim.o
                0x00000000000022ce                TIM_GetCapture3
 .text.TIM_GetCapture4
                0x00000000000022d2        0x6 ./Peripheral/src/ch32v30x_tim.o
                0x00000000000022d2                TIM_GetCapture4
 .text.TIM_ClearFlag
                0x00000000000022d8        0xc ./Peripheral/src/ch32v30x_tim.o
                0x00000000000022d8                TIM_ClearFlag
 .text.USART_Init
                0x00000000000022e4       0x90 ./Peripheral/src/ch32v30x_usart.o
                0x00000000000022e4                USART_Init
 .text.USART_Cmd
                0x0000000000002374       0x16 ./Peripheral/src/ch32v30x_usart.o
                0x0000000000002374                USART_Cmd
 .text.USART_ITConfig
                0x000000000000238a       0x36 ./Peripheral/src/ch32v30x_usart.o
                0x000000000000238a                USART_ITConfig
 .text.USART_SendData
                0x00000000000023c0        0x8 ./Peripheral/src/ch32v30x_usart.o
                0x00000000000023c0                USART_SendData
 .text.USART_ReceiveData
                0x00000000000023c8        0x8 ./Peripheral/src/ch32v30x_usart.o
                0x00000000000023c8                USART_ReceiveData
 .text.USART_GetFlagStatus
                0x00000000000023d0        0xa ./Peripheral/src/ch32v30x_usart.o
                0x00000000000023d0                USART_GetFlagStatus
 .text.USART_ClearFlag
                0x00000000000023da        0xc ./Peripheral/src/ch32v30x_usart.o
                0x00000000000023da                USART_ClearFlag
 .text.USART_GetITStatus
                0x00000000000023e6       0x3c ./Peripheral/src/ch32v30x_usart.o
                0x00000000000023e6                USART_GetITStatus
 .text.get_st_biases
                0x0000000000002422      0x37e ./General_Files/eMPL/inv_mpu.o
 .text.set_int_enable
                0x00000000000027a0       0x58 ./General_Files/eMPL/inv_mpu.o
 .text.mpu_reset_fifo
                0x00000000000027f8      0x138 ./General_Files/eMPL/inv_mpu.o
                0x00000000000027f8                mpu_reset_fifo
 .text.mpu_get_gyro_fsr
                0x0000000000002930       0x3e ./General_Files/eMPL/inv_mpu.o
                0x0000000000002930                mpu_get_gyro_fsr
 .text.mpu_set_gyro_fsr
                0x000000000000296e       0x7c ./General_Files/eMPL/inv_mpu.o
                0x000000000000296e                mpu_set_gyro_fsr
 .text.mpu_get_accel_fsr
                0x00000000000029ea       0x46 ./General_Files/eMPL/inv_mpu.o
                0x00000000000029ea                mpu_get_accel_fsr
 .text.mpu_set_accel_fsr
                0x0000000000002a30       0x74 ./General_Files/eMPL/inv_mpu.o
                0x0000000000002a30                mpu_set_accel_fsr
 .text.mpu_get_lpf
                0x0000000000002aa4       0x4a ./General_Files/eMPL/inv_mpu.o
                0x0000000000002aa4                mpu_get_lpf
 .text.mpu_set_lpf
                0x0000000000002aee       0x7e ./General_Files/eMPL/inv_mpu.o
                0x0000000000002aee                mpu_set_lpf
 .text.mpu_get_sample_rate
                0x0000000000002b6c       0x1a ./General_Files/eMPL/inv_mpu.o
                0x0000000000002b6c                mpu_get_sample_rate
 .text.mpu_get_gyro_sens
                0x0000000000002b86       0x4c ./General_Files/eMPL/inv_mpu.o
                0x0000000000002b86                mpu_get_gyro_sens
 .text.mpu_get_accel_sens
                0x0000000000002bd2       0x4e ./General_Files/eMPL/inv_mpu.o
                0x0000000000002bd2                mpu_get_accel_sens
 .text.mpu_configure_fifo
                0x0000000000002c20       0x58 ./General_Files/eMPL/inv_mpu.o
                0x0000000000002c20                mpu_configure_fifo
 .text.mpu_read_fifo_stream
                0x0000000000002c78       0x98 ./General_Files/eMPL/inv_mpu.o
                0x0000000000002c78                mpu_read_fifo_stream
 .text.mpu_set_bypass
                0x0000000000002d10       0xca ./General_Files/eMPL/inv_mpu.o
                0x0000000000002d10                mpu_set_bypass
 .text.mpu_set_int_latched
                0x0000000000002dda       0x5c ./General_Files/eMPL/inv_mpu.o
                0x0000000000002dda                mpu_set_int_latched
 .text.mpu_lp_accel_mode
                0x0000000000002e36       0xa8 ./General_Files/eMPL/inv_mpu.o
                0x0000000000002e36                mpu_lp_accel_mode
 .text.mpu_set_sample_rate
                0x0000000000002ede       0x9a ./General_Files/eMPL/inv_mpu.o
                0x0000000000002ede                mpu_set_sample_rate
 .text.mpu_set_sensors
                0x0000000000002f78       0xb8 ./General_Files/eMPL/inv_mpu.o
                0x0000000000002f78                mpu_set_sensors
 .text.mpu_init
                0x0000000000003030      0x130 ./General_Files/eMPL/inv_mpu.o
                0x0000000000003030                mpu_init
 .text.mpu_write_mem
                0x0000000000003160       0x62 ./General_Files/eMPL/inv_mpu.o
                0x0000000000003160                mpu_write_mem
 .text.mpu_read_mem
                0x00000000000031c2       0x62 ./General_Files/eMPL/inv_mpu.o
                0x00000000000031c2                mpu_read_mem
 .text.mpu_load_firmware
                0x0000000000003224       0xa8 ./General_Files/eMPL/inv_mpu.o
                0x0000000000003224                mpu_load_firmware
 .text.mpu_set_dmp_state
                0x00000000000032cc       0x80 ./General_Files/eMPL/inv_mpu.o
                0x00000000000032cc                mpu_set_dmp_state
 .text.mpu_run_self_test
                0x000000000000334c      0x352 ./General_Files/eMPL/inv_mpu.o
                0x000000000000334c                mpu_run_self_test
 .text.mget_ms  0x000000000000369e        0x2 ./General_Files/eMPL/inv_mpu.o
                0x000000000000369e                mget_ms
 .text.run_self_test
                0x00000000000036a0       0x88 ./General_Files/eMPL/inv_mpu.o
                0x00000000000036a0                run_self_test
 .text.inv_row_2_scale
                0x0000000000003728       0x30 ./General_Files/eMPL/inv_mpu.o
                0x0000000000003728                inv_row_2_scale
 .text.inv_orientation_matrix_to_scalar
                0x0000000000003758       0x2c ./General_Files/eMPL/inv_mpu.o
                0x0000000000003758                inv_orientation_matrix_to_scalar
 .text.mpu_dmp_init
                0x0000000000003784       0xa2 ./General_Files/eMPL/inv_mpu.o
                0x0000000000003784                mpu_dmp_init
 .text.mpu_dmp_get_data
                0x0000000000003826      0x1bc ./General_Files/eMPL/inv_mpu.o
                0x0000000000003826                mpu_dmp_get_data
 .text.dmp_enable_gyro_cal.part.0
                0x00000000000039e2       0x32 ./General_Files/eMPL/inv_mpu_dmp_motion_driver.o
 .text.dmp_load_motion_driver_firmware
                0x0000000000003a14       0x20 ./General_Files/eMPL/inv_mpu_dmp_motion_driver.o
                0x0000000000003a14                dmp_load_motion_driver_firmware
 .text.dmp_set_orientation
                0x0000000000003a34       0xfa ./General_Files/eMPL/inv_mpu_dmp_motion_driver.o
                0x0000000000003a34                dmp_set_orientation
 .text.dmp_set_gyro_bias
                0x0000000000003b2e       0xf8 ./General_Files/eMPL/inv_mpu_dmp_motion_driver.o
                0x0000000000003b2e                dmp_set_gyro_bias
 .text.dmp_set_accel_bias
                0x0000000000003c26       0xfc ./General_Files/eMPL/inv_mpu_dmp_motion_driver.o
                0x0000000000003c26                dmp_set_accel_bias
 .text.dmp_set_fifo_rate
                0x0000000000003d22       0x56 ./General_Files/eMPL/inv_mpu_dmp_motion_driver.o
                0x0000000000003d22                dmp_set_fifo_rate
 .text.dmp_set_tap_thresh
                0x0000000000003d78      0x18a ./General_Files/eMPL/inv_mpu_dmp_motion_driver.o
                0x0000000000003d78                dmp_set_tap_thresh
 .text.dmp_set_tap_axes
                0x0000000000003f02       0x46 ./General_Files/eMPL/inv_mpu_dmp_motion_driver.o
                0x0000000000003f02                dmp_set_tap_axes
 .text.dmp_set_tap_count
                0x0000000000003f48       0x2e ./General_Files/eMPL/inv_mpu_dmp_motion_driver.o
                0x0000000000003f48                dmp_set_tap_count
 .text.dmp_set_tap_time
                0x0000000000003f76       0x28 ./General_Files/eMPL/inv_mpu_dmp_motion_driver.o
                0x0000000000003f76                dmp_set_tap_time
 .text.dmp_set_tap_time_multi
                0x0000000000003f9e       0x28 ./General_Files/eMPL/inv_mpu_dmp_motion_driver.o
                0x0000000000003f9e                dmp_set_tap_time_multi
 .text.dmp_set_shake_reject_thresh
                0x0000000000003fc6       0x3e ./General_Files/eMPL/inv_mpu_dmp_motion_driver.o
                0x0000000000003fc6                dmp_set_shake_reject_thresh
 .text.dmp_set_shake_reject_time
                0x0000000000004004       0x28 ./General_Files/eMPL/inv_mpu_dmp_motion_driver.o
                0x0000000000004004                dmp_set_shake_reject_time
 .text.dmp_set_shake_reject_timeout
                0x000000000000402c       0x28 ./General_Files/eMPL/inv_mpu_dmp_motion_driver.o
                0x000000000000402c                dmp_set_shake_reject_timeout
 .text.dmp_enable_gyro_cal
                0x0000000000004054       0x2e ./General_Files/eMPL/inv_mpu_dmp_motion_driver.o
                0x0000000000004054                dmp_enable_gyro_cal
 .text.dmp_enable_lp_quat
                0x0000000000004082       0x34 ./General_Files/eMPL/inv_mpu_dmp_motion_driver.o
                0x0000000000004082                dmp_enable_lp_quat
 .text.dmp_enable_6x_lp_quat
                0x00000000000040b6       0x34 ./General_Files/eMPL/inv_mpu_dmp_motion_driver.o
                0x00000000000040b6                dmp_enable_6x_lp_quat
 .text.dmp_enable_feature
                0x00000000000040ea      0x1d6 ./General_Files/eMPL/inv_mpu_dmp_motion_driver.o
                0x00000000000040ea                dmp_enable_feature
 .text.dmp_read_fifo
                0x00000000000042c0      0x1c4 ./General_Files/eMPL/inv_mpu_dmp_motion_driver.o
                0x00000000000042c0                dmp_read_fifo
 .text.BMP280_Read_Byte
                0x0000000000004484       0x44 ./General_Files/drivers/BMP280.o
                0x0000000000004484                BMP280_Read_Byte
 .text.BMP280_Write_Byte
                0x00000000000044c8       0x3a ./General_Files/drivers/BMP280.o
                0x00000000000044c8                BMP280_Write_Byte
 .text.BMP280_Set_TemOversamp
                0x0000000000004502       0x22 ./General_Files/drivers/BMP280.o
                0x0000000000004502                BMP280_Set_TemOversamp
 .text.BMP280_Set_Standby_FILTER
                0x0000000000004524       0x22 ./General_Files/drivers/BMP280.o
                0x0000000000004524                BMP280_Set_Standby_FILTER
 .text.Bmp_Init
                0x0000000000004546      0x174 ./General_Files/drivers/BMP280.o
                0x0000000000004546                Bmp_Init
 .text.MPU6050_I2C_Mem_Write
                0x00000000000046ba       0xcc ./General_Files/drivers/MPU6050.o
                0x00000000000046ba                MPU6050_I2C_Mem_Write
 .text.MPU6050_WriteByte
                0x0000000000004786       0x1e ./General_Files/drivers/MPU6050.o
 .text.MPU6050_Init
                0x00000000000047a4      0x116 ./General_Files/drivers/MPU6050.o
                0x00000000000047a4                MPU6050_Init
 .text.MPU6050_I2C_Mem_Read
                0x00000000000048ba      0x12e ./General_Files/drivers/MPU6050.o
                0x00000000000048ba                MPU6050_I2C_Mem_Read
 .text.MPU6050_Get_Data
                0x00000000000049e8       0x3c ./General_Files/drivers/MPU6050.o
                0x00000000000049e8                MPU6050_Get_Data
 .text.MPU6050_MPU_DMP_GetData
                0x0000000000004a24       0x50 ./General_Files/drivers/MPU6050.o
                0x0000000000004a24                MPU6050_MPU_DMP_GetData
 .text.MyI2C_W_SCL
                0x0000000000004a74       0x20 ./General_Files/drivers/MyI2C.o
                0x0000000000004a74                MyI2C_W_SCL
 .text.MyI2C_W_SDA
                0x0000000000004a94       0x20 ./General_Files/drivers/MyI2C.o
                0x0000000000004a94                MyI2C_W_SDA
 .text.MyI2C_R_SDA
                0x0000000000004ab4       0x22 ./General_Files/drivers/MyI2C.o
                0x0000000000004ab4                MyI2C_R_SDA
 .text.MyI2C_Init
                0x0000000000004ad6       0x3c ./General_Files/drivers/MyI2C.o
                0x0000000000004ad6                MyI2C_Init
 .text.MyI2C_Start
                0x0000000000004b12       0x20 ./General_Files/drivers/MyI2C.o
                0x0000000000004b12                MyI2C_Start
 .text.MyI2C_Stop
                0x0000000000004b32       0x1a ./General_Files/drivers/MyI2C.o
                0x0000000000004b32                MyI2C_Stop
 .text.MyI2C_SendByte
                0x0000000000004b4c       0x30 ./General_Files/drivers/MyI2C.o
                0x0000000000004b4c                MyI2C_SendByte
 .text.MyI2C_ReceiveByte
                0x0000000000004b7c       0x40 ./General_Files/drivers/MyI2C.o
                0x0000000000004b7c                MyI2C_ReceiveByte
 .text.MyI2C_ReceiveAck
                0x0000000000004bbc       0x22 ./General_Files/drivers/MyI2C.o
                0x0000000000004bbc                MyI2C_ReceiveAck
 .text.ADC_Function_Init
                0x0000000000004bde       0xd0 ./General_Files/drivers/adc.o
                0x0000000000004bde                ADC_Function_Init
 .text.DMA_Tx_Init
                0x0000000000004cae       0x60 ./General_Files/drivers/adc.o
                0x0000000000004cae                DMA_Tx_Init
 .text.BAT_ADC_Init
                0x0000000000004d0e       0x60 ./General_Files/drivers/adc.o
                0x0000000000004d0e                BAT_ADC_Init
 .text.FilterSample
                0x0000000000004d6e       0x52 ./General_Files/drivers/bsp_filter.o
                0x0000000000004d6e                FilterSample
 .text.FilterAverage
                0x0000000000004dc0       0x2c ./General_Files/drivers/bsp_filter.o
                0x0000000000004dc0                FilterAverage
 .text.LED_Init
                0x0000000000004dec       0x44 ./General_Files/drivers/gpio.o
                0x0000000000004dec                LED_Init
 .text.TIM9_PWMOut_Init
                0x0000000000004e30       0xfc ./General_Files/drivers/pwm.o
                0x0000000000004e30                TIM9_PWMOut_Init
 .text.PWM_Init
                0x0000000000004f2c       0x4e ./General_Files/drivers/pwm.o
                0x0000000000004f2c                PWM_Init
 .text.Motor_ctr
                0x0000000000004f7a       0xc8 ./General_Files/drivers/pwm.o
                0x0000000000004f7a                Motor_ctr
 .text.Motor_ctr_SOFT_START
                0x0000000000005042       0x94 ./General_Files/drivers/pwm.o
                0x0000000000005042                Motor_ctr_SOFT_START
 .text.TIM3_IRQHandler
                0x00000000000050d6       0x12 ./General_Files/drivers/tim.o
                0x00000000000050d6                TIM3_IRQHandler
 .text.TIM4_IRQHandler
                0x00000000000050e8       0x12 ./General_Files/drivers/tim.o
                0x00000000000050e8                TIM4_IRQHandler
 .text.USARTx_CFG
                0x00000000000050fa       0xac ./General_Files/drivers/uart.o
                0x00000000000050fa                USARTx_CFG
 .text.UART_RxCpltCallback
                0x00000000000051a6       0x50 ./General_Files/drivers/uart.o
                0x00000000000051a6                UART_RxCpltCallback
 .text.USART2_IRQHandler
                0x00000000000051f6       0x34 ./General_Files/drivers/uart.o
                0x00000000000051f6                USART2_IRQHandler
 .text.Crc_init
                0x000000000000522a       0x34 ./General_Files/apps/src/CRC.o
                0x000000000000522a                Crc_init
 .text.Calc     0x000000000000525e       0x1e ./General_Files/apps/src/CRC.o
                0x000000000000525e                Calc
 .text.ShiftRxBuffer
                0x000000000000527c       0x38 ./General_Files/apps/src/CRSF.o
                0x000000000000527c                ShiftRxBuffer
 .text.PacketChannelsPacked
                0x00000000000052b4      0x112 ./General_Files/apps/src/CRSF.o
                0x00000000000052b4                PacketChannelsPacked
 .text.PacketLinkStatistics
                0x00000000000053c6       0x2e ./General_Files/apps/src/CRSF.o
                0x00000000000053c6                PacketLinkStatistics
 .text.ProcessPacketIn
                0x00000000000053f4       0x38 ./General_Files/apps/src/CRSF.o
                0x00000000000053f4                ProcessPacketIn
 .text.HandleByteReceived
                0x000000000000542c       0x66 ./General_Files/apps/src/CRSF.o
                0x000000000000542c                HandleByteReceived
 .text.pid_reset
                0x0000000000005492       0x1c ./General_Files/apps/src/pid.o
                0x0000000000005492                pid_reset
 .text.pid_init
                0x00000000000054ae       0x1a ./General_Files/apps/src/pid.o
                0x00000000000054ae                pid_init
 .text.pid_clc  0x00000000000054c8       0x1e ./General_Files/apps/src/pid.o
                0x00000000000054c8                pid_clc
 .text.pid_calc
                0x00000000000054e6       0xe4 ./General_Files/apps/src/pid.o
                0x00000000000054e6                pid_calc
 .text.System_Init
                0x00000000000055ca       0x32 ./General_Files/system.o
                0x00000000000055ca                System_Init
 .text.prvInsertBlockIntoFreeList
                0x00000000000055fc       0x4c ./FreeRTOS/portable/MemMang/heap_4.o
 .text.pvPortMalloc
                0x0000000000005648      0x18c ./FreeRTOS/portable/MemMang/heap_4.o
                0x0000000000005648                pvPortMalloc
 .text.vPortFree
                0x00000000000057d4       0xa8 ./FreeRTOS/portable/MemMang/heap_4.o
                0x00000000000057d4                vPortFree
 .text.xPortGetMinimumEverFreeHeapSize
                0x000000000000587c        0xa ./FreeRTOS/portable/MemMang/heap_4.o
                0x000000000000587c                xPortGetMinimumEverFreeHeapSize
 .text.vPortSetupTimerInterrupt
                0x0000000000005886       0x3a ./FreeRTOS/portable/GCC/RISC-V/port.o
                0x0000000000005886                vPortSetupTimerInterrupt
 .text.xPortStartScheduler
                0x00000000000058c0       0x90 ./FreeRTOS/portable/GCC/RISC-V/port.o
                0x00000000000058c0                xPortStartScheduler
 .text.SysTick_Handler
                0x0000000000005950       0x38 ./FreeRTOS/portable/GCC/RISC-V/port.o
                0x0000000000005950                SysTick_Handler
 .text.vPortEnterCritical
                0x0000000000005988       0x16 ./FreeRTOS/portable/GCC/RISC-V/port.o
                0x0000000000005988                vPortEnterCritical
 .text.vPortExitCritical
                0x000000000000599e       0x42 ./FreeRTOS/portable/GCC/RISC-V/port.o
                0x000000000000599e                vPortExitCritical
 .text.vListInitialise
                0x00000000000059e0       0x14 ./FreeRTOS/list.o
                0x00000000000059e0                vListInitialise
 .text.vListInitialiseItem
                0x00000000000059f4        0x6 ./FreeRTOS/list.o
                0x00000000000059f4                vListInitialiseItem
 .text.vListInsert
                0x00000000000059fa       0x2e ./FreeRTOS/list.o
                0x00000000000059fa                vListInsert
 .text.uxListRemove
                0x0000000000005a28       0x20 ./FreeRTOS/list.o
                0x0000000000005a28                uxListRemove
 .text.prvIsQueueEmpty
                0x0000000000005a48       0x1e ./FreeRTOS/queue.o
 .text.prvCopyDataFromQueue
                0x0000000000005a66       0x28 ./FreeRTOS/queue.o
 .text.prvUnlockQueue
                0x0000000000005a8e       0x76 ./FreeRTOS/queue.o
 .text.xQueueGenericReset
                0x0000000000005b04       0xc4 ./FreeRTOS/queue.o
                0x0000000000005b04                xQueueGenericReset
 .text.xQueueGenericCreate
                0x0000000000005bc8       0x6e ./FreeRTOS/queue.o
                0x0000000000005bc8                xQueueGenericCreate
 .text.xQueueReceive
                0x0000000000005c36      0x160 ./FreeRTOS/queue.o
                0x0000000000005c36                xQueueReceive
 .text.vQueueAddToRegistry
                0x0000000000005d96       0x6c ./FreeRTOS/queue.o
                0x0000000000005d96                vQueueAddToRegistry
 .text.vQueueWaitForMessageRestricted
                0x0000000000005e02       0x5c ./FreeRTOS/queue.o
                0x0000000000005e02                vQueueWaitForMessageRestricted
 .text.prvResetNextTaskUnblockTime
                0x0000000000005e5e       0x24 ./FreeRTOS/tasks.o
 .text.prvAddCurrentTaskToDelayedList
                0x0000000000005e82       0xa6 ./FreeRTOS/tasks.o
 .text.prvIdleTask
                0x0000000000005f28       0x52 ./FreeRTOS/tasks.o
 .text.xTaskCreate
                0x0000000000005f7a      0x228 ./FreeRTOS/tasks.o
                0x0000000000005f7a                xTaskCreate
 .text.vTaskStartScheduler
                0x00000000000061a2       0x92 ./FreeRTOS/tasks.o
                0x00000000000061a2                vTaskStartScheduler
 .text.vTaskSuspendAll
                0x0000000000006234       0x10 ./FreeRTOS/tasks.o
                0x0000000000006234                vTaskSuspendAll
 .text.xTaskGetTickCount
                0x0000000000006244        0xa ./FreeRTOS/tasks.o
                0x0000000000006244                xTaskGetTickCount
 .text.xTaskIncrementTick
                0x000000000000624e      0x1ac ./FreeRTOS/tasks.o
                0x000000000000624e                xTaskIncrementTick
 .text.xTaskResumeAll
                0x00000000000063fa      0x168 ./FreeRTOS/tasks.o
                0x00000000000063fa                xTaskResumeAll
 .text.vTaskDelay
                0x0000000000006562       0x66 ./FreeRTOS/tasks.o
                0x0000000000006562                vTaskDelay
 .text.vTaskSwitchContext
                0x00000000000065c8       0x9a ./FreeRTOS/tasks.o
                0x00000000000065c8                vTaskSwitchContext
 .text.vTaskPlaceOnEventList
                0x0000000000006662       0x48 ./FreeRTOS/tasks.o
                0x0000000000006662                vTaskPlaceOnEventList
 .text.vTaskPlaceOnEventListRestricted
                0x00000000000066aa       0x76 ./FreeRTOS/tasks.o
                0x00000000000066aa                vTaskPlaceOnEventListRestricted
 .text.xTaskRemoveFromEventList
                0x0000000000006720       0xec ./FreeRTOS/tasks.o
                0x0000000000006720                xTaskRemoveFromEventList
 .text.vTaskInternalSetTimeOutState
                0x000000000000680c       0x16 ./FreeRTOS/tasks.o
                0x000000000000680c                vTaskInternalSetTimeOutState
 .text.xTaskCheckForTimeOut
                0x0000000000006822       0xca ./FreeRTOS/tasks.o
                0x0000000000006822                xTaskCheckForTimeOut
 .text.vTaskMissedYield
                0x00000000000068ec        0xc ./FreeRTOS/tasks.o
                0x00000000000068ec                vTaskMissedYield
 .text.xTaskGetSchedulerState
                0x00000000000068f8       0x1c ./FreeRTOS/tasks.o
                0x00000000000068f8                xTaskGetSchedulerState
 .text.prvCheckForValidListAndQueue
                0x0000000000006914       0x66 ./FreeRTOS/timers.o
 .text.prvInsertTimerInActiveList
                0x000000000000697a       0x46 ./FreeRTOS/timers.o
 .text.prvReloadTimer
                0x00000000000069c0       0x2a ./FreeRTOS/timers.o
 .text.prvProcessExpiredTimer
                0x00000000000069ea       0x46 ./FreeRTOS/timers.o
 .text.prvSwitchTimerLists
                0x0000000000006a30       0x30 ./FreeRTOS/timers.o
 .text.prvTimerTask
                0x0000000000006a60      0x198 ./FreeRTOS/timers.o
 .text.xTimerCreateTimerTask
                0x0000000000006bf8       0x60 ./FreeRTOS/timers.o
                0x0000000000006bf8                xTimerCreateTimerTask
 .text.Delay_Init
                0x0000000000006c58       0x2e ./Debug/debug.o
                0x0000000000006c58                Delay_Init
 .text.Delay_Us
                0x0000000000006c86       0x3a ./Debug/debug.o
                0x0000000000006c86                Delay_Us
 .text.Delay_Ms
                0x0000000000006cc0       0x3a ./Debug/debug.o
                0x0000000000006cc0                Delay_Ms
 .text.USART_Printf_Init
                0x0000000000006cfa       0x5a ./Debug/debug.o
                0x0000000000006cfa                USART_Printf_Init
 .text._write   0x0000000000006d54       0x3e ./Debug/debug.o
                0x0000000000006d54                _write
 .text.asinf    0x0000000000006d92       0xbe c:/mounriver/mounriver_studio/toolchain/risc-v embedded gcc/bin/../lib/gcc/riscv-none-embed/8.2.0/../../../../riscv-none-embed/lib/rv32imacxw/ilp32\libm.a(lib_a-wf_asin.o)
                0x0000000000006d92                asinf
 .text.atan2f   0x0000000000006e50        0x2 c:/mounriver/mounriver_studio/toolchain/risc-v embedded gcc/bin/../lib/gcc/riscv-none-embed/8.2.0/../../../../riscv-none-embed/lib/rv32imacxw/ilp32\libm.a(lib_a-wf_atan2.o)
                0x0000000000006e50                atan2f
 .text.__ieee754_asinf
                0x0000000000006e52      0x370 c:/mounriver/mounriver_studio/toolchain/risc-v embedded gcc/bin/../lib/gcc/riscv-none-embed/8.2.0/../../../../riscv-none-embed/lib/rv32imacxw/ilp32\libm.a(lib_a-ef_asin.o)
                0x0000000000006e52                __ieee754_asinf
 .text.__ieee754_atan2f
                0x00000000000071c2      0x192 c:/mounriver/mounriver_studio/toolchain/risc-v embedded gcc/bin/../lib/gcc/riscv-none-embed/8.2.0/../../../../riscv-none-embed/lib/rv32imacxw/ilp32\libm.a(lib_a-ef_atan2.o)
                0x00000000000071c2                __ieee754_atan2f
 .text.__ieee754_sqrtf
                0x0000000000007354       0xdc c:/mounriver/mounriver_studio/toolchain/risc-v embedded gcc/bin/../lib/gcc/riscv-none-embed/8.2.0/../../../../riscv-none-embed/lib/rv32imacxw/ilp32\libm.a(lib_a-ef_sqrt.o)
                0x0000000000007354                __ieee754_sqrtf
 .text.matherr  0x0000000000007430        0x4 c:/mounriver/mounriver_studio/toolchain/risc-v embedded gcc/bin/../lib/gcc/riscv-none-embed/8.2.0/../../../../riscv-none-embed/lib/rv32imacxw/ilp32\libm.a(lib_a-s_matherr.o)
                0x0000000000007430                matherr
 .text.nan      0x0000000000007434        0xe c:/mounriver/mounriver_studio/toolchain/risc-v embedded gcc/bin/../lib/gcc/riscv-none-embed/8.2.0/../../../../riscv-none-embed/lib/rv32imacxw/ilp32\libm.a(lib_a-s_nan.o)
                0x0000000000007434                nan
 .text.atanf    0x0000000000007442      0x288 c:/mounriver/mounriver_studio/toolchain/risc-v embedded gcc/bin/../lib/gcc/riscv-none-embed/8.2.0/../../../../riscv-none-embed/lib/rv32imacxw/ilp32\libm.a(lib_a-sf_atan.o)
                0x0000000000007442                atanf
 .text.fabsf    0x00000000000076ca        0x6 c:/mounriver/mounriver_studio/toolchain/risc-v embedded gcc/bin/../lib/gcc/riscv-none-embed/8.2.0/../../../../riscv-none-embed/lib/rv32imacxw/ilp32\libm.a(lib_a-sf_fabs.o)
                0x00000000000076ca                fabsf
 .text.printchar
                0x00000000000076d0       0x4a c:/mounriver/mounriver_studio/toolchain/risc-v embedded gcc/bin/../lib/gcc/riscv-none-embed/8.2.0/../../../../riscv-none-embed/lib/rv32imacxw/ilp32\libprintfloat.a(printfloat.o)
                0x00000000000076d0                printchar
 .text.prints   0x000000000000771a       0xe0 c:/mounriver/mounriver_studio/toolchain/risc-v embedded gcc/bin/../lib/gcc/riscv-none-embed/8.2.0/../../../../riscv-none-embed/lib/rv32imacxw/ilp32\libprintfloat.a(printfloat.o)
                0x000000000000771a                prints
 .text.printInt
                0x00000000000077fa       0xf2 c:/mounriver/mounriver_studio/toolchain/risc-v embedded gcc/bin/../lib/gcc/riscv-none-embed/8.2.0/../../../../riscv-none-embed/lib/rv32imacxw/ilp32\libprintfloat.a(printfloat.o)
                0x00000000000077fa                printInt
 .text.printLongLongInt
                0x00000000000078ec      0x122 c:/mounriver/mounriver_studio/toolchain/risc-v embedded gcc/bin/../lib/gcc/riscv-none-embed/8.2.0/../../../../riscv-none-embed/lib/rv32imacxw/ilp32\libprintfloat.a(printfloat.o)
                0x00000000000078ec                printLongLongInt
 .text.printDouble
                0x0000000000007a0e      0x100 c:/mounriver/mounriver_studio/toolchain/risc-v embedded gcc/bin/../lib/gcc/riscv-none-embed/8.2.0/../../../../riscv-none-embed/lib/rv32imacxw/ilp32\libprintfloat.a(printfloat.o)
                0x0000000000007a0e                printDouble
 .text.print    0x0000000000007b0e      0x358 c:/mounriver/mounriver_studio/toolchain/risc-v embedded gcc/bin/../lib/gcc/riscv-none-embed/8.2.0/../../../../riscv-none-embed/lib/rv32imacxw/ilp32\libprintfloat.a(printfloat.o)
                0x0000000000007b0e                print
 .text.printf   0x0000000000007e66       0x24 c:/mounriver/mounriver_studio/toolchain/risc-v embedded gcc/bin/../lib/gcc/riscv-none-embed/8.2.0/../../../../riscv-none-embed/lib/rv32imacxw/ilp32\libprintfloat.a(printfloat.o)
                0x0000000000007e66                printf
 .text.puts     0x0000000000007e8a       0x4a c:/mounriver/mounriver_studio/toolchain/risc-v embedded gcc/bin/../lib/gcc/riscv-none-embed/8.2.0/../../../../riscv-none-embed/lib/rv32imacxw/ilp32\libprintfloat.a(printfloat.o)
                0x0000000000007e8a                puts
 .text.__divdi3
                0x0000000000007ed4      0x3d4 c:/mounriver/mounriver_studio/toolchain/risc-v embedded gcc/bin/../lib/gcc/riscv-none-embed/8.2.0/rv32imacxw/ilp32\libgcc.a(_divdi3.o)
                0x0000000000007ed4                __divdi3
 .text.__udivdi3
                0x00000000000082a8      0x392 c:/mounriver/mounriver_studio/toolchain/risc-v embedded gcc/bin/../lib/gcc/riscv-none-embed/8.2.0/rv32imacxw/ilp32\libgcc.a(_udivdi3.o)
                0x00000000000082a8                __udivdi3
 .text.__umoddi3
                0x000000000000863a      0x38a c:/mounriver/mounriver_studio/toolchain/risc-v embedded gcc/bin/../lib/gcc/riscv-none-embed/8.2.0/rv32imacxw/ilp32\libgcc.a(_umoddi3.o)
                0x000000000000863a                __umoddi3
 .text.__adddf3
                0x00000000000089c4      0x730 c:/mounriver/mounriver_studio/toolchain/risc-v embedded gcc/bin/../lib/gcc/riscv-none-embed/8.2.0/rv32imacxw/ilp32\libgcc.a(adddf3.o)
                0x00000000000089c4                __adddf3
 .text.__ledf2  0x00000000000090f4       0xb6 c:/mounriver/mounriver_studio/toolchain/risc-v embedded gcc/bin/../lib/gcc/riscv-none-embed/8.2.0/rv32imacxw/ilp32\libgcc.a(ledf2.o)
                0x00000000000090f4                __ledf2
                0x00000000000090f4                __ltdf2
 .text.__muldf3
                0x00000000000091aa      0x4b8 c:/mounriver/mounriver_studio/toolchain/risc-v embedded gcc/bin/../lib/gcc/riscv-none-embed/8.2.0/rv32imacxw/ilp32\libgcc.a(muldf3.o)
                0x00000000000091aa                __muldf3
 .text.__subdf3
                0x0000000000009662      0x73e c:/mounriver/mounriver_studio/toolchain/risc-v embedded gcc/bin/../lib/gcc/riscv-none-embed/8.2.0/rv32imacxw/ilp32\libgcc.a(subdf3.o)
                0x0000000000009662                __subdf3
 .text.__fixunsdfsi
                0x0000000000009da0       0x5c c:/mounriver/mounriver_studio/toolchain/risc-v embedded gcc/bin/../lib/gcc/riscv-none-embed/8.2.0/rv32imacxw/ilp32\libgcc.a(fixunsdfsi.o)
                0x0000000000009da0                __fixunsdfsi
 .text.__floatsidf
                0x0000000000009dfc       0x72 c:/mounriver/mounriver_studio/toolchain/risc-v embedded gcc/bin/../lib/gcc/riscv-none-embed/8.2.0/rv32imacxw/ilp32\libgcc.a(floatsidf.o)
                0x0000000000009dfc                __floatsidf
 .text.__fixdfdi
                0x0000000000009e6e       0xbc c:/mounriver/mounriver_studio/toolchain/risc-v embedded gcc/bin/../lib/gcc/riscv-none-embed/8.2.0/rv32imacxw/ilp32\libgcc.a(fixdfdi.o)
                0x0000000000009e6e                __fixdfdi
 .text.__floatdidf
                0x0000000000009f2a      0x1b6 c:/mounriver/mounriver_studio/toolchain/risc-v embedded gcc/bin/../lib/gcc/riscv-none-embed/8.2.0/rv32imacxw/ilp32\libgcc.a(floatdidf.o)
                0x0000000000009f2a                __floatdidf
 .text.__addsf3
                0x000000000000a0e0      0x36a c:/mounriver/mounriver_studio/toolchain/risc-v embedded gcc/bin/../lib/gcc/riscv-none-embed/8.2.0/rv32imacxw/ilp32\libgcc.a(addsf3.o)
                0x000000000000a0e0                __addsf3
 .text.__divsf3
                0x000000000000a44a      0x2b2 c:/mounriver/mounriver_studio/toolchain/risc-v embedded gcc/bin/../lib/gcc/riscv-none-embed/8.2.0/rv32imacxw/ilp32\libgcc.a(divsf3.o)
                0x000000000000a44a                __divsf3
 .text.__eqsf2  0x000000000000a6fc       0x5c c:/mounriver/mounriver_studio/toolchain/risc-v embedded gcc/bin/../lib/gcc/riscv-none-embed/8.2.0/rv32imacxw/ilp32\libgcc.a(eqsf2.o)
                0x000000000000a6fc                __eqsf2
                0x000000000000a6fc                __nesf2
 .text.__gesf2  0x000000000000a758       0x86 c:/mounriver/mounriver_studio/toolchain/risc-v embedded gcc/bin/../lib/gcc/riscv-none-embed/8.2.0/rv32imacxw/ilp32\libgcc.a(gesf2.o)
                0x000000000000a758                __gesf2
                0x000000000000a758                __gtsf2
 .text.__lesf2  0x000000000000a7de       0x8c c:/mounriver/mounriver_studio/toolchain/risc-v embedded gcc/bin/../lib/gcc/riscv-none-embed/8.2.0/rv32imacxw/ilp32\libgcc.a(lesf2.o)
                0x000000000000a7de                __ltsf2
                0x000000000000a7de                __lesf2
 .text.__mulsf3
                0x000000000000a86a      0x294 c:/mounriver/mounriver_studio/toolchain/risc-v embedded gcc/bin/../lib/gcc/riscv-none-embed/8.2.0/rv32imacxw/ilp32\libgcc.a(mulsf3.o)
                0x000000000000a86a                __mulsf3
 .text.__subsf3
                0x000000000000aafe      0x388 c:/mounriver/mounriver_studio/toolchain/risc-v embedded gcc/bin/../lib/gcc/riscv-none-embed/8.2.0/rv32imacxw/ilp32\libgcc.a(subsf3.o)
                0x000000000000aafe                __subsf3
 .text.__unordsf2
                0x000000000000ae86       0x3c c:/mounriver/mounriver_studio/toolchain/risc-v embedded gcc/bin/../lib/gcc/riscv-none-embed/8.2.0/rv32imacxw/ilp32\libgcc.a(unordsf2.o)
                0x000000000000ae86                __unordsf2
 .text.__fixsfsi
                0x000000000000aec2       0x62 c:/mounriver/mounriver_studio/toolchain/risc-v embedded gcc/bin/../lib/gcc/riscv-none-embed/8.2.0/rv32imacxw/ilp32\libgcc.a(fixsfsi.o)
                0x000000000000aec2                __fixsfsi
 .text.__fixunssfsi
                0x000000000000af24       0x56 c:/mounriver/mounriver_studio/toolchain/risc-v embedded gcc/bin/../lib/gcc/riscv-none-embed/8.2.0/rv32imacxw/ilp32\libgcc.a(fixunssfsi.o)
                0x000000000000af24                __fixunssfsi
 .text.__floatsisf
                0x000000000000af7a       0xc6 c:/mounriver/mounriver_studio/toolchain/risc-v embedded gcc/bin/../lib/gcc/riscv-none-embed/8.2.0/rv32imacxw/ilp32\libgcc.a(floatsisf.o)
                0x000000000000af7a                __floatsisf
 .text.__floatunsisf
                0x000000000000b040       0xce c:/mounriver/mounriver_studio/toolchain/risc-v embedded gcc/bin/../lib/gcc/riscv-none-embed/8.2.0/rv32imacxw/ilp32\libgcc.a(floatunsisf.o)
                0x000000000000b040                __floatunsisf
 .text.__extendsfdf2
                0x000000000000b10e       0xac c:/mounriver/mounriver_studio/toolchain/risc-v embedded gcc/bin/../lib/gcc/riscv-none-embed/8.2.0/rv32imacxw/ilp32\libgcc.a(extendsfdf2.o)
                0x000000000000b10e                __extendsfdf2
 .text.__truncdfsf2
                0x000000000000b1ba      0x16a c:/mounriver/mounriver_studio/toolchain/risc-v embedded gcc/bin/../lib/gcc/riscv-none-embed/8.2.0/rv32imacxw/ilp32\libgcc.a(truncdfsf2.o)
                0x000000000000b1ba                __truncdfsf2
 .text.__clzsi2
                0x000000000000b324       0x6e c:/mounriver/mounriver_studio/toolchain/risc-v embedded gcc/bin/../lib/gcc/riscv-none-embed/8.2.0/rv32imacxw/ilp32\libgcc.a(_clzsi2.o)
                0x000000000000b324                __clzsi2
 .text.__errno  0x000000000000b392        0x8 c:/mounriver/mounriver_studio/toolchain/risc-v embedded gcc/bin/../lib/gcc/riscv-none-embed/8.2.0/../../../../riscv-none-embed/lib/rv32imacxw/ilp32\libg_nano.a(lib_a-errno.o)
                0x000000000000b392                __errno
 .text.memcmp   0x000000000000b39a       0x24 c:/mounriver/mounriver_studio/toolchain/risc-v embedded gcc/bin/../lib/gcc/riscv-none-embed/8.2.0/../../../../riscv-none-embed/lib/rv32imacxw/ilp32\libg_nano.a(lib_a-memcmp.o)
                0x000000000000b39a                memcmp
 .text.memcpy   0x000000000000b3be       0xb2 c:/mounriver/mounriver_studio/toolchain/risc-v embedded gcc/bin/../lib/gcc/riscv-none-embed/8.2.0/../../../../riscv-none-embed/lib/rv32imacxw/ilp32\libg_nano.a(lib_a-memcpy.o)
                0x000000000000b3be                memcpy
 *(.rodata)
 *fill*         0x000000000000b470        0x0 
 .rodata        0x000000000000b470       0x2f ./General_Files/eMPL/inv_mpu_dmp_motion_driver.o
 *(.rodata*)
 *fill*         0x000000000000b49f        0x1 
 .rodata.String_print.str1.4
                0x000000000000b4a0      0x1a7 ./User/RTOS_apps/Print_status.o
 *fill*         0x000000000000b647        0x1 
 .rodata.ELRS_Convert_angle.cst8
                0x000000000000b648        0x8 ./User/RTOS_apps/control_handle.o
 .rodata.ELRS_Convert_throttle.cst8
                0x000000000000b650       0x10 ./User/RTOS_apps/control_handle.o
 .rodata.PIDSTRUCT_Init.cst4
                0x000000000000b660       0x50 ./User/RTOS_apps/control_handle.o
 .rodata.Roll_innerloop_ctr.cst4
                0x000000000000b6b0        0x4 ./User/RTOS_apps/control_handle.o
 .rodata.Motor_sort_start.cst4
                0x000000000000b6b4        0x8 ./User/RTOS_apps/soft_stast.o
 .rodata.Motor_sort_start.str1.4
                0x000000000000b6bc       0x21 ./User/RTOS_apps/soft_stast.o
 *fill*         0x000000000000b6dd        0x3 
 .rodata.RTOS_init.str1.4
                0x000000000000b6e0       0x1c ./User/RTOS_tasks.o
 .rodata.main.str1.4
                0x000000000000b6fc       0x60 ./User/main.o
 .rodata.mpu_get_lpf
                0x000000000000b75c       0x18 ./General_Files/eMPL/inv_mpu.o
 .rodata.hw     0x000000000000b774        0xc ./General_Files/eMPL/inv_mpu.o
                0x000000000000b774                hw
 .rodata.mpu_dmp_get_data.cst4
                0x000000000000b780        0x8 ./General_Files/eMPL/inv_mpu.o
 .rodata.mpu_dmp_get_data.cst8
                0x000000000000b788        0x8 ./General_Files/eMPL/inv_mpu.o
 .rodata.mpu_dmp_init.str1.4
                0x000000000000b790       0x12 ./General_Files/eMPL/inv_mpu.o
 *fill*         0x000000000000b7a2        0x2 
 .rodata.mpu_get_gyro_sens.cst4
                0x000000000000b7a4       0x10 ./General_Files/eMPL/inv_mpu.o
 .rodata.mpu_init.str1.4
                0x000000000000b7b4       0x91 ./General_Files/eMPL/inv_mpu.o
 *fill*         0x000000000000b845        0x3 
 .rodata.mpu_run_self_test.cst4
                0x000000000000b848       0x2c ./General_Files/eMPL/inv_mpu.o
                                         0x30 (size before relaxing)
 .rodata.reg    0x000000000000b874       0x1b ./General_Files/eMPL/inv_mpu.o
                0x000000000000b874                reg
 *fill*         0x000000000000b88f        0x1 
 .rodata.test   0x000000000000b890       0x28 ./General_Files/eMPL/inv_mpu.o
                0x000000000000b890                test
 .rodata.dmp_memory
                0x000000000000b8b8      0xbf6 ./General_Files/eMPL/inv_mpu_dmp_motion_driver.o
 *fill*         0x000000000000c4ae        0x2 
 .rodata.dmp_set_tap_thresh.cst4
                0x000000000000c4b0       0x24 ./General_Files/eMPL/inv_mpu_dmp_motion_driver.o
 .rodata.MPU6050_Init.str1.4
                0x000000000000c4d4       0x1b ./General_Files/drivers/MPU6050.o
 *fill*         0x000000000000c4ef        0x1 
 .rodata.BAT_ADC_Init.str1.4
                0x000000000000c4f0       0x16 ./General_Files/drivers/adc.o
 .rodata.FilterAverage.cst4
                0x000000000000c506        0x4 ./General_Files/drivers/bsp_filter.o
 *fill*         0x000000000000c506        0x2 
 .rodata.System_Init.str1.4
                0x000000000000c508       0x11 ./General_Files/system.o
 *fill*         0x000000000000c519        0x3 
 .rodata.pvPortMalloc.str1.4
                0x000000000000c51c       0x49 ./FreeRTOS/portable/MemMang/heap_4.o
 *fill*         0x000000000000c565        0x3 
 .rodata.xPortStartScheduler.str1.4
                0x000000000000c568       0x27 ./FreeRTOS/portable/GCC/RISC-V/port.o
                                         0x49 (size before relaxing)
 *fill*         0x000000000000c58f        0x1 
 .rodata.xQueueGenericReset.str1.4
                0x000000000000c590       0x14 ./FreeRTOS/queue.o
                                         0x35 (size before relaxing)
 .rodata.prvTaskIsTaskSuspended.str1.4
                0x000000000000c5a4       0x14 ./FreeRTOS/tasks.o
                                         0x35 (size before relaxing)
 .rodata.vTaskStartScheduler.str1.4
                0x000000000000c5b8        0x5 ./FreeRTOS/tasks.o
 *fill*         0x000000000000c5bd        0x3 
 .rodata.prvTimerTask
                0x000000000000c5c0       0x24 ./FreeRTOS/timers.o
 .rodata.prvCheckForValidListAndQueue.str1.4
                0x000000000000c5e4        0x5 ./FreeRTOS/timers.o
 *fill*         0x000000000000c5e9        0x3 
 .rodata.prvTimerTask.str1.4
                0x000000000000c5ec       0x15 ./FreeRTOS/timers.o
                                         0x39 (size before relaxing)
 *fill*         0x000000000000c601        0x3 
 .rodata.xTimerCreateTimerTask.str1.4
                0x000000000000c604        0x8 ./FreeRTOS/timers.o
 .rodata.asinf.cst4
                0x000000000000c60c        0x4 c:/mounriver/mounriver_studio/toolchain/risc-v embedded gcc/bin/../lib/gcc/riscv-none-embed/8.2.0/../../../../riscv-none-embed/lib/rv32imacxw/ilp32\libm.a(lib_a-wf_asin.o)
 .rodata.asinf.str1.4
                0x000000000000c60c        0x6 c:/mounriver/mounriver_studio/toolchain/risc-v embedded gcc/bin/../lib/gcc/riscv-none-embed/8.2.0/../../../../riscv-none-embed/lib/rv32imacxw/ilp32\libm.a(lib_a-wf_asin.o)
                                          0x9 (size before relaxing)
 *fill*         0x000000000000c612        0x2 
 .rodata.__ieee754_asinf.cst4
                0x000000000000c614       0x40 c:/mounriver/mounriver_studio/toolchain/risc-v embedded gcc/bin/../lib/gcc/riscv-none-embed/8.2.0/../../../../riscv-none-embed/lib/rv32imacxw/ilp32\libm.a(lib_a-ef_asin.o)
                                         0x44 (size before relaxing)
 .rodata.__ieee754_atan2f.cst4
                0x000000000000c654       0x20 c:/mounriver/mounriver_studio/toolchain/risc-v embedded gcc/bin/../lib/gcc/riscv-none-embed/8.2.0/../../../../riscv-none-embed/lib/rv32imacxw/ilp32\libm.a(lib_a-ef_atan2.o)
                                         0x28 (size before relaxing)
 *fill*         0x000000000000c674        0x4 
 .rodata.nan.cst8
                0x000000000000c678        0x8 c:/mounriver/mounriver_studio/toolchain/risc-v embedded gcc/bin/../lib/gcc/riscv-none-embed/8.2.0/../../../../riscv-none-embed/lib/rv32imacxw/ilp32\libm.a(lib_a-s_nan.o)
 .rodata.atanf.cst4
                0x000000000000c680       0x38 c:/mounriver/mounriver_studio/toolchain/risc-v embedded gcc/bin/../lib/gcc/riscv-none-embed/8.2.0/../../../../riscv-none-embed/lib/rv32imacxw/ilp32\libm.a(lib_a-sf_atan.o)
                                         0x48 (size before relaxing)
 .rodata.atanhi
                0x000000000000c6b8       0x10 c:/mounriver/mounriver_studio/toolchain/risc-v embedded gcc/bin/../lib/gcc/riscv-none-embed/8.2.0/../../../../riscv-none-embed/lib/rv32imacxw/ilp32\libm.a(lib_a-sf_atan.o)
 .rodata.atanlo
                0x000000000000c6c8       0x10 c:/mounriver/mounriver_studio/toolchain/risc-v embedded gcc/bin/../lib/gcc/riscv-none-embed/8.2.0/../../../../riscv-none-embed/lib/rv32imacxw/ilp32\libm.a(lib_a-sf_atan.o)
 .rodata.print.str1.4
                0x000000000000c6d8        0x8 c:/mounriver/mounriver_studio/toolchain/risc-v embedded gcc/bin/../lib/gcc/riscv-none-embed/8.2.0/../../../../riscv-none-embed/lib/rv32imacxw/ilp32\libprintfloat.a(printfloat.o)
                                          0x7 (size before relaxing)
 .rodata.__muldf3
                0x000000000000c6e0       0x40 c:/mounriver/mounriver_studio/toolchain/risc-v embedded gcc/bin/../lib/gcc/riscv-none-embed/8.2.0/rv32imacxw/ilp32\libgcc.a(muldf3.o)
 .rodata.__divsf3
                0x000000000000c720       0x80 c:/mounriver/mounriver_studio/toolchain/risc-v embedded gcc/bin/../lib/gcc/riscv-none-embed/8.2.0/rv32imacxw/ilp32\libgcc.a(divsf3.o)
 .rodata.__mulsf3
                0x000000000000c7a0       0x40 c:/mounriver/mounriver_studio/toolchain/risc-v embedded gcc/bin/../lib/gcc/riscv-none-embed/8.2.0/rv32imacxw/ilp32\libgcc.a(mulsf3.o)
 .rodata.__clz_tab
                0x000000000000c7e0      0x100 c:/mounriver/mounriver_studio/toolchain/risc-v embedded gcc/bin/../lib/gcc/riscv-none-embed/8.2.0/rv32imacxw/ilp32\libgcc.a(_clz.o)
                0x000000000000c7e0                __clz_tab
 *(.gnu.linkonce.t.*)
                0x000000000000c8e0                . = ALIGN (0x4)

.rela.dyn       0x000000000000c8e0        0x0
 .rela.text.String_print
                0x000000000000c8e0        0x0 ./User/RTOS_apps/IMU_handle.o
 .rela.text.Motor_sort_start
                0x000000000000c8e0        0x0 ./User/RTOS_apps/IMU_handle.o
 .rela.text.startup.main
                0x000000000000c8e0        0x0 ./User/RTOS_apps/IMU_handle.o
 .rela.init     0x000000000000c8e0        0x0 ./User/RTOS_apps/IMU_handle.o
 .rela.vector   0x000000000000c8e0        0x0 ./User/RTOS_apps/IMU_handle.o
 .rela.text.handle_reset
                0x000000000000c8e0        0x0 ./User/RTOS_apps/IMU_handle.o
 .rela.text.mpu_init
                0x000000000000c8e0        0x0 ./User/RTOS_apps/IMU_handle.o
 .rela.text.mpu_dmp_init
                0x000000000000c8e0        0x0 ./User/RTOS_apps/IMU_handle.o
 .rela.text.MPU6050_Init
                0x000000000000c8e0        0x0 ./User/RTOS_apps/IMU_handle.o
 .rela.text.BAT_ADC_Init
                0x000000000000c8e0        0x0 ./User/RTOS_apps/IMU_handle.o
 .rela.text.System_Init
                0x000000000000c8e0        0x0 ./User/RTOS_apps/IMU_handle.o
 .rela.text.pvPortMalloc
                0x000000000000c8e0        0x0 ./User/RTOS_apps/IMU_handle.o
 .rela.text.vPortFree
                0x000000000000c8e0        0x0 ./User/RTOS_apps/IMU_handle.o
 .rela.text.xPortStartScheduler
                0x000000000000c8e0        0x0 ./User/RTOS_apps/IMU_handle.o
 .rela.text.vPortExitCritical
                0x000000000000c8e0        0x0 ./User/RTOS_apps/IMU_handle.o
 .rela.sdata2.xISRStackTop
                0x000000000000c8e0        0x0 ./User/RTOS_apps/IMU_handle.o
 .rela.text.xQueueGenericReset
                0x000000000000c8e0        0x0 ./User/RTOS_apps/IMU_handle.o
 .rela.text.xQueueGenericCreate
                0x000000000000c8e0        0x0 ./User/RTOS_apps/IMU_handle.o
 .rela.text.xQueueReceive
                0x000000000000c8e0        0x0 ./User/RTOS_apps/IMU_handle.o
 .rela.text.vQueueAddToRegistry
                0x000000000000c8e0        0x0 ./User/RTOS_apps/IMU_handle.o
 .rela.text.xTaskCreate
                0x000000000000c8e0        0x0 ./User/RTOS_apps/IMU_handle.o
 .rela.text.vTaskStartScheduler
                0x000000000000c8e0        0x0 ./User/RTOS_apps/IMU_handle.o
 .rela.text.xTaskIncrementTick
                0x000000000000c8e0        0x0 ./User/RTOS_apps/IMU_handle.o
 .rela.text.xTaskResumeAll
                0x000000000000c8e0        0x0 ./User/RTOS_apps/IMU_handle.o
 .rela.text.vTaskDelay
                0x000000000000c8e0        0x0 ./User/RTOS_apps/IMU_handle.o
 .rela.text.vTaskSwitchContext
                0x000000000000c8e0        0x0 ./User/RTOS_apps/IMU_handle.o
 .rela.text.vTaskPlaceOnEventList
                0x000000000000c8e0        0x0 ./User/RTOS_apps/IMU_handle.o
 .rela.text.vTaskPlaceOnEventListRestricted
                0x000000000000c8e0        0x0 ./User/RTOS_apps/IMU_handle.o
 .rela.text.xTaskRemoveFromEventList
                0x000000000000c8e0        0x0 ./User/RTOS_apps/IMU_handle.o
 .rela.text.xTaskCheckForTimeOut
                0x000000000000c8e0        0x0 ./User/RTOS_apps/IMU_handle.o
 .rela.text.prvTimerTask
                0x000000000000c8e0        0x0 ./User/RTOS_apps/IMU_handle.o
 .rela.text.xTimerCreateTimerTask
                0x000000000000c8e0        0x0 ./User/RTOS_apps/IMU_handle.o
 .rela.text.prints
                0x000000000000c8e0        0x0 ./User/RTOS_apps/IMU_handle.o
 .rela.text.printInt
                0x000000000000c8e0        0x0 ./User/RTOS_apps/IMU_handle.o
 .rela.text.printLongLongInt
                0x000000000000c8e0        0x0 ./User/RTOS_apps/IMU_handle.o
 .rela.text.printDouble
                0x000000000000c8e0        0x0 ./User/RTOS_apps/IMU_handle.o
 .rela.text.print
                0x000000000000c8e0        0x0 ./User/RTOS_apps/IMU_handle.o
 .rela.text.printf
                0x000000000000c8e0        0x0 ./User/RTOS_apps/IMU_handle.o
 .rela.data.impure_data
                0x000000000000c8e0        0x0 ./User/RTOS_apps/IMU_handle.o

.fini           0x000000000000c8e0        0x0
 *(SORT_NONE(.fini))
                0x000000000000c8e0                . = ALIGN (0x4)
                [!provide]                        PROVIDE (_etext = .)
                [!provide]                        PROVIDE (_eitcm = .)

.preinit_array  0x000000000000c8e0        0x0
                [!provide]                        PROVIDE (__preinit_array_start = .)
 *(.preinit_array)
                [!provide]                        PROVIDE (__preinit_array_end = .)

.init_array     0x000000000000c8e0        0x0
                [!provide]                        PROVIDE (__init_array_start = .)
 *(SORT_BY_INIT_PRIORITY(.init_array.*) SORT_BY_INIT_PRIORITY(.ctors.*))
 *(.init_array EXCLUDE_FILE(*crtend?.o *crtend.o *crtbegin?.o *crtbegin.o) .ctors)
                [!provide]                        PROVIDE (__init_array_end = .)

.fini_array     0x000000000000c8e0        0x0
                [!provide]                        PROVIDE (__fini_array_start = .)
 *(SORT_BY_INIT_PRIORITY(.fini_array.*) SORT_BY_INIT_PRIORITY(.dtors.*))
 *(.fini_array EXCLUDE_FILE(*crtend?.o *crtend.o *crtbegin?.o *crtbegin.o) .dtors)
                [!provide]                        PROVIDE (__fini_array_end = .)

.ctors
 *crtbegin.o(.ctors)
 *crtbegin?.o(.ctors)
 *(EXCLUDE_FILE(*crtend?.o *crtend.o) .ctors)
 *(SORT_BY_NAME(.ctors.*))
 *(.ctors)

.dtors
 *crtbegin.o(.dtors)
 *crtbegin?.o(.dtors)
 *(EXCLUDE_FILE(*crtend?.o *crtend.o) .dtors)
 *(SORT_BY_NAME(.dtors.*))
 *(.dtors)

.dalign         0x0000000020000000        0x0 load address 0x000000000000c8e0
                0x0000000020000000                . = ALIGN (0x4)
                0x0000000020000000                PROVIDE (_data_vma = .)

.dlalign        0x000000000000c8e0        0x0
                0x000000000000c8e0                . = ALIGN (0x4)
                0x000000000000c8e0                PROVIDE (_data_lma = .)

.data           0x0000000020000000      0x108 load address 0x000000000000c8e0
 *(.gnu.linkonce.r.*)
 *(.data .data.*)
 .data.AHBPrescTable
                0x0000000020000000       0x10 ./User/system_ch32v30x.o
                0x0000000020000000                AHBPrescTable
 .data.APBAHBPrescTable
                0x0000000020000010       0x10 ./Peripheral/src/ch32v30x_rcc.o
 .data.gyro_orientation
                0x0000000020000020        0x9 ./General_Files/eMPL/inv_mpu.o
 *fill*         0x0000000020000029        0x3 
 .data.st       0x000000002000002c       0x2c ./General_Files/eMPL/inv_mpu.o
 .data.Motor_pos
                0x0000000020000058       0x10 ./General_Files/drivers/pwm.o
                0x0000000020000058                Motor_pos
 .data.pid_func
                0x0000000020000068       0x10 ./General_Files/apps/src/pid.o
                0x0000000020000068                pid_func
 .data.impure_data
                0x0000000020000078       0x60 c:/mounriver/mounriver_studio/toolchain/risc-v embedded gcc/bin/../lib/gcc/riscv-none-embed/8.2.0/../../../../riscv-none-embed/lib/rv32imacxw/ilp32\libg_nano.a(lib_a-impure.o)
 *(.gnu.linkonce.d.*)
                0x00000000200000d8                . = ALIGN (0x8)
                0x00000000200008d8                PROVIDE (__global_pointer$ = (. + 0x800))
 *(.sdata .sdata.*)
 .sdata.IMU_IO_STATUS
                0x00000000200000d8        0x4 ./User/RTOS_apps/IMU_handle.o
                0x00000000200000d8                IMU_IO_STATUS
 .sdata.Motor_speed_set
                0x00000000200000dc        0x4 ./User/RTOS_apps/soft_stast.o
                0x00000000200000dc                Motor_speed_set
 .sdata.last_RC_lock_state
                0x00000000200000e0        0x4 ./User/RTOS_apps/soft_stast.o
                0x00000000200000e0                last_RC_lock_state
 .sdata.SystemCoreClock
                0x00000000200000e4        0x4 ./User/system_ch32v30x.o
                0x00000000200000e4                SystemCoreClock
 .sdata.ADCPrescTable
                0x00000000200000e8        0x4 ./Peripheral/src/ch32v30x_rcc.o
 .sdata.bmp280  0x00000000200000ec        0x4 ./General_Files/drivers/BMP280.o
                0x00000000200000ec                bmp280
 .sdata.uxCriticalNesting
                0x00000000200000f0        0x4 ./FreeRTOS/portable/GCC/RISC-V/port.o
 .sdata.uxTopUsedPriority
                0x00000000200000f4        0x4 ./FreeRTOS/tasks.o
                0x00000000200000f4                uxTopUsedPriority
 .sdata.__fdlib_version
                0x00000000200000f8        0x4 c:/mounriver/mounriver_studio/toolchain/risc-v embedded gcc/bin/../lib/gcc/riscv-none-embed/8.2.0/../../../../riscv-none-embed/lib/rv32imacxw/ilp32\libm.a(lib_a-s_lib_ver.o)
                0x00000000200000f8                __fdlib_version
 .sdata._impure_ptr
                0x00000000200000fc        0x4 c:/mounriver/mounriver_studio/toolchain/risc-v embedded gcc/bin/../lib/gcc/riscv-none-embed/8.2.0/../../../../riscv-none-embed/lib/rv32imacxw/ilp32\libg_nano.a(lib_a-impure.o)
                0x00000000200000fc                _impure_ptr
 *(.sdata2.*)
 .sdata2.xISRStackTop
                0x0000000020000100        0x4 ./FreeRTOS/portable/GCC/RISC-V/port.o
                0x0000000020000100                xISRStackTop
 *(.gnu.linkonce.s.*)
                0x0000000020000108                . = ALIGN (0x8)
 *fill*         0x0000000020000104        0x4 
 *(.srodata.cst16)
 *(.srodata.cst8)
 *(.srodata.cst4)
 *(.srodata.cst2)
 *(.srodata .srodata.*)
                0x0000000020000108                . = ALIGN (0x4)
                0x0000000020000108                PROVIDE (_edata = .)

.bss            0x0000000020000108     0x4618 load address 0x000000000000c9e8
                0x0000000020000108                . = ALIGN (0x4)
                0x0000000020000108                PROVIDE (_sbss = .)
 *(.sbss*)
 .sbss.Control_task_Handler
                0x0000000020000108        0x4 ./User/RTOS_tasks.o
                0x0000000020000108                Control_task_Handler
 .sbss.IMU_Task_Handler
                0x000000002000010c        0x4 ./User/RTOS_tasks.o
                0x000000002000010c                IMU_Task_Handler
 .sbss.Motor_SoftStart_Handler
                0x0000000020000110        0x4 ./User/RTOS_tasks.o
                0x0000000020000110                Motor_SoftStart_Handler
 .sbss.PrintTask_Handler
                0x0000000020000114        0x4 ./User/RTOS_tasks.o
                0x0000000020000114                PrintTask_Handler
 .sbss.NVIC_Priority_Group
                0x0000000020000118        0x4 ./Peripheral/src/ch32v30x_misc.o
                0x0000000020000118                NVIC_Priority_Group
 .sbss.Calibrattion_Val
                0x000000002000011c        0x2 ./General_Files/drivers/adc.o
                0x000000002000011c                Calibrattion_Val
 *fill*         0x000000002000011e        0x2 
 .sbss.TxBuf    0x0000000020000120        0x2 ./General_Files/drivers/adc.o
                0x0000000020000120                TxBuf
 .sbss.RxBuf_Index
                0x0000000020000122        0x1 ./General_Files/apps/src/CRSF.o
                0x0000000020000122                RxBuf_Index
 *fill*         0x0000000020000123        0x1 
 .sbss.pxEnd    0x0000000020000124        0x4 ./FreeRTOS/portable/MemMang/heap_4.o
 .sbss.xBlockAllocatedBit
                0x0000000020000128        0x4 ./FreeRTOS/portable/MemMang/heap_4.o
 .sbss.xFreeBytesRemaining
                0x000000002000012c        0x4 ./FreeRTOS/portable/MemMang/heap_4.o
 .sbss.xMinimumEverFreeBytesRemaining
                0x0000000020000130        0x4 ./FreeRTOS/portable/MemMang/heap_4.o
 .sbss.xNumberOfSuccessfulAllocations
                0x0000000020000134        0x4 ./FreeRTOS/portable/MemMang/heap_4.o
 .sbss.xNumberOfSuccessfulFrees
                0x0000000020000138        0x4 ./FreeRTOS/portable/MemMang/heap_4.o
 .sbss.xStart   0x000000002000013c        0x8 ./FreeRTOS/portable/MemMang/heap_4.o
 .sbss.pxCurrentTCB
                0x0000000020000144        0x4 ./FreeRTOS/tasks.o
                0x0000000020000144                pxCurrentTCB
 .sbss.pxDelayedTaskList
                0x0000000020000148        0x4 ./FreeRTOS/tasks.o
 .sbss.pxOverflowDelayedTaskList
                0x000000002000014c        0x4 ./FreeRTOS/tasks.o
 .sbss.uxCurrentNumberOfTasks
                0x0000000020000150        0x4 ./FreeRTOS/tasks.o
 .sbss.uxDeletedTasksWaitingCleanUp
                0x0000000020000154        0x4 ./FreeRTOS/tasks.o
 .sbss.uxSchedulerSuspended
                0x0000000020000158        0x4 ./FreeRTOS/tasks.o
 .sbss.uxTaskNumber
                0x000000002000015c        0x4 ./FreeRTOS/tasks.o
 .sbss.uxTopReadyPriority
                0x0000000020000160        0x4 ./FreeRTOS/tasks.o
 .sbss.xIdleTaskHandle
                0x0000000020000164        0x4 ./FreeRTOS/tasks.o
 .sbss.xNextTaskUnblockTime
                0x0000000020000168        0x4 ./FreeRTOS/tasks.o
 .sbss.xNumOfOverflows
                0x000000002000016c        0x4 ./FreeRTOS/tasks.o
 .sbss.xPendedTicks
                0x0000000020000170        0x4 ./FreeRTOS/tasks.o
 .sbss.xSchedulerRunning
                0x0000000020000174        0x4 ./FreeRTOS/tasks.o
 .sbss.xTickCount
                0x0000000020000178        0x4 ./FreeRTOS/tasks.o
 .sbss.xYieldPending
                0x000000002000017c        0x4 ./FreeRTOS/tasks.o
 .sbss.pxCurrentTimerList
                0x0000000020000180        0x4 ./FreeRTOS/timers.o
 .sbss.pxOverflowTimerList
                0x0000000020000184        0x4 ./FreeRTOS/timers.o
 .sbss.xLastTime.6314
                0x0000000020000188        0x4 ./FreeRTOS/timers.o
 .sbss.xTimerQueue
                0x000000002000018c        0x4 ./FreeRTOS/timers.o
 .sbss.xTimerTaskHandle
                0x0000000020000190        0x4 ./FreeRTOS/timers.o
 .sbss.p_ms     0x0000000020000194        0x2 ./Debug/debug.o
 .sbss.p_us     0x0000000020000196        0x1 ./Debug/debug.o
 *(.gnu.linkonce.sb.*)
 *(.bss*)
 *fill*         0x0000000020000197        0x1 
 .bss.MPU6050_para
                0x0000000020000198       0x14 ./User/RTOS_apps/IMU_handle.o
                0x0000000020000198                MPU6050_para
 .bss.MPU6050_para_filted
                0x00000000200001ac       0x14 ./User/RTOS_apps/IMU_handle.o
                0x00000000200001ac                MPU6050_para_filted
 .bss.gyro_filter
                0x00000000200001c0       0x60 ./User/RTOS_apps/IMU_handle.o
                0x00000000200001c0                gyro_filter
 .bss.control   0x0000000020000220      0x208 ./User/RTOS_apps/control_handle.o
                0x0000000020000220                control
 .bss.dmp       0x0000000020000428       0x10 ./General_Files/eMPL/inv_mpu_dmp_motion_driver.o
 .bss.bmp280_inst
                0x0000000020000438       0x18 ./General_Files/drivers/BMP280.o
                0x0000000020000438                bmp280_inst
 .bss._lut      0x0000000020000450      0x100 ./General_Files/apps/src/CRC.o
                0x0000000020000450                _lut
 .bss.CrsfChannels
                0x0000000020000550       0x40 ./General_Files/apps/src/CRSF.o
                0x0000000020000550                CrsfChannels
 .bss.LinkStatistics
                0x0000000020000590        0xa ./General_Files/apps/src/CRSF.o
                0x0000000020000590                LinkStatistics
 *fill*         0x000000002000059a        0x2 
 .bss.RxBuf     0x000000002000059c       0x40 ./General_Files/apps/src/CRSF.o
                0x000000002000059c                RxBuf
 .bss.ucHeap    0x00000000200005dc     0x4000 ./FreeRTOS/portable/MemMang/heap_4.o
 .bss.xQueueRegistry
                0x00000000200045dc       0x40 ./FreeRTOS/queue.o
                0x00000000200045dc                xQueueRegistry
 .bss.pxReadyTasksLists
                0x000000002000461c       0x78 ./FreeRTOS/tasks.o
 .bss.xDelayedTaskList1
                0x0000000020004694       0x14 ./FreeRTOS/tasks.o
 .bss.xDelayedTaskList2
                0x00000000200046a8       0x14 ./FreeRTOS/tasks.o
 .bss.xPendingReadyList
                0x00000000200046bc       0x14 ./FreeRTOS/tasks.o
 .bss.xSuspendedTaskList
                0x00000000200046d0       0x14 ./FreeRTOS/tasks.o
 .bss.xTasksWaitingTermination
                0x00000000200046e4       0x14 ./FreeRTOS/tasks.o
 .bss.xActiveTimerList1
                0x00000000200046f8       0x14 ./FreeRTOS/timers.o
 .bss.xActiveTimerList2
                0x000000002000470c       0x14 ./FreeRTOS/timers.o
 *(.gnu.linkonce.b.*)
 *(COMMON*)
                0x0000000020004720                . = ALIGN (0x4)
                0x0000000020004720                PROVIDE (_ebss = .)
                0x0000000020004720                PROVIDE (_end = _ebss)
                [!provide]                        PROVIDE (end = .)

.stack          0x0000000020007800      0x800
                0x0000000020007800                PROVIDE (_heap_end = .)
                0x0000000020007800                . = ALIGN (0x4)
                [!provide]                        PROVIDE (_susrstack = .)
                0x0000000020008000                . = (. + __stack_size)
 *fill*         0x0000000020007800      0x800 
                0x0000000020008000                PROVIDE (_eusrstack = .)
                0x0000000020008000                __freertos_irq_stack_top = .
OUTPUT(FreeRTOS.elf elf32-littleriscv)

.debug_info     0x0000000000000000    0x32031
 .debug_info    0x0000000000000000      0xf91 ./User/RTOS_apps/IMU_handle.o
 .debug_info    0x0000000000000f91     0x125a ./User/RTOS_apps/Print_status.o
 .debug_info    0x00000000000021eb     0x1360 ./User/RTOS_apps/control_handle.o
 .debug_info    0x000000000000354b      0xe85 ./User/RTOS_apps/soft_stast.o
 .debug_info    0x00000000000043d0      0xf33 ./User/RTOS_tasks.o
 .debug_info    0x0000000000005303      0x962 ./User/ch32v30x_it.o
 .debug_info    0x0000000000005c65      0xcbf ./User/main.o
 .debug_info    0x0000000000006924      0xb99 ./User/system_ch32v30x.o
 .debug_info    0x00000000000074bd       0x22 ./Startup/startup_ch32v30x_D8C.o
 .debug_info    0x00000000000074df     0x16e9 ./Peripheral/src/ch32v30x_adc.o
 .debug_info    0x0000000000008bc8      0xa94 ./Peripheral/src/ch32v30x_dbgmcu.o
 .debug_info    0x000000000000965c      0xd16 ./Peripheral/src/ch32v30x_dma.o
 .debug_info    0x000000000000a372     0x11cb ./Peripheral/src/ch32v30x_gpio.o
 .debug_info    0x000000000000b53d     0x1481 ./Peripheral/src/ch32v30x_i2c.o
 .debug_info    0x000000000000c9be      0xf60 ./Peripheral/src/ch32v30x_misc.o
 .debug_info    0x000000000000d91e     0x156e ./Peripheral/src/ch32v30x_rcc.o
 .debug_info    0x000000000000ee8c     0x2a16 ./Peripheral/src/ch32v30x_tim.o
 .debug_info    0x00000000000118a2     0x13b1 ./Peripheral/src/ch32v30x_usart.o
 .debug_info    0x0000000000012c53     0x42bb ./General_Files/eMPL/inv_mpu.o
 .debug_info    0x0000000000016f0e     0x1b5b ./General_Files/eMPL/inv_mpu_dmp_motion_driver.o
 .debug_info    0x0000000000018a69     0x13dd ./General_Files/drivers/BMP280.o
 .debug_info    0x0000000000019e46     0x1921 ./General_Files/drivers/MPU6050.o
 .debug_info    0x000000000001b767      0xfb7 ./General_Files/drivers/MyI2C.o
 .debug_info    0x000000000001c71e     0x12e7 ./General_Files/drivers/adc.o
 .debug_info    0x000000000001da05      0xdf1 ./General_Files/drivers/bsp_filter.o
 .debug_info    0x000000000001e7f6      0xb5b ./General_Files/drivers/gpio.o
 .debug_info    0x000000000001f351     0x16b3 ./General_Files/drivers/pwm.o