Archive member included to satisfy reference by file (symbol)

c:/mounriver/mounriver_studio/toolchain/risc-v embedded gcc/bin/../lib/gcc/riscv-none-embed/8.2.0/../../../../riscv-none-embed/lib/rv32imacxw/ilp32\libm.a(lib_a-wf_asin.o)
                              ./General_Files/eMPL/inv_mpu.o (asinf)
c:/mounriver/mounriver_studio/toolchain/risc-v embedded gcc/bin/../lib/gcc/riscv-none-embed/8.2.0/../../../../riscv-none-embed/lib/rv32imacxw/ilp32\libm.a(lib_a-wf_atan2.o)
                              ./General_Files/eMPL/inv_mpu.o (atan2f)
c:/mounriver/mounriver_studio/toolchain/risc-v embedded gcc/bin/../lib/gcc/riscv-none-embed/8.2.0/../../../../riscv-none-embed/lib/rv32imacxw/ilp32\libm.a(lib_a-ef_asin.o)
                              c:/mounriver/mounriver_studio/toolchain/risc-v embedded gcc/bin/../lib/gcc/riscv-none-embed/8.2.0/../../../../riscv-none-embed/lib/rv32imacxw/ilp32\libm.a(lib_a-wf_asin.o) (__ieee754_asinf)
c:/mounriver/mounriver_studio/toolchain/risc-v embedded gcc/bin/../lib/gcc/riscv-none-embed/8.2.0/../../../../riscv-none-embed/lib/rv32imacxw/ilp32\libm.a(lib_a-ef_atan2.o)
                              c:/mounriver/mounriver_studio/toolchain/risc-v embedded gcc/bin/../lib/gcc/riscv-none-embed/8.2.0/../../../../riscv-none-embed/lib/rv32imacxw/ilp32\libm.a(lib_a-wf_atan2.o) (__ieee754_atan2f)
c:/mounriver/mounriver_studio/toolchain/risc-v embedded gcc/bin/../lib/gcc/riscv-none-embed/8.2.0/../../../../riscv-none-embed/lib/rv32imacxw/ilp32\libm.a(lib_a-ef_sqrt.o)
                              c:/mounriver/mounriver_studio/toolchain/risc-v embedded gcc/bin/../lib/gcc/riscv-none-embed/8.2.0/../../../../riscv-none-embed/lib/rv32imacxw/ilp32\libm.a(lib_a-ef_asin.o) (__ieee754_sqrtf)
c:/mounriver/mounriver_studio/toolchain/risc-v embedded gcc/bin/../lib/gcc/riscv-none-embed/8.2.0/../../../../riscv-none-embed/lib/rv32imacxw/ilp32\libm.a(lib_a-s_lib_ver.o)
                              c:/mounriver/mounriver_studio/toolchain/risc-v embedded gcc/bin/../lib/gcc/riscv-none-embed/8.2.0/../../../../riscv-none-embed/lib/rv32imacxw/ilp32\libm.a(lib_a-wf_asin.o) (__fdlib_version)
c:/mounriver/mounriver_studio/toolchain/risc-v embedded gcc/bin/../lib/gcc/riscv-none-embed/8.2.0/../../../../riscv-none-embed/lib/rv32imacxw/ilp32\libm.a(lib_a-s_matherr.o)
                              c:/mounriver/mounriver_studio/toolchain/risc-v embedded gcc/bin/../lib/gcc/riscv-none-embed/8.2.0/../../../../riscv-none-embed/lib/rv32imacxw/ilp32\libm.a(lib_a-wf_asin.o) (matherr)
c:/mounriver/mounriver_studio/toolchain/risc-v embedded gcc/bin/../lib/gcc/riscv-none-embed/8.2.0/../../../../riscv-none-embed/lib/rv32imacxw/ilp32\libm.a(lib_a-s_nan.o)
                              c:/mounriver/mounriver_studio/toolchain/risc-v embedded gcc/bin/../lib/gcc/riscv-none-embed/8.2.0/../../../../riscv-none-embed/lib/rv32imacxw/ilp32\libm.a(lib_a-wf_asin.o) (nan)
c:/mounriver/mounriver_studio/toolchain/risc-v embedded gcc/bin/../lib/gcc/riscv-none-embed/8.2.0/../../../../riscv-none-embed/lib/rv32imacxw/ilp32\libm.a(lib_a-sf_atan.o)
                              c:/mounriver/mounriver_studio/toolchain/risc-v embedded gcc/bin/../lib/gcc/riscv-none-embed/8.2.0/../../../../riscv-none-embed/lib/rv32imacxw/ilp32\libm.a(lib_a-ef_atan2.o) (atanf)
c:/mounriver/mounriver_studio/toolchain/risc-v embedded gcc/bin/../lib/gcc/riscv-none-embed/8.2.0/../../../../riscv-none-embed/lib/rv32imacxw/ilp32\libm.a(lib_a-sf_fabs.o)
                              c:/mounriver/mounriver_studio/toolchain/risc-v embedded gcc/bin/../lib/gcc/riscv-none-embed/8.2.0/../../../../riscv-none-embed/lib/rv32imacxw/ilp32\libm.a(lib_a-wf_asin.o) (fabsf)
c:/mounriver/mounriver_studio/toolchain/risc-v embedded gcc/bin/../lib/gcc/riscv-none-embed/8.2.0/../../../../riscv-none-embed/lib/rv32imacxw/ilp32\libprintfloat.a(printfloat.o)
                              ./User/RTOS_apps/Print_status.o (printf)
c:/mounriver/mounriver_studio/toolchain/risc-v embedded gcc/bin/../lib/gcc/riscv-none-embed/8.2.0/rv32imacxw/ilp32\libgcc.a(_divdi3.o)
                              ./General_Files/eMPL/inv_mpu.o (__divdi3)
c:/mounriver/mounriver_studio/toolchain/risc-v embedded gcc/bin/../lib/gcc/riscv-none-embed/8.2.0/rv32imacxw/ilp32\libgcc.a(_udivdi3.o)
                              c:/mounriver/mounriver_studio/toolchain/risc-v embedded gcc/bin/../lib/gcc/riscv-none-embed/8.2.0/../../../../riscv-none-embed/lib/rv32imacxw/ilp32\libprintfloat.a(printfloat.o) (__udivdi3)
c:/mounriver/mounriver_studio/toolchain/risc-v embedded gcc/bin/../lib/gcc/riscv-none-embed/8.2.0/rv32imacxw/ilp32\libgcc.a(_umoddi3.o)
                              c:/mounriver/mounriver_studio/toolchain/risc-v embedded gcc/bin/../lib/gcc/riscv-none-embed/8.2.0/../../../../riscv-none-embed/lib/rv32imacxw/ilp32\libprintfloat.a(printfloat.o) (__umoddi3)
c:/mounriver/mounriver_studio/toolchain/risc-v embedded gcc/bin/../lib/gcc/riscv-none-embed/8.2.0/rv32imacxw/ilp32\libgcc.a(adddf3.o)
[...]
Memory Configuration

Name             Origin             Length             Attributes
FLASH            0x0000000000000000 0x0000000000020000 xr
RAM              0x0000000020000000 0x0000000000008000 xrw
*default*        0x0000000000000000 0xffffffffffffffff

Linker script and memory map

LOAD ./User/RTOS_apps/IMU_handle.o
LOAD ./User/RTOS_apps/Print_status.o
LOAD ./User/RTOS_apps/control_handle.o
LOAD ./User/RTOS_apps/soft_stast.o
LOAD ./User/RTOS_tasks.o
LOAD ./User/ch32v30x_it.o
LOAD ./User/main.o
LOAD ./User/system_ch32v30x.o
LOAD ./Startup/startup_ch32v30x_D8C.o
LOAD ./Peripheral/src/ch32v30x_adc.o
LOAD ./Peripheral/src/ch32v30x_bkp.o
LOAD ./Peripheral/src/ch32v30x_can.o
LOAD ./Peripheral/src/ch32v30x_crc.o
LOAD ./Peripheral/src/ch32v30x_dac.o
LOAD ./Peripheral/src/ch32v30x_dbgmcu.o
LOAD ./Peripheral/src/ch32v30x_dma.o
LOAD ./Peripheral/src/ch32v30x_dvp.o
LOAD ./Peripheral/src/ch32v30x_eth.o
LOAD ./Peripheral/src/ch32v30x_exti.o
LOAD ./Peripheral/src/ch32v30x_flash.o
LOAD ./Peripheral/src/ch32v30x_fsmc.o
LOAD ./Peripheral/src/ch32v30x_gpio.o
LOAD ./Peripheral/src/ch32v30x_i2c.o
LOAD ./Peripheral/src/ch32v30x_iwdg.o
LOAD ./Peripheral/src/ch32v30x_misc.o
LOAD ./Peripheral/src/ch32v30x_opa.o
LOAD ./Peripheral/src/ch32v30x_pwr.o
LOAD ./Peripheral/src/ch32v30x_rcc.o
LOAD ./Peripheral/src/ch32v30x_rng.o
LOAD ./Peripheral/src/ch32v30x_rtc.o
LOAD ./Peripheral/src/ch32v30x_sdio.o
LOAD ./Peripheral/src/ch32v30x_spi.o
LOAD ./Peripheral/src/ch32v30x_tim.o
LOAD ./Peripheral/src/ch32v30x_usart.o
LOAD ./Peripheral/src/ch32v30x_wwdg.o
LOAD ./General_Files/eMPL/inv_mpu.o
LOAD ./General_Files/eMPL/inv_mpu_dmp_motion_driver.o
LOAD ./General_Files/drivers/BMP280.o
LOAD ./General_Files/drivers/MPU6050.o
LOAD ./General_Files/drivers/MyI2C.o
LOAD ./General_Files/drivers/ST7789.o
LOAD ./General_Files/drivers/adc.o
LOAD ./General_Files/drivers/bsp_filter.o
LOAD ./General_Files/drivers/gpio.o
LOAD ./General_Files/drivers/mtf01.o
LOAD ./General_Files/drivers/pwm.o
LOAD ./General_Files/drivers/tim.o
LOAD ./General_Files/drivers/uart.o
LOAD ./General_Files/apps/src/CRC.o
LOAD ./General_Files/apps/src/CRSF.o
LOAD ./General_Files/apps/src/pid.o
LOAD ./General_Files/system.o
LOAD ./FreeRTOS/portable/MemMang/heap_4.o
LOAD ./FreeRTOS/portable/GCC/RISC-V/port.o
LOAD ./FreeRTOS/portable/GCC/RISC-V/portASM.o
LOAD ./FreeRTOS/croutine.o
LOAD ./FreeRTOS/event_groups.o
LOAD ./FreeRTOS/list.o
LOAD ./FreeRTOS/queue.o
LOAD ./FreeRTOS/stream_buffer.o
LOAD ./FreeRTOS/tasks.o
LOAD ./FreeRTOS/timers.o
LOAD ./Debug/debug.o
LOAD ./Core/core_riscv.o
LOAD c:/mounriver/mounriver_studio/toolchain/risc-v embedded gcc/bin/../lib/gcc/riscv-none-embed/8.2.0/../../../../riscv-none-embed/lib/rv32imacxw/ilp32\libm.a
LOAD c:/mounriver/mounriver_studio/toolchain/risc-v embedded gcc/bin/../lib/gcc/riscv-none-embed/8.2.0/../../../../riscv-none-embed/lib/rv32imacxw/ilp32\libprintfloat.a
LOAD c:/mounriver/mounriver_studio/toolchain/risc-v embedded gcc/bin/../lib/gcc/riscv-none-embed/8.2.0/rv32imacxw/ilp32\libgcc.a
LOAD c:/mounriver/mounriver_studio/toolchain/risc-v embedded gcc/bin/../lib/gcc/riscv-none-embed/8.2.0/../../../../riscv-none-embed/lib/rv32imacxw/ilp32\libg_nano.a
LOAD c:/mounriver/mounriver_studio/toolchain/risc-v embedded gcc/bin/../lib/gcc/riscv-none-embed/8.2.0/../../../../riscv-none-embed/lib/rv32imacxw/ilp32\libc_nano.a
LOAD c:/mounriver/mounriver_studio/toolchain/risc-v embedded gcc/bin/../lib/gcc/riscv-none-embed/8.2.0/rv32imacxw/ilp32\libgcc.a
START GROUP
LOAD c:/mounriver/mounriver_studio/toolchain/risc-v embedded gcc/bin/../lib/gcc/riscv-none-embed/8.2.0/rv32imacxw/ilp32\libgcc.a
LOAD c:/mounriver/mounriver_studio/toolchain/risc-v embedded gcc/bin/../lib/gcc/riscv-none-embed/8.2.0/../../../../riscv-none-embed/lib/rv32imacxw/ilp32\libc_nano.a
LOAD c:/mounriver/mounriver_studio/toolchain/risc-v embedded gcc/bin/../lib/gcc/riscv-none-embed/8.2.0/../../../../riscv-none-embed/lib/rv32imacxw/ilp32\libnosys.a
END GROUP
START GROUP
LOAD c:/mounriver/mounriver_studio/toolchain/risc-v embedded gcc/bin/../lib/gcc/riscv-none-embed/8.2.0/rv32imacxw/ilp32\libgcc.a
LOAD c:/mounriver/mounriver_studio/toolchain/risc-v embedded gcc/bin/../lib/gcc/riscv-none-embed/8.2.0/../../../../riscv-none-embed/lib/rv32imacxw/ilp32\libc_nano.a
LOAD c:/mounriver/mounriver_studio/toolchain/risc-v embedded gcc/bin/../lib/gcc/riscv-none-embed/8.2.0/../../../../riscv-none-embed/lib/rv32imacxw/ilp32\libnosys.a
END GROUP
                0x0000000000000800                __stack_size = 0x800
                [!provide]                        PROVIDE (_stack_size = __stack_size)

.init           0x0000000000000000        0x4
                0x0000000000000000                _sinit = .
                0x0000000000000000                . = ALIGN (0x4)
 *(SORT_NONE(.init))
 .init          0x0000000000000000        0x4 ./Startup/startup_ch32v30x_D8C.o
                0x0000000000000000                _start
                0x0000000000000004                . = ALIGN (0x4)
                0x0000000000000004                _einit = .

.vector         0x0000000000000004      0x1bc
 *(.vector)
 .vector        0x0000000000000004      0x1a0 ./Startup/startup_ch32v30x_D8C.o
                0x00000000000001c0                . = ALIGN (0x40)
 *fill*         0x00000000000001a4       0x1c 

.text           0x0000000000000200     0xc6a0
                0x0000000000000200                . = ALIGN (0x4)
 *(.text)
 .text          0x0000000000000200      0x2e6 ./FreeRTOS/portable/GCC/RISC-V/portASM.o
                0x0000000000000200                SW_Handler
                0x0000000000000300                xPortStartFirstTask
                0x0000000000000400                pxPortInitialiseStack
 .text          0x00000000000004e6       0x60 c:/mounriver/mounriver_studio/toolchain/risc-v embedded gcc/bin/../lib/gcc/riscv-none-embed/8.2.0/rv32imacxw/ilp32\libgcc.a(save-restore.o)
                0x00000000000004e6                __riscv_save_12
                0x00000000000004ee                __riscv_save_9
                0x00000000000004ee                __riscv_save_11
                0x00000000000004ee                __riscv_save_10
                0x00000000000004ee                __riscv_save_8
                0x00000000000004fc                __riscv_save_4
                0x00000000000004fc                __riscv_save_6
                0x00000000000004fc                __riscv_save_5
                0x00000000000004fc                __riscv_save_7
                0x0000000000000516                __riscv_save_3
                0x0000000000000516                __riscv_save_2
                0x0000000000000516                __riscv_save_1
                0x0000000000000516                __riscv_save_0
                0x0000000000000522                __riscv_restore_12
                0x0000000000000526                __riscv_restore_11
                0x0000000000000526                __riscv_restore_9
                0x0000000000000526                __riscv_restore_10
                0x0000000000000526                __riscv_restore_8
                0x0000000000000530                __riscv_restore_5
                0x0000000000000530                __riscv_restore_7
                0x0000000000000530                __riscv_restore_6
                0x0000000000000530                __riscv_restore_4
                0x000000000000053a                __riscv_restore_3
                0x000000000000053a                __riscv_restore_0
                0x000000000000053a                __riscv_restore_2
                0x000000000000053a                __riscv_restore_1
 .text          0x0000000000000546       0xa8 c:/mounriver/mounriver_studio/toolchain/risc-v embedded gcc/bin/../lib/gcc/riscv-none-embed/8.2.0/../../../../riscv-none-embed/lib/rv32imacxw/ilp32\libg_nano.a(lib_a-memset.o)
                0x0000000000000546                memset
 *(.text.*)
 .text.load_filter_data
                0x00000000000005ee       0x6a ./User/RTOS_apps/IMU_handle.o
                0x00000000000005ee                load_filter_data
 .text.calc_IMU_filter
                0x0000000000000658       0x5e ./User/RTOS_apps/IMU_handle.o
                0x0000000000000658                calc_IMU_filter
 .text.IMU_task
                0x00000000000006b6       0x28 ./User/RTOS_apps/IMU_handle.o
                0x00000000000006b6                IMU_task
 .text.String_print
                0x00000000000006de      0x1b0 ./User/RTOS_apps/Print_status.o
                0x00000000000006de                String_print
 .text.Print_status_task
                0x000000000000088e        0xe ./User/RTOS_apps/Print_status.o
                0x000000000000088e                Print_status_task
 .text.PIDSTRUCT_Init
                0x000000000000089c      0x1fa ./User/RTOS_apps/control_handle.o
                0x000000000000089c                PIDSTRUCT_Init
 .text.ELRS_Convert_angle
                0x0000000000000a96       0x3e ./User/RTOS_apps/control_handle.o
                0x0000000000000a96                ELRS_Convert_angle
 .text.ELRS_Convert_throttle
                0x0000000000000ad4       0x48 ./User/RTOS_apps/control_handle.o
                0x0000000000000ad4                ELRS_Convert_throttle
 .text.ELRS_Convert_lock
                0x0000000000000b1c       0x16 ./User/RTOS_apps/control_handle.o
                0x0000000000000b1c                ELRS_Convert_lock
 .text.ELRS_Convert_flight_mode
                0x0000000000000b32       0x2c ./User/RTOS_apps/control_handle.o
                0x0000000000000b32                ELRS_Convert_flight_mode
 .text.Roll_outerloop_ctr
                0x0000000000000b5e       0x36 ./User/RTOS_apps/control_handle.o
                0x0000000000000b5e                Roll_outerloop_ctr
 .text.Roll_innerloop_ctr
                0x0000000000000b94       0x36 ./User/RTOS_apps/control_handle.o
                0x0000000000000b94                Roll_innerloop_ctr
 .text.Yaw_outerloop_ctr
                0x0000000000000bca       0x36 ./User/RTOS_apps/control_handle.o
                0x0000000000000bca                Yaw_outerloop_ctr
 .text.Yaw_innerloop_ctr
                0x0000000000000c00       0x3a ./User/RTOS_apps/control_handle.o
                0x0000000000000c00                Yaw_innerloop_ctr
 .text.Pitch_outerloop_ctr
                0x0000000000000c3a       0x38 ./User/RTOS_apps/control_handle.o
                0x0000000000000c3a                Pitch_outerloop_ctr
 .text.Pitch_innerloop_ctr
                0x0000000000000c72       0x38 ./User/RTOS_apps/control_handle.o
                0x0000000000000c72                Pitch_innerloop_ctr
 .text.Check_control_mode
                0x0000000000000caa       0x20 ./User/RTOS_apps/control_handle.o
                0x0000000000000caa                Check_control_mode
 .text.Update_ELRS
                0x0000000000000cca       0x38 ./User/RTOS_apps/control_handle.o
                0x0000000000000cca                Update_ELRS
 .text.Flight_control
                0x0000000000000d02      0x18e ./User/RTOS_apps/control_handle.o
                0x0000000000000d02                Flight_control
 .text.control_para_init
                0x0000000000000e90       0x38 ./User/RTOS_apps/control_handle.o
                0x0000000000000e90                control_para_init
 .text.Stop_motor
                0x0000000000000ec8       0x30 ./User/RTOS_apps/control_handle.o
                0x0000000000000ec8                Stop_motor
 .text.control_handle_task
                0x0000000000000ef8       0x9c ./User/RTOS_apps/control_handle.o
                0x0000000000000ef8                control_handle_task
 .text.Motor_sort_start
                0x0000000000000f94       0xf4 ./User/RTOS_apps/soft_stast.o
                0x0000000000000f94                Motor_sort_start
 .text.RTOS_init
                0x0000000000001088       0x9c ./User/RTOS_tasks.o
                0x0000000000001088                RTOS_init
 .text.NMI_Handler
                0x0000000000001124        0x4 ./User/ch32v30x_it.o
                0x0000000000001124                NMI_Handler
 .text.HardFault_Handler
                0x0000000000001128        0x2 ./User/ch32v30x_it.o
                0x0000000000001128                HardFault_Handler
 .text.GPIO_Toggle_INIT
                0x000000000000112a       0x34 ./User/main.o
                0x000000000000112a                GPIO_Toggle_INIT
 .text.startup.main
                0x000000000000115e       0x66 ./User/main.o
                0x000000000000115e                main
 .text.SystemInit
                0x00000000000011c4       0xfa ./User/system_ch32v30x.o
                0x00000000000011c4                SystemInit
 .text.SystemCoreClockUpdate
                0x00000000000012be      0x12a ./User/system_ch32v30x.o
                0x00000000000012be                SystemCoreClockUpdate
 .text.vector_handler
                0x00000000000013e8        0x2 ./Startup/startup_ch32v30x_D8C.o
                0x00000000000013e8                EXTI2_IRQHandler
                0x00000000000013e8                TIM8_TRG_COM_IRQHandler
                0x00000000000013e8                TIM8_CC_IRQHandler
                0x00000000000013e8                UART8_IRQHandler
                0x00000000000013e8                TIM1_CC_IRQHandler
                0x00000000000013e8                TIM6_IRQHandler
                0x00000000000013e8                PVD_IRQHandler
                0x00000000000013e8                SDIO_IRQHandler
                0x00000000000013e8                TIM9_BRK_IRQHandler
                0x00000000000013e8                DMA2_Channel8_IRQHandler
                0x00000000000013e8                CAN2_RX1_IRQHandler
                0x00000000000013e8                EXTI3_IRQHandler
                0x00000000000013e8                USBHS_IRQHandler
                0x00000000000013e8                DMA2_Channel9_IRQHandler
                0x00000000000013e8                TIM10_CC_IRQHandler
                0x00000000000013e8                USBFS_IRQHandler
                0x00000000000013e8                EXTI0_IRQHandler
                0x00000000000013e8                I2C2_EV_IRQHandler
                0x00000000000013e8                TIM10_TRG_COM_IRQHandler
                0x00000000000013e8                CAN2_SCE_IRQHandler
                0x00000000000013e8                ADC1_2_IRQHandler
                0x00000000000013e8                Break_Point_Handler
                0x00000000000013e8                SPI1_IRQHandler
                0x00000000000013e8                TAMPER_IRQHandler
                0x00000000000013e8                CAN2_RX0_IRQHandler
                0x00000000000013e8                TIM8_UP_IRQHandler
                0x00000000000013e8                Ecall_M_Mode_Handler
                0x00000000000013e8                DMA2_Channel2_IRQHandler
                0x00000000000013e8                DMA1_Channel4_IRQHandler
                0x00000000000013e8                TIM9_UP_IRQHandler
                0x00000000000013e8                USART3_IRQHandler
                0x00000000000013e8                RTC_IRQHandler
                0x00000000000013e8                DMA1_Channel7_IRQHandler
                0x00000000000013e8                CAN1_RX1_IRQHandler
                0x00000000000013e8                DVP_IRQHandler
                0x00000000000013e8                UART5_IRQHandler
                0x00000000000013e8                DMA2_Channel1_IRQHandler
                0x00000000000013e8                I2C1_EV_IRQHandler
                0x00000000000013e8                DMA1_Channel6_IRQHandler
                0x00000000000013e8                UART4_IRQHandler
                0x00000000000013e8                DMA2_Channel4_IRQHandler
                0x00000000000013e8                RCC_IRQHandler
                0x00000000000013e8                TIM1_TRG_COM_IRQHandler
                0x00000000000013e8                DMA1_Channel1_IRQHandler
                0x00000000000013e8                DMA2_Channel7_IRQHandler
                0x00000000000013e8                EXTI15_10_IRQHandler
                0x00000000000013e8                TIM7_IRQHandler
                0x00000000000013e8                CAN2_TX_IRQHandler
                0x00000000000013e8                TIM5_IRQHandler
                0x00000000000013e8                EXTI9_5_IRQHandler
                0x00000000000013e8                ETH_WKUP_IRQHandler
                0x00000000000013e8                SPI2_IRQHandler
                0x00000000000013e8                TIM10_BRK_IRQHandler
                0x00000000000013e8                TIM9_CC_IRQHandler
                0x00000000000013e8                DMA2_Channel5_IRQHandler
                0x00000000000013e8                DMA1_Channel5_IRQHandler
                0x00000000000013e8                EXTI4_IRQHandler
                0x00000000000013e8                USB_LP_CAN1_RX0_IRQHandler
                0x00000000000013e8                RNG_IRQHandler
                0x00000000000013e8                USB_HP_CAN1_TX_IRQHandler
                0x00000000000013e8                DMA1_Channel3_IRQHandler
                0x00000000000013e8                ETH_IRQHandler
                0x00000000000013e8                TIM1_UP_IRQHandler
                0x00000000000013e8                WWDG_IRQHandler
                0x00000000000013e8                USBHSWakeup_IRQHandler
                0x00000000000013e8                DMA2_Channel11_IRQHandler
                0x00000000000013e8                Ecall_U_Mode_Handler
                0x00000000000013e8                DMA2_Channel6_IRQHandler
                0x00000000000013e8                TIM2_IRQHandler
                0x00000000000013e8                TIM1_BRK_IRQHandler
                0x00000000000013e8                DMA2_Channel10_IRQHandler
                0x00000000000013e8                EXTI1_IRQHandler
                0x00000000000013e8                RTCAlarm_IRQHandler
                0x00000000000013e8                TIM10_UP_IRQHandler
                0x00000000000013e8                TIM9_TRG_COM_IRQHandler
                0x00000000000013e8                UART7_IRQHandler
                0x00000000000013e8                UART6_IRQHandler
                0x00000000000013e8                I2C2_ER_IRQHandler
                0x00000000000013e8                DMA1_Channel2_IRQHandler
                0x00000000000013e8                TIM8_BRK_IRQHandler
                0x00000000000013e8                CAN1_SCE_IRQHandler
                0x00000000000013e8                FLASH_IRQHandler
                0x00000000000013e8                USART1_IRQHandler
                0x00000000000013e8                SPI3_IRQHandler
                0x00000000000013e8                I2C1_ER_IRQHandler
                0x00000000000013e8                USBWakeUp_IRQHandler
                0x00000000000013e8                DMA2_Channel3_IRQHandler
 .text.handle_reset
                0x00000000000013ea       0x92 ./Startup/startup_ch32v30x_D8C.o
                0x00000000000013ea                handle_reset
 .text.ADC_DeInit
                0x000000000000147c       0x46 ./Peripheral/src/ch32v30x_adc.o
                0x000000000000147c                ADC_DeInit
 .text.ADC_Init
                0x00000000000014c2       0x56 ./Peripheral/src/ch32v30x_adc.o
                0x00000000000014c2                ADC_Init
 .text.ADC_Cmd  0x0000000000001518       0x10 ./Peripheral/src/ch32v30x_adc.o
                0x0000000000001518                ADC_Cmd
 .text.ADC_DMACmd
                0x0000000000001528       0x12 ./Peripheral/src/ch32v30x_adc.o
                0x0000000000001528                ADC_DMACmd
 .text.ADC_ResetCalibration
                0x000000000000153a        0xa ./Peripheral/src/ch32v30x_adc.o
                0x000000000000153a                ADC_ResetCalibration
 .text.ADC_GetResetCalibrationStatus
                0x0000000000001544        0x8 ./Peripheral/src/ch32v30x_adc.o
                0x0000000000001544                ADC_GetResetCalibrationStatus
 .text.ADC_StartCalibration
                0x000000000000154c        0xa ./Peripheral/src/ch32v30x_adc.o
                0x000000000000154c                ADC_StartCalibration
 .text.ADC_GetCalibrationStatus
                0x0000000000001556        0x8 ./Peripheral/src/ch32v30x_adc.o
                0x0000000000001556                ADC_GetCalibrationStatus
 .text.ADC_SoftwareStartConvCmd
                0x000000000000155e       0x18 ./Peripheral/src/ch32v30x_adc.o
                0x000000000000155e                ADC_SoftwareStartConvCmd
 .text.ADC_RegularChannelConfig
                0x0000000000001576       0xb8 ./Peripheral/src/ch32v30x_adc.o
                0x0000000000001576                ADC_RegularChannelConfig
 .text.ADC_BufferCmd
                0x000000000000162e       0x18 ./Peripheral/src/ch32v30x_adc.o
                0x000000000000162e                ADC_BufferCmd
 .text.Get_CalibrationValue
                0x0000000000001646      0x130 ./Peripheral/src/ch32v30x_adc.o
                0x0000000000001646                Get_CalibrationValue
 .text.DMA_DeInit
                0x0000000000001776      0x16c ./Peripheral/src/ch32v30x_dma.o
                0x0000000000001776                DMA_DeInit
 .text.DMA_Init
                0x00000000000018e2       0x38 ./Peripheral/src/ch32v30x_dma.o
                0x00000000000018e2                DMA_Init
 .text.DMA_Cmd  0x000000000000191a       0x14 ./Peripheral/src/ch32v30x_dma.o
                0x000000000000191a                DMA_Cmd
 .text.GPIO_Init
                0x000000000000192e       0xc0 ./Peripheral/src/ch32v30x_gpio.o
                0x000000000000192e                GPIO_Init
 .text.GPIO_ReadInputDataBit
                0x00000000000019ee        0xa ./Peripheral/src/ch32v30x_gpio.o
                0x00000000000019ee                GPIO_ReadInputDataBit
 .text.GPIO_SetBits
                0x00000000000019f8        0x4 ./Peripheral/src/ch32v30x_gpio.o
                0x00000000000019f8                GPIO_SetBits
 .text.GPIO_WriteBit
                0x00000000000019fc        0xa ./Peripheral/src/ch32v30x_gpio.o
                0x00000000000019fc                GPIO_WriteBit
 .text.GPIO_PinRemapConfig
                0x0000000000001a06       0xc4 ./Peripheral/src/ch32v30x_gpio.o
                0x0000000000001a06                GPIO_PinRemapConfig
 .text.I2C_Init
                0x0000000000001aca       0xf2 ./Peripheral/src/ch32v30x_i2c.o
                0x0000000000001aca                I2C_Init
 .text.I2C_Cmd  0x0000000000001bbc       0x18 ./Peripheral/src/ch32v30x_i2c.o
                0x0000000000001bbc                I2C_Cmd
 .text.I2C_GenerateSTART
                0x0000000000001bd4       0x1a ./Peripheral/src/ch32v30x_i2c.o
                0x0000000000001bd4                I2C_GenerateSTART
 .text.I2C_GenerateSTOP
                0x0000000000001bee       0x1a ./Peripheral/src/ch32v30x_i2c.o
                0x0000000000001bee                I2C_GenerateSTOP
 .text.I2C_AcknowledgeConfig
                0x0000000000001c08       0x1a ./Peripheral/src/ch32v30x_i2c.o
                0x0000000000001c08                I2C_AcknowledgeConfig
 .text.I2C_SendData
                0x0000000000001c22        0x4 ./Peripheral/src/ch32v30x_i2c.o
                0x0000000000001c22                I2C_SendData
 .text.I2C_ReceiveData
                0x0000000000001c26        0x8 ./Peripheral/src/ch32v30x_i2c.o
                0x0000000000001c26                I2C_ReceiveData
 .text.I2C_Send7bitAddress
                0x0000000000001c2e       0x12 ./Peripheral/src/ch32v30x_i2c.o
                0x0000000000001c2e                I2C_Send7bitAddress
 .text.I2C_CheckEvent
                0x0000000000001c40       0x16 ./Peripheral/src/ch32v30x_i2c.o
                0x0000000000001c40                I2C_CheckEvent
 .text.I2C_GetFlagStatus
                0x0000000000001c56       0x32 ./Peripheral/src/ch32v30x_i2c.o
                0x0000000000001c56                I2C_GetFlagStatus
 .text.NVIC_PriorityGroupConfig
                0x0000000000001c88        0xa ./Peripheral/src/ch32v30x_misc.o
                0x0000000000001c88                NVIC_PriorityGroupConfig
 .text.NVIC_Init
                0x0000000000001c92       0xaa ./Peripheral/src/ch32v30x_misc.o
                0x0000000000001c92                NVIC_Init
 .text.RCC_ADCCLKConfig
                0x0000000000001d3c       0x12 ./Peripheral/src/ch32v30x_rcc.o
                0x0000000000001d3c                RCC_ADCCLKConfig
 .text.RCC_GetClocksFreq
                0x0000000000001d4e      0x106 ./Peripheral/src/ch32v30x_rcc.o
                0x0000000000001d4e                RCC_GetClocksFreq
 .text.RCC_AHBPeriphClockCmd
                0x0000000000001e54       0x1e ./Peripheral/src/ch32v30x_rcc.o
                0x0000000000001e54                RCC_AHBPeriphClockCmd
 .text.RCC_APB2PeriphClockCmd
                0x0000000000001e72       0x1e ./Peripheral/src/ch32v30x_rcc.o
                0x0000000000001e72                RCC_APB2PeriphClockCmd
 .text.RCC_APB1PeriphClockCmd
                0x0000000000001e90       0x1e ./Peripheral/src/ch32v30x_rcc.o
                0x0000000000001e90                RCC_APB1PeriphClockCmd
 .text.RCC_APB2PeriphResetCmd
                0x0000000000001eae       0x1e ./Peripheral/src/ch32v30x_rcc.o
                0x0000000000001eae                RCC_APB2PeriphResetCmd
 .text.TIM_TimeBaseInit
                0x0000000000001ecc       0xaa ./Peripheral/src/ch32v30x_tim.o
                0x0000000000001ecc                TIM_TimeBaseInit
 .text.TIM_OC1Init
                0x0000000000001f76       0x82 ./Peripheral/src/ch32v30x_tim.o
                0x0000000000001f76                TIM_OC1Init
 .text.TIM_OC2Init
                0x0000000000001ff8       0xae ./Peripheral/src/ch32v30x_tim.o
                0x0000000000001ff8                TIM_OC2Init
 .text.TIM_OC3Init
                0x00000000000020a6       0xac ./Peripheral/src/ch32v30x_tim.o
                0x00000000000020a6                TIM_OC3Init
 .text.TIM_OC4Init
                0x0000000000002152       0x88 ./Peripheral/src/ch32v30x_tim.o
                0x0000000000002152                TIM_OC4Init
 .text.TIM_Cmd  0x00000000000021da       0x18 ./Peripheral/src/ch32v30x_tim.o
                0x00000000000021da                TIM_Cmd
 .text.TIM_CtrlPWMOutputs
                0x00000000000021f2       0x16 ./Peripheral/src/ch32v30x_tim.o
                0x00000000000021f2                TIM_CtrlPWMOutputs
 .text.TIM_ARRPreloadConfig
                0x0000000000002208       0x1a ./Peripheral/src/ch32v30x_tim.o
                0x0000000000002208                TIM_ARRPreloadConfig
 .text.TIM_OC1PreloadConfig
                0x0000000000002222        0xe ./Peripheral/src/ch32v30x_tim.o
                0x0000000000002222                TIM_OC1PreloadConfig
 .text.TIM_OC2PreloadConfig
                0x0000000000002230       0x16 ./Peripheral/src/ch32v30x_tim.o
                0x0000000000002230                TIM_OC2PreloadConfig
 .text.TIM_OC3PreloadConfig
                0x0000000000002246        0xe ./Peripheral/src/ch32v30x_tim.o
                0x0000000000002246                TIM_OC3PreloadConfig
 .text.TIM_OC4PreloadConfig
                0x0000000000002254       0x16 ./Peripheral/src/ch32v30x_tim.o
                0x0000000000002254                TIM_OC4PreloadConfig
 .text.TIM_SetCompare1
                0x000000000000226a        0x4 ./Peripheral/src/ch32v30x_tim.o
                0x000000000000226a                TIM_SetCompare1
 .text.TIM_SetCompare2
                0x000000000000226e        0x4 ./Peripheral/src/ch32v30x_tim.o
                0x000000000000226e                TIM_SetCompare2
 .text.TIM_SetCompare3
                0x0000000000002272        0x4 ./Peripheral/src/ch32v30x_tim.o
                0x0000000000002272                TIM_SetCompare3
 .text.TIM_SetCompare4
                0x0000000000002276        0x6 ./Peripheral/src/ch32v30x_tim.o
                0x0000000000002276                TIM_SetCompare4
 .text.TIM_GetCapture1
                0x000000000000227c        0x4 ./Peripheral/src/ch32v30x_tim.o
                0x000000000000227c                TIM_GetCapture1
 .text.TIM_GetCapture2
                0x0000000000002280        0x4 ./Peripheral/src/ch32v30x_tim.o
                0x0000000000002280                TIM_GetCapture2
 .text.TIM_GetCapture3
                0x0000000000002284        0x4 ./Peripheral/src/ch32v30x_tim.o
                0x0000000000002284                TIM_GetCapture3
 .text.TIM_GetCapture4
                0x0000000000002288        0x6 ./Peripheral/src/ch32v30x_tim.o
                0x0000000000002288                TIM_GetCapture4
 .text.TIM_ClearFlag
                0x000000000000228e        0xc ./Peripheral/src/ch32v30x_tim.o
                0x000000000000228e                TIM_ClearFlag
 .text.USART_Init
                0x000000000000229a       0xbc ./Peripheral/src/ch32v30x_usart.o
                0x000000000000229a                USART_Init
 .text.USART_Cmd
                0x0000000000002356       0x16 ./Peripheral/src/ch32v30x_usart.o
                0x0000000000002356                USART_Cmd
 .text.USART_ITConfig
                0x000000000000236c       0x36 ./Peripheral/src/ch32v30x_usart.o
                0x000000000000236c                USART_ITConfig
 .text.USART_SendData
                0x00000000000023a2        0x8 ./Peripheral/src/ch32v30x_usart.o
                0x00000000000023a2                USART_SendData
 .text.USART_ReceiveData
                0x00000000000023aa        0x8 ./Peripheral/src/ch32v30x_usart.o
                0x00000000000023aa                USART_ReceiveData
 .text.USART_GetFlagStatus
                0x00000000000023b2        0xa ./Peripheral/src/ch32v30x_usart.o
                0x00000000000023b2                USART_GetFlagStatus
 .text.USART_ClearFlag
                0x00000000000023bc        0xc ./Peripheral/src/ch32v30x_usart.o
                0x00000000000023bc                USART_ClearFlag
 .text.USART_GetITStatus
                0x00000000000023c8       0x3c ./Peripheral/src/ch32v30x_usart.o
                0x00000000000023c8                USART_GetITStatus
 .text.get_st_biases
                0x0000000000002404      0x37e ./General_Files/eMPL/inv_mpu.o
 .text.set_int_enable
                0x0000000000002782       0x58 ./General_Files/eMPL/inv_mpu.o
 .text.mpu_reset_fifo
                0x00000000000027da      0x138 ./General_Files/eMPL/inv_mpu.o
                0x00000000000027da                mpu_reset_fifo
 .text.mpu_get_gyro_fsr
                0x0000000000002912       0x3e ./General_Files/eMPL/inv_mpu.o
                0x0000000000002912                mpu_get_gyro_fsr
 .text.mpu_set_gyro_fsr
                0x0000000000002950       0x7c ./General_Files/eMPL/inv_mpu.o
                0x0000000000002950                mpu_set_gyro_fsr
 .text.mpu_get_accel_fsr
                0x00000000000029cc       0x46 ./General_Files/eMPL/inv_mpu.o
                0x00000000000029cc                mpu_get_accel_fsr
 .text.mpu_set_accel_fsr
                0x0000000000002a12       0x74 ./General_Files/eMPL/inv_mpu.o
                0x0000000000002a12                mpu_set_accel_fsr
 .text.mpu_get_lpf
                0x0000000000002a86       0x4a ./General_Files/eMPL/inv_mpu.o
                0x0000000000002a86                mpu_get_lpf
 .text.mpu_set_lpf
                0x0000000000002ad0       0x7e ./General_Files/eMPL/inv_mpu.o
                0x0000000000002ad0                mpu_set_lpf
 .text.mpu_get_sample_rate
                0x0000000000002b4e       0x1a ./General_Files/eMPL/inv_mpu.o
                0x0000000000002b4e                mpu_get_sample_rate
 .text.mpu_get_gyro_sens
                0x0000000000002b68       0x4c ./General_Files/eMPL/inv_mpu.o
                0x0000000000002b68                mpu_get_gyro_sens
 .text.mpu_get_accel_sens
                0x0000000000002bb4       0x4e ./General_Files/eMPL/inv_mpu.o
                0x0000000000002bb4                mpu_get_accel_sens
 .text.mpu_configure_fifo
                0x0000000000002c02       0x58 ./General_Files/eMPL/inv_mpu.o
                0x0000000000002c02                mpu_configure_fifo
 .text.mpu_read_fifo_stream
                0x0000000000002c5a       0x98 ./General_Files/eMPL/inv_mpu.o
                0x0000000000002c5a                mpu_read_fifo_stream
 .text.mpu_set_bypass
                0x0000000000002cf2       0xca ./General_Files/eMPL/inv_mpu.o
                0x0000000000002cf2                mpu_set_bypass
 .text.mpu_set_int_latched
                0x0000000000002dbc       0x5c ./General_Files/eMPL/inv_mpu.o
                0x0000000000002dbc                mpu_set_int_latched
 .text.mpu_lp_accel_mode
                0x0000000000002e18       0xa8 ./General_Files/eMPL/inv_mpu.o
                0x0000000000002e18                mpu_lp_accel_mode
 .text.mpu_set_sample_rate
                0x0000000000002ec0       0x9a ./General_Files/eMPL/inv_mpu.o
                0x0000000000002ec0                mpu_set_sample_rate
 .text.mpu_set_sensors
                0x0000000000002f5a       0xb8 ./General_Files/eMPL/inv_mpu.o
                0x0000000000002f5a                mpu_set_sensors
 .text.mpu_init
                0x0000000000003012      0x130 ./General_Files/eMPL/inv_mpu.o
                0x0000000000003012                mpu_init
 .text.mpu_write_mem
                0x0000000000003142       0x62 ./General_Files/eMPL/inv_mpu.o
                0x0000000000003142                mpu_write_mem
 .text.mpu_read_mem
                0x00000000000031a4       0x62 ./General_Files/eMPL/inv_mpu.o
                0x00000000000031a4                mpu_read_mem
 .text.mpu_load_firmware
                0x0000000000003206       0xa8 ./General_Files/eMPL/inv_mpu.o
                0x0000000000003206                mpu_load_firmware
 .text.mpu_set_dmp_state
                0x00000000000032ae       0x80 ./General_Files/eMPL/inv_mpu.o
                0x00000000000032ae                mpu_set_dmp_state
 .text.mpu_run_self_test
                0x000000000000332e      0x352 ./General_Files/eMPL/inv_mpu.o
                0x000000000000332e                mpu_run_self_test
 .text.mget_ms  0x0000000000003680        0x2 ./General_Files/eMPL/inv_mpu.o
                0x0000000000003680                mget_ms
 .text.run_self_test
                0x0000000000003682       0x88 ./General_Files/eMPL/inv_mpu.o
                0x0000000000003682                run_self_test
 .text.inv_row_2_scale
                0x000000000000370a       0x30 ./General_Files/eMPL/inv_mpu.o
                0x000000000000370a                inv_row_2_scale
 .text.inv_orientation_matrix_to_scalar
                0x000000000000373a       0x2c ./General_Files/eMPL/inv_mpu.o
                0x000000000000373a                inv_orientation_matrix_to_scalar
 .text.mpu_dmp_init
                0x0000000000003766       0xa2 ./General_Files/eMPL/inv_mpu.o
                0x0000000000003766                mpu_dmp_init
 .text.mpu_dmp_get_data
                0x0000000000003808      0x1bc ./General_Files/eMPL/inv_mpu.o
                0x0000000000003808                mpu_dmp_get_data
 .text.dmp_enable_gyro_cal.part.0
                0x00000000000039c4       0x32 ./General_Files/eMPL/inv_mpu_dmp_motion_driver.o
 .text.dmp_load_motion_driver_firmware
                0x00000000000039f6       0x20 ./General_Files/eMPL/inv_mpu_dmp_motion_driver.o
                0x00000000000039f6                dmp_load_motion_driver_firmware
 .text.dmp_set_orientation
                0x0000000000003a16       0xfa ./General_Files/eMPL/inv_mpu_dmp_motion_driver.o
                0x0000000000003a16                dmp_set_orientation
 .text.dmp_set_gyro_bias
                0x0000000000003b10       0xf8 ./General_Files/eMPL/inv_mpu_dmp_motion_driver.o
                0x0000000000003b10                dmp_set_gyro_bias
 .text.dmp_set_accel_bias
                0x0000000000003c08       0xfc ./General_Files/eMPL/inv_mpu_dmp_motion_driver.o
                0x0000000000003c08                dmp_set_accel_bias
 .text.dmp_set_fifo_rate
                0x0000000000003d04       0x56 ./General_Files/eMPL/inv_mpu_dmp_motion_driver.o
                0x0000000000003d04                dmp_set_fifo_rate
 .text.dmp_set_tap_thresh
                0x0000000000003d5a      0x18a ./General_Files/eMPL/inv_mpu_dmp_motion_driver.o
                0x0000000000003d5a                dmp_set_tap_thresh
 .text.dmp_set_tap_axes
                0x0000000000003ee4       0x46 ./General_Files/eMPL/inv_mpu_dmp_motion_driver.o
                0x0000000000003ee4                dmp_set_tap_axes
 .text.dmp_set_tap_count
                0x0000000000003f2a       0x2e ./General_Files/eMPL/inv_mpu_dmp_motion_driver.o
                0x0000000000003f2a                dmp_set_tap_count
 .text.dmp_set_tap_time
                0x0000000000003f58       0x28 ./General_Files/eMPL/inv_mpu_dmp_motion_driver.o
                0x0000000000003f58                dmp_set_tap_time
 .text.dmp_set_tap_time_multi
                0x0000000000003f80       0x28 ./General_Files/eMPL/inv_mpu_dmp_motion_driver.o
                0x0000000000003f80                dmp_set_tap_time_multi
 .text.dmp_set_shake_reject_thresh
                0x0000000000003fa8       0x3e ./General_Files/eMPL/inv_mpu_dmp_motion_driver.o
                0x0000000000003fa8                dmp_set_shake_reject_thresh
 .text.dmp_set_shake_reject_time
                0x0000000000003fe6       0x28 ./General_Files/eMPL/inv_mpu_dmp_motion_driver.o
                0x0000000000003fe6                dmp_set_shake_reject_time
 .text.dmp_set_shake_reject_timeout
                0x000000000000400e       0x28 ./General_Files/eMPL/inv_mpu_dmp_motion_driver.o
                0x000000000000400e                dmp_set_shake_reject_timeout
 .text.dmp_enable_gyro_cal
                0x0000000000004036       0x2e ./General_Files/eMPL/inv_mpu_dmp_motion_driver.o
                0x0000000000004036                dmp_enable_gyro_cal
 .text.dmp_enable_lp_quat
                0x0000000000004064       0x34 ./General_Files/eMPL/inv_mpu_dmp_motion_driver.o
                0x0000000000004064                dmp_enable_lp_quat
 .text.dmp_enable_6x_lp_quat
                0x0000000000004098       0x34 ./General_Files/eMPL/inv_mpu_dmp_motion_driver.o
                0x0000000000004098                dmp_enable_6x_lp_quat
 .text.dmp_enable_feature
                0x00000000000040cc      0x1d6 ./General_Files/eMPL/inv_mpu_dmp_motion_driver.o
                0x00000000000040cc                dmp_enable_feature
 .text.dmp_read_fifo
                0x00000000000042a2      0x1c4 ./General_Files/eMPL/inv_mpu_dmp_motion_driver.o
                0x00000000000042a2                dmp_read_fifo
 .text.BMP280_Read_Byte
                0x0000000000004466       0x44 ./General_Files/drivers/BMP280.o
                0x0000000000004466                BMP280_Read_Byte
 .text.BMP280_Write_Byte
                0x00000000000044aa       0x3a ./General_Files/drivers/BMP280.o
                0x00000000000044aa                BMP280_Write_Byte
 .text.BMP280_Set_TemOversamp
                0x00000000000044e4       0x22 ./General_Files/drivers/BMP280.o
                0x00000000000044e4                BMP280_Set_TemOversamp
 .text.BMP280_Set_Standby_FILTER
                0x0000000000004506       0x22 ./General_Files/drivers/BMP280.o
                0x0000000000004506                BMP280_Set_Standby_FILTER
 .text.Bmp_Init
                0x0000000000004528      0x174 ./General_Files/drivers/BMP280.o
                0x0000000000004528                Bmp_Init
 .text.MPU6050_I2C_Mem_Write
                0x000000000000469c       0xcc ./General_Files/drivers/MPU6050.o
                0x000000000000469c                MPU6050_I2C_Mem_Write
 .text.MPU6050_WriteByte
                0x0000000000004768       0x1e ./General_Files/drivers/MPU6050.o
 .text.MPU6050_Init
                0x0000000000004786      0x116 ./General_Files/drivers/MPU6050.o
                0x0000000000004786                MPU6050_Init
 .text.MPU6050_I2C_Mem_Read
                0x000000000000489c      0x12e ./General_Files/drivers/MPU6050.o
                0x000000000000489c                MPU6050_I2C_Mem_Read
 .text.MPU6050_Get_Data
                0x00000000000049ca       0x3c ./General_Files/drivers/MPU6050.o
                0x00000000000049ca                MPU6050_Get_Data
 .text.MPU6050_MPU_DMP_GetData
                0x0000000000004a06       0x50 ./General_Files/drivers/MPU6050.o
                0x0000000000004a06                MPU6050_MPU_DMP_GetData
 .text.MyI2C_W_SCL
                0x0000000000004a56       0x20 ./General_Files/drivers/MyI2C.o
                0x0000000000004a56                MyI2C_W_SCL
 .text.MyI2C_W_SDA
                0x0000000000004a76       0x20 ./General_Files/drivers/MyI2C.o
                0x0000000000004a76                MyI2C_W_SDA
 .text.MyI2C_R_SDA
                0x0000000000004a96       0x22 ./General_Files/drivers/MyI2C.o
                0x0000000000004a96                MyI2C_R_SDA
 .text.MyI2C_Init
                0x0000000000004ab8       0x3c ./General_Files/drivers/MyI2C.o
                0x0000000000004ab8                MyI2C_Init
 .text.MyI2C_Start
                0x0000000000004af4       0x20 ./General_Files/drivers/MyI2C.o
                0x0000000000004af4                MyI2C_Start
 .text.MyI2C_Stop
                0x0000000000004b14       0x1a ./General_Files/drivers/MyI2C.o
                0x0000000000004b14                MyI2C_Stop
 .text.MyI2C_SendByte
                0x0000000000004b2e       0x30 ./General_Files/drivers/MyI2C.o
                0x0000000000004b2e                MyI2C_SendByte
 .text.MyI2C_ReceiveByte
                0x0000000000004b5e       0x40 ./General_Files/drivers/MyI2C.o
                0x0000000000004b5e                MyI2C_ReceiveByte
 .text.MyI2C_ReceiveAck
                0x0000000000004b9e       0x22 ./General_Files/drivers/MyI2C.o
                0x0000000000004b9e                MyI2C_ReceiveAck
 .text.ADC_Function_Init
                0x0000000000004bc0       0xd0 ./General_Files/drivers/adc.o
                0x0000000000004bc0                ADC_Function_Init
 .text.DMA_Tx_Init
                0x0000000000004c90       0x60 ./General_Files/drivers/adc.o
                0x0000000000004c90                DMA_Tx_Init
 .text.BAT_ADC_Init
                0x0000000000004cf0       0x60 ./General_Files/drivers/adc.o
                0x0000000000004cf0                BAT_ADC_Init
 .text.FilterSample
                0x0000000000004d50       0x52 ./General_Files/drivers/bsp_filter.o
                0x0000000000004d50                FilterSample
 .text.FilterAverage
                0x0000000000004da2       0x2c ./General_Files/drivers/bsp_filter.o
                0x0000000000004da2                FilterAverage
 .text.LED_Init
                0x0000000000004dce       0x44 ./General_Files/drivers/gpio.o
                0x0000000000004dce                LED_Init
 .text.TIM9_PWMOut_Init
                0x0000000000004e12       0xfc ./General_Files/drivers/pwm.o
                0x0000000000004e12                TIM9_PWMOut_Init
 .text.PWM_Init
                0x0000000000004f0e       0x4e ./General_Files/drivers/pwm.o
                0x0000000000004f0e                PWM_Init
 .text.Motor_ctr
                0x0000000000004f5c       0xc8 ./General_Files/drivers/pwm.o
                0x0000000000004f5c                Motor_ctr
 .text.Motor_ctr_SOFT_START
                0x0000000000005024       0x94 ./General_Files/drivers/pwm.o
                0x0000000000005024                Motor_ctr_SOFT_START
 .text.TIM3_IRQHandler
                0x00000000000050b8       0x12 ./General_Files/drivers/tim.o
                0x00000000000050b8                TIM3_IRQHandler
 .text.TIM4_IRQHandler
                0x00000000000050ca       0x12 ./General_Files/drivers/tim.o
                0x00000000000050ca                TIM4_IRQHandler
 .text.USARTx_CFG
                0x00000000000050dc       0xac ./General_Files/drivers/uart.o
                0x00000000000050dc                USARTx_CFG
 .text.UART_RxCpltCallback
                0x0000000000005188       0x50 ./General_Files/drivers/uart.o
                0x0000000000005188                UART_RxCpltCallback
 .text.USART2_IRQHandler
                0x00000000000051d8       0x34 ./General_Files/drivers/uart.o
                0x00000000000051d8                USART2_IRQHandler
 .text.Crc_init
                0x000000000000520c       0x34 ./General_Files/apps/src/CRC.o
                0x000000000000520c                Crc_init
 .text.Calc     0x0000000000005240       0x1e ./General_Files/apps/src/CRC.o
                0x0000000000005240                Calc
 .text.ShiftRxBuffer
                0x000000000000525e       0x38 ./General_Files/apps/src/CRSF.o
                0x000000000000525e                ShiftRxBuffer
 .text.PacketChannelsPacked
                0x0000000000005296      0x112 ./General_Files/apps/src/CRSF.o
                0x0000000000005296                PacketChannelsPacked
 .text.PacketLinkStatistics
                0x00000000000053a8       0x2e ./General_Files/apps/src/CRSF.o
                0x00000000000053a8                PacketLinkStatistics
 .text.ProcessPacketIn
                0x00000000000053d6       0x38 ./General_Files/apps/src/CRSF.o
                0x00000000000053d6                ProcessPacketIn
 .text.HandleByteReceived
                0x000000000000540e       0x66 ./General_Files/apps/src/CRSF.o
                0x000000000000540e                HandleByteReceived
 .text.pid_reset
                0x0000000000005474       0x1c ./General_Files/apps/src/pid.o
                0x0000000000005474                pid_reset
 .text.pid_init
                0x0000000000005490       0x1a ./General_Files/apps/src/pid.o
                0x0000000000005490                pid_init
 .text.pid_clc  0x00000000000054aa       0x1e ./General_Files/apps/src/pid.o
                0x00000000000054aa                pid_clc
 .text.pid_calc
                0x00000000000054c8       0xe4 ./General_Files/apps/src/pid.o
                0x00000000000054c8                pid_calc
 .text.System_Init
                0x00000000000055ac       0x32 ./General_Files/system.o
                0x00000000000055ac                System_Init
 .text.prvInsertBlockIntoFreeList
                0x00000000000055de       0x4c ./FreeRTOS/portable/MemMang/heap_4.o
 .text.pvPortMalloc
                0x000000000000562a      0x18c ./FreeRTOS/portable/MemMang/heap_4.o
                0x000000000000562a                pvPortMalloc
 .text.vPortFree
                0x00000000000057b6       0xa8 ./FreeRTOS/portable/MemMang/heap_4.o
                0x00000000000057b6                vPortFree
 .text.xPortGetMinimumEverFreeHeapSize
                0x000000000000585e        0xa ./FreeRTOS/portable/MemMang/heap_4.o
                0x000000000000585e                xPortGetMinimumEverFreeHeapSize
 .text.vPortSetupTimerInterrupt
                0x0000000000005868       0x3a ./FreeRTOS/portable/GCC/RISC-V/port.o
                0x0000000000005868                vPortSetupTimerInterrupt
 .text.xPortStartScheduler
                0x00000000000058a2       0x90 ./FreeRTOS/portable/GCC/RISC-V/port.o
                0x00000000000058a2                xPortStartScheduler
 .text.SysTick_Handler
                0x0000000000005932       0x38 ./FreeRTOS/portable/GCC/RISC-V/port.o
                0x0000000000005932                SysTick_Handler
 .text.vPortEnterCritical
                0x000000000000596a       0x16 ./FreeRTOS/portable/GCC/RISC-V/port.o
                0x000000000000596a                vPortEnterCritical
 .text.vPortExitCritical
                0x0000000000005980       0x42 ./FreeRTOS/portable/GCC/RISC-V/port.o
                0x0000000000005980                vPortExitCritical
 .text.vListInitialise
                0x00000000000059c2       0x14 ./FreeRTOS/list.o
                0x00000000000059c2                vListInitialise
 .text.vListInitialiseItem
                0x00000000000059d6        0x6 ./FreeRTOS/list.o
                0x00000000000059d6                vListInitialiseItem
 .text.vListInsert
                0x00000000000059dc       0x2e ./FreeRTOS/list.o
                0x00000000000059dc                vListInsert
 .text.uxListRemove
                0x0000000000005a0a       0x20 ./FreeRTOS/list.o
                0x0000000000005a0a                uxListRemove
 .text.prvIsQueueEmpty
                0x0000000000005a2a       0x1e ./FreeRTOS/queue.o
 .text.prvCopyDataFromQueue
                0x0000000000005a48       0x28 ./FreeRTOS/queue.o
 .text.prvUnlockQueue
                0x0000000000005a70       0x76 ./FreeRTOS/queue.o
 .text.xQueueGenericReset
                0x0000000000005ae6       0xc4 ./FreeRTOS/queue.o
                0x0000000000005ae6                xQueueGenericReset
 .text.xQueueGenericCreate
                0x0000000000005baa       0x6e ./FreeRTOS/queue.o
                0x0000000000005baa                xQueueGenericCreate
 .text.xQueueReceive
                0x0000000000005c18      0x160 ./FreeRTOS/queue.o
                0x0000000000005c18                xQueueReceive
 .text.vQueueAddToRegistry
                0x0000000000005d78       0x6c ./FreeRTOS/queue.o
                0x0000000000005d78                vQueueAddToRegistry
 .text.vQueueWaitForMessageRestricted
                0x0000000000005de4       0x5c ./FreeRTOS/queue.o
                0x0000000000005de4                vQueueWaitForMessageRestricted
 .text.prvResetNextTaskUnblockTime
                0x0000000000005e40       0x24 ./FreeRTOS/tasks.o
 .text.prvAddCurrentTaskToDelayedList
                0x0000000000005e64       0xa6 ./FreeRTOS/tasks.o
 .text.prvIdleTask
                0x0000000000005f0a       0x52 ./FreeRTOS/tasks.o
 .text.xTaskCreate
                0x0000000000005f5c      0x228 ./FreeRTOS/tasks.o
                0x0000000000005f5c                xTaskCreate
 .text.vTaskStartScheduler
                0x0000000000006184       0x92 ./FreeRTOS/tasks.o
                0x0000000000006184                vTaskStartScheduler
 .text.vTaskSuspendAll
                0x0000000000006216       0x10 ./FreeRTOS/tasks.o
                0x0000000000006216                vTaskSuspendAll
 .text.xTaskGetTickCount
                0x0000000000006226        0xa ./FreeRTOS/tasks.o
                0x0000000000006226                xTaskGetTickCount
 .text.xTaskIncrementTick
                0x0000000000006230      0x1ac ./FreeRTOS/tasks.o
                0x0000000000006230                xTaskIncrementTick
 .text.xTaskResumeAll
                0x00000000000063dc      0x168 ./FreeRTOS/tasks.o
                0x00000000000063dc                xTaskResumeAll
 .text.vTaskDelay
                0x0000000000006544       0x66 ./FreeRTOS/tasks.o
                0x0000000000006544                vTaskDelay
 .text.vTaskSwitchContext
                0x00000000000065aa       0x9a ./FreeRTOS/tasks.o
                0x00000000000065aa                vTaskSwitchContext
 .text.vTaskPlaceOnEventList
                0x0000000000006644       0x48 ./FreeRTOS/tasks.o
                0x0000000000006644                vTaskPlaceOnEventList
 .text.vTaskPlaceOnEventListRestricted
                0x000000000000668c       0x76 ./FreeRTOS/tasks.o
                0x000000000000668c                vTaskPlaceOnEventListRestricted
 .text.xTaskRemoveFromEventList
                0x0000000000006702       0xec ./FreeRTOS/tasks.o
                0x0000000000006702                xTaskRemoveFromEventList
 .text.vTaskInternalSetTimeOutState
                0x00000000000067ee       0x16 ./FreeRTOS/tasks.o
                0x00000000000067ee                vTaskInternalSetTimeOutState
 .text.xTaskCheckForTimeOut
                0x0000000000006804       0xca ./FreeRTOS/tasks.o
                0x0000000000006804                xTaskCheckForTimeOut
 .text.vTaskMissedYield
                0x00000000000068ce        0xc ./FreeRTOS/tasks.o
                0x00000000000068ce                vTaskMissedYield
 .text.xTaskGetSchedulerState
                0x00000000000068da       0x1c ./FreeRTOS/tasks.o
                0x00000000000068da                xTaskGetSchedulerState
 .text.prvCheckForValidListAndQueue
                0x00000000000068f6       0x66 ./FreeRTOS/timers.o
 .text.prvInsertTimerInActiveList
                0x000000000000695c       0x46 ./FreeRTOS/timers.o
 .text.prvReloadTimer
                0x00000000000069a2       0x2a ./FreeRTOS/timers.o
 .text.prvProcessExpiredTimer
                0x00000000000069cc       0x46 ./FreeRTOS/timers.o
 .text.prvSwitchTimerLists
                0x0000000000006a12       0x30 ./FreeRTOS/timers.o
 .text.prvTimerTask
                0x0000000000006a42      0x198 ./FreeRTOS/timers.o
 .text.xTimerCreateTimerTask
                0x0000000000006bda       0x60 ./FreeRTOS/timers.o
                0x0000000000006bda                xTimerCreateTimerTask
 .text.Delay_Init
                0x0000000000006c3a       0x2e ./Debug/debug.o
                0x0000000000006c3a                Delay_Init
 .text.Delay_Us
                0x0000000000006c68       0x3a ./Debug/debug.o
                0x0000000000006c68                Delay_Us
 .text.Delay_Ms
                0x0000000000006ca2       0x3a ./Debug/debug.o
                0x0000000000006ca2                Delay_Ms
 .text.USART_Printf_Init
                0x0000000000006cdc       0x5a ./Debug/debug.o
                0x0000000000006cdc                USART_Printf_Init
 .text._write   0x0000000000006d36       0x3e ./Debug/debug.o
                0x0000000000006d36                _write
 .text.asinf    0x0000000000006d74       0xbe c:/mounriver/mounriver_studio/toolchain/risc-v embedded gcc/bin/../lib/gcc/riscv-none-embed/8.2.0/../../../../riscv-none-embed/lib/rv32imacxw/ilp32\libm.a(lib_a-wf_asin.o)
                0x0000000000006d74                asinf
 .text.atan2f   0x0000000000006e32        0x2 c:/mounriver/mounriver_studio/toolchain/risc-v embedded gcc/bin/../lib/gcc/riscv-none-embed/8.2.0/../../../../riscv-none-embed/lib/rv32imacxw/ilp32\libm.a(lib_a-wf_atan2.o)
                0x0000000000006e32                atan2f
 .text.__ieee754_asinf
                0x0000000000006e34      0x370 c:/mounriver/mounriver_studio/toolchain/risc-v embedded gcc/bin/../lib/gcc/riscv-none-embed/8.2.0/../../../../riscv-none-embed/lib/rv32imacxw/ilp32\libm.a(lib_a-ef_asin.o)
                0x0000000000006e34                __ieee754_asinf
 .text.__ieee754_atan2f
                0x00000000000071a4      0x192 c:/mounriver/mounriver_studio/toolchain/risc-v embedded gcc/bin/../lib/gcc/riscv-none-embed/8.2.0/../../../../riscv-none-embed/lib/rv32imacxw/ilp32\libm.a(lib_a-ef_atan2.o)
                0x00000000000071a4                __ieee754_atan2f
 .text.__ieee754_sqrtf
                0x0000000000007336       0xdc c:/mounriver/mounriver_studio/toolchain/risc-v embedded gcc/bin/../lib/gcc/riscv-none-embed/8.2.0/../../../../riscv-none-embed/lib/rv32imacxw/ilp32\libm.a(lib_a-ef_sqrt.o)
                0x0000000000007336                __ieee754_sqrtf
 .text.matherr  0x0000000000007412        0x4 c:/mounriver/mounriver_studio/toolchain/risc-v embedded gcc/bin/../lib/gcc/riscv-none-embed/8.2.0/../../../../riscv-none-embed/lib/rv32imacxw/ilp32\libm.a(lib_a-s_matherr.o)
                0x0000000000007412                matherr
 .text.nan      0x0000000000007416        0xe c:/mounriver/mounriver_studio/toolchain/risc-v embedded gcc/bin/../lib/gcc/riscv-none-embed/8.2.0/../../../../riscv-none-embed/lib/rv32imacxw/ilp32\libm.a(lib_a-s_nan.o)
                0x0000000000007416                nan
 .text.atanf    0x0000000000007424      0x288 c:/mounriver/mounriver_studio/toolchain/risc-v embedded gcc/bin/../lib/gcc/riscv-none-embed/8.2.0/../../../../riscv-none-embed/lib/rv32imacxw/ilp32\libm.a(lib_a-sf_atan.o)
                0x0000000000007424                atanf
 .text.fabsf    0x00000000000076ac        0x6 c:/mounriver/mounriver_studio/toolchain/risc-v embedded gcc/bin/../lib/gcc/riscv-none-embed/8.2.0/../../../../riscv-none-embed/lib/rv32imacxw/ilp32\libm.a(lib_a-sf_fabs.o)
                0x00000000000076ac                fabsf
 .text.printchar
                0x00000000000076b2       0x4a c:/mounriver/mounriver_studio/toolchain/risc-v embedded gcc/bin/../lib/gcc/riscv-none-embed/8.2.0/../../../../riscv-none-embed/lib/rv32imacxw/ilp32\libprintfloat.a(printfloat.o)
                0x00000000000076b2                printchar
 .text.prints   0x00000000000076fc       0xe0 c:/mounriver/mounriver_studio/toolchain/risc-v embedded gcc/bin/../lib/gcc/riscv-none-embed/8.2.0/../../../../riscv-none-embed/lib/rv32imacxw/ilp32\libprintfloat.a(printfloat.o)
                0x00000000000076fc                prints
 .text.printInt
                0x00000000000077dc       0xf2 c:/mounriver/mounriver_studio/toolchain/risc-v embedded gcc/bin/../lib/gcc/riscv-none-embed/8.2.0/../../../../riscv-none-embed/lib/rv32imacxw/ilp32\libprintfloat.a(printfloat.o)
                0x00000000000077dc                printInt
 .text.printLongLongInt
                0x00000000000078ce      0x122 c:/mounriver/mounriver_studio/toolchain/risc-v embedded gcc/bin/../lib/gcc/riscv-none-embed/8.2.0/../../../../riscv-none-embed/lib/rv32imacxw/ilp32\libprintfloat.a(printfloat.o)
                0x00000000000078ce                printLongLongInt
 .text.printDouble
                0x00000000000079f0      0x100 c:/mounriver/mounriver_studio/toolchain/risc-v embedded gcc/bin/../lib/gcc/riscv-none-embed/8.2.0/../../../../riscv-none-embed/lib/rv32imacxw/ilp32\libprintfloat.a(printfloat.o)
                0x00000000000079f0                printDouble
 .text.print    0x0000000000007af0      0x358 c:/mounriver/mounriver_studio/toolchain/risc-v embedded gcc/bin/../lib/gcc/riscv-none-embed/8.2.0/../../../../riscv-none-embed/lib/rv32imacxw/ilp32\libprintfloat.a(printfloat.o)
                0x0000000000007af0                print
 .text.printf   0x0000000000007e48       0x24 c:/mounriver/mounriver_studio/toolchain/risc-v embedded gcc/bin/../lib/gcc/riscv-none-embed/8.2.0/../../../../riscv-none-embed/lib/rv32imacxw/ilp32\libprintfloat.a(printfloat.o)
                0x0000000000007e48                printf
 .text.puts     0x0000000000007e6c       0x4a c:/mounriver/mounriver_studio/toolchain/risc-v embedded gcc/bin/../lib/gcc/riscv-none-embed/8.2.0/../../../../riscv-none-embed/lib/rv32imacxw/ilp32\libprintfloat.a(printfloat.o)
                0x0000000000007e6c                puts
 .text.__divdi3
                0x0000000000007eb6      0x3d4 c:/mounriver/mounriver_studio/toolchain/risc-v embedded gcc/bin/../lib/gcc/riscv-none-embed/8.2.0/rv32imacxw/ilp32\libgcc.a(_divdi3.o)
                0x0000000000007eb6                __divdi3
 .text.__udivdi3
                0x000000000000828a      0x392 c:/mounriver/mounriver_studio/toolchain/risc-v embedded gcc/bin/../lib/gcc/riscv-none-embed/8.2.0/rv32imacxw/ilp32\libgcc.a(_udivdi3.o)
                0x000000000000828a                __udivdi3
 .text.__umoddi3
                0x000000000000861c      0x38a c:/mounriver/mounriver_studio/toolchain/risc-v embedded gcc/bin/../lib/gcc/riscv-none-embed/8.2.0/rv32imacxw/ilp32\libgcc.a(_umoddi3.o)
                0x000000000000861c                __umoddi3
 .text.__adddf3
                0x00000000000089a6      0x730 c:/mounriver/mounriver_studio/toolchain/risc-v embedded gcc/bin/../lib/gcc/riscv-none-embed/8.2.0/rv32imacxw/ilp32\libgcc.a(adddf3.o)
                0x00000000000089a6                __adddf3
 .text.__ledf2  0x00000000000090d6       0xb6 c:/mounriver/mounriver_studio/toolchain/risc-v embedded gcc/bin/../lib/gcc/riscv-none-embed/8.2.0/rv32imacxw/ilp32\libgcc.a(ledf2.o)
                0x00000000000090d6                __ledf2
                0x00000000000090d6                __ltdf2
 .text.__muldf3
                0x000000000000918c      0x4b8 c:/mounriver/mounriver_studio/toolchain/risc-v embedded gcc/bin/../lib/gcc/riscv-none-embed/8.2.0/rv32imacxw/ilp32\libgcc.a(muldf3.o)
                0x000000000000918c                __muldf3
 .text.__subdf3
                0x0000000000009644      0x73e c:/mounriver/mounriver_studio/toolchain/risc-v embedded gcc/bin/../lib/gcc/riscv-none-embed/8.2.0/rv32imacxw/ilp32\libgcc.a(subdf3.o)
                0x0000000000009644                __subdf3
 .text.__fixunsdfsi
                0x0000000000009d82       0x5c c:/mounriver/mounriver_studio/toolchain/risc-v embedded gcc/bin/../lib/gcc/riscv-none-embed/8.2.0/rv32imacxw/ilp32\libgcc.a(fixunsdfsi.o)
                0x0000000000009d82                __fixunsdfsi
 .text.__floatsidf
                0x0000000000009dde       0x72 c:/mounriver/mounriver_studio/toolchain/risc-v embedded gcc/bin/../lib/gcc/riscv-none-embed/8.2.0/rv32imacxw/ilp32\libgcc.a(floatsidf.o)
                0x0000000000009dde                __floatsidf
 .text.__fixdfdi
                0x0000000000009e50       0xbc c:/mounriver/mounriver_studio/toolchain/risc-v embedded gcc/bin/../lib/gcc/riscv-none-embed/8.2.0/rv32imacxw/ilp32\libgcc.a(fixdfdi.o)
                0x0000000000009e50                __fixdfdi
 .text.__floatdidf
                0x0000000000009f0c      0x1b6 c:/mounriver/mounriver_studio/toolchain/risc-v embedded gcc/bin/../lib/gcc/riscv-none-embed/8.2.0/rv32imacxw/ilp32\libgcc.a(floatdidf.o)
                0x0000000000009f0c                __floatdidf
 .text.__addsf3
                0x000000000000a0c2      0x36a c:/mounriver/mounriver_studio/toolchain/risc-v embedded gcc/bin/../lib/gcc/riscv-none-embed/8.2.0/rv32imacxw/ilp32\libgcc.a(addsf3.o)
                0x000000000000a0c2                __addsf3
 .text.__divsf3
                0x000000000000a42c      0x2b2 c:/mounriver/mounriver_studio/toolchain/risc-v embedded gcc/bin/../lib/gcc/riscv-none-embed/8.2.0/rv32imacxw/ilp32\libgcc.a(divsf3.o)
                0x000000000000a42c                __divsf3
 .text.__eqsf2  0x000000000000a6de       0x5c c:/mounriver/mounriver_studio/toolchain/risc-v embedded gcc/bin/../lib/gcc/riscv-none-embed/8.2.0/rv32imacxw/ilp32\libgcc.a(eqsf2.o)
                0x000000000000a6de                __eqsf2
                0x000000000000a6de                __nesf2
 .text.__gesf2  0x000000000000a73a       0x86 c:/mounriver/mounriver_studio/toolchain/risc-v embedded gcc/bin/../lib/gcc/riscv-none-embed/8.2.0/rv32imacxw/ilp32\libgcc.a(gesf2.o)
                0x000000000000a73a                __gesf2
                0x000000000000a73a                __gtsf2
 .text.__lesf2  0x000000000000a7c0       0x8c c:/mounriver/mounriver_studio/toolchain/risc-v embedded gcc/bin/../lib/gcc/riscv-none-embed/8.2.0/rv32imacxw/ilp32\libgcc.a(lesf2.o)
                0x000000000000a7c0                __ltsf2
                0x000000000000a7c0                __lesf2
 .text.__mulsf3
                0x000000000000a84c      0x294 c:/mounriver/mounriver_studio/toolchain/risc-v embedded gcc/bin/../lib/gcc/riscv-none-embed/8.2.0/rv32imacxw/ilp32\libgcc.a(mulsf3.o)
                0x000000000000a84c                __mulsf3
 .text.__subsf3
                0x000000000000aae0      0x388 c:/mounriver/mounriver_studio/toolchain/risc-v embedded gcc/bin/../lib/gcc/riscv-none-embed/8.2.0/rv32imacxw/ilp32\libgcc.a(subsf3.o)
                0x000000000000aae0                __subsf3
 .text.__unordsf2
                0x000000000000ae68       0x3c c:/mounriver/mounriver_studio/toolchain/risc-v embedded gcc/bin/../lib/gcc/riscv-none-embed/8.2.0/rv32imacxw/ilp32\libgcc.a(unordsf2.o)
                0x000000000000ae68                __unordsf2
 .text.__fixsfsi
                0x000000000000aea4       0x62 c:/mounriver/mounriver_studio/toolchain/risc-v embedded gcc/bin/../lib/gcc/riscv-none-embed/8.2.0/rv32imacxw/ilp32\libgcc.a(fixsfsi.o)
                0x000000000000aea4                __fixsfsi
 .text.__fixunssfsi
                0x000000000000af06       0x56 c:/mounriver/mounriver_studio/toolchain/risc-v embedded gcc/bin/../lib/gcc/riscv-none-embed/8.2.0/rv32imacxw/ilp32\libgcc.a(fixunssfsi.o)
                0x000000000000af06                __fixunssfsi
 .text.__floatsisf
                0x000000000000af5c       0xc6 c:/mounriver/mounriver_studio/toolchain/risc-v embedded gcc/bin/../lib/gcc/riscv-none-embed/8.2.0/rv32imacxw/ilp32\libgcc.a(floatsisf.o)
                0x000000000000af5c                __floatsisf
 .text.__floatunsisf
                0x000000000000b022       0xce c:/mounriver/mounriver_studio/toolchain/risc-v embedded gcc/bin/../lib/gcc/riscv-none-embed/8.2.0/rv32imacxw/ilp32\libgcc.a(floatunsisf.o)
                0x000000000000b022                __floatunsisf
 .text.__extendsfdf2
                0x000000000000b0f0       0xac c:/mounriver/mounriver_studio/toolchain/risc-v embedded gcc/bin/../lib/gcc/riscv-none-embed/8.2.0/rv32imacxw/ilp32\libgcc.a(extendsfdf2.o)
                0x000000000000b0f0                __extendsfdf2
 .text.__truncdfsf2
                0x000000000000b19c      0x16a c:/mounriver/mounriver_studio/toolchain/risc-v embedded gcc/bin/../lib/gcc/riscv-none-embed/8.2.0/rv32imacxw/ilp32\libgcc.a(truncdfsf2.o)
                0x000000000000b19c                __truncdfsf2
 .text.__clzsi2
                0x000000000000b306       0x6e c:/mounriver/mounriver_studio/toolchain/risc-v embedded gcc/bin/../lib/gcc/riscv-none-embed/8.2.0/rv32imacxw/ilp32\libgcc.a(_clzsi2.o)
                0x000000000000b306                __clzsi2
 .text.__errno  0x000000000000b374        0x8 c:/mounriver/mounriver_studio/toolchain/risc-v embedded gcc/bin/../lib/gcc/riscv-none-embed/8.2.0/../../../../riscv-none-embed/lib/rv32imacxw/ilp32\libg_nano.a(lib_a-errno.o)
                0x000000000000b374                __errno
 .text.memcmp   0x000000000000b37c       0x24 c:/mounriver/mounriver_studio/toolchain/risc-v embedded gcc/bin/../lib/gcc/riscv-none-embed/8.2.0/../../../../riscv-none-embed/lib/rv32imacxw/ilp32\libg_nano.a(lib_a-memcmp.o)
                0x000000000000b37c                memcmp
 .text.memcpy   0x000000000000b3a0       0xb2 c:/mounriver/mounriver_studio/toolchain/risc-v embedded gcc/bin/../lib/gcc/riscv-none-embed/8.2.0/../../../../riscv-none-embed/lib/rv32imacxw/ilp32\libg_nano.a(lib_a-memcpy.o)
                0x000000000000b3a0                memcpy
 *(.rodata)
 *fill*         0x000000000000b452        0x2 
 .rodata        0x000000000000b454       0x2f ./General_Files/eMPL/inv_mpu_dmp_motion_driver.o
 *(.rodata*)
 *fill*         0x000000000000b483        0x1 
 .rodata.String_print.str1.4
                0x000000000000b484      0x18f ./User/RTOS_apps/Print_status.o
 *fill*         0x000000000000b613        0x5 
 .rodata.ELRS_Convert_angle.cst8
                0x000000000000b618        0x8 ./User/RTOS_apps/control_handle.o
 .rodata.ELRS_Convert_throttle.cst8
                0x000000000000b620       0x10 ./User/RTOS_apps/control_handle.o
 .rodata.PIDSTRUCT_Init.cst4
                0x000000000000b630       0x50 ./User/RTOS_apps/control_handle.o
 .rodata.Roll_innerloop_ctr.cst4
                0x000000000000b680        0x4 ./User/RTOS_apps/control_handle.o
 .rodata.Motor_sort_start.cst4
                0x000000000000b684        0x8 ./User/RTOS_apps/soft_stast.o
 .rodata.Motor_sort_start.str1.4
                0x000000000000b68c       0x21 ./User/RTOS_apps/soft_stast.o
 *fill*         0x000000000000b6ad        0x3 
 .rodata.RTOS_init.str1.4
                0x000000000000b6b0       0x1c ./User/RTOS_tasks.o
 .rodata.main.str1.4
                0x000000000000b6cc       0x50 ./User/main.o
 .rodata.mpu_get_lpf
                0x000000000000b71c       0x18 ./General_Files/eMPL/inv_mpu.o
 .rodata.hw     0x000000000000b734        0xc ./General_Files/eMPL/inv_mpu.o
                0x000000000000b734                hw
 .rodata.mpu_dmp_get_data.cst4
                0x000000000000b740        0x8 ./General_Files/eMPL/inv_mpu.o
 .rodata.mpu_dmp_get_data.cst8
                0x000000000000b748        0x8 ./General_Files/eMPL/inv_mpu.o
 .rodata.mpu_dmp_init.str1.4
                0x000000000000b750       0x12 ./General_Files/eMPL/inv_mpu.o
 *fill*         0x000000000000b762        0x2 
 .rodata.mpu_get_gyro_sens.cst4
                0x000000000000b764       0x10 ./General_Files/eMPL/inv_mpu.o
 .rodata.mpu_init.str1.4
                0x000000000000b774       0x91 ./General_Files/eMPL/inv_mpu.o
 *fill*         0x000000000000b805        0x3 
 .rodata.mpu_run_self_test.cst4
                0x000000000000b808       0x2c ./General_Files/eMPL/inv_mpu.o
                                         0x30 (size before relaxing)
 .rodata.reg    0x000000000000b834       0x1b ./General_Files/eMPL/inv_mpu.o
                0x000000000000b834                reg
 *fill*         0x000000000000b84f        0x1 
 .rodata.test   0x000000000000b850       0x28 ./General_Files/eMPL/inv_mpu.o
                0x000000000000b850                test
 .rodata.dmp_memory
                0x000000000000b878      0xbf6 ./General_Files/eMPL/inv_mpu_dmp_motion_driver.o
 *fill*         0x000000000000c46e        0x2 
 .rodata.dmp_set_tap_thresh.cst4
                0x000000000000c470       0x24 ./General_Files/eMPL/inv_mpu_dmp_motion_driver.o
 .rodata.MPU6050_Init.str1.4
                0x000000000000c494       0x1b ./General_Files/drivers/MPU6050.o
 *fill*         0x000000000000c4af        0x1 
 .rodata.BAT_ADC_Init.str1.4
                0x000000000000c4b0       0x16 ./General_Files/drivers/adc.o
 .rodata.FilterAverage.cst4
                0x000000000000c4c6        0x4 ./General_Files/drivers/bsp_filter.o
 *fill*         0x000000000000c4c6        0x2 
 .rodata.System_Init.str1.4
                0x000000000000c4c8       0x11 ./General_Files/system.o
 *fill*         0x000000000000c4d9        0x3 
 .rodata.pvPortMalloc.str1.4
                0x000000000000c4dc       0x49 ./FreeRTOS/portable/MemMang/heap_4.o
 *fill*         0x000000000000c525        0x3 
 .rodata.xPortStartScheduler.str1.4
                0x000000000000c528       0x27 ./FreeRTOS/portable/GCC/RISC-V/port.o
                                         0x49 (size before relaxing)
 *fill*         0x000000000000c54f        0x1 
 .rodata.xQueueGenericReset.str1.4
                0x000000000000c550       0x14 ./FreeRTOS/queue.o
                                         0x35 (size before relaxing)
 .rodata.prvTaskIsTaskSuspended.str1.4
                0x000000000000c564       0x14 ./FreeRTOS/tasks.o
                                         0x35 (size before relaxing)
 .rodata.vTaskStartScheduler.str1.4
                0x000000000000c578        0x5 ./FreeRTOS/tasks.o
 *fill*         0x000000000000c57d        0x3 
 .rodata.prvTimerTask
                0x000000000000c580       0x24 ./FreeRTOS/timers.o
 .rodata.prvCheckForValidListAndQueue.str1.4
                0x000000000000c5a4        0x5 ./FreeRTOS/timers.o
 *fill*         0x000000000000c5a9        0x3 
 .rodata.prvTimerTask.str1.4
                0x000000000000c5ac       0x15 ./FreeRTOS/timers.o
                                         0x39 (size before relaxing)
 *fill*         0x000000000000c5c1        0x3 
 .rodata.xTimerCreateTimerTask.str1.4
                0x000000000000c5c4        0x8 ./FreeRTOS/timers.o
 .rodata.asinf.cst4
                0x000000000000c5cc        0x4 c:/mounriver/mounriver_studio/toolchain/risc-v embedded gcc/bin/../lib/gcc/riscv-none-embed/8.2.0/../../../../riscv-none-embed/lib/rv32imacxw/ilp32\libm.a(lib_a-wf_asin.o)
 .rodata.asinf.str1.4
                0x000000000000c5cc        0x6 c:/mounriver/mounriver_studio/toolchain/risc-v embedded gcc/bin/../lib/gcc/riscv-none-embed/8.2.0/../../../../riscv-none-embed/lib/rv32imacxw/ilp32\libm.a(lib_a-wf_asin.o)
                                          0x9 (size before relaxing)
 *fill*         0x000000000000c5d2        0x2 
 .rodata.__ieee754_asinf.cst4
                0x000000000000c5d4       0x40 c:/mounriver/mounriver_studio/toolchain/risc-v embedded gcc/bin/../lib/gcc/riscv-none-embed/8.2.0/../../../../riscv-none-embed/lib/rv32imacxw/ilp32\libm.a(lib_a-ef_asin.o)
                                         0x44 (size before relaxing)
 .rodata.__ieee754_atan2f.cst4
                0x000000000000c614       0x20 c:/mounriver/mounriver_studio/toolchain/risc-v embedded gcc/bin/../lib/gcc/riscv-none-embed/8.2.0/../../../../riscv-none-embed/lib/rv32imacxw/ilp32\libm.a(lib_a-ef_atan2.o)
                                         0x28 (size before relaxing)
 *fill*         0x000000000000c634        0x4 
 .rodata.nan.cst8
                0x000000000000c638        0x8 c:/mounriver/mounriver_studio/toolchain/risc-v embedded gcc/bin/../lib/gcc/riscv-none-embed/8.2.0/../../../../riscv-none-embed/lib/rv32imacxw/ilp32\libm.a(lib_a-s_nan.o)
 .rodata.atanf.cst4
                0x000000000000c640       0x38 c:/mounriver/mounriver_studio/toolchain/risc-v embedded gcc/bin/../lib/gcc/riscv-none-embed/8.2.0/../../../../riscv-none-embed/lib/rv32imacxw/ilp32\libm.a(lib_a-sf_atan.o)
                                         0x48 (size before relaxing)
 .rodata.atanhi
                0x000000000000c678       0x10 c:/mounriver/mounriver_studio/toolchain/risc-v embedded gcc/bin/../lib/gcc/riscv-none-embed/8.2.0/../../../../riscv-none-embed/lib/rv32imacxw/ilp32\libm.a(lib_a-sf_atan.o)
 .rodata.atanlo
                0x000000000000c688       0x10 c:/mounriver/mounriver_studio/toolchain/risc-v embedded gcc/bin/../lib/gcc/riscv-none-embed/8.2.0/../../../../riscv-none-embed/lib/rv32imacxw/ilp32\libm.a(lib_a-sf_atan.o)
 .rodata.print.str1.4
                0x000000000000c698        0x8 c:/mounriver/mounriver_studio/toolchain/risc-v embedded gcc/bin/../lib/gcc/riscv-none-embed/8.2.0/../../../../riscv-none-embed/lib/rv32imacxw/ilp32\libprintfloat.a(printfloat.o)
                                          0x7 (size before relaxing)
 .rodata.__muldf3
                0x000000000000c6a0       0x40 c:/mounriver/mounriver_studio/toolchain/risc-v embedded gcc/bin/../lib/gcc/riscv-none-embed/8.2.0/rv32imacxw/ilp32\libgcc.a(muldf3.o)
 .rodata.__divsf3
                0x000000000000c6e0       0x80 c:/mounriver/mounriver_studio/toolchain/risc-v embedded gcc/bin/../lib/gcc/riscv-none-embed/8.2.0/rv32imacxw/ilp32\libgcc.a(divsf3.o)
 .rodata.__mulsf3
                0x000000000000c760       0x40 c:/mounriver/mounriver_studio/toolchain/risc-v embedded gcc/bin/../lib/gcc/riscv-none-embed/8.2.0/rv32imacxw/ilp32\libgcc.a(mulsf3.o)
 .rodata.__clz_tab
                0x000000000000c7a0      0x100 c:/mounriver/mounriver_studio/toolchain/risc-v embedded gcc/bin/../lib/gcc/riscv-none-embed/8.2.0/rv32imacxw/ilp32\libgcc.a(_clz.o)
                0x000000000000c7a0                __clz_tab
 *(.gnu.linkonce.t.*)
                0x000000000000c8a0                . = ALIGN (0x4)

.rela.dyn       0x000000000000c8a0        0x0
 .rela.text.String_print
                0x000000000000c8a0        0x0 ./User/RTOS_apps/IMU_handle.o
 .rela.text.Motor_sort_start
                0x000000000000c8a0        0x0 ./User/RTOS_apps/IMU_handle.o
 .rela.text.startup.main
                0x000000000000c8a0        0x0 ./User/RTOS_apps/IMU_handle.o
 .rela.init     0x000000000000c8a0        0x0 ./User/RTOS_apps/IMU_handle.o
 .rela.vector   0x000000000000c8a0        0x0 ./User/RTOS_apps/IMU_handle.o
 .rela.text.handle_reset
                0x000000000000c8a0        0x0 ./User/RTOS_apps/IMU_handle.o
 .rela.text.mpu_init
                0x000000000000c8a0        0x0 ./User/RTOS_apps/IMU_handle.o
 .rela.text.mpu_dmp_init
                0x000000000000c8a0        0x0 ./User/RTOS_apps/IMU_handle.o
 .rela.text.MPU6050_Init
                0x000000000000c8a0        0x0 ./User/RTOS_apps/IMU_handle.o
 .rela.text.BAT_ADC_Init
                0x000000000000c8a0        0x0 ./User/RTOS_apps/IMU_handle.o
 .rela.text.System_Init
                0x000000000000c8a0        0x0 ./User/RTOS_apps/IMU_handle.o
 .rela.text.pvPortMalloc
                0x000000000000c8a0        0x0 ./User/RTOS_apps/IMU_handle.o
 .rela.text.vPortFree
                0x000000000000c8a0        0x0 ./User/RTOS_apps/IMU_handle.o
 .rela.text.xPortStartScheduler
                0x000000000000c8a0        0x0 ./User/RTOS_apps/IMU_handle.o
 .rela.text.vPortExitCritical
                0x000000000000c8a0        0x0 ./User/RTOS_apps/IMU_handle.o
 .rela.sdata2.xISRStackTop
                0x000000000000c8a0        0x0 ./User/RTOS_apps/IMU_handle.o
 .rela.text.xQueueGenericReset
                0x000000000000c8a0        0x0 ./User/RTOS_apps/IMU_handle.o
 .rela.text.xQueueGenericCreate
                0x000000000000c8a0        0x0 ./User/RTOS_apps/IMU_handle.o
 .rela.text.xQueueReceive
                0x000000000000c8a0        0x0 ./User/RTOS_apps/IMU_handle.o
 .rela.text.vQueueAddToRegistry
                0x000000000000c8a0        0x0 ./User/RTOS_apps/IMU_handle.o
 .rela.text.xTaskCreate
                0x000000000000c8a0        0x0 ./User/RTOS_apps/IMU_handle.o
 .rela.text.vTaskStartScheduler
                0x000000000000c8a0        0x0 ./User/RTOS_apps/IMU_handle.o
 .rela.text.xTaskIncrementTick
                0x000000000000c8a0        0x0 ./User/RTOS_apps/IMU_handle.o
 .rela.text.xTaskResumeAll
                0x000000000000c8a0        0x0 ./User/RTOS_apps/IMU_handle.o
 .rela.text.vTaskDelay
                0x000000000000c8a0        0x0 ./User/RTOS_apps/IMU_handle.o
 .rela.text.vTaskSwitchContext
                0x000000000000c8a0        0x0 ./User/RTOS_apps/IMU_handle.o
 .rela.text.vTaskPlaceOnEventList
                0x000000000000c8a0        0x0 ./User/RTOS_apps/IMU_handle.o
 .rela.text.vTaskPlaceOnEventListRestricted
                0x000000000000c8a0        0x0 ./User/RTOS_apps/IMU_handle.o
 .rela.text.xTaskRemoveFromEventList
                0x000000000000c8a0        0x0 ./User/RTOS_apps/IMU_handle.o
 .rela.text.xTaskCheckForTimeOut
                0x000000000000c8a0        0x0 ./User/RTOS_apps/IMU_handle.o
 .rela.text.prvTimerTask
                0x000000000000c8a0        0x0 ./User/RTOS_apps/IMU_handle.o
 .rela.text.xTimerCreateTimerTask
                0x000000000000c8a0        0x0 ./User/RTOS_apps/IMU_handle.o
 .rela.text.prints
                0x000000000000c8a0        0x0 ./User/RTOS_apps/IMU_handle.o
 .rela.text.printInt
                0x000000000000c8a0        0x0 ./User/RTOS_apps/IMU_handle.o
 .rela.text.printLongLongInt
                0x000000000000c8a0        0x0 ./User/RTOS_apps/IMU_handle.o
 .rela.text.printDouble
                0x000000000000c8a0        0x0 ./User/RTOS_apps/IMU_handle.o
 .rela.text.print
                0x000000000000c8a0        0x0 ./User/RTOS_apps/IMU_handle.o
 .rela.text.printf
                0x000000000000c8a0        0x0 ./User/RTOS_apps/IMU_handle.o
 .rela.data.impure_data
                0x000000000000c8a0        0x0 ./User/RTOS_apps/IMU_handle.o

.fini           0x000000000000c8a0        0x0
 *(SORT_NONE(.fini))
                0x000000000000c8a0                . = ALIGN (0x4)
                [!provide]                        PROVIDE (_etext = .)
                [!provide]                        PROVIDE (_eitcm = .)

.preinit_array  0x000000000000c8a0        0x0
                [!provide]                        PROVIDE (__preinit_array_start = .)
 *(.preinit_array)
                [!provide]                        PROVIDE (__preinit_array_end = .)

.init_array     0x000000000000c8a0        0x0
                [!provide]                        PROVIDE (__init_array_start = .)
 *(SORT_BY_INIT_PRIORITY(.init_array.*) SORT_BY_INIT_PRIORITY(.ctors.*))
 *(.init_array EXCLUDE_FILE(*crtend?.o *crtend.o *crtbegin?.o *crtbegin.o) .ctors)
                [!provide]                        PROVIDE (__init_array_end = .)

.fini_array     0x000000000000c8a0        0x0
                [!provide]                        PROVIDE (__fini_array_start = .)
 *(SORT_BY_INIT_PRIORITY(.fini_array.*) SORT_BY_INIT_PRIORITY(.dtors.*))
 *(.fini_array EXCLUDE_FILE(*crtend?.o *crtend.o *crtbegin?.o *crtbegin.o) .dtors)
                [!provide]                        PROVIDE (__fini_array_end = .)

.ctors
 *crtbegin.o(.ctors)
 *crtbegin?.o(.ctors)
 *(EXCLUDE_FILE(*crtend?.o *crtend.o) .ctors)
 *(SORT_BY_NAME(.ctors.*))
 *(.ctors)

.dtors
 *crtbegin.o(.dtors)
 *crtbegin?.o(.dtors)
 *(EXCLUDE_FILE(*crtend?.o *crtend.o) .dtors)
 *(SORT_BY_NAME(.dtors.*))
 *(.dtors)

.dalign         0x0000000020000000        0x0 load address 0x000000000000c8a0
                0x0000000020000000                . = ALIGN (0x4)
                0x0000000020000000                PROVIDE (_data_vma = .)

.dlalign        0x000000000000c8a0        0x0
                0x000000000000c8a0                . = ALIGN (0x4)
                0x000000000000c8a0                PROVIDE (_data_lma = .)

.data           0x0000000020000000      0x108 load address 0x000000000000c8a0
 *(.gnu.linkonce.r.*)
 *(.data .data.*)
 .data.AHBPrescTable
                0x0000000020000000       0x10 ./User/system_ch32v30x.o
                0x0000000020000000                AHBPrescTable
 .data.APBAHBPrescTable
                0x0000000020000010       0x10 ./Peripheral/src/ch32v30x_rcc.o
 .data.gyro_orientation
                0x0000000020000020        0x9 ./General_Files/eMPL/inv_mpu.o
 *fill*         0x0000000020000029        0x3 
 .data.st       0x000000002000002c       0x2c ./General_Files/eMPL/inv_mpu.o
 .data.Motor_pos
                0x0000000020000058       0x10 ./General_Files/drivers/pwm.o
                0x0000000020000058                Motor_pos
 .data.pid_func
                0x0000000020000068       0x10 ./General_Files/apps/src/pid.o
                0x0000000020000068                pid_func
 .data.impure_data
                0x0000000020000078       0x60 c:/mounriver/mounriver_studio/toolchain/risc-v embedded gcc/bin/../lib/gcc/riscv-none-embed/8.2.0/../../../../riscv-none-embed/lib/rv32imacxw/ilp32\libg_nano.a(lib_a-impure.o)
 *(.gnu.linkonce.d.*)
                0x00000000200000d8                . = ALIGN (0x8)
                0x00000000200008d8                PROVIDE (__global_pointer$ = (. + 0x800))
 *(.sdata .sdata.*)
 .sdata.IMU_IO_STATUS
                0x00000000200000d8        0x4 ./User/RTOS_apps/IMU_handle.o
                0x00000000200000d8                IMU_IO_STATUS
 .sdata.Motor_speed_set
                0x00000000200000dc        0x4 ./User/RTOS_apps/soft_stast.o
                0x00000000200000dc                Motor_speed_set
 .sdata.last_RC_lock_state
                0x00000000200000e0        0x4 ./User/RTOS_apps/soft_stast.o
                0x00000000200000e0                last_RC_lock_state
 .sdata.SystemCoreClock
                0x00000000200000e4        0x4 ./User/system_ch32v30x.o
                0x00000000200000e4                SystemCoreClock
 .sdata.ADCPrescTable
                0x00000000200000e8        0x4 ./Peripheral/src/ch32v30x_rcc.o
 .sdata.bmp280  0x00000000200000ec        0x4 ./General_Files/drivers/BMP280.o
                0x00000000200000ec                bmp280
 .sdata.uxCriticalNesting
                0x00000000200000f0        0x4 ./FreeRTOS/portable/GCC/RISC-V/port.o
 .sdata.uxTopUsedPriority
                0x00000000200000f4        0x4 ./FreeRTOS/tasks.o
                0x00000000200000f4                uxTopUsedPriority
 .sdata.__fdlib_version
                0x00000000200000f8        0x4 c:/mounriver/mounriver_studio/toolchain/risc-v embedded gcc/bin/../lib/gcc/riscv-none-embed/8.2.0/../../../../riscv-none-embed/lib/rv32imacxw/ilp32\libm.a(lib_a-s_lib_ver.o)
                0x00000000200000f8                __fdlib_version
 .sdata._impure_ptr
                0x00000000200000fc        0x4 c:/mounriver/mounriver_studio/toolchain/risc-v embedded gcc/bin/../lib/gcc/riscv-none-embed/8.2.0/../../../../riscv-none-embed/lib/rv32imacxw/ilp32\libg_nano.a(lib_a-impure.o)
                0x00000000200000fc                _impure_ptr
 *(.sdata2.*)
 .sdata2.xISRStackTop
                0x0000000020000100        0x4 ./FreeRTOS/portable/GCC/RISC-V/port.o
                0x0000000020000100                xISRStackTop
 *(.gnu.linkonce.s.*)
                0x0000000020000108                . = ALIGN (0x8)
 *fill*         0x0000000020000104        0x4 
 *(.srodata.cst16)
 *(.srodata.cst8)
 *(.srodata.cst4)
 *(.srodata.cst2)
 *(.srodata .srodata.*)
                0x0000000020000108                . = ALIGN (0x4)
                0x0000000020000108                PROVIDE (_edata = .)

.bss            0x0000000020000108     0x4618 load address 0x000000000000c9a8
                0x0000000020000108                . = ALIGN (0x4)
                0x0000000020000108                PROVIDE (_sbss = .)
 *(.sbss*)
 .sbss.Control_task_Handler
                0x0000000020000108        0x4 ./User/RTOS_tasks.o
                0x0000000020000108                Control_task_Handler
 .sbss.IMU_Task_Handler
                0x000000002000010c        0x4 ./User/RTOS_tasks.o
                0x000000002000010c                IMU_Task_Handler
 .sbss.Motor_SoftStart_Handler
                0x0000000020000110        0x4 ./User/RTOS_tasks.o
                0x0000000020000110                Motor_SoftStart_Handler
 .sbss.PrintTask_Handler
                0x0000000020000114        0x4 ./User/RTOS_tasks.o
                0x0000000020000114                PrintTask_Handler
 .sbss.NVIC_Priority_Group
                0x0000000020000118        0x4 ./Peripheral/src/ch32v30x_misc.o
                0x0000000020000118                NVIC_Priority_Group
 .sbss.Calibrattion_Val
                0x000000002000011c        0x2 ./General_Files/drivers/adc.o
                0x000000002000011c                Calibrattion_Val
 *fill*         0x000000002000011e        0x2 
 .sbss.TxBuf    0x0000000020000120        0x2 ./General_Files/drivers/adc.o
                0x0000000020000120                TxBuf
 .sbss.RxBuf_Index
                0x0000000020000122        0x1 ./General_Files/apps/src/CRSF.o
                0x0000000020000122                RxBuf_Index
 *fill*         0x0000000020000123        0x1 
 .sbss.pxEnd    0x0000000020000124        0x4 ./FreeRTOS/portable/MemMang/heap_4.o
 .sbss.xBlockAllocatedBit
                0x0000000020000128        0x4 ./FreeRTOS/portable/MemMang/heap_4.o
 .sbss.xFreeBytesRemaining
                0x000000002000012c        0x4 ./FreeRTOS/portable/MemMang/heap_4.o
 .sbss.xMinimumEverFreeBytesRemaining
                0x0000000020000130        0x4 ./FreeRTOS/portable/MemMang/heap_4.o
 .sbss.xNumberOfSuccessfulAllocations
                0x0000000020000134        0x4 ./FreeRTOS/portable/MemMang/heap_4.o
 .sbss.xNumberOfSuccessfulFrees
                0x0000000020000138        0x4 ./FreeRTOS/portable/MemMang/heap_4.o
 .sbss.xStart   0x000000002000013c        0x8 ./FreeRTOS/portable/MemMang/heap_4.o
 .sbss.pxCurrentTCB
                0x0000000020000144        0x4 ./FreeRTOS/tasks.o
                0x0000000020000144                pxCurrentTCB
 .sbss.pxDelayedTaskList
                0x0000000020000148        0x4 ./FreeRTOS/tasks.o
 .sbss.pxOverflowDelayedTaskList
                0x000000002000014c        0x4 ./FreeRTOS/tasks.o
 .sbss.uxCurrentNumberOfTasks
                0x0000000020000150        0x4 ./FreeRTOS/tasks.o
 .sbss.uxDeletedTasksWaitingCleanUp
                0x0000000020000154        0x4 ./FreeRTOS/tasks.o
 .sbss.uxSchedulerSuspended
                0x0000000020000158        0x4 ./FreeRTOS/tasks.o
 .sbss.uxTaskNumber
                0x000000002000015c        0x4 ./FreeRTOS/tasks.o
 .sbss.uxTopReadyPriority
                0x0000000020000160        0x4 ./FreeRTOS/tasks.o
 .sbss.xIdleTaskHandle
                0x0000000020000164        0x4 ./FreeRTOS/tasks.o
 .sbss.xNextTaskUnblockTime
                0x0000000020000168        0x4 ./FreeRTOS/tasks.o
 .sbss.xNumOfOverflows
                0x000000002000016c        0x4 ./FreeRTOS/tasks.o
 .sbss.xPendedTicks
                0x0000000020000170        0x4 ./FreeRTOS/tasks.o
 .sbss.xSchedulerRunning
                0x0000000020000174        0x4 ./FreeRTOS/tasks.o
 .sbss.xTickCount
                0x0000000020000178        0x4 ./FreeRTOS/tasks.o
 .sbss.xYieldPending
                0x000000002000017c        0x4 ./FreeRTOS/tasks.o
 .sbss.pxCurrentTimerList
                0x0000000020000180        0x4 ./FreeRTOS/timers.o
 .sbss.pxOverflowTimerList
                0x0000000020000184        0x4 ./FreeRTOS/timers.o
 .sbss.xLastTime.6265
                0x0000000020000188        0x4 ./FreeRTOS/timers.o
 .sbss.xTimerQueue
                0x000000002000018c        0x4 ./FreeRTOS/timers.o
 .sbss.xTimerTaskHandle
                0x0000000020000190        0x4 ./FreeRTOS/timers.o
 .sbss.p_ms     0x0000000020000194        0x2 ./Debug/debug.o
 .sbss.p_us     0x0000000020000196        0x1 ./Debug/debug.o
 *(.gnu.linkonce.sb.*)
 *(.bss*)
 *fill*         0x0000000020000197        0x1 
 .bss.MPU6050_para
                0x0000000020000198       0x14 ./User/RTOS_apps/IMU_handle.o
                0x0000000020000198                MPU6050_para
 .bss.MPU6050_para_filted
                0x00000000200001ac       0x14 ./User/RTOS_apps/IMU_handle.o
                0x00000000200001ac                MPU6050_para_filted
 .bss.gyro_filter
                0x00000000200001c0       0x60 ./User/RTOS_apps/IMU_handle.o
                0x00000000200001c0                gyro_filter
 .bss.control   0x0000000020000220      0x208 ./User/RTOS_apps/control_handle.o
                0x0000000020000220                control
 .bss.dmp       0x0000000020000428       0x10 ./General_Files/eMPL/inv_mpu_dmp_motion_driver.o
 .bss.bmp280_inst
                0x0000000020000438       0x18 ./General_Files/drivers/BMP280.o
                0x0000000020000438                bmp280_inst
 .bss._lut      0x0000000020000450      0x100 ./General_Files/apps/src/CRC.o
                0x0000000020000450                _lut
 .bss.CrsfChannels
                0x0000000020000550       0x40 ./General_Files/apps/src/CRSF.o
                0x0000000020000550                CrsfChannels
 .bss.LinkStatistics
                0x0000000020000590        0xa ./General_Files/apps/src/CRSF.o
                0x0000000020000590                LinkStatistics
 *fill*         0x000000002000059a        0x2 
 .bss.RxBuf     0x000000002000059c       0x40 ./General_Files/apps/src/CRSF.o
                0x000000002000059c                RxBuf
 .bss.ucHeap    0x00000000200005dc     0x4000 ./FreeRTOS/portable/MemMang/heap_4.o
 .bss.xQueueRegistry
                0x00000000200045dc       0x40 ./FreeRTOS/queue.o
                0x00000000200045dc                xQueueRegistry
 .bss.pxReadyTasksLists
                0x000000002000461c       0x78 ./FreeRTOS/tasks.o
 .bss.xDelayedTaskList1
                0x0000000020004694       0x14 ./FreeRTOS/tasks.o
 .bss.xDelayedTaskList2
                0x00000000200046a8       0x14 ./FreeRTOS/tasks.o
 .bss.xPendingReadyList
                0x00000000200046bc       0x14 ./FreeRTOS/tasks.o
 .bss.xSuspendedTaskList
                0x00000000200046d0       0x14 ./FreeRTOS/tasks.o
 .bss.xTasksWaitingTermination
                0x00000000200046e4       0x14 ./FreeRTOS/tasks.o
 .bss.xActiveTimerList1
                0x00000000200046f8       0x14 ./FreeRTOS/timers.o
 .bss.xActiveTimerList2
                0x000000002000470c       0x14 ./FreeRTOS/timers.o
 *(.gnu.linkonce.b.*)
 *(COMMON*)
                0x0000000020004720                . = ALIGN (0x4)
                0x0000000020004720                PROVIDE (_ebss = .)
                0x0000000020004720                PROVIDE (_end = _ebss)
                [!provide]                        PROVIDE (end = .)

.stack          0x0000000020007800      0x800
                0x0000000020007800                PROVIDE (_heap_end = .)
                0x0000000020007800                . = ALIGN (0x4)
                [!provide]                        PROVIDE (_susrstack = .)
                0x0000000020008000                . = (. + __stack_size)
 *fill*         0x0000000020007800      0x800 
                0x0000000020008000                PROVIDE (_eusrstack = .)
                0x0000000020008000                __freertos_irq_stack_top = .
OUTPUT(FreeRTOS.elf elf32-littleriscv)

.debug_info     0x0000000000000000    0x31549
 .debug_info    0x0000000000000000      0xf91 ./User/RTOS_apps/IMU_handle.o
 .debug_info    0x0000000000000f91     0x123c ./User/RTOS_apps/Print_status.o
 .debug_info    0x00000000000021cd     0x1350 ./User/RTOS_apps/control_handle.o
 .debug_info    0x000000000000351d      0xe85 ./User/RTOS_apps/soft_stast.o
 .debug_info    0x00000000000043a2      0xf33 ./User/RTOS_tasks.o
 .debug_info    0x00000000000052d5      0x962 ./User/ch32v30x_it.o
 .debug_info    0x0000000000005c37      0xc6f ./User/main.o
 .debug_info    0x00000000000068a6      0xb99 ./User/system_ch32v30x.o
 .debug_info    0x000000000000743f       0x22 ./Startup/startup_ch32v30x_D8C.o
 .debug_info    0x0000000000007461     0x16ed ./Peripheral/src/ch32v30x_adc.o
 .debug_info    0x0000000000008b4e      0xd13 ./Peripheral/src/ch32v30x_dma.o
 .debug_info    0x0000000000009861     0x115e ./Peripheral/src/ch32v30x_gpio.o
 .debug_info    0x000000000000a9bf     0x1481 ./Peripheral/src/ch32v30x_i2c.o
 .debug_info    0x000000000000be40      0xf6d ./Peripheral/src/ch32v30x_misc.o
 .debug_info    0x000000000000cdad     0x155d ./Peripheral/src/ch32v30x_rcc.o
 .debug_info    0x000000000000e30a     0x2a16 ./Peripheral/src/ch32v30x_tim.o
 .debug_info    0x0000000000010d20     0x1420 ./Peripheral/src/ch32v30x_usart.o
 .debug_info    0x0000000000012140     0x42bb ./General_Files/eMPL/inv_mpu.o
 .debug_info    0x00000000000163fb     0x1b5b ./General_Files/eMPL/inv_mpu_dmp_motion_driver.o
 .debug_info    0x0000000000017f56     0x13dd ./General_Files/drivers/BMP280.o
 .debug_info    0x0000000000019333     0x1917 ./General_Files/drivers/MPU6050.o
 .debug_info    0x000000000001ac4a      0xfb7 ./General_Files/drivers/MyI2C.o
 .debug_info    0x000000000001bc01     0x12e6 ./General_Files/drivers/adc.o
 .debug_info    0x000000000001cee7      0xdf1 ./General_Files/drivers/bsp_filter.o
 .debug_info    0x000000000001dcd8      0xb5b ./General_Files/drivers/gpio.o
 .debug_info    0x000000000001e833     0x16b3 ./General_Files/drivers/pwm.o
 .debug_info    0x000000000001fee6     0x1572 ./General_Files/drivers/tim.o
 .debug_info    0x0000000000021458     0x152b ./General_Files/drivers/uart.o
 .debug_info    0x0000000000022983      0x15e ./General_Files/apps/src/CRC.o