Archive member included to satisfy reference by file (symbol)

c:/mounriver/mounriver_studio/toolchain/risc-v embedded gcc/bin/../lib/gcc/riscv-none-embed/8.2.0/../../../../riscv-none-embed/lib/rv32imacxw/ilp32\libm.a(lib_a-wf_asin.o)
                              ./General_Files/eMPL/inv_mpu.o (asinf)
c:/mounriver/mounriver_studio/toolchain/risc-v embedded gcc/bin/../lib/gcc/riscv-none-embed/8.2.0/../../../../riscv-none-embed/lib/rv32imacxw/ilp32\libm.a(lib_a-wf_atan2.o)
                              ./General_Files/eMPL/inv_mpu.o (atan2f)
c:/mounriver/mounriver_studio/toolchain/risc-v embedded gcc/bin/../lib/gcc/riscv-none-embed/8.2.0/../../../../riscv-none-embed/lib/rv32imacxw/ilp32\libm.a(lib_a-ef_asin.o)
                              c:/mounriver/mounriver_studio/toolchain/risc-v embedded gcc/bin/../lib/gcc/riscv-none-embed/8.2.0/../../../../riscv-none-embed/lib/rv32imacxw/ilp32\libm.a(lib_a-wf_asin.o) (__ieee754_asinf)
c:/mounriver/mounriver_studio/toolchain/risc-v embedded gcc/bin/../lib/gcc/riscv-none-embed/8.2.0/../../../../riscv-none-embed/lib/rv32imacxw/ilp32\libm.a(lib_a-ef_atan2.o)
                              c:/mounriver/mounriver_studio/toolchain/risc-v embedded gcc/bin/../lib/gcc/riscv-none-embed/8.2.0/../../../../riscv-none-embed/lib/rv32imacxw/ilp32\libm.a(lib_a-wf_atan2.o) (__ieee754_atan2f)
c:/mounriver/mounriver_studio/toolchain/risc-v embedded gcc/bin/../lib/gcc/riscv-none-embed/8.2.0/../../../../riscv-none-embed/lib/rv32imacxw/ilp32\libm.a(lib_a-ef_sqrt.o)
                              c:/mounriver/mounriver_studio/toolchain/risc-v embedded gcc/bin/../lib/gcc/riscv-none-embed/8.2.0/../../../../riscv-none-embed/lib/rv32imacxw/ilp32\libm.a(lib_a-ef_asin.o) (__ieee754_sqrtf)
c:/mounriver/mounriver_studio/toolchain/risc-v embedded gcc/bin/../lib/gcc/riscv-none-embed/8.2.0/../../../../riscv-none-embed/lib/rv32imacxw/ilp32\libm.a(lib_a-s_lib_ver.o)
                              c:/mounriver/mounriver_studio/toolchain/risc-v embedded gcc/bin/../lib/gcc/riscv-none-embed/8.2.0/../../../../riscv-none-embed/lib/rv32imacxw/ilp32\libm.a(lib_a-wf_asin.o) (__fdlib_version)
c:/mounriver/mounriver_studio/toolchain/risc-v embedded gcc/bin/../lib/gcc/riscv-none-embed/8.2.0/../../../../riscv-none-embed/lib/rv32imacxw/ilp32\libm.a(lib_a-s_matherr.o)
                              c:/mounriver/mounriver_studio/toolchain/risc-v embedded gcc/bin/../lib/gcc/riscv-none-embed/8.2.0/../../../../riscv-none-embed/lib/rv32imacxw/ilp32\libm.a(lib_a-wf_asin.o) (matherr)
c:/mounriver/mounriver_studio/toolchain/risc-v embedded gcc/bin/../lib/gcc/riscv-none-embed/8.2.0/../../../../riscv-none-embed/lib/rv32imacxw/ilp32\libm.a(lib_a-s_nan.o)
                              c:/mounriver/mounriver_studio/toolchain/risc-v embedded gcc/bin/../lib/gcc/riscv-none-embed/8.2.0/../../../../riscv-none-embed/lib/rv32imacxw/ilp32\libm.a(lib_a-wf_asin.o) (nan)
c:/mounriver/mounriver_studio/toolchain/risc-v embedded gcc/bin/../lib/gcc/riscv-none-embed/8.2.0/../../../../riscv-none-embed/lib/rv32imacxw/ilp32\libm.a(lib_a-sf_atan.o)
                              c:/mounriver/mounriver_studio/toolchain/risc-v embedded gcc/bin/../lib/gcc/riscv-none-embed/8.2.0/../../../../riscv-none-embed/lib/rv32imacxw/ilp32\libm.a(lib_a-ef_atan2.o) (atanf)
c:/mounriver/mounriver_studio/toolchain/risc-v embedded gcc/bin/../lib/gcc/riscv-none-embed/8.2.0/../../../../riscv-none-embed/lib/rv32imacxw/ilp32\libm.a(lib_a-sf_fabs.o)
                              c:/mounriver/mounriver_studio/toolchain/risc-v embedded gcc/bin/../lib/gcc/riscv-none-embed/8.2.0/../../../../riscv-none-embed/lib/rv32imacxw/ilp32\libm.a(lib_a-wf_asin.o) (fabsf)
c:/mounriver/mounriver_studio/toolchain/risc-v embedded gcc/bin/../lib/gcc/riscv-none-embed/8.2.0/../../../../riscv-none-embed/lib/rv32imacxw/ilp32\libprintfloat.a(printfloat.o)
                              ./User/RTOS_apps/Print_status.o (printf)
c:/mounriver/mounriver_studio/toolchain/risc-v embedded gcc/bin/../lib/gcc/riscv-none-embed/8.2.0/rv32imacxw/ilp32\libgcc.a(_divdi3.o)
                              ./General_Files/eMPL/inv_mpu.o (__divdi3)
c:/mounriver/mounriver_studio/toolchain/risc-v embedded gcc/bin/../lib/gcc/riscv-none-embed/8.2.0/rv32imacxw/ilp32\libgcc.a(_udivdi3.o)
                              c:/mounriver/mounriver_studio/toolchain/risc-v embedded gcc/bin/../lib/gcc/riscv-none-embed/8.2.0/../../../../riscv-none-embed/lib/rv32imacxw/ilp32\libprintfloat.a(printfloat.o) (__udivdi3)
c:/mounriver/mounriver_studio/toolchain/risc-v embedded gcc/bin/../lib/gcc/riscv-none-embed/8.2.0/rv32imacxw/ilp32\libgcc.a(_umoddi3.o)
                              c:/mounriver/mounriver_studio/toolchain/risc-v embedded gcc/bin/../lib/gcc/riscv-none-embed/8.2.0/../../../../riscv-none-embed/lib/rv32imacxw/ilp32\libprintfloat.a(printfloat.o) (__umoddi3)
c:/mounriver/mounriver_studio/toolchain/risc-v embedded gcc/bin/../lib/gcc/riscv-none-embed/8.2.0/rv32imacxw/ilp32\libgcc.a(adddf3.o)
[...]
Memory Configuration

Name             Origin             Length             Attributes
FLASH            0x0000000000000000 0x0000000000020000 xr
RAM              0x0000000020000000 0x0000000000008000 xrw
*default*        0x0000000000000000 0xffffffffffffffff

Linker script and memory map

LOAD ./User/RTOS_apps/IMU_handle.o
LOAD ./User/RTOS_apps/Print_status.o
LOAD ./User/RTOS_apps/control_handle.o
LOAD ./User/RTOS_apps/soft_stast.o
LOAD ./User/RTOS_tasks.o
LOAD ./User/ch32v30x_it.o
LOAD ./User/main.o
LOAD ./User/system_ch32v30x.o
LOAD ./Startup/startup_ch32v30x_D8C.o
LOAD ./Peripheral/src/ch32v30x_adc.o
LOAD ./Peripheral/src/ch32v30x_bkp.o
LOAD ./Peripheral/src/ch32v30x_can.o
LOAD ./Peripheral/src/ch32v30x_crc.o
LOAD ./Peripheral/src/ch32v30x_dac.o
LOAD ./Peripheral/src/ch32v30x_dbgmcu.o
LOAD ./Peripheral/src/ch32v30x_dma.o
LOAD ./Peripheral/src/ch32v30x_dvp.o
LOAD ./Peripheral/src/ch32v30x_eth.o
LOAD ./Peripheral/src/ch32v30x_exti.o
LOAD ./Peripheral/src/ch32v30x_flash.o
LOAD ./Peripheral/src/ch32v30x_fsmc.o
LOAD ./Peripheral/src/ch32v30x_gpio.o
LOAD ./Peripheral/src/ch32v30x_i2c.o
LOAD ./Peripheral/src/ch32v30x_iwdg.o
LOAD ./Peripheral/src/ch32v30x_misc.o
LOAD ./Peripheral/src/ch32v30x_opa.o
LOAD ./Peripheral/src/ch32v30x_pwr.o
LOAD ./Peripheral/src/ch32v30x_rcc.o
LOAD ./Peripheral/src/ch32v30x_rng.o
LOAD ./Peripheral/src/ch32v30x_rtc.o
LOAD ./Peripheral/src/ch32v30x_sdio.o
LOAD ./Peripheral/src/ch32v30x_spi.o
LOAD ./Peripheral/src/ch32v30x_tim.o
LOAD ./Peripheral/src/ch32v30x_usart.o
LOAD ./Peripheral/src/ch32v30x_wwdg.o
LOAD ./General_Files/eMPL/inv_mpu.o
LOAD ./General_Files/eMPL/inv_mpu_dmp_motion_driver.o
LOAD ./General_Files/drivers/BMP280.o
LOAD ./General_Files/drivers/MPU6050.o
LOAD ./General_Files/drivers/MyI2C.o
LOAD ./General_Files/drivers/ST7789.o
LOAD ./General_Files/drivers/adc.o
LOAD ./General_Files/drivers/bsp_filter.o
LOAD ./General_Files/drivers/gpio.o
LOAD ./General_Files/drivers/mtf01.o
LOAD ./General_Files/drivers/pwm.o
LOAD ./General_Files/drivers/tim.o
LOAD ./General_Files/drivers/uart.o
LOAD ./General_Files/apps/src/CRC.o
LOAD ./General_Files/apps/src/CRSF.o
LOAD ./General_Files/apps/src/pid.o
LOAD ./General_Files/system.o
LOAD ./FreeRTOS/portable/MemMang/heap_4.o
LOAD ./FreeRTOS/portable/GCC/RISC-V/port.o
LOAD ./FreeRTOS/portable/GCC/RISC-V/portASM.o
LOAD ./FreeRTOS/croutine.o
LOAD ./FreeRTOS/event_groups.o
LOAD ./FreeRTOS/list.o
LOAD ./FreeRTOS/queue.o
LOAD ./FreeRTOS/stream_buffer.o
LOAD ./FreeRTOS/tasks.o
LOAD ./FreeRTOS/timers.o
LOAD ./Debug/debug.o
LOAD ./Core/core_riscv.o
LOAD c:/mounriver/mounriver_studio/toolchain/risc-v embedded gcc/bin/../lib/gcc/riscv-none-embed/8.2.0/../../../../riscv-none-embed/lib/rv32imacxw/ilp32\libm.a
LOAD c:/mounriver/mounriver_studio/toolchain/risc-v embedded gcc/bin/../lib/gcc/riscv-none-embed/8.2.0/../../../../riscv-none-embed/lib/rv32imacxw/ilp32\libprintfloat.a
LOAD c:/mounriver/mounriver_studio/toolchain/risc-v embedded gcc/bin/../lib/gcc/riscv-none-embed/8.2.0/rv32imacxw/ilp32\libgcc.a
LOAD c:/mounriver/mounriver_studio/toolchain/risc-v embedded gcc/bin/../lib/gcc/riscv-none-embed/8.2.0/../../../../riscv-none-embed/lib/rv32imacxw/ilp32\libg_nano.a
LOAD c:/mounriver/mounriver_studio/toolchain/risc-v embedded gcc/bin/../lib/gcc/riscv-none-embed/8.2.0/../../../../riscv-none-embed/lib/rv32imacxw/ilp32\libc_nano.a
LOAD c:/mounriver/mounriver_studio/toolchain/risc-v embedded gcc/bin/../lib/gcc/riscv-none-embed/8.2.0/rv32imacxw/ilp32\libgcc.a
START GROUP
LOAD c:/mounriver/mounriver_studio/toolchain/risc-v embedded gcc/bin/../lib/gcc/riscv-none-embed/8.2.0/rv32imacxw/ilp32\libgcc.a
LOAD c:/mounriver/mounriver_studio/toolchain/risc-v embedded gcc/bin/../lib/gcc/riscv-none-embed/8.2.0/../../../../riscv-none-embed/lib/rv32imacxw/ilp32\libc_nano.a
LOAD c:/mounriver/mounriver_studio/toolchain/risc-v embedded gcc/bin/../lib/gcc/riscv-none-embed/8.2.0/../../../../riscv-none-embed/lib/rv32imacxw/ilp32\libnosys.a
END GROUP
START GROUP
LOAD c:/mounriver/mounriver_studio/toolchain/risc-v embedded gcc/bin/../lib/gcc/riscv-none-embed/8.2.0/rv32imacxw/ilp32\libgcc.a
LOAD c:/mounriver/mounriver_studio/toolchain/risc-v embedded gcc/bin/../lib/gcc/riscv-none-embed/8.2.0/../../../../riscv-none-embed/lib/rv32imacxw/ilp32\libc_nano.a
LOAD c:/mounriver/mounriver_studio/toolchain/risc-v embedded gcc/bin/../lib/gcc/riscv-none-embed/8.2.0/../../../../riscv-none-embed/lib/rv32imacxw/ilp32\libnosys.a
END GROUP
                0x0000000000000800                __stack_size = 0x800
                [!provide]                        PROVIDE (_stack_size = __stack_size)

.init           0x0000000000000000        0x4
                0x0000000000000000                _sinit = .
                0x0000000000000000                . = ALIGN (0x4)
 *(SORT_NONE(.init))
 .init          0x0000000000000000        0x4 ./Startup/startup_ch32v30x_D8C.o
                0x0000000000000000                _start
                0x0000000000000004                . = ALIGN (0x4)
                0x0000000000000004                _einit = .

.vector         0x0000000000000004      0x1bc
 *(.vector)
 .vector        0x0000000000000004      0x1a0 ./Startup/startup_ch32v30x_D8C.o
                0x00000000000001c0                . = ALIGN (0x40)
 *fill*         0x00000000000001a4       0x1c 

.text           0x0000000000000200     0xc6d0
                0x0000000000000200                . = ALIGN (0x4)
 *(.text)
 .text          0x0000000000000200      0x2e6 ./FreeRTOS/portable/GCC/RISC-V/portASM.o
                0x0000000000000200                SW_Handler
                0x0000000000000300                xPortStartFirstTask
                0x0000000000000400                pxPortInitialiseStack
 .text          0x00000000000004e6       0x60 c:/mounriver/mounriver_studio/toolchain/risc-v embedded gcc/bin/../lib/gcc/riscv-none-embed/8.2.0/rv32imacxw/ilp32\libgcc.a(save-restore.o)
                0x00000000000004e6                __riscv_save_12
                0x00000000000004ee                __riscv_save_9
                0x00000000000004ee                __riscv_save_11
                0x00000000000004ee                __riscv_save_10
                0x00000000000004ee                __riscv_save_8
                0x00000000000004fc                __riscv_save_4
                0x00000000000004fc                __riscv_save_6
                0x00000000000004fc                __riscv_save_5
                0x00000000000004fc                __riscv_save_7
                0x0000000000000516                __riscv_save_3
                0x0000000000000516                __riscv_save_2
                0x0000000000000516                __riscv_save_1
                0x0000000000000516                __riscv_save_0
                0x0000000000000522                __riscv_restore_12
                0x0000000000000526                __riscv_restore_11
                0x0000000000000526                __riscv_restore_9
                0x0000000000000526                __riscv_restore_10
                0x0000000000000526                __riscv_restore_8
                0x0000000000000530                __riscv_restore_5
                0x0000000000000530                __riscv_restore_7
                0x0000000000000530                __riscv_restore_6
                0x0000000000000530                __riscv_restore_4
                0x000000000000053a                __riscv_restore_3
                0x000000000000053a                __riscv_restore_0
                0x000000000000053a                __riscv_restore_2
                0x000000000000053a                __riscv_restore_1
 .text          0x0000000000000546       0xa8 c:/mounriver/mounriver_studio/toolchain/risc-v embedded gcc/bin/../lib/gcc/riscv-none-embed/8.2.0/../../../../riscv-none-embed/lib/rv32imacxw/ilp32\libg_nano.a(lib_a-memset.o)
                0x0000000000000546                memset
 *(.text.*)
 .text.load_filter_data
                0x00000000000005ee       0x6a ./User/RTOS_apps/IMU_handle.o
                0x00000000000005ee                load_filter_data
 .text.calc_IMU_filter
                0x0000000000000658       0x5e ./User/RTOS_apps/IMU_handle.o
                0x0000000000000658                calc_IMU_filter
 .text.IMU_task
                0x00000000000006b6       0x28 ./User/RTOS_apps/IMU_handle.o
                0x00000000000006b6                IMU_task
 .text.String_print
                0x00000000000006de      0x1b0 ./User/RTOS_apps/Print_status.o
                0x00000000000006de                String_print
 .text.Print_status_task
                0x000000000000088e        0xe ./User/RTOS_apps/Print_status.o
                0x000000000000088e                Print_status_task
 .text.PIDSTRUCT_Init
                0x000000000000089c      0x1fa ./User/RTOS_apps/control_handle.o
                0x000000000000089c                PIDSTRUCT_Init
 .text.ELRS_Convert_angle
                0x0000000000000a96       0x3e ./User/RTOS_apps/control_handle.o
                0x0000000000000a96                ELRS_Convert_angle
 .text.ELRS_Convert_throttle
                0x0000000000000ad4       0x48 ./User/RTOS_apps/control_handle.o
                0x0000000000000ad4                ELRS_Convert_throttle
 .text.ELRS_Convert_lock
                0x0000000000000b1c       0x16 ./User/RTOS_apps/control_handle.o
                0x0000000000000b1c                ELRS_Convert_lock
 .text.ELRS_Convert_flight_mode
                0x0000000000000b32       0x2c ./User/RTOS_apps/control_handle.o
                0x0000000000000b32                ELRS_Convert_flight_mode
 .text.Roll_outerloop_ctr
                0x0000000000000b5e       0x36 ./User/RTOS_apps/control_handle.o
                0x0000000000000b5e                Roll_outerloop_ctr
 .text.Roll_innerloop_ctr
                0x0000000000000b94       0x36 ./User/RTOS_apps/control_handle.o
                0x0000000000000b94                Roll_innerloop_ctr
 .text.Yaw_outerloop_ctr
                0x0000000000000bca       0x36 ./User/RTOS_apps/control_handle.o
                0x0000000000000bca                Yaw_outerloop_ctr
 .text.Yaw_innerloop_ctr
                0x0000000000000c00       0x3a ./User/RTOS_apps/control_handle.o
                0x0000000000000c00                Yaw_innerloop_ctr
 .text.Pitch_outerloop_ctr
                0x0000000000000c3a       0x38 ./User/RTOS_apps/control_handle.o
                0x0000000000000c3a                Pitch_outerloop_ctr
 .text.Pitch_innerloop_ctr
                0x0000000000000c72       0x38 ./User/RTOS_apps/control_handle.o
                0x0000000000000c72                Pitch_innerloop_ctr
 .text.Check_control_mode
                0x0000000000000caa       0x20 ./User/RTOS_apps/control_handle.o
                0x0000000000000caa                Check_control_mode
 .text.Update_ELRS
                0x0000000000000cca       0x38 ./User/RTOS_apps/control_handle.o
                0x0000000000000cca                Update_ELRS
 .text.Flight_control
                0x0000000000000d02      0x18e ./User/RTOS_apps/control_handle.o
                0x0000000000000d02                Flight_control
 .text.control_para_init
                0x0000000000000e90       0x38 ./User/RTOS_apps/control_handle.o
                0x0000000000000e90                control_para_init
 .text.Stop_motor
                0x0000000000000ec8       0x30 ./User/RTOS_apps/control_handle.o
                0x0000000000000ec8                Stop_motor
 .text.control_handle_task
                0x0000000000000ef8       0x9c ./User/RTOS_apps/control_handle.o
                0x0000000000000ef8                control_handle_task
 .text.Motor_sort_start
                0x0000000000000f94       0xf4 ./User/RTOS_apps/soft_stast.o
                0x0000000000000f94                Motor_sort_start
 .text.RTOS_init
                0x0000000000001088       0x9c ./User/RTOS_tasks.o
                0x0000000000001088                RTOS_init
 .text.NMI_Handler
                0x0000000000001124        0x4 ./User/ch32v30x_it.o
                0x0000000000001124                NMI_Handler
 .text.HardFault_Handler
                0x0000000000001128        0x2 ./User/ch32v30x_it.o
                0x0000000000001128                HardFault_Handler
 .text.GPIO_Toggle_INIT
                0x000000000000112a       0x34 ./User/main.o
                0x000000000000112a                GPIO_Toggle_INIT
 .text.startup.main
                0x000000000000115e       0x76 ./User/main.o
                0x000000000000115e                main
 .text.SystemInit
                0x00000000000011d4       0xfa ./User/system_ch32v30x.o
                0x00000000000011d4                SystemInit
 .text.SystemCoreClockUpdate
                0x00000000000012ce      0x12a ./User/system_ch32v30x.o
                0x00000000000012ce                SystemCoreClockUpdate
 .text.vector_handler
                0x00000000000013f8        0x2 ./Startup/startup_ch32v30x_D8C.o
                0x00000000000013f8                EXTI2_IRQHandler
                0x00000000000013f8                TIM8_TRG_COM_IRQHandler
                0x00000000000013f8                TIM8_CC_IRQHandler
                0x00000000000013f8                UART8_IRQHandler
                0x00000000000013f8                TIM1_CC_IRQHandler
                0x00000000000013f8                TIM6_IRQHandler
                0x00000000000013f8                PVD_IRQHandler
                0x00000000000013f8                SDIO_IRQHandler
                0x00000000000013f8                TIM9_BRK_IRQHandler
                0x00000000000013f8                DMA2_Channel8_IRQHandler
                0x00000000000013f8                CAN2_RX1_IRQHandler
                0x00000000000013f8                EXTI3_IRQHandler
                0x00000000000013f8                USBHS_IRQHandler
                0x00000000000013f8                DMA2_Channel9_IRQHandler
                0x00000000000013f8                TIM10_CC_IRQHandler
                0x00000000000013f8                USBFS_IRQHandler
                0x00000000000013f8                EXTI0_IRQHandler
                0x00000000000013f8                I2C2_EV_IRQHandler
                0x00000000000013f8                TIM10_TRG_COM_IRQHandler
                0x00000000000013f8                CAN2_SCE_IRQHandler
                0x00000000000013f8                ADC1_2_IRQHandler
                0x00000000000013f8                Break_Point_Handler
                0x00000000000013f8                SPI1_IRQHandler
                0x00000000000013f8                TAMPER_IRQHandler
                0x00000000000013f8                CAN2_RX0_IRQHandler
                0x00000000000013f8                TIM8_UP_IRQHandler
                0x00000000000013f8                Ecall_M_Mode_Handler
                0x00000000000013f8                DMA2_Channel2_IRQHandler
                0x00000000000013f8                DMA1_Channel4_IRQHandler
                0x00000000000013f8                TIM9_UP_IRQHandler
                0x00000000000013f8                USART3_IRQHandler
                0x00000000000013f8                RTC_IRQHandler
                0x00000000000013f8                DMA1_Channel7_IRQHandler
                0x00000000000013f8                CAN1_RX1_IRQHandler
                0x00000000000013f8                DVP_IRQHandler
                0x00000000000013f8                UART5_IRQHandler
                0x00000000000013f8                DMA2_Channel1_IRQHandler
                0x00000000000013f8                I2C1_EV_IRQHandler
                0x00000000000013f8                DMA1_Channel6_IRQHandler
                0x00000000000013f8                UART4_IRQHandler
                0x00000000000013f8                DMA2_Channel4_IRQHandler
                0x00000000000013f8                RCC_IRQHandler
                0x00000000000013f8                TIM1_TRG_COM_IRQHandler
                0x00000000000013f8                DMA1_Channel1_IRQHandler
                0x00000000000013f8                DMA2_Channel7_IRQHandler
                0x00000000000013f8                EXTI15_10_IRQHandler
                0x00000000000013f8                TIM7_IRQHandler
                0x00000000000013f8                CAN2_TX_IRQHandler
                0x00000000000013f8                TIM5_IRQHandler
                0x00000000000013f8                EXTI9_5_IRQHandler
                0x00000000000013f8                ETH_WKUP_IRQHandler
                0x00000000000013f8                SPI2_IRQHandler
                0x00000000000013f8                TIM10_BRK_IRQHandler
                0x00000000000013f8                TIM9_CC_IRQHandler
                0x00000000000013f8                DMA2_Channel5_IRQHandler
                0x00000000000013f8                DMA1_Channel5_IRQHandler
                0x00000000000013f8                EXTI4_IRQHandler
                0x00000000000013f8                USB_LP_CAN1_RX0_IRQHandler
                0x00000000000013f8                RNG_IRQHandler
                0x00000000000013f8                USB_HP_CAN1_TX_IRQHandler
                0x00000000000013f8                DMA1_Channel3_IRQHandler
                0x00000000000013f8                ETH_IRQHandler
                0x00000000000013f8                TIM1_UP_IRQHandler
                0x00000000000013f8                WWDG_IRQHandler
                0x00000000000013f8                USBHSWakeup_IRQHandler
                0x00000000000013f8                DMA2_Channel11_IRQHandler
                0x00000000000013f8                Ecall_U_Mode_Handler
                0x00000000000013f8                DMA2_Channel6_IRQHandler
                0x00000000000013f8                TIM2_IRQHandler
                0x00000000000013f8                TIM1_BRK_IRQHandler
                0x00000000000013f8                DMA2_Channel10_IRQHandler
                0x00000000000013f8                EXTI1_IRQHandler
                0x00000000000013f8                RTCAlarm_IRQHandler
                0x00000000000013f8                TIM10_UP_IRQHandler
                0x00000000000013f8                TIM9_TRG_COM_IRQHandler
                0x00000000000013f8                UART7_IRQHandler
                0x00000000000013f8                UART6_IRQHandler
                0x00000000000013f8                I2C2_ER_IRQHandler
                0x00000000000013f8                DMA1_Channel2_IRQHandler
                0x00000000000013f8                TIM8_BRK_IRQHandler
                0x00000000000013f8                CAN1_SCE_IRQHandler
                0x00000000000013f8                FLASH_IRQHandler
                0x00000000000013f8                USART1_IRQHandler
                0x00000000000013f8                SPI3_IRQHandler
                0x00000000000013f8                I2C1_ER_IRQHandler
                0x00000000000013f8                USBWakeUp_IRQHandler
                0x00000000000013f8                DMA2_Channel3_IRQHandler
 .text.handle_reset
                0x00000000000013fa       0x92 ./Startup/startup_ch32v30x_D8C.o
                0x00000000000013fa                handle_reset
 .text.ADC_DeInit
                0x000000000000148c       0x46 ./Peripheral/src/ch32v30x_adc.o
                0x000000000000148c                ADC_DeInit
 .text.ADC_Init
                0x00000000000014d2       0x56 ./Peripheral/src/ch32v30x_adc.o
                0x00000000000014d2                ADC_Init
 .text.ADC_Cmd  0x0000000000001528       0x10 ./Peripheral/src/ch32v30x_adc.o
                0x0000000000001528                ADC_Cmd
 .text.ADC_DMACmd
                0x0000000000001538       0x12 ./Peripheral/src/ch32v30x_adc.o
                0x0000000000001538                ADC_DMACmd
 .text.ADC_ResetCalibration
                0x000000000000154a        0xa ./Peripheral/src/ch32v30x_adc.o
                0x000000000000154a                ADC_ResetCalibration
 .text.ADC_GetResetCalibrationStatus
                0x0000000000001554        0x8 ./Peripheral/src/ch32v30x_adc.o
                0x0000000000001554                ADC_GetResetCalibrationStatus
 .text.ADC_StartCalibration
                0x000000000000155c        0xa ./Peripheral/src/ch32v30x_adc.o
                0x000000000000155c                ADC_StartCalibration
 .text.ADC_GetCalibrationStatus
                0x0000000000001566        0x8 ./Peripheral/src/ch32v30x_adc.o
                0x0000000000001566                ADC_GetCalibrationStatus
 .text.ADC_SoftwareStartConvCmd
                0x000000000000156e       0x18 ./Peripheral/src/ch32v30x_adc.o
                0x000000000000156e                ADC_SoftwareStartConvCmd
 .text.ADC_RegularChannelConfig
                0x0000000000001586       0xb8 ./Peripheral/src/ch32v30x_adc.o
                0x0000000000001586                ADC_RegularChannelConfig
 .text.ADC_BufferCmd
                0x000000000000163e       0x18 ./Peripheral/src/ch32v30x_adc.o
                0x000000000000163e                ADC_BufferCmd
 .text.Get_CalibrationValue
                0x0000000000001656      0x130 ./Peripheral/src/ch32v30x_adc.o
                0x0000000000001656                Get_CalibrationValue
 .text.DBGMCU_GetCHIPID
                0x0000000000001786        0xa ./Peripheral/src/ch32v30x_dbgmcu.o
                0x0000000000001786                DBGMCU_GetCHIPID
 .text.DMA_DeInit
                0x0000000000001790      0x16c ./Peripheral/src/ch32v30x_dma.o
                0x0000000000001790                DMA_DeInit
 .text.DMA_Init
                0x00000000000018fc       0x38 ./Peripheral/src/ch32v30x_dma.o
                0x00000000000018fc                DMA_Init
 .text.DMA_Cmd  0x0000000000001934       0x14 ./Peripheral/src/ch32v30x_dma.o
                0x0000000000001934                DMA_Cmd
 .text.GPIO_Init
                0x0000000000001948       0xc0 ./Peripheral/src/ch32v30x_gpio.o
                0x0000000000001948                GPIO_Init
 .text.GPIO_ReadInputDataBit
                0x0000000000001a08        0xa ./Peripheral/src/ch32v30x_gpio.o
                0x0000000000001a08                GPIO_ReadInputDataBit
 .text.GPIO_SetBits
                0x0000000000001a12        0x4 ./Peripheral/src/ch32v30x_gpio.o
                0x0000000000001a12                GPIO_SetBits
 .text.GPIO_WriteBit
                0x0000000000001a16        0xa ./Peripheral/src/ch32v30x_gpio.o
                0x0000000000001a16                GPIO_WriteBit
 .text.GPIO_PinRemapConfig
                0x0000000000001a20       0xd6 ./Peripheral/src/ch32v30x_gpio.o
                0x0000000000001a20                GPIO_PinRemapConfig
 .text.I2C_Init
                0x0000000000001af6       0xfe ./Peripheral/src/ch32v30x_i2c.o
                0x0000000000001af6                I2C_Init
 .text.I2C_Cmd  0x0000000000001bf4       0x18 ./Peripheral/src/ch32v30x_i2c.o
                0x0000000000001bf4                I2C_Cmd
 .text.I2C_GenerateSTART
                0x0000000000001c0c       0x1a ./Peripheral/src/ch32v30x_i2c.o
                0x0000000000001c0c                I2C_GenerateSTART
 .text.I2C_GenerateSTOP
                0x0000000000001c26       0x1a ./Peripheral/src/ch32v30x_i2c.o
                0x0000000000001c26                I2C_GenerateSTOP
 .text.I2C_AcknowledgeConfig
                0x0000000000001c40       0x1a ./Peripheral/src/ch32v30x_i2c.o
                0x0000000000001c40                I2C_AcknowledgeConfig
 .text.I2C_SendData
                0x0000000000001c5a        0x4 ./Peripheral/src/ch32v30x_i2c.o
                0x0000000000001c5a                I2C_SendData
 .text.I2C_ReceiveData
                0x0000000000001c5e        0x8 ./Peripheral/src/ch32v30x_i2c.o
                0x0000000000001c5e                I2C_ReceiveData
 .text.I2C_Send7bitAddress
                0x0000000000001c66       0x12 ./Peripheral/src/ch32v30x_i2c.o
                0x0000000000001c66                I2C_Send7bitAddress
 .text.I2C_CheckEvent
                0x0000000000001c78       0x16 ./Peripheral/src/ch32v30x_i2c.o
                0x0000000000001c78                I2C_CheckEvent
 .text.I2C_GetFlagStatus
                0x0000000000001c8e       0x32 ./Peripheral/src/ch32v30x_i2c.o
                0x0000000000001c8e                I2C_GetFlagStatus
 .text.NVIC_PriorityGroupConfig
                0x0000000000001cc0        0xa ./Peripheral/src/ch32v30x_misc.o
                0x0000000000001cc0                NVIC_PriorityGroupConfig
 .text.NVIC_Init
                0x0000000000001cca       0x52 ./Peripheral/src/ch32v30x_misc.o
                0x0000000000001cca                NVIC_Init
 .text.RCC_ADCCLKConfig
                0x0000000000001d1c       0x12 ./Peripheral/src/ch32v30x_rcc.o
                0x0000000000001d1c                RCC_ADCCLKConfig
 .text.RCC_GetClocksFreq
                0x0000000000001d2e      0x176 ./Peripheral/src/ch32v30x_rcc.o
                0x0000000000001d2e                RCC_GetClocksFreq
 .text.RCC_AHBPeriphClockCmd
                0x0000000000001ea4       0x1e ./Peripheral/src/ch32v30x_rcc.o
                0x0000000000001ea4                RCC_AHBPeriphClockCmd
 .text.RCC_APB2PeriphClockCmd
                0x0000000000001ec2       0x1e ./Peripheral/src/ch32v30x_rcc.o
                0x0000000000001ec2                RCC_APB2PeriphClockCmd
 .text.RCC_APB1PeriphClockCmd
                0x0000000000001ee0       0x1e ./Peripheral/src/ch32v30x_rcc.o
                0x0000000000001ee0                RCC_APB1PeriphClockCmd
 .text.RCC_APB2PeriphResetCmd
                0x0000000000001efe       0x1e ./Peripheral/src/ch32v30x_rcc.o
                0x0000000000001efe                RCC_APB2PeriphResetCmd
 .text.TIM_TimeBaseInit
                0x0000000000001f1c       0xaa ./Peripheral/src/ch32v30x_tim.o
                0x0000000000001f1c                TIM_TimeBaseInit
 .text.TIM_OC1Init
                0x0000000000001fc6       0x82 ./Peripheral/src/ch32v30x_tim.o
                0x0000000000001fc6                TIM_OC1Init
 .text.TIM_OC2Init
                0x0000000000002048       0xae ./Peripheral/src/ch32v30x_tim.o
                0x0000000000002048                TIM_OC2Init
 .text.TIM_OC3Init
                0x00000000000020f6       0xac ./Peripheral/src/ch32v30x_tim.o
                0x00000000000020f6                TIM_OC3Init
 .text.TIM_OC4Init
                0x00000000000021a2       0x88 ./Peripheral/src/ch32v30x_tim.o
                0x00000000000021a2                TIM_OC4Init
 .text.TIM_Cmd  0x000000000000222a       0x18 ./Peripheral/src/ch32v30x_tim.o
                0x000000000000222a                TIM_Cmd
 .text.TIM_CtrlPWMOutputs
                0x0000000000002242       0x16 ./Peripheral/src/ch32v30x_tim.o
                0x0000000000002242                TIM_CtrlPWMOutputs
 .text.TIM_ARRPreloadConfig
                0x0000000000002258       0x1a ./Peripheral/src/ch32v30x_tim.o
                0x0000000000002258                TIM_ARRPreloadConfig
 .text.TIM_OC1PreloadConfig
                0x0000000000002272        0xe ./Peripheral/src/ch32v30x_tim.o
                0x0000000000002272                TIM_OC1PreloadConfig
 .text.TIM_OC2PreloadConfig
                0x0000000000002280       0x16 ./Peripheral/src/ch32v30x_tim.o
                0x0000000000002280                TIM_OC2PreloadConfig
 .text.TIM_OC3PreloadConfig
                0x0000000000002296        0xe ./Peripheral/src/ch32v30x_tim.o
                0x0000000000002296                TIM_OC3PreloadConfig
 .text.TIM_OC4PreloadConfig
                0x00000000000022a4       0x16 ./Peripheral/src/ch32v30x_tim.o
                0x00000000000022a4                TIM_OC4PreloadConfig
 .text.TIM_SetCompare1
                0x00000000000022ba        0x4 ./Peripheral/src/ch32v30x_tim.o
                0x00000000000022ba                TIM_SetCompare1
 .text.TIM_SetCompare2
                0x00000000000022be        0x4 ./Peripheral/src/ch32v30x_tim.o
                0x00000000000022be                TIM_SetCompare2
 .text.TIM_SetCompare3
                0x00000000000022c2        0x4 ./Peripheral/src/ch32v30x_tim.o
                0x00000000000022c2                TIM_SetCompare3
 .text.TIM_SetCompare4
                0x00000000000022c6        0x6 ./Peripheral/src/ch32v30x_tim.o
                0x00000000000022c6                TIM_SetCompare4
 .text.TIM_GetCapture1
                0x00000000000022cc        0x4 ./Peripheral/src/ch32v30x_tim.o
                0x00000000000022cc                TIM_GetCapture1
 .text.TIM_GetCapture2
                0x00000000000022d0        0x4 ./Peripheral/src/ch32v30x_tim.o
                0x00000000000022d0                TIM_GetCapture2
 .text.TIM_GetCapture3
                0x00000000000022d4        0x4 ./Peripheral/src/ch32v30x_tim.o
                0x00000000000022d4                TIM_GetCapture3
 .text.TIM_GetCapture4
                0x00000000000022d8        0x6 ./Peripheral/src/ch32v30x_tim.o
                0x00000000000022d8                TIM_GetCapture4
 .text.TIM_ClearFlag
                0x00000000000022de        0xc ./Peripheral/src/ch32v30x_tim.o
                0x00000000000022de                TIM_ClearFlag
 .text.USART_Init
                0x00000000000022ea       0x90 ./Peripheral/src/ch32v30x_usart.o
                0x00000000000022ea                USART_Init
 .text.USART_Cmd
                0x000000000000237a       0x16 ./Peripheral/src/ch32v30x_usart.o
                0x000000000000237a                USART_Cmd
 .text.USART_ITConfig
                0x0000000000002390       0x36 ./Peripheral/src/ch32v30x_usart.o
                0x0000000000002390                USART_ITConfig
 .text.USART_SendData
                0x00000000000023c6        0x8 ./Peripheral/src/ch32v30x_usart.o
                0x00000000000023c6                USART_SendData
 .text.USART_ReceiveData
                0x00000000000023ce        0x8 ./Peripheral/src/ch32v30x_usart.o
                0x00000000000023ce                USART_ReceiveData
 .text.USART_GetFlagStatus
                0x00000000000023d6        0xa ./Peripheral/src/ch32v30x_usart.o
                0x00000000000023d6                USART_GetFlagStatus
 .text.USART_ClearFlag
                0x00000000000023e0        0xc ./Peripheral/src/ch32v30x_usart.o
                0x00000000000023e0                USART_ClearFlag
 .text.USART_GetITStatus
                0x00000000000023ec       0x3c ./Peripheral/src/ch32v30x_usart.o
                0x00000000000023ec                USART_GetITStatus
 .text.get_st_biases
                0x0000000000002428      0x37e ./General_Files/eMPL/inv_mpu.o
 .text.set_int_enable
                0x00000000000027a6       0x58 ./General_Files/eMPL/inv_mpu.o
 .text.mpu_reset_fifo
                0x00000000000027fe      0x138 ./General_Files/eMPL/inv_mpu.o
                0x00000000000027fe                mpu_reset_fifo
 .text.mpu_get_gyro_fsr
                0x0000000000002936       0x3e ./General_Files/eMPL/inv_mpu.o
                0x0000000000002936                mpu_get_gyro_fsr
 .text.mpu_set_gyro_fsr
                0x0000000000002974       0x7c ./General_Files/eMPL/inv_mpu.o
                0x0000000000002974                mpu_set_gyro_fsr
 .text.mpu_get_accel_fsr
                0x00000000000029f0       0x46 ./General_Files/eMPL/inv_mpu.o
                0x00000000000029f0                mpu_get_accel_fsr
 .text.mpu_set_accel_fsr
                0x0000000000002a36       0x74 ./General_Files/eMPL/inv_mpu.o
                0x0000000000002a36                mpu_set_accel_fsr
 .text.mpu_get_lpf
                0x0000000000002aaa       0x4a ./General_Files/eMPL/inv_mpu.o
                0x0000000000002aaa                mpu_get_lpf
 .text.mpu_set_lpf
                0x0000000000002af4       0x7e ./General_Files/eMPL/inv_mpu.o
                0x0000000000002af4                mpu_set_lpf
 .text.mpu_get_sample_rate
                0x0000000000002b72       0x1a ./General_Files/eMPL/inv_mpu.o
                0x0000000000002b72                mpu_get_sample_rate
 .text.mpu_get_gyro_sens
                0x0000000000002b8c       0x4c ./General_Files/eMPL/inv_mpu.o
                0x0000000000002b8c                mpu_get_gyro_sens
 .text.mpu_get_accel_sens
                0x0000000000002bd8       0x4e ./General_Files/eMPL/inv_mpu.o
                0x0000000000002bd8                mpu_get_accel_sens
 .text.mpu_configure_fifo
                0x0000000000002c26       0x58 ./General_Files/eMPL/inv_mpu.o
                0x0000000000002c26                mpu_configure_fifo
 .text.mpu_read_fifo_stream
                0x0000000000002c7e       0x98 ./General_Files/eMPL/inv_mpu.o
                0x0000000000002c7e                mpu_read_fifo_stream
 .text.mpu_set_bypass
                0x0000000000002d16       0xca ./General_Files/eMPL/inv_mpu.o
                0x0000000000002d16                mpu_set_bypass
 .text.mpu_set_int_latched
                0x0000000000002de0       0x5c ./General_Files/eMPL/inv_mpu.o
                0x0000000000002de0                mpu_set_int_latched
 .text.mpu_lp_accel_mode
                0x0000000000002e3c       0xa8 ./General_Files/eMPL/inv_mpu.o
                0x0000000000002e3c                mpu_lp_accel_mode
 .text.mpu_set_sample_rate
                0x0000000000002ee4       0x9a ./General_Files/eMPL/inv_mpu.o
                0x0000000000002ee4                mpu_set_sample_rate
 .text.mpu_set_sensors
                0x0000000000002f7e       0xb8 ./General_Files/eMPL/inv_mpu.o
                0x0000000000002f7e                mpu_set_sensors
 .text.mpu_init
                0x0000000000003036      0x130 ./General_Files/eMPL/inv_mpu.o
                0x0000000000003036                mpu_init
 .text.mpu_write_mem
                0x0000000000003166       0x62 ./General_Files/eMPL/inv_mpu.o
                0x0000000000003166                mpu_write_mem
 .text.mpu_read_mem
                0x00000000000031c8       0x62 ./General_Files/eMPL/inv_mpu.o
                0x00000000000031c8                mpu_read_mem
 .text.mpu_load_firmware
                0x000000000000322a       0xa8 ./General_Files/eMPL/inv_mpu.o
                0x000000000000322a                mpu_load_firmware
 .text.mpu_set_dmp_state
                0x00000000000032d2       0x80 ./General_Files/eMPL/inv_mpu.o
                0x00000000000032d2                mpu_set_dmp_state
 .text.mpu_run_self_test
                0x0000000000003352      0x352 ./General_Files/eMPL/inv_mpu.o
                0x0000000000003352                mpu_run_self_test
 .text.mget_ms  0x00000000000036a4        0x2 ./General_Files/eMPL/inv_mpu.o
                0x00000000000036a4                mget_ms
 .text.run_self_test
                0x00000000000036a6       0x88 ./General_Files/eMPL/inv_mpu.o
                0x00000000000036a6                run_self_test
 .text.inv_row_2_scale
                0x000000000000372e       0x30 ./General_Files/eMPL/inv_mpu.o
                0x000000000000372e                inv_row_2_scale
 .text.inv_orientation_matrix_to_scalar
                0x000000000000375e       0x2c ./General_Files/eMPL/inv_mpu.o
                0x000000000000375e                inv_orientation_matrix_to_scalar
 .text.mpu_dmp_init
                0x000000000000378a       0xa2 ./General_Files/eMPL/inv_mpu.o
                0x000000000000378a                mpu_dmp_init
 .text.mpu_dmp_get_data
                0x000000000000382c      0x1bc ./General_Files/eMPL/inv_mpu.o
                0x000000000000382c                mpu_dmp_get_data
 .text.dmp_enable_gyro_cal.part.0
                0x00000000000039e8       0x32 ./General_Files/eMPL/inv_mpu_dmp_motion_driver.o
 .text.dmp_load_motion_driver_firmware
                0x0000000000003a1a       0x20 ./General_Files/eMPL/inv_mpu_dmp_motion_driver.o
                0x0000000000003a1a                dmp_load_motion_driver_firmware
 .text.dmp_set_orientation
                0x0000000000003a3a       0xfa ./General_Files/eMPL/inv_mpu_dmp_motion_driver.o
                0x0000000000003a3a                dmp_set_orientation
 .text.dmp_set_gyro_bias
                0x0000000000003b34       0xf8 ./General_Files/eMPL/inv_mpu_dmp_motion_driver.o
                0x0000000000003b34                dmp_set_gyro_bias
 .text.dmp_set_accel_bias
                0x0000000000003c2c       0xfc ./General_Files/eMPL/inv_mpu_dmp_motion_driver.o
                0x0000000000003c2c                dmp_set_accel_bias
 .text.dmp_set_fifo_rate
                0x0000000000003d28       0x56 ./General_Files/eMPL/inv_mpu_dmp_motion_driver.o
                0x0000000000003d28                dmp_set_fifo_rate
 .text.dmp_set_tap_thresh
                0x0000000000003d7e      0x18a ./General_Files/eMPL/inv_mpu_dmp_motion_driver.o
                0x0000000000003d7e                dmp_set_tap_thresh
 .text.dmp_set_tap_axes
                0x0000000000003f08       0x46 ./General_Files/eMPL/inv_mpu_dmp_motion_driver.o
                0x0000000000003f08                dmp_set_tap_axes
 .text.dmp_set_tap_count
                0x0000000000003f4e       0x2e ./General_Files/eMPL/inv_mpu_dmp_motion_driver.o
                0x0000000000003f4e                dmp_set_tap_count
 .text.dmp_set_tap_time
                0x0000000000003f7c       0x28 ./General_Files/eMPL/inv_mpu_dmp_motion_driver.o
                0x0000000000003f7c                dmp_set_tap_time
 .text.dmp_set_tap_time_multi
                0x0000000000003fa4       0x28 ./General_Files/eMPL/inv_mpu_dmp_motion_driver.o
                0x0000000000003fa4                dmp_set_tap_time_multi
 .text.dmp_set_shake_reject_thresh
                0x0000000000003fcc       0x3e ./General_Files/eMPL/inv_mpu_dmp_motion_driver.o
                0x0000000000003fcc                dmp_set_shake_reject_thresh
 .text.dmp_set_shake_reject_time
                0x000000000000400a       0x28 ./General_Files/eMPL/inv_mpu_dmp_motion_driver.o
                0x000000000000400a                dmp_set_shake_reject_time
 .text.dmp_set_shake_reject_timeout
                0x0000000000004032       0x28 ./General_Files/eMPL/inv_mpu_dmp_motion_driver.o
                0x0000000000004032                dmp_set_shake_reject_timeout
 .text.dmp_enable_gyro_cal
                0x000000000000405a       0x2e ./General_Files/eMPL/inv_mpu_dmp_motion_driver.o
                0x000000000000405a                dmp_enable_gyro_cal
 .text.dmp_enable_lp_quat
                0x0000000000004088       0x34 ./General_Files/eMPL/inv_mpu_dmp_motion_driver.o
                0x0000000000004088                dmp_enable_lp_quat
 .text.dmp_enable_6x_lp_quat
                0x00000000000040bc       0x34 ./General_Files/eMPL/inv_mpu_dmp_motion_driver.o
                0x00000000000040bc                dmp_enable_6x_lp_quat
 .text.dmp_enable_feature
                0x00000000000040f0      0x1d6 ./General_Files/eMPL/inv_mpu_dmp_motion_driver.o
                0x00000000000040f0                dmp_enable_feature
 .text.dmp_read_fifo
                0x00000000000042c6      0x1c4 ./General_Files/eMPL/inv_mpu_dmp_motion_driver.o
                0x00000000000042c6                dmp_read_fifo
 .text.BMP280_Read_Byte
                0x000000000000448a       0x44 ./General_Files/drivers/BMP280.o
                0x000000000000448a                BMP280_Read_Byte
 .text.BMP280_Write_Byte
                0x00000000000044ce       0x3a ./General_Files/drivers/BMP280.o
                0x00000000000044ce                BMP280_Write_Byte
 .text.BMP280_Set_TemOversamp
                0x0000000000004508       0x22 ./General_Files/drivers/BMP280.o
                0x0000000000004508                BMP280_Set_TemOversamp
 .text.BMP280_Set_Standby_FILTER
                0x000000000000452a       0x22 ./General_Files/drivers/BMP280.o
                0x000000000000452a                BMP280_Set_Standby_FILTER
 .text.Bmp_Init
                0x000000000000454c      0x174 ./General_Files/drivers/BMP280.o
                0x000000000000454c                Bmp_Init
 .text.MPU6050_I2C_Mem_Write
                0x00000000000046c0       0xcc ./General_Files/drivers/MPU6050.o
                0x00000000000046c0                MPU6050_I2C_Mem_Write
 .text.MPU6050_WriteByte
                0x000000000000478c       0x1e ./General_Files/drivers/MPU6050.o
 .text.MPU6050_Init
                0x00000000000047aa      0x116 ./General_Files/drivers/MPU6050.o
                0x00000000000047aa                MPU6050_Init
 .text.MPU6050_I2C_Mem_Read
                0x00000000000048c0      0x12e ./General_Files/drivers/MPU6050.o
                0x00000000000048c0                MPU6050_I2C_Mem_Read
 .text.MPU6050_Get_Data
                0x00000000000049ee       0x3c ./General_Files/drivers/MPU6050.o
                0x00000000000049ee                MPU6050_Get_Data
 .text.MPU6050_MPU_DMP_GetData
                0x0000000000004a2a       0x50 ./General_Files/drivers/MPU6050.o
                0x0000000000004a2a                MPU6050_MPU_DMP_GetData
 .text.MyI2C_W_SCL
                0x0000000000004a7a       0x20 ./General_Files/drivers/MyI2C.o
                0x0000000000004a7a                MyI2C_W_SCL
 .text.MyI2C_W_SDA
                0x0000000000004a9a       0x20 ./General_Files/drivers/MyI2C.o
                0x0000000000004a9a                MyI2C_W_SDA
 .text.MyI2C_R_SDA
                0x0000000000004aba       0x22 ./General_Files/drivers/MyI2C.o
                0x0000000000004aba                MyI2C_R_SDA
 .text.MyI2C_Init
                0x0000000000004adc       0x3c ./General_Files/drivers/MyI2C.o
                0x0000000000004adc                MyI2C_Init
 .text.MyI2C_Start
                0x0000000000004b18       0x20 ./General_Files/drivers/MyI2C.o
                0x0000000000004b18                MyI2C_Start
 .text.MyI2C_Stop
                0x0000000000004b38       0x1a ./General_Files/drivers/MyI2C.o
                0x0000000000004b38                MyI2C_Stop
 .text.MyI2C_SendByte
                0x0000000000004b52       0x30 ./General_Files/drivers/MyI2C.o
                0x0000000000004b52                MyI2C_SendByte
 .text.MyI2C_ReceiveByte
                0x0000000000004b82       0x40 ./General_Files/drivers/MyI2C.o
                0x0000000000004b82                MyI2C_ReceiveByte
 .text.MyI2C_ReceiveAck
                0x0000000000004bc2       0x22 ./General_Files/drivers/MyI2C.o
                0x0000000000004bc2                MyI2C_ReceiveAck
 .text.ADC_Function_Init
                0x0000000000004be4       0xd0 ./General_Files/drivers/adc.o
                0x0000000000004be4                ADC_Function_Init
 .text.DMA_Tx_Init
                0x0000000000004cb4       0x60 ./General_Files/drivers/adc.o
                0x0000000000004cb4                DMA_Tx_Init
 .text.BAT_ADC_Init
                0x0000000000004d14       0x60 ./General_Files/drivers/adc.o
                0x0000000000004d14                BAT_ADC_Init
 .text.FilterSample
                0x0000000000004d74       0x52 ./General_Files/drivers/bsp_filter.o
                0x0000000000004d74                FilterSample
 .text.FilterAverage
                0x0000000000004dc6       0x2c ./General_Files/drivers/bsp_filter.o
                0x0000000000004dc6                FilterAverage
 .text.LED_Init
                0x0000000000004df2       0x44 ./General_Files/drivers/gpio.o
                0x0000000000004df2                LED_Init
 .text.TIM9_PWMOut_Init
                0x0000000000004e36       0xfc ./General_Files/drivers/pwm.o
                0x0000000000004e36                TIM9_PWMOut_Init
 .text.PWM_Init
                0x0000000000004f32       0x4e ./General_Files/drivers/pwm.o
                0x0000000000004f32                PWM_Init
 .text.Motor_ctr
                0x0000000000004f80       0xc8 ./General_Files/drivers/pwm.o
                0x0000000000004f80                Motor_ctr
 .text.Motor_ctr_SOFT_START
                0x0000000000005048       0x94 ./General_Files/drivers/pwm.o
                0x0000000000005048                Motor_ctr_SOFT_START
 .text.TIM3_IRQHandler
                0x00000000000050dc       0x12 ./General_Files/drivers/tim.o
                0x00000000000050dc                TIM3_IRQHandler
 .text.TIM4_IRQHandler
                0x00000000000050ee       0x12 ./General_Files/drivers/tim.o
                0x00000000000050ee                TIM4_IRQHandler
 .text.USARTx_CFG
                0x0000000000005100       0xac ./General_Files/drivers/uart.o
                0x0000000000005100                USARTx_CFG
 .text.UART_RxCpltCallback
                0x00000000000051ac       0x50 ./General_Files/drivers/uart.o
                0x00000000000051ac                UART_RxCpltCallback
 .text.USART2_IRQHandler
                0x00000000000051fc       0x34 ./General_Files/drivers/uart.o
                0x00000000000051fc                USART2_IRQHandler
 .text.Crc_init
                0x0000000000005230       0x34 ./General_Files/apps/src/CRC.o
                0x0000000000005230                Crc_init
 .text.Calc     0x0000000000005264       0x1e ./General_Files/apps/src/CRC.o
                0x0000000000005264                Calc
 .text.ShiftRxBuffer
                0x0000000000005282       0x38 ./General_Files/apps/src/CRSF.o
                0x0000000000005282                ShiftRxBuffer
 .text.PacketChannelsPacked
                0x00000000000052ba      0x112 ./General_Files/apps/src/CRSF.o
                0x00000000000052ba                PacketChannelsPacked
 .text.PacketLinkStatistics
                0x00000000000053cc       0x2e ./General_Files/apps/src/CRSF.o
                0x00000000000053cc                PacketLinkStatistics
 .text.ProcessPacketIn
                0x00000000000053fa       0x38 ./General_Files/apps/src/CRSF.o
                0x00000000000053fa                ProcessPacketIn
 .text.HandleByteReceived
                0x0000000000005432       0x66 ./General_Files/apps/src/CRSF.o
                0x0000000000005432                HandleByteReceived
 .text.pid_reset
                0x0000000000005498       0x1c ./General_Files/apps/src/pid.o
                0x0000000000005498                pid_reset
 .text.pid_init
                0x00000000000054b4       0x1a ./General_Files/apps/src/pid.o
                0x00000000000054b4                pid_init
 .text.pid_clc  0x00000000000054ce       0x1e ./General_Files/apps/src/pid.o
                0x00000000000054ce                pid_clc
 .text.pid_calc
                0x00000000000054ec       0xe4 ./General_Files/apps/src/pid.o
                0x00000000000054ec                pid_calc
 .text.System_Init
                0x00000000000055d0       0x32 ./General_Files/system.o
                0x00000000000055d0                System_Init
 .text.prvInsertBlockIntoFreeList
                0x0000000000005602       0x4c ./FreeRTOS/portable/MemMang/heap_4.o
 .text.pvPortMalloc
                0x000000000000564e      0x18c ./FreeRTOS/portable/MemMang/heap_4.o
                0x000000000000564e                pvPortMalloc
 .text.vPortFree
                0x00000000000057da       0xa8 ./FreeRTOS/portable/MemMang/heap_4.o
                0x00000000000057da                vPortFree
 .text.xPortGetMinimumEverFreeHeapSize
                0x0000000000005882        0xa ./FreeRTOS/portable/MemMang/heap_4.o
                0x0000000000005882                xPortGetMinimumEverFreeHeapSize
 .text.vPortSetupTimerInterrupt
                0x000000000000588c       0x3a ./FreeRTOS/portable/GCC/RISC-V/port.o
                0x000000000000588c                vPortSetupTimerInterrupt
 .text.xPortStartScheduler
                0x00000000000058c6       0x90 ./FreeRTOS/portable/GCC/RISC-V/port.o
                0x00000000000058c6                xPortStartScheduler
 .text.SysTick_Handler
                0x0000000000005956       0x38 ./FreeRTOS/portable/GCC/RISC-V/port.o
                0x0000000000005956                SysTick_Handler
 .text.vPortEnterCritical
                0x000000000000598e       0x16 ./FreeRTOS/portable/GCC/RISC-V/port.o
                0x000000000000598e                vPortEnterCritical
 .text.vPortExitCritical
                0x00000000000059a4       0x42 ./FreeRTOS/portable/GCC/RISC-V/port.o
                0x00000000000059a4                vPortExitCritical
 .text.vListInitialise
                0x00000000000059e6       0x14 ./FreeRTOS/list.o
                0x00000000000059e6                vListInitialise
 .text.vListInitialiseItem
                0x00000000000059fa        0x6 ./FreeRTOS/list.o
                0x00000000000059fa                vListInitialiseItem
 .text.vListInsert
                0x0000000000005a00       0x2e ./FreeRTOS/list.o
                0x0000000000005a00                vListInsert
 .text.uxListRemove
                0x0000000000005a2e       0x20 ./FreeRTOS/list.o
                0x0000000000005a2e                uxListRemove
 .text.prvIsQueueEmpty
                0x0000000000005a4e       0x1e ./FreeRTOS/queue.o
 .text.prvCopyDataFromQueue
                0x0000000000005a6c       0x28 ./FreeRTOS/queue.o
 .text.prvUnlockQueue
                0x0000000000005a94       0x76 ./FreeRTOS/queue.o
 .text.xQueueGenericReset
                0x0000000000005b0a       0xc4 ./FreeRTOS/queue.o
                0x0000000000005b0a                xQueueGenericReset
 .text.xQueueGenericCreate
                0x0000000000005bce       0x6e ./FreeRTOS/queue.o
                0x0000000000005bce                xQueueGenericCreate
 .text.xQueueReceive
                0x0000000000005c3c      0x160 ./FreeRTOS/queue.o
                0x0000000000005c3c                xQueueReceive
 .text.vQueueAddToRegistry
                0x0000000000005d9c       0x6c ./FreeRTOS/queue.o
                0x0000000000005d9c                vQueueAddToRegistry
 .text.vQueueWaitForMessageRestricted
                0x0000000000005e08       0x5c ./FreeRTOS/queue.o
                0x0000000000005e08                vQueueWaitForMessageRestricted
 .text.prvResetNextTaskUnblockTime
                0x0000000000005e64       0x24 ./FreeRTOS/tasks.o
 .text.prvAddCurrentTaskToDelayedList
                0x0000000000005e88       0xa6 ./FreeRTOS/tasks.o
 .text.prvIdleTask
                0x0000000000005f2e       0x52 ./FreeRTOS/tasks.o
 .text.xTaskCreate
                0x0000000000005f80      0x228 ./FreeRTOS/tasks.o
                0x0000000000005f80                xTaskCreate
 .text.vTaskStartScheduler
                0x00000000000061a8       0x92 ./FreeRTOS/tasks.o
                0x00000000000061a8                vTaskStartScheduler
 .text.vTaskSuspendAll
                0x000000000000623a       0x10 ./FreeRTOS/tasks.o
                0x000000000000623a                vTaskSuspendAll
 .text.xTaskGetTickCount
                0x000000000000624a        0xa ./FreeRTOS/tasks.o
                0x000000000000624a                xTaskGetTickCount
 .text.xTaskIncrementTick
                0x0000000000006254      0x1ac ./FreeRTOS/tasks.o
                0x0000000000006254                xTaskIncrementTick
 .text.xTaskResumeAll
                0x0000000000006400      0x168 ./FreeRTOS/tasks.o
                0x0000000000006400                xTaskResumeAll
 .text.vTaskDelay
                0x0000000000006568       0x66 ./FreeRTOS/tasks.o
                0x0000000000006568                vTaskDelay
 .text.vTaskSwitchContext
                0x00000000000065ce       0x9a ./FreeRTOS/tasks.o
                0x00000000000065ce                vTaskSwitchContext
 .text.vTaskPlaceOnEventList
                0x0000000000006668       0x48 ./FreeRTOS/tasks.o
                0x0000000000006668                vTaskPlaceOnEventList
 .text.vTaskPlaceOnEventListRestricted
                0x00000000000066b0       0x76 ./FreeRTOS/tasks.o
                0x00000000000066b0                vTaskPlaceOnEventListRestricted
 .text.xTaskRemoveFromEventList
                0x0000000000006726       0xec ./FreeRTOS/tasks.o
                0x0000000000006726                xTaskRemoveFromEventList
 .text.vTaskInternalSetTimeOutState
                0x0000000000006812       0x16 ./FreeRTOS/tasks.o
                0x0000000000006812                vTaskInternalSetTimeOutState
 .text.xTaskCheckForTimeOut
                0x0000000000006828       0xca ./FreeRTOS/tasks.o
                0x0000000000006828                xTaskCheckForTimeOut
 .text.vTaskMissedYield
                0x00000000000068f2        0xc ./FreeRTOS/tasks.o
                0x00000000000068f2                vTaskMissedYield
 .text.xTaskGetSchedulerState
                0x00000000000068fe       0x1c ./FreeRTOS/tasks.o
                0x00000000000068fe                xTaskGetSchedulerState
 .text.prvCheckForValidListAndQueue
                0x000000000000691a       0x66 ./FreeRTOS/timers.o
 .text.prvInsertTimerInActiveList
                0x0000000000006980       0x46 ./FreeRTOS/timers.o
 .text.prvReloadTimer
                0x00000000000069c6       0x2a ./FreeRTOS/timers.o
 .text.prvProcessExpiredTimer
                0x00000000000069f0       0x46 ./FreeRTOS/timers.o
 .text.prvSwitchTimerLists
                0x0000000000006a36       0x30 ./FreeRTOS/timers.o
 .text.prvTimerTask
                0x0000000000006a66      0x198 ./FreeRTOS/timers.o
 .text.xTimerCreateTimerTask
                0x0000000000006bfe       0x60 ./FreeRTOS/timers.o
                0x0000000000006bfe                xTimerCreateTimerTask
 .text.Delay_Init
                0x0000000000006c5e       0x2e ./Debug/debug.o
                0x0000000000006c5e                Delay_Init
 .text.Delay_Us
                0x0000000000006c8c       0x3a ./Debug/debug.o
                0x0000000000006c8c                Delay_Us
 .text.Delay_Ms
                0x0000000000006cc6       0x3a ./Debug/debug.o
                0x0000000000006cc6                Delay_Ms
 .text.USART_Printf_Init
                0x0000000000006d00       0x5a ./Debug/debug.o
                0x0000000000006d00                USART_Printf_Init
 .text._write   0x0000000000006d5a       0x3e ./Debug/debug.o
                0x0000000000006d5a                _write
 .text.asinf    0x0000000000006d98       0xbe c:/mounriver/mounriver_studio/toolchain/risc-v embedded gcc/bin/../lib/gcc/riscv-none-embed/8.2.0/../../../../riscv-none-embed/lib/rv32imacxw/ilp32\libm.a(lib_a-wf_asin.o)
                0x0000000000006d98                asinf
 .text.atan2f   0x0000000000006e56        0x2 c:/mounriver/mounriver_studio/toolchain/risc-v embedded gcc/bin/../lib/gcc/riscv-none-embed/8.2.0/../../../../riscv-none-embed/lib/rv32imacxw/ilp32\libm.a(lib_a-wf_atan2.o)
                0x0000000000006e56                atan2f
 .text.__ieee754_asinf
                0x0000000000006e58      0x370 c:/mounriver/mounriver_studio/toolchain/risc-v embedded gcc/bin/../lib/gcc/riscv-none-embed/8.2.0/../../../../riscv-none-embed/lib/rv32imacxw/ilp32\libm.a(lib_a-ef_asin.o)
                0x0000000000006e58                __ieee754_asinf
 .text.__ieee754_atan2f
                0x00000000000071c8      0x192 c:/mounriver/mounriver_studio/toolchain/risc-v embedded gcc/bin/../lib/gcc/riscv-none-embed/8.2.0/../../../../riscv-none-embed/lib/rv32imacxw/ilp32\libm.a(lib_a-ef_atan2.o)
                0x00000000000071c8                __ieee754_atan2f
 .text.__ieee754_sqrtf
                0x000000000000735a       0xdc c:/mounriver/mounriver_studio/toolchain/risc-v embedded gcc/bin/../lib/gcc/riscv-none-embed/8.2.0/../../../../riscv-none-embed/lib/rv32imacxw/ilp32\libm.a(lib_a-ef_sqrt.o)
                0x000000000000735a                __ieee754_sqrtf
 .text.matherr  0x0000000000007436        0x4 c:/mounriver/mounriver_studio/toolchain/risc-v embedded gcc/bin/../lib/gcc/riscv-none-embed/8.2.0/../../../../riscv-none-embed/lib/rv32imacxw/ilp32\libm.a(lib_a-s_matherr.o)
                0x0000000000007436                matherr
 .text.nan      0x000000000000743a        0xe c:/mounriver/mounriver_studio/toolchain/risc-v embedded gcc/bin/../lib/gcc/riscv-none-embed/8.2.0/../../../../riscv-none-embed/lib/rv32imacxw/ilp32\libm.a(lib_a-s_nan.o)
                0x000000000000743a                nan
 .text.atanf    0x0000000000007448      0x288 c:/mounriver/mounriver_studio/toolchain/risc-v embedded gcc/bin/../lib/gcc/riscv-none-embed/8.2.0/../../../../riscv-none-embed/lib/rv32imacxw/ilp32\libm.a(lib_a-sf_atan.o)
                0x0000000000007448                atanf
 .text.fabsf    0x00000000000076d0        0x6 c:/mounriver/mounriver_studio/toolchain/risc-v embedded gcc/bin/../lib/gcc/riscv-none-embed/8.2.0/../../../../riscv-none-embed/lib/rv32imacxw/ilp32\libm.a(lib_a-sf_fabs.o)
                0x00000000000076d0                fabsf
 .text.printchar
                0x00000000000076d6       0x4a c:/mounriver/mounriver_studio/toolchain/risc-v embedded gcc/bin/../lib/gcc/riscv-none-embed/8.2.0/../../../../riscv-none-embed/lib/rv32imacxw/ilp32\libprintfloat.a(printfloat.o)
                0x00000000000076d6                printchar
 .text.prints   0x0000000000007720       0xe0 c:/mounriver/mounriver_studio/toolchain/risc-v embedded gcc/bin/../lib/gcc/riscv-none-embed/8.2.0/../../../../riscv-none-embed/lib/rv32imacxw/ilp32\libprintfloat.a(printfloat.o)
                0x0000000000007720                prints
 .text.printInt
                0x0000000000007800       0xf2 c:/mounriver/mounriver_studio/toolchain/risc-v embedded gcc/bin/../lib/gcc/riscv-none-embed/8.2.0/../../../../riscv-none-embed/lib/rv32imacxw/ilp32\libprintfloat.a(printfloat.o)
                0x0000000000007800                printInt
 .text.printLongLongInt
                0x00000000000078f2      0x122 c:/mounriver/mounriver_studio/toolchain/risc-v embedded gcc/bin/../lib/gcc/riscv-none-embed/8.2.0/../../../../riscv-none-embed/lib/rv32imacxw/ilp32\libprintfloat.a(printfloat.o)
                0x00000000000078f2                printLongLongInt
 .text.printDouble
                0x0000000000007a14      0x100 c:/mounriver/mounriver_studio/toolchain/risc-v embedded gcc/bin/../lib/gcc/riscv-none-embed/8.2.0/../../../../riscv-none-embed/lib/rv32imacxw/ilp32\libprintfloat.a(printfloat.o)
                0x0000000000007a14                printDouble
 .text.print    0x0000000000007b14      0x358 c:/mounriver/mounriver_studio/toolchain/risc-v embedded gcc/bin/../lib/gcc/riscv-none-embed/8.2.0/../../../../riscv-none-embed/lib/rv32imacxw/ilp32\libprintfloat.a(printfloat.o)
                0x0000000000007b14                print
 .text.printf   0x0000000000007e6c       0x24 c:/mounriver/mounriver_studio/toolchain/risc-v embedded gcc/bin/../lib/gcc/riscv-none-embed/8.2.0/../../../../riscv-none-embed/lib/rv32imacxw/ilp32\libprintfloat.a(printfloat.o)
                0x0000000000007e6c                printf
 .text.puts     0x0000000000007e90       0x4a c:/mounriver/mounriver_studio/toolchain/risc-v embedded gcc/bin/../lib/gcc/riscv-none-embed/8.2.0/../../../../riscv-none-embed/lib/rv32imacxw/ilp32\libprintfloat.a(printfloat.o)
                0x0000000000007e90                puts
 .text.__divdi3
                0x0000000000007eda      0x3d4 c:/mounriver/mounriver_studio/toolchain/risc-v embedded gcc/bin/../lib/gcc/riscv-none-embed/8.2.0/rv32imacxw/ilp32\libgcc.a(_divdi3.o)
                0x0000000000007eda                __divdi3
 .text.__udivdi3
                0x00000000000082ae      0x392 c:/mounriver/mounriver_studio/toolchain/risc-v embedded gcc/bin/../lib/gcc/riscv-none-embed/8.2.0/rv32imacxw/ilp32\libgcc.a(_udivdi3.o)
                0x00000000000082ae                __udivdi3
 .text.__umoddi3
                0x0000000000008640      0x38a c:/mounriver/mounriver_studio/toolchain/risc-v embedded gcc/bin/../lib/gcc/riscv-none-embed/8.2.0/rv32imacxw/ilp32\libgcc.a(_umoddi3.o)
                0x0000000000008640                __umoddi3
 .text.__adddf3
                0x00000000000089ca      0x730 c:/mounriver/mounriver_studio/toolchain/risc-v embedded gcc/bin/../lib/gcc/riscv-none-embed/8.2.0/rv32imacxw/ilp32\libgcc.a(adddf3.o)
                0x00000000000089ca                __adddf3
 .text.__ledf2  0x00000000000090fa       0xb6 c:/mounriver/mounriver_studio/toolchain/risc-v embedded gcc/bin/../lib/gcc/riscv-none-embed/8.2.0/rv32imacxw/ilp32\libgcc.a(ledf2.o)
                0x00000000000090fa                __ledf2
                0x00000000000090fa                __ltdf2
 .text.__muldf3
                0x00000000000091b0      0x4b8 c:/mounriver/mounriver_studio/toolchain/risc-v embedded gcc/bin/../lib/gcc/riscv-none-embed/8.2.0/rv32imacxw/ilp32\libgcc.a(muldf3.o)
                0x00000000000091b0                __muldf3
 .text.__subdf3
                0x0000000000009668      0x73e c:/mounriver/mounriver_studio/toolchain/risc-v embedded gcc/bin/../lib/gcc/riscv-none-embed/8.2.0/rv32imacxw/ilp32\libgcc.a(subdf3.o)
                0x0000000000009668                __subdf3
 .text.__fixunsdfsi
                0x0000000000009da6       0x5c c:/mounriver/mounriver_studio/toolchain/risc-v embedded gcc/bin/../lib/gcc/riscv-none-embed/8.2.0/rv32imacxw/ilp32\libgcc.a(fixunsdfsi.o)
                0x0000000000009da6                __fixunsdfsi
 .text.__floatsidf
                0x0000000000009e02       0x72 c:/mounriver/mounriver_studio/toolchain/risc-v embedded gcc/bin/../lib/gcc/riscv-none-embed/8.2.0/rv32imacxw/ilp32\libgcc.a(floatsidf.o)
                0x0000000000009e02                __floatsidf
 .text.__fixdfdi
                0x0000000000009e74       0xbc c:/mounriver/mounriver_studio/toolchain/risc-v embedded gcc/bin/../lib/gcc/riscv-none-embed/8.2.0/rv32imacxw/ilp32\libgcc.a(fixdfdi.o)
                0x0000000000009e74                __fixdfdi
 .text.__floatdidf
                0x0000000000009f30      0x1b6 c:/mounriver/mounriver_studio/toolchain/risc-v embedded gcc/bin/../lib/gcc/riscv-none-embed/8.2.0/rv32imacxw/ilp32\libgcc.a(floatdidf.o)
                0x0000000000009f30                __floatdidf
 .text.__addsf3
                0x000000000000a0e6      0x36a c:/mounriver/mounriver_studio/toolchain/risc-v embedded gcc/bin/../lib/gcc/riscv-none-embed/8.2.0/rv32imacxw/ilp32\libgcc.a(addsf3.o)
                0x000000000000a0e6                __addsf3
 .text.__divsf3
                0x000000000000a450      0x2b2 c:/mounriver/mounriver_studio/toolchain/risc-v embedded gcc/bin/../lib/gcc/riscv-none-embed/8.2.0/rv32imacxw/ilp32\libgcc.a(divsf3.o)
                0x000000000000a450                __divsf3
 .text.__eqsf2  0x000000000000a702       0x5c c:/mounriver/mounriver_studio/toolchain/risc-v embedded gcc/bin/../lib/gcc/riscv-none-embed/8.2.0/rv32imacxw/ilp32\libgcc.a(eqsf2.o)
                0x000000000000a702                __eqsf2
                0x000000000000a702                __nesf2
 .text.__gesf2  0x000000000000a75e       0x86 c:/mounriver/mounriver_studio/toolchain/risc-v embedded gcc/bin/../lib/gcc/riscv-none-embed/8.2.0/rv32imacxw/ilp32\libgcc.a(gesf2.o)
                0x000000000000a75e                __gesf2
                0x000000000000a75e                __gtsf2
 .text.__lesf2  0x000000000000a7e4       0x8c c:/mounriver/mounriver_studio/toolchain/risc-v embedded gcc/bin/../lib/gcc/riscv-none-embed/8.2.0/rv32imacxw/ilp32\libgcc.a(lesf2.o)
                0x000000000000a7e4                __ltsf2
                0x000000000000a7e4                __lesf2
 .text.__mulsf3
                0x000000000000a870      0x294 c:/mounriver/mounriver_studio/toolchain/risc-v embedded gcc/bin/../lib/gcc/riscv-none-embed/8.2.0/rv32imacxw/ilp32\libgcc.a(mulsf3.o)
                0x000000000000a870                __mulsf3
 .text.__subsf3
                0x000000000000ab04      0x388 c:/mounriver/mounriver_studio/toolchain/risc-v embedded gcc/bin/../lib/gcc/riscv-none-embed/8.2.0/rv32imacxw/ilp32\libgcc.a(subsf3.o)
                0x000000000000ab04                __subsf3
 .text.__unordsf2
                0x000000000000ae8c       0x3c c:/mounriver/mounriver_studio/toolchain/risc-v embedded gcc/bin/../lib/gcc/riscv-none-embed/8.2.0/rv32imacxw/ilp32\libgcc.a(unordsf2.o)
                0x000000000000ae8c                __unordsf2
 .text.__fixsfsi
                0x000000000000aec8       0x62 c:/mounriver/mounriver_studio/toolchain/risc-v embedded gcc/bin/../lib/gcc/riscv-none-embed/8.2.0/rv32imacxw/ilp32\libgcc.a(fixsfsi.o)
                0x000000000000aec8                __fixsfsi
 .text.__fixunssfsi
                0x000000000000af2a       0x56 c:/mounriver/mounriver_studio/toolchain/risc-v embedded gcc/bin/../lib/gcc/riscv-none-embed/8.2.0/rv32imacxw/ilp32\libgcc.a(fixunssfsi.o)
                0x000000000000af2a                __fixunssfsi
 .text.__floatsisf
                0x000000000000af80       0xc6 c:/mounriver/mounriver_studio/toolchain/risc-v embedded gcc/bin/../lib/gcc/riscv-none-embed/8.2.0/rv32imacxw/ilp32\libgcc.a(floatsisf.o)
                0x000000000000af80                __floatsisf
 .text.__floatunsisf
                0x000000000000b046       0xce c:/mounriver/mounriver_studio/toolchain/risc-v embedded gcc/bin/../lib/gcc/riscv-none-embed/8.2.0/rv32imacxw/ilp32\libgcc.a(floatunsisf.o)
                0x000000000000b046                __floatunsisf
 .text.__extendsfdf2
                0x000000000000b114       0xac c:/mounriver/mounriver_studio/toolchain/risc-v embedded gcc/bin/../lib/gcc/riscv-none-embed/8.2.0/rv32imacxw/ilp32\libgcc.a(extendsfdf2.o)
                0x000000000000b114                __extendsfdf2
 .text.__truncdfsf2
                0x000000000000b1c0      0x16a c:/mounriver/mounriver_studio/toolchain/risc-v embedded gcc/bin/../lib/gcc/riscv-none-embed/8.2.0/rv32imacxw/ilp32\libgcc.a(truncdfsf2.o)
                0x000000000000b1c0                __truncdfsf2
 .text.__clzsi2
                0x000000000000b32a       0x6e c:/mounriver/mounriver_studio/toolchain/risc-v embedded gcc/bin/../lib/gcc/riscv-none-embed/8.2.0/rv32imacxw/ilp32\libgcc.a(_clzsi2.o)
                0x000000000000b32a                __clzsi2
 .text.__errno  0x000000000000b398        0x8 c:/mounriver/mounriver_studio/toolchain/risc-v embedded gcc/bin/../lib/gcc/riscv-none-embed/8.2.0/../../../../riscv-none-embed/lib/rv32imacxw/ilp32\libg_nano.a(lib_a-errno.o)
                0x000000000000b398                __errno
 .text.memcmp   0x000000000000b3a0       0x24 c:/mounriver/mounriver_studio/toolchain/risc-v embedded gcc/bin/../lib/gcc/riscv-none-embed/8.2.0/../../../../riscv-none-embed/lib/rv32imacxw/ilp32\libg_nano.a(lib_a-memcmp.o)
                0x000000000000b3a0                memcmp
 .text.memcpy   0x000000000000b3c4       0xb2 c:/mounriver/mounriver_studio/toolchain/risc-v embedded gcc/bin/../lib/gcc/riscv-none-embed/8.2.0/../../../../riscv-none-embed/lib/rv32imacxw/ilp32\libg_nano.a(lib_a-memcpy.o)
                0x000000000000b3c4                memcpy
 *(.rodata)
 *fill*         0x000000000000b476        0x2 
 .rodata        0x000000000000b478       0x2f ./General_Files/eMPL/inv_mpu_dmp_motion_driver.o
 *(.rodata*)
 *fill*         0x000000000000b4a7        0x1 
 .rodata.String_print.str1.4
                0x000000000000b4a8      0x18f ./User/RTOS_apps/Print_status.o
 *fill*         0x000000000000b637        0x1 
 .rodata.ELRS_Convert_angle.cst8
                0x000000000000b638        0x8 ./User/RTOS_apps/control_handle.o
 .rodata.ELRS_Convert_throttle.cst8
                0x000000000000b640       0x10 ./User/RTOS_apps/control_handle.o
 .rodata.PIDSTRUCT_Init.cst4
                0x000000000000b650       0x50 ./User/RTOS_apps/control_handle.o
 .rodata.Roll_innerloop_ctr.cst4
                0x000000000000b6a0        0x4 ./User/RTOS_apps/control_handle.o
 .rodata.Motor_sort_start.cst4
                0x000000000000b6a4        0x8 ./User/RTOS_apps/soft_stast.o
 .rodata.Motor_sort_start.str1.4
                0x000000000000b6ac       0x21 ./User/RTOS_apps/soft_stast.o
 *fill*         0x000000000000b6cd        0x3 
 .rodata.RTOS_init.str1.4
                0x000000000000b6d0       0x1c ./User/RTOS_tasks.o
 .rodata.main.str1.4
                0x000000000000b6ec       0x60 ./User/main.o
 .rodata.mpu_get_lpf
                0x000000000000b74c       0x18 ./General_Files/eMPL/inv_mpu.o
 .rodata.hw     0x000000000000b764        0xc ./General_Files/eMPL/inv_mpu.o
                0x000000000000b764                hw
 .rodata.mpu_dmp_get_data.cst4
                0x000000000000b770        0x8 ./General_Files/eMPL/inv_mpu.o
 .rodata.mpu_dmp_get_data.cst8
                0x000000000000b778        0x8 ./General_Files/eMPL/inv_mpu.o
 .rodata.mpu_dmp_init.str1.4
                0x000000000000b780       0x12 ./General_Files/eMPL/inv_mpu.o
 *fill*         0x000000000000b792        0x2 
 .rodata.mpu_get_gyro_sens.cst4
                0x000000000000b794       0x10 ./General_Files/eMPL/inv_mpu.o
 .rodata.mpu_init.str1.4
                0x000000000000b7a4       0x91 ./General_Files/eMPL/inv_mpu.o
 *fill*         0x000000000000b835        0x3 
 .rodata.mpu_run_self_test.cst4
                0x000000000000b838       0x2c ./General_Files/eMPL/inv_mpu.o
                                         0x30 (size before relaxing)
 .rodata.reg    0x000000000000b864       0x1b ./General_Files/eMPL/inv_mpu.o
                0x000000000000b864                reg
 *fill*         0x000000000000b87f        0x1 
 .rodata.test   0x000000000000b880       0x28 ./General_Files/eMPL/inv_mpu.o
                0x000000000000b880                test
 .rodata.dmp_memory
                0x000000000000b8a8      0xbf6 ./General_Files/eMPL/inv_mpu_dmp_motion_driver.o
 *fill*         0x000000000000c49e        0x2 
 .rodata.dmp_set_tap_thresh.cst4
                0x000000000000c4a0       0x24 ./General_Files/eMPL/inv_mpu_dmp_motion_driver.o
 .rodata.MPU6050_Init.str1.4
                0x000000000000c4c4       0x1b ./General_Files/drivers/MPU6050.o
 *fill*         0x000000000000c4df        0x1 
 .rodata.BAT_ADC_Init.str1.4
                0x000000000000c4e0       0x16 ./General_Files/drivers/adc.o
 .rodata.FilterAverage.cst4
                0x000000000000c4f6        0x4 ./General_Files/drivers/bsp_filter.o
 *fill*         0x000000000000c4f6        0x2 
 .rodata.System_Init.str1.4
                0x000000000000c4f8       0x11 ./General_Files/system.o
 *fill*         0x000000000000c509        0x3 
 .rodata.pvPortMalloc.str1.4
                0x000000000000c50c       0x49 ./FreeRTOS/portable/MemMang/heap_4.o
 *fill*         0x000000000000c555        0x3 
 .rodata.xPortStartScheduler.str1.4
                0x000000000000c558       0x27 ./FreeRTOS/portable/GCC/RISC-V/port.o
                                         0x49 (size before relaxing)
 *fill*         0x000000000000c57f        0x1 
 .rodata.xQueueGenericReset.str1.4
                0x000000000000c580       0x14 ./FreeRTOS/queue.o
                                         0x35 (size before relaxing)
 .rodata.prvTaskIsTaskSuspended.str1.4
                0x000000000000c594       0x14 ./FreeRTOS/tasks.o
                                         0x35 (size before relaxing)
 .rodata.vTaskStartScheduler.str1.4
                0x000000000000c5a8        0x5 ./FreeRTOS/tasks.o
 *fill*         0x000000000000c5ad        0x3 
 .rodata.prvTimerTask
                0x000000000000c5b0       0x24 ./FreeRTOS/timers.o
 .rodata.prvCheckForValidListAndQueue.str1.4
                0x000000000000c5d4        0x5 ./FreeRTOS/timers.o
 *fill*         0x000000000000c5d9        0x3 
 .rodata.prvTimerTask.str1.4
                0x000000000000c5dc       0x15 ./FreeRTOS/timers.o
                                         0x39 (size before relaxing)
 *fill*         0x000000000000c5f1        0x3 
 .rodata.xTimerCreateTimerTask.str1.4
                0x000000000000c5f4        0x8 ./FreeRTOS/timers.o
 .rodata.asinf.cst4
                0x000000000000c5fc        0x4 c:/mounriver/mounriver_studio/toolchain/risc-v embedded gcc/bin/../lib/gcc/riscv-none-embed/8.2.0/../../../../riscv-none-embed/lib/rv32imacxw/ilp32\libm.a(lib_a-wf_asin.o)
 .rodata.asinf.str1.4
                0x000000000000c5fc        0x6 c:/mounriver/mounriver_studio/toolchain/risc-v embedded gcc/bin/../lib/gcc/riscv-none-embed/8.2.0/../../../../riscv-none-embed/lib/rv32imacxw/ilp32\libm.a(lib_a-wf_asin.o)
                                          0x9 (size before relaxing)
 *fill*         0x000000000000c602        0x2 
 .rodata.__ieee754_asinf.cst4
                0x000000000000c604       0x40 c:/mounriver/mounriver_studio/toolchain/risc-v embedded gcc/bin/../lib/gcc/riscv-none-embed/8.2.0/../../../../riscv-none-embed/lib/rv32imacxw/ilp32\libm.a(lib_a-ef_asin.o)
                                         0x44 (size before relaxing)
 .rodata.__ieee754_atan2f.cst4
                0x000000000000c644       0x20 c:/mounriver/mounriver_studio/toolchain/risc-v embedded gcc/bin/../lib/gcc/riscv-none-embed/8.2.0/../../../../riscv-none-embed/lib/rv32imacxw/ilp32\libm.a(lib_a-ef_atan2.o)
                                         0x28 (size before relaxing)
 *fill*         0x000000000000c664        0x4 
 .rodata.nan.cst8
                0x000000000000c668        0x8 c:/mounriver/mounriver_studio/toolchain/risc-v embedded gcc/bin/../lib/gcc/riscv-none-embed/8.2.0/../../../../riscv-none-embed/lib/rv32imacxw/ilp32\libm.a(lib_a-s_nan.o)
 .rodata.atanf.cst4
                0x000000000000c670       0x38 c:/mounriver/mounriver_studio/toolchain/risc-v embedded gcc/bin/../lib/gcc/riscv-none-embed/8.2.0/../../../../riscv-none-embed/lib/rv32imacxw/ilp32\libm.a(lib_a-sf_atan.o)
                                         0x48 (size before relaxing)
 .rodata.atanhi
                0x000000000000c6a8       0x10 c:/mounriver/mounriver_studio/toolchain/risc-v embedded gcc/bin/../lib/gcc/riscv-none-embed/8.2.0/../../../../riscv-none-embed/lib/rv32imacxw/ilp32\libm.a(lib_a-sf_atan.o)
 .rodata.atanlo
                0x000000000000c6b8       0x10 c:/mounriver/mounriver_studio/toolchain/risc-v embedded gcc/bin/../lib/gcc/riscv-none-embed/8.2.0/../../../../riscv-none-embed/lib/rv32imacxw/ilp32\libm.a(lib_a-sf_atan.o)
 .rodata.print.str1.4
                0x000000000000c6c8        0x8 c:/mounriver/mounriver_studio/toolchain/risc-v embedded gcc/bin/../lib/gcc/riscv-none-embed/8.2.0/../../../../riscv-none-embed/lib/rv32imacxw/ilp32\libprintfloat.a(printfloat.o)
                                          0x7 (size before relaxing)
 .rodata.__muldf3
                0x000000000000c6d0       0x40 c:/mounriver/mounriver_studio/toolchain/risc-v embedded gcc/bin/../lib/gcc/riscv-none-embed/8.2.0/rv32imacxw/ilp32\libgcc.a(muldf3.o)
 .rodata.__divsf3
                0x000000000000c710       0x80 c:/mounriver/mounriver_studio/toolchain/risc-v embedded gcc/bin/../lib/gcc/riscv-none-embed/8.2.0/rv32imacxw/ilp32\libgcc.a(divsf3.o)
 .rodata.__mulsf3
                0x000000000000c790       0x40 c:/mounriver/mounriver_studio/toolchain/risc-v embedded gcc/bin/../lib/gcc/riscv-none-embed/8.2.0/rv32imacxw/ilp32\libgcc.a(mulsf3.o)
 .rodata.__clz_tab
                0x000000000000c7d0      0x100 c:/mounriver/mounriver_studio/toolchain/risc-v embedded gcc/bin/../lib/gcc/riscv-none-embed/8.2.0/rv32imacxw/ilp32\libgcc.a(_clz.o)
                0x000000000000c7d0                __clz_tab
 *(.gnu.linkonce.t.*)
                0x000000000000c8d0                . = ALIGN (0x4)

.rela.dyn       0x000000000000c8d0        0x0
 .rela.text.String_print
                0x000000000000c8d0        0x0 ./User/RTOS_apps/IMU_handle.o
 .rela.text.Motor_sort_start
                0x000000000000c8d0        0x0 ./User/RTOS_apps/IMU_handle.o
 .rela.text.startup.main
                0x000000000000c8d0        0x0 ./User/RTOS_apps/IMU_handle.o
 .rela.init     0x000000000000c8d0        0x0 ./User/RTOS_apps/IMU_handle.o
 .rela.vector   0x000000000000c8d0        0x0 ./User/RTOS_apps/IMU_handle.o
 .rela.text.handle_reset
                0x000000000000c8d0        0x0 ./User/RTOS_apps/IMU_handle.o
 .rela.text.mpu_init
                0x000000000000c8d0        0x0 ./User/RTOS_apps/IMU_handle.o
 .rela.text.mpu_dmp_init
                0x000000000000c8d0        0x0 ./User/RTOS_apps/IMU_handle.o
 .rela.text.MPU6050_Init
                0x000000000000c8d0        0x0 ./User/RTOS_apps/IMU_handle.o
 .rela.text.BAT_ADC_Init
                0x000000000000c8d0        0x0 ./User/RTOS_apps/IMU_handle.o
 .rela.text.System_Init
                0x000000000000c8d0        0x0 ./User/RTOS_apps/IMU_handle.o
 .rela.text.pvPortMalloc
                0x000000000000c8d0        0x0 ./User/RTOS_apps/IMU_handle.o
 .rela.text.vPortFree
                0x000000000000c8d0        0x0 ./User/RTOS_apps/IMU_handle.o
 .rela.text.xPortStartScheduler
                0x000000000000c8d0        0x0 ./User/RTOS_apps/IMU_handle.o
 .rela.text.vPortExitCritical
                0x000000000000c8d0        0x0 ./User/RTOS_apps/IMU_handle.o
 .rela.sdata2.xISRStackTop
                0x000000000000c8d0        0x0 ./User/RTOS_apps/IMU_handle.o
 .rela.text.xQueueGenericReset
                0x000000000000c8d0        0x0 ./User/RTOS_apps/IMU_handle.o
 .rela.text.xQueueGenericCreate
                0x000000000000c8d0        0x0 ./User/RTOS_apps/IMU_handle.o
 .rela.text.xQueueReceive
                0x000000000000c8d0        0x0 ./User/RTOS_apps/IMU_handle.o
 .rela.text.vQueueAddToRegistry
                0x000000000000c8d0        0x0 ./User/RTOS_apps/IMU_handle.o
 .rela.text.xTaskCreate
                0x000000000000c8d0        0x0 ./User/RTOS_apps/IMU_handle.o
 .rela.text.vTaskStartScheduler
                0x000000000000c8d0        0x0 ./User/RTOS_apps/IMU_handle.o
 .rela.text.xTaskIncrementTick
                0x000000000000c8d0        0x0 ./User/RTOS_apps/IMU_handle.o
 .rela.text.xTaskResumeAll
                0x000000000000c8d0        0x0 ./User/RTOS_apps/IMU_handle.o
 .rela.text.vTaskDelay
                0x000000000000c8d0        0x0 ./User/RTOS_apps/IMU_handle.o
 .rela.text.vTaskSwitchContext
                0x000000000000c8d0        0x0 ./User/RTOS_apps/IMU_handle.o
 .rela.text.vTaskPlaceOnEventList
                0x000000000000c8d0        0x0 ./User/RTOS_apps/IMU_handle.o
 .rela.text.vTaskPlaceOnEventListRestricted
                0x000000000000c8d0        0x0 ./User/RTOS_apps/IMU_handle.o
 .rela.text.xTaskRemoveFromEventList
                0x000000000000c8d0        0x0 ./User/RTOS_apps/IMU_handle.o
 .rela.text.xTaskCheckForTimeOut
                0x000000000000c8d0        0x0 ./User/RTOS_apps/IMU_handle.o
 .rela.text.prvTimerTask
                0x000000000000c8d0        0x0 ./User/RTOS_apps/IMU_handle.o
 .rela.text.xTimerCreateTimerTask
                0x000000000000c8d0        0x0 ./User/RTOS_apps/IMU_handle.o
 .rela.text.prints
                0x000000000000c8d0        0x0 ./User/RTOS_apps/IMU_handle.o
 .rela.text.printInt
                0x000000000000c8d0        0x0 ./User/RTOS_apps/IMU_handle.o
 .rela.text.printLongLongInt
                0x000000000000c8d0        0x0 ./User/RTOS_apps/IMU_handle.o
 .rela.text.printDouble
                0x000000000000c8d0        0x0 ./User/RTOS_apps/IMU_handle.o
 .rela.text.print
                0x000000000000c8d0        0x0 ./User/RTOS_apps/IMU_handle.o
 .rela.text.printf
                0x000000000000c8d0        0x0 ./User/RTOS_apps/IMU_handle.o
 .rela.data.impure_data
                0x000000000000c8d0        0x0 ./User/RTOS_apps/IMU_handle.o

.fini           0x000000000000c8d0        0x0
 *(SORT_NONE(.fini))
                0x000000000000c8d0                . = ALIGN (0x4)
                [!provide]                        PROVIDE (_etext = .)
                [!provide]                        PROVIDE (_eitcm = .)

.preinit_array  0x000000000000c8d0        0x0
                [!provide]                        PROVIDE (__preinit_array_start = .)
 *(.preinit_array)
                [!provide]                        PROVIDE (__preinit_array_end = .)

.init_array     0x000000000000c8d0        0x0
                [!provide]                        PROVIDE (__init_array_start = .)
 *(SORT_BY_INIT_PRIORITY(.init_array.*) SORT_BY_INIT_PRIORITY(.ctors.*))
 *(.init_array EXCLUDE_FILE(*crtend?.o *crtend.o *crtbegin?.o *crtbegin.o) .ctors)
                [!provide]                        PROVIDE (__init_array_end = .)

.fini_array     0x000000000000c8d0        0x0
                [!provide]                        PROVIDE (__fini_array_start = .)
 *(SORT_BY_INIT_PRIORITY(.fini_array.*) SORT_BY_INIT_PRIORITY(.dtors.*))
 *(.fini_array EXCLUDE_FILE(*crtend?.o *crtend.o *crtbegin?.o *crtbegin.o) .dtors)
                [!provide]                        PROVIDE (__fini_array_end = .)

.ctors
 *crtbegin.o(.ctors)
 *crtbegin?.o(.ctors)
 *(EXCLUDE_FILE(*crtend?.o *crtend.o) .ctors)
 *(SORT_BY_NAME(.ctors.*))
 *(.ctors)

.dtors
 *crtbegin.o(.dtors)
 *crtbegin?.o(.dtors)
 *(EXCLUDE_FILE(*crtend?.o *crtend.o) .dtors)
 *(SORT_BY_NAME(.dtors.*))
 *(.dtors)

.dalign         0x0000000020000000        0x0 load address 0x000000000000c8d0
                0x0000000020000000                . = ALIGN (0x4)
                0x0000000020000000                PROVIDE (_data_vma = .)

.dlalign        0x000000000000c8d0        0x0
                0x000000000000c8d0                . = ALIGN (0x4)
                0x000000000000c8d0                PROVIDE (_data_lma = .)

.data           0x0000000020000000      0x108 load address 0x000000000000c8d0
 *(.gnu.linkonce.r.*)
 *(.data .data.*)
 .data.AHBPrescTable
                0x0000000020000000       0x10 ./User/system_ch32v30x.o
                0x0000000020000000                AHBPrescTable
 .data.APBAHBPrescTable
                0x0000000020000010       0x10 ./Peripheral/src/ch32v30x_rcc.o
 .data.gyro_orientation
                0x0000000020000020        0x9 ./General_Files/eMPL/inv_mpu.o
 *fill*         0x0000000020000029        0x3 
 .data.st       0x000000002000002c       0x2c ./General_Files/eMPL/inv_mpu.o
 .data.Motor_pos
                0x0000000020000058       0x10 ./General_Files/drivers/pwm.o
                0x0000000020000058                Motor_pos
 .data.pid_func
                0x0000000020000068       0x10 ./General_Files/apps/src/pid.o
                0x0000000020000068                pid_func
 .data.impure_data
                0x0000000020000078       0x60 c:/mounriver/mounriver_studio/toolchain/risc-v embedded gcc/bin/../lib/gcc/riscv-none-embed/8.2.0/../../../../riscv-none-embed/lib/rv32imacxw/ilp32\libg_nano.a(lib_a-impure.o)
 *(.gnu.linkonce.d.*)
                0x00000000200000d8                . = ALIGN (0x8)
                0x00000000200008d8                PROVIDE (__global_pointer$ = (. + 0x800))
 *(.sdata .sdata.*)
 .sdata.IMU_IO_STATUS
                0x00000000200000d8        0x4 ./User/RTOS_apps/IMU_handle.o
                0x00000000200000d8                IMU_IO_STATUS
 .sdata.Motor_speed_set
                0x00000000200000dc        0x4 ./User/RTOS_apps/soft_stast.o
                0x00000000200000dc                Motor_speed_set
 .sdata.last_RC_lock_state
                0x00000000200000e0        0x4 ./User/RTOS_apps/soft_stast.o
                0x00000000200000e0                last_RC_lock_state
 .sdata.SystemCoreClock
                0x00000000200000e4        0x4 ./User/system_ch32v30x.o
                0x00000000200000e4                SystemCoreClock
 .sdata.ADCPrescTable
                0x00000000200000e8        0x4 ./Peripheral/src/ch32v30x_rcc.o
 .sdata.bmp280  0x00000000200000ec        0x4 ./General_Files/drivers/BMP280.o
                0x00000000200000ec                bmp280
 .sdata.uxCriticalNesting
                0x00000000200000f0        0x4 ./FreeRTOS/portable/GCC/RISC-V/port.o
 .sdata.uxTopUsedPriority
                0x00000000200000f4        0x4 ./FreeRTOS/tasks.o
                0x00000000200000f4                uxTopUsedPriority
 .sdata.__fdlib_version
                0x00000000200000f8        0x4 c:/mounriver/mounriver_studio/toolchain/risc-v embedded gcc/bin/../lib/gcc/riscv-none-embed/8.2.0/../../../../riscv-none-embed/lib/rv32imacxw/ilp32\libm.a(lib_a-s_lib_ver.o)
                0x00000000200000f8                __fdlib_version
 .sdata._impure_ptr
                0x00000000200000fc        0x4 c:/mounriver/mounriver_studio/toolchain/risc-v embedded gcc/bin/../lib/gcc/riscv-none-embed/8.2.0/../../../../riscv-none-embed/lib/rv32imacxw/ilp32\libg_nano.a(lib_a-impure.o)
                0x00000000200000fc                _impure_ptr
 *(.sdata2.*)
 .sdata2.xISRStackTop
                0x0000000020000100        0x4 ./FreeRTOS/portable/GCC/RISC-V/port.o
                0x0000000020000100                xISRStackTop
 *(.gnu.linkonce.s.*)
                0x0000000020000108                . = ALIGN (0x8)
 *fill*         0x0000000020000104        0x4 
 *(.srodata.cst16)
 *(.srodata.cst8)
 *(.srodata.cst4)
 *(.srodata.cst2)
 *(.srodata .srodata.*)
                0x0000000020000108                . = ALIGN (0x4)
                0x0000000020000108                PROVIDE (_edata = .)

.bss            0x0000000020000108     0x4618 load address 0x000000000000c9d8
                0x0000000020000108                . = ALIGN (0x4)
                0x0000000020000108                PROVIDE (_sbss = .)
 *(.sbss*)
 .sbss.Control_task_Handler
                0x0000000020000108        0x4 ./User/RTOS_tasks.o
                0x0000000020000108                Control_task_Handler
 .sbss.IMU_Task_Handler
                0x000000002000010c        0x4 ./User/RTOS_tasks.o
                0x000000002000010c                IMU_Task_Handler
 .sbss.Motor_SoftStart_Handler
                0x0000000020000110        0x4 ./User/RTOS_tasks.o
                0x0000000020000110                Motor_SoftStart_Handler
 .sbss.PrintTask_Handler
                0x0000000020000114        0x4 ./User/RTOS_tasks.o
                0x0000000020000114                PrintTask_Handler
 .sbss.NVIC_Priority_Group
                0x0000000020000118        0x4 ./Peripheral/src/ch32v30x_misc.o
                0x0000000020000118                NVIC_Priority_Group
 .sbss.Calibrattion_Val
                0x000000002000011c        0x2 ./General_Files/drivers/adc.o
                0x000000002000011c                Calibrattion_Val
 *fill*         0x000000002000011e        0x2 
 .sbss.TxBuf    0x0000000020000120        0x2 ./General_Files/drivers/adc.o
                0x0000000020000120                TxBuf
 .sbss.RxBuf_Index
                0x0000000020000122        0x1 ./General_Files/apps/src/CRSF.o
                0x0000000020000122                RxBuf_Index
 *fill*         0x0000000020000123        0x1 
 .sbss.pxEnd    0x0000000020000124        0x4 ./FreeRTOS/portable/MemMang/heap_4.o
 .sbss.xBlockAllocatedBit
                0x0000000020000128        0x4 ./FreeRTOS/portable/MemMang/heap_4.o
 .sbss.xFreeBytesRemaining
                0x000000002000012c        0x4 ./FreeRTOS/portable/MemMang/heap_4.o
 .sbss.xMinimumEverFreeBytesRemaining
                0x0000000020000130        0x4 ./FreeRTOS/portable/MemMang/heap_4.o
 .sbss.xNumberOfSuccessfulAllocations
                0x0000000020000134        0x4 ./FreeRTOS/portable/MemMang/heap_4.o
 .sbss.xNumberOfSuccessfulFrees
                0x0000000020000138        0x4 ./FreeRTOS/portable/MemMang/heap_4.o
 .sbss.xStart   0x000000002000013c        0x8 ./FreeRTOS/portable/MemMang/heap_4.o
 .sbss.pxCurrentTCB
                0x0000000020000144        0x4 ./FreeRTOS/tasks.o
                0x0000000020000144                pxCurrentTCB
 .sbss.pxDelayedTaskList
                0x0000000020000148        0x4 ./FreeRTOS/tasks.o
 .sbss.pxOverflowDelayedTaskList
                0x000000002000014c        0x4 ./FreeRTOS/tasks.o
 .sbss.uxCurrentNumberOfTasks
                0x0000000020000150        0x4 ./FreeRTOS/tasks.o
 .sbss.uxDeletedTasksWaitingCleanUp
                0x0000000020000154        0x4 ./FreeRTOS/tasks.o
 .sbss.uxSchedulerSuspended
                0x0000000020000158        0x4 ./FreeRTOS/tasks.o
 .sbss.uxTaskNumber
                0x000000002000015c        0x4 ./FreeRTOS/tasks.o
 .sbss.uxTopReadyPriority
                0x0000000020000160        0x4 ./FreeRTOS/tasks.o
 .sbss.xIdleTaskHandle
                0x0000000020000164        0x4 ./FreeRTOS/tasks.o
 .sbss.xNextTaskUnblockTime
                0x0000000020000168        0x4 ./FreeRTOS/tasks.o
 .sbss.xNumOfOverflows
                0x000000002000016c        0x4 ./FreeRTOS/tasks.o
 .sbss.xPendedTicks
                0x0000000020000170        0x4 ./FreeRTOS/tasks.o
 .sbss.xSchedulerRunning
                0x0000000020000174        0x4 ./FreeRTOS/tasks.o
 .sbss.xTickCount
                0x0000000020000178        0x4 ./FreeRTOS/tasks.o
 .sbss.xYieldPending
                0x000000002000017c        0x4 ./FreeRTOS/tasks.o
 .sbss.pxCurrentTimerList
                0x0000000020000180        0x4 ./FreeRTOS/timers.o
 .sbss.pxOverflowTimerList
                0x0000000020000184        0x4 ./FreeRTOS/timers.o
 .sbss.xLastTime.6314
                0x0000000020000188        0x4 ./FreeRTOS/timers.o
 .sbss.xTimerQueue
                0x000000002000018c        0x4 ./FreeRTOS/timers.o
 .sbss.xTimerTaskHandle
                0x0000000020000190        0x4 ./FreeRTOS/timers.o
 .sbss.p_ms     0x0000000020000194        0x2 ./Debug/debug.o
 .sbss.p_us     0x0000000020000196        0x1 ./Debug/debug.o
 *(.gnu.linkonce.sb.*)
 *(.bss*)
 *fill*         0x0000000020000197        0x1 
 .bss.MPU6050_para
                0x0000000020000198       0x14 ./User/RTOS_apps/IMU_handle.o
                0x0000000020000198                MPU6050_para
 .bss.MPU6050_para_filted
                0x00000000200001ac       0x14 ./User/RTOS_apps/IMU_handle.o
                0x00000000200001ac                MPU6050_para_filted
 .bss.gyro_filter
                0x00000000200001c0       0x60 ./User/RTOS_apps/IMU_handle.o
                0x00000000200001c0                gyro_filter
 .bss.control   0x0000000020000220      0x208 ./User/RTOS_apps/control_handle.o
                0x0000000020000220                control
 .bss.dmp       0x0000000020000428       0x10 ./General_Files/eMPL/inv_mpu_dmp_motion_driver.o
 .bss.bmp280_inst
                0x0000000020000438       0x18 ./General_Files/drivers/BMP280.o
                0x0000000020000438                bmp280_inst
 .bss._lut      0x0000000020000450      0x100 ./General_Files/apps/src/CRC.o
                0x0000000020000450                _lut
 .bss.CrsfChannels
                0x0000000020000550       0x40 ./General_Files/apps/src/CRSF.o
                0x0000000020000550                CrsfChannels
 .bss.LinkStatistics
                0x0000000020000590        0xa ./General_Files/apps/src/CRSF.o
                0x0000000020000590                LinkStatistics
 *fill*         0x000000002000059a        0x2 
 .bss.RxBuf     0x000000002000059c       0x40 ./General_Files/apps/src/CRSF.o
                0x000000002000059c                RxBuf
 .bss.ucHeap    0x00000000200005dc     0x4000 ./FreeRTOS/portable/MemMang/heap_4.o
 .bss.xQueueRegistry
                0x00000000200045dc       0x40 ./FreeRTOS/queue.o
                0x00000000200045dc                xQueueRegistry
 .bss.pxReadyTasksLists
                0x000000002000461c       0x78 ./FreeRTOS/tasks.o
 .bss.xDelayedTaskList1
                0x0000000020004694       0x14 ./FreeRTOS/tasks.o
 .bss.xDelayedTaskList2
                0x00000000200046a8       0x14 ./FreeRTOS/tasks.o
 .bss.xPendingReadyList
                0x00000000200046bc       0x14 ./FreeRTOS/tasks.o
 .bss.xSuspendedTaskList
                0x00000000200046d0       0x14 ./FreeRTOS/tasks.o
 .bss.xTasksWaitingTermination
                0x00000000200046e4       0x14 ./FreeRTOS/tasks.o
 .bss.xActiveTimerList1
                0x00000000200046f8       0x14 ./FreeRTOS/timers.o
 .bss.xActiveTimerList2
                0x000000002000470c       0x14 ./FreeRTOS/timers.o
 *(.gnu.linkonce.b.*)
 *(COMMON*)
                0x0000000020004720                . = ALIGN (0x4)
                0x0000000020004720                PROVIDE (_ebss = .)
                0x0000000020004720                PROVIDE (_end = _ebss)
                [!provide]                        PROVIDE (end = .)

.stack          0x0000000020007800      0x800
                0x0000000020007800                PROVIDE (_heap_end = .)
                0x0000000020007800                . = ALIGN (0x4)
                [!provide]                        PROVIDE (_susrstack = .)
                0x0000000020008000                . = (. + __stack_size)
 *fill*         0x0000000020007800      0x800 
                0x0000000020008000                PROVIDE (_eusrstack = .)
                0x0000000020008000                __freertos_irq_stack_top = .
OUTPUT(FreeRTOS.elf elf32-littleriscv)

.debug_info     0x0000000000000000    0x31ffa
 .debug_info    0x0000000000000000      0xf91 ./User/RTOS_apps/IMU_handle.o
 .debug_info    0x0000000000000f91     0x123c ./User/RTOS_apps/Print_status.o
 .debug_info    0x00000000000021cd     0x1350 ./User/RTOS_apps/control_handle.o
 .debug_info    0x000000000000351d      0xe85 ./User/RTOS_apps/soft_stast.o
 .debug_info    0x00000000000043a2      0xf33 ./User/RTOS_tasks.o
 .debug_info    0x00000000000052d5      0x962 ./User/ch32v30x_it.o
 .debug_info    0x0000000000005c37      0xc9b ./User/main.o
 .debug_info    0x00000000000068d2      0xb99 ./User/system_ch32v30x.o
 .debug_info    0x000000000000746b       0x22 ./Startup/startup_ch32v30x_D8C.o
 .debug_info    0x000000000000748d     0x16e9 ./Peripheral/src/ch32v30x_adc.o
 .debug_info    0x0000000000008b76      0xa94 ./Peripheral/src/ch32v30x_dbgmcu.o
 .debug_info    0x000000000000960a      0xd16 ./Peripheral/src/ch32v30x_dma.o
 .debug_info    0x000000000000a320     0x11cb ./Peripheral/src/ch32v30x_gpio.o
 .debug_info    0x000000000000b4eb     0x1481 ./Peripheral/src/ch32v30x_i2c.o
 .debug_info    0x000000000000c96c      0xf60 ./Peripheral/src/ch32v30x_misc.o
 .debug_info    0x000000000000d8cc     0x156e ./Peripheral/src/ch32v30x_rcc.o
 .debug_info    0x000000000000ee3a     0x2a16 ./Peripheral/src/ch32v30x_tim.o
 .debug_info    0x0000000000011850     0x13b1 ./Peripheral/src/ch32v30x_usart.o
 .debug_info    0x0000000000012c01     0x42bb ./General_Files/eMPL/inv_mpu.o
 .debug_info    0x0000000000016ebc     0x1b5b ./General_Files/eMPL/inv_mpu_dmp_motion_driver.o
 .debug_info    0x0000000000018a17     0x13dd ./General_Files/drivers/BMP280.o
 .debug_info    0x0000000000019df4     0x1921 ./General_Files/drivers/MPU6050.o
 .debug_info    0x000000000001b715      0xfb7 ./General_Files/drivers/MyI2C.o
 .debug_info    0x000000000001c6cc     0x12e7 ./General_Files/drivers/adc.o
 .debug_info    0x000000000001d9b3      0xdf1 ./General_Files/drivers/bsp_filter.o
 .debug_info    0x000000000001e7a4      0xb5b ./General_Files/drivers/gpio.o
 .debug_info    0x000000000001f2ff     0x16b3 ./General_Files/drivers/pwm.o