Archive member included to satisfy reference by file (symbol)

d:/mounriver/mounriver_studio/toolchain/risc-v embedded gcc/bin/../lib/gcc/riscv-none-embed/8.2.0/../../../../riscv-none-embed/lib/rv32imafc/ilp32f\libm.a(lib_a-wf_asin.o)
                              ./General_Files/eMPL/inv_mpu.o (asinf)
d:/mounriver/mounriver_studio/toolchain/risc-v embedded gcc/bin/../lib/gcc/riscv-none-embed/8.2.0/../../../../riscv-none-embed/lib/rv32imafc/ilp32f\libm.a(lib_a-wf_atan2.o)
                              ./General_Files/eMPL/inv_mpu.o (atan2f)
d:/mounriver/mounriver_studio/toolchain/risc-v embedded gcc/bin/../lib/gcc/riscv-none-embed/8.2.0/../../../../riscv-none-embed/lib/rv32imafc/ilp32f\libm.a(lib_a-ef_asin.o)
                              d:/mounriver/mounriver_studio/toolchain/risc-v embedded gcc/bin/../lib/gcc/riscv-none-embed/8.2.0/../../../../riscv-none-embed/lib/rv32imafc/ilp32f\libm.a(lib_a-wf_asin.o) (__ieee754_asinf)
d:/mounriver/mounriver_studio/toolchain/risc-v embedded gcc/bin/../lib/gcc/riscv-none-embed/8.2.0/../../../../riscv-none-embed/lib/rv32imafc/ilp32f\libm.a(lib_a-ef_atan2.o)
                              d:/mounriver/mounriver_studio/toolchain/risc-v embedded gcc/bin/../lib/gcc/riscv-none-embed/8.2.0/../../../../riscv-none-embed/lib/rv32imafc/ilp32f\libm.a(lib_a-wf_atan2.o) (__ieee754_atan2f)
d:/mounriver/mounriver_studio/toolchain/risc-v embedded gcc/bin/../lib/gcc/riscv-none-embed/8.2.0/../../../../riscv-none-embed/lib/rv32imafc/ilp32f\libm.a(lib_a-ef_sqrt.o)
                              d:/mounriver/mounriver_studio/toolchain/risc-v embedded gcc/bin/../lib/gcc/riscv-none-embed/8.2.0/../../../../riscv-none-embed/lib/rv32imafc/ilp32f\libm.a(lib_a-ef_asin.o) (__ieee754_sqrtf)
d:/mounriver/mounriver_studio/toolchain/risc-v embedded gcc/bin/../lib/gcc/riscv-none-embed/8.2.0/../../../../riscv-none-embed/lib/rv32imafc/ilp32f\libm.a(lib_a-s_lib_ver.o)
                              d:/mounriver/mounriver_studio/toolchain/risc-v embedded gcc/bin/../lib/gcc/riscv-none-embed/8.2.0/../../../../riscv-none-embed/lib/rv32imafc/ilp32f\libm.a(lib_a-wf_asin.o) (__fdlib_version)
d:/mounriver/mounriver_studio/toolchain/risc-v embedded gcc/bin/../lib/gcc/riscv-none-embed/8.2.0/../../../../riscv-none-embed/lib/rv32imafc/ilp32f\libm.a(lib_a-s_matherr.o)
                              d:/mounriver/mounriver_studio/toolchain/risc-v embedded gcc/bin/../lib/gcc/riscv-none-embed/8.2.0/../../../../riscv-none-embed/lib/rv32imafc/ilp32f\libm.a(lib_a-wf_asin.o) (matherr)
d:/mounriver/mounriver_studio/toolchain/risc-v embedded gcc/bin/../lib/gcc/riscv-none-embed/8.2.0/../../../../riscv-none-embed/lib/rv32imafc/ilp32f\libm.a(lib_a-s_nan.o)
                              d:/mounriver/mounriver_studio/toolchain/risc-v embedded gcc/bin/../lib/gcc/riscv-none-embed/8.2.0/../../../../riscv-none-embed/lib/rv32imafc/ilp32f\libm.a(lib_a-wf_asin.o) (nan)
d:/mounriver/mounriver_studio/toolchain/risc-v embedded gcc/bin/../lib/gcc/riscv-none-embed/8.2.0/../../../../riscv-none-embed/lib/rv32imafc/ilp32f\libm.a(lib_a-sf_atan.o)
                              d:/mounriver/mounriver_studio/toolchain/risc-v embedded gcc/bin/../lib/gcc/riscv-none-embed/8.2.0/../../../../riscv-none-embed/lib/rv32imafc/ilp32f\libm.a(lib_a-ef_atan2.o) (atanf)
d:/mounriver/mounriver_studio/toolchain/risc-v embedded gcc/bin/../lib/gcc/riscv-none-embed/8.2.0/../../../../riscv-none-embed/lib/rv32imafc/ilp32f\libm.a(lib_a-sf_fabs.o)
                              d:/mounriver/mounriver_studio/toolchain/risc-v embedded gcc/bin/../lib/gcc/riscv-none-embed/8.2.0/../../../../riscv-none-embed/lib/rv32imafc/ilp32f\libm.a(lib_a-wf_asin.o) (fabsf)
d:/mounriver/mounriver_studio/toolchain/risc-v embedded gcc/bin/../lib/gcc/riscv-none-embed/8.2.0/../../../../riscv-none-embed/lib/rv32imafc/ilp32f\libprintfloat.a(printfloat.o)
                              ./User/main.o (printf)
d:/mounriver/mounriver_studio/toolchain/risc-v embedded gcc/bin/../lib/gcc/riscv-none-embed/8.2.0/rv32imafc/ilp32f\libgcc.a(_divdi3.o)
                              ./General_Files/eMPL/inv_mpu.o (__divdi3)
d:/mounriver/mounriver_studio/toolchain/risc-v embedded gcc/bin/../lib/gcc/riscv-none-embed/8.2.0/rv32imafc/ilp32f\libgcc.a(_udivdi3.o)
                              d:/mounriver/mounriver_studio/toolchain/risc-v embedded gcc/bin/../lib/gcc/riscv-none-embed/8.2.0/../../../../riscv-none-embed/lib/rv32imafc/ilp32f\libprintfloat.a(printfloat.o) (__udivdi3)
d:/mounriver/mounriver_studio/toolchain/risc-v embedded gcc/bin/../lib/gcc/riscv-none-embed/8.2.0/rv32imafc/ilp32f\libgcc.a(_umoddi3.o)
                              d:/mounriver/mounriver_studio/toolchain/risc-v embedded gcc/bin/../lib/gcc/riscv-none-embed/8.2.0/../../../../riscv-none-embed/lib/rv32imafc/ilp32f\libprintfloat.a(printfloat.o) (__umoddi3)
d:/mounriver/mounriver_studio/toolchain/risc-v embedded gcc/bin/../lib/gcc/riscv-none-embed/8.2.0/rv32imafc/ilp32f\libgcc.a(ledf2.o)
[...]
Memory Configuration

Name             Origin             Length             Attributes
FLASH            0x0000000000000000 0x0000000000048000 xr
RAM              0x0000000020000000 0x0000000000008000 xrw
*default*        0x0000000000000000 0xffffffffffffffff

Linker script and memory map

LOAD ./User/ch32v30x_it.o
LOAD ./User/main.o
LOAD ./User/system_ch32v30x.o
LOAD ./Startup/startup_ch32v30x_D8C.o
LOAD ./Peripheral/src/ch32v30x_adc.o
LOAD ./Peripheral/src/ch32v30x_bkp.o
LOAD ./Peripheral/src/ch32v30x_can.o
LOAD ./Peripheral/src/ch32v30x_crc.o
LOAD ./Peripheral/src/ch32v30x_dac.o
LOAD ./Peripheral/src/ch32v30x_dbgmcu.o
LOAD ./Peripheral/src/ch32v30x_dma.o
LOAD ./Peripheral/src/ch32v30x_dvp.o
LOAD ./Peripheral/src/ch32v30x_eth.o
LOAD ./Peripheral/src/ch32v30x_exti.o
LOAD ./Peripheral/src/ch32v30x_flash.o
LOAD ./Peripheral/src/ch32v30x_fsmc.o
LOAD ./Peripheral/src/ch32v30x_gpio.o
LOAD ./Peripheral/src/ch32v30x_i2c.o
LOAD ./Peripheral/src/ch32v30x_iwdg.o
LOAD ./Peripheral/src/ch32v30x_misc.o
LOAD ./Peripheral/src/ch32v30x_opa.o
LOAD ./Peripheral/src/ch32v30x_pwr.o
LOAD ./Peripheral/src/ch32v30x_rcc.o
LOAD ./Peripheral/src/ch32v30x_rng.o
LOAD ./Peripheral/src/ch32v30x_rtc.o
LOAD ./Peripheral/src/ch32v30x_sdio.o
LOAD ./Peripheral/src/ch32v30x_spi.o
LOAD ./Peripheral/src/ch32v30x_tim.o
LOAD ./Peripheral/src/ch32v30x_usart.o
LOAD ./Peripheral/src/ch32v30x_wwdg.o
LOAD ./General_Files/eMPL/inv_mpu.o
LOAD ./General_Files/eMPL/inv_mpu_dmp_motion_driver.o
LOAD ./General_Files/drivers/MPU6050.o
LOAD ./General_Files/drivers/ST7789.o
LOAD ./General_Files/system.o
LOAD ./Debug/debug.o
LOAD ./Core/core_riscv.o
LOAD d:/mounriver/mounriver_studio/toolchain/risc-v embedded gcc/bin/../lib/gcc/riscv-none-embed/8.2.0/../../../../riscv-none-embed/lib/rv32imafc/ilp32f\libm.a
LOAD d:/mounriver/mounriver_studio/toolchain/risc-v embedded gcc/bin/../lib/gcc/riscv-none-embed/8.2.0/../../../../riscv-none-embed/lib/rv32imafc/ilp32f\libprintfloat.a
LOAD d:/mounriver/mounriver_studio/toolchain/risc-v embedded gcc/bin/../lib/gcc/riscv-none-embed/8.2.0/rv32imafc/ilp32f\libgcc.a
LOAD d:/mounriver/mounriver_studio/toolchain/risc-v embedded gcc/bin/../lib/gcc/riscv-none-embed/8.2.0/../../../../riscv-none-embed/lib/rv32imafc/ilp32f\libg_nano.a
LOAD d:/mounriver/mounriver_studio/toolchain/risc-v embedded gcc/bin/../lib/gcc/riscv-none-embed/8.2.0/../../../../riscv-none-embed/lib/rv32imafc/ilp32f\libc_nano.a
LOAD d:/mounriver/mounriver_studio/toolchain/risc-v embedded gcc/bin/../lib/gcc/riscv-none-embed/8.2.0/rv32imafc/ilp32f\libgcc.a
START GROUP
LOAD d:/mounriver/mounriver_studio/toolchain/risc-v embedded gcc/bin/../lib/gcc/riscv-none-embed/8.2.0/rv32imafc/ilp32f\libgcc.a
LOAD d:/mounriver/mounriver_studio/toolchain/risc-v embedded gcc/bin/../lib/gcc/riscv-none-embed/8.2.0/../../../../riscv-none-embed/lib/rv32imafc/ilp32f\libc_nano.a
LOAD d:/mounriver/mounriver_studio/toolchain/risc-v embedded gcc/bin/../lib/gcc/riscv-none-embed/8.2.0/../../../../riscv-none-embed/lib/rv32imafc/ilp32f\libnosys.a
END GROUP
START GROUP
LOAD d:/mounriver/mounriver_studio/toolchain/risc-v embedded gcc/bin/../lib/gcc/riscv-none-embed/8.2.0/rv32imafc/ilp32f\libgcc.a
LOAD d:/mounriver/mounriver_studio/toolchain/risc-v embedded gcc/bin/../lib/gcc/riscv-none-embed/8.2.0/../../../../riscv-none-embed/lib/rv32imafc/ilp32f\libc_nano.a
LOAD d:/mounriver/mounriver_studio/toolchain/risc-v embedded gcc/bin/../lib/gcc/riscv-none-embed/8.2.0/../../../../riscv-none-embed/lib/rv32imafc/ilp32f\libnosys.a
END GROUP
                0x0000000000000800                __stack_size = 0x800
                [!provide]                        PROVIDE (_stack_size = __stack_size)

.init           0x0000000000000000       0x38
                0x0000000000000000                _sinit = .
                0x0000000000000000                . = ALIGN (0x4)
 *(SORT_NONE(.init))
 .init          0x0000000000000000       0x38 ./Startup/startup_ch32v30x_D8C.o
                0x0000000000000000                _start
                0x0000000000000038                . = ALIGN (0x4)
                0x0000000000000038                _einit = .

.vector         0x0000000000000038      0x1c8
 *(.vector)
 .vector        0x0000000000000038      0x1a0 ./Startup/startup_ch32v30x_D8C.o
                0x0000000000000200                . = ALIGN (0x40)
 *fill*         0x00000000000001d8       0x28 

.text           0x0000000000000200     0x875c
                0x0000000000000200                . = ALIGN (0x4)
 *(.text)
 .text          0x0000000000000200       0xa8 d:/mounriver/mounriver_studio/toolchain/risc-v embedded gcc/bin/../lib/gcc/riscv-none-embed/8.2.0/../../../../riscv-none-embed/lib/rv32imafc/ilp32f\libg_nano.a(lib_a-memset.o)
                0x0000000000000200                memset
 *(.text.*)
 .text.NMI_Handler
                0x00000000000002a8        0x4 ./User/ch32v30x_it.o
                0x00000000000002a8                NMI_Handler
 .text.HardFault_Handler
                0x00000000000002ac        0x2 ./User/ch32v30x_it.o
                0x00000000000002ac                HardFault_Handler
 .text.startup.main
                0x00000000000002ae       0x40 ./User/main.o
                0x00000000000002ae                main
 .text.SystemInit
                0x00000000000002ee       0xfa ./User/system_ch32v30x.o
                0x00000000000002ee                SystemInit
 .text.vector_handler
                0x00000000000003e8       0xbe ./Startup/startup_ch32v30x_D8C.o
                0x00000000000003ec                Ecall_M_Mode_Handler
                0x00000000000003ee                Ecall_U_Mode_Handler
                0x00000000000003f0                Break_Point_Handler
                0x00000000000003f2                SysTick_Handler
                0x00000000000003f4                SW_Handler
                0x00000000000003f6                WWDG_IRQHandler
                0x00000000000003f8                PVD_IRQHandler
                0x00000000000003fa                TAMPER_IRQHandler
                0x00000000000003fc                RTC_IRQHandler
                0x00000000000003fe                FLASH_IRQHandler
                0x0000000000000400                RCC_IRQHandler
                0x0000000000000402                EXTI0_IRQHandler
                0x0000000000000404                EXTI1_IRQHandler
                0x0000000000000406                EXTI2_IRQHandler
                0x0000000000000408                EXTI3_IRQHandler
                0x000000000000040a                EXTI4_IRQHandler
                0x000000000000040c                DMA1_Channel1_IRQHandler
                0x000000000000040e                DMA1_Channel2_IRQHandler
                0x0000000000000410                DMA1_Channel3_IRQHandler
                0x0000000000000412                DMA1_Channel4_IRQHandler
                0x0000000000000414                DMA1_Channel5_IRQHandler
                0x0000000000000416                DMA1_Channel6_IRQHandler
                0x0000000000000418                DMA1_Channel7_IRQHandler
                0x000000000000041a                ADC1_2_IRQHandler
                0x000000000000041c                USB_HP_CAN1_TX_IRQHandler
                0x000000000000041e                USB_LP_CAN1_RX0_IRQHandler
                0x0000000000000420                CAN1_RX1_IRQHandler
                0x0000000000000422                CAN1_SCE_IRQHandler
                0x0000000000000424                EXTI9_5_IRQHandler
                0x0000000000000426                TIM1_BRK_IRQHandler
                0x0000000000000428                TIM1_UP_IRQHandler
                0x000000000000042a                TIM1_TRG_COM_IRQHandler
                0x000000000000042c                TIM1_CC_IRQHandler
                0x000000000000042e                TIM2_IRQHandler
                0x0000000000000430                TIM3_IRQHandler
                0x0000000000000432                TIM4_IRQHandler
                0x0000000000000434                I2C1_EV_IRQHandler
                0x0000000000000436                I2C1_ER_IRQHandler
                0x0000000000000438                I2C2_EV_IRQHandler
                0x000000000000043a                I2C2_ER_IRQHandler
                0x000000000000043c                SPI1_IRQHandler
                0x000000000000043e                SPI2_IRQHandler
                0x0000000000000440                USART1_IRQHandler
                0x0000000000000442                USART2_IRQHandler
                0x0000000000000444                USART3_IRQHandler
                0x0000000000000446                EXTI15_10_IRQHandler
                0x0000000000000448                RTCAlarm_IRQHandler
                0x000000000000044a                USBWakeUp_IRQHandler
                0x000000000000044c                TIM8_BRK_IRQHandler
                0x000000000000044e                TIM8_UP_IRQHandler
                0x0000000000000450                TIM8_TRG_COM_IRQHandler
                0x0000000000000452                TIM8_CC_IRQHandler
                0x0000000000000454                RNG_IRQHandler
                0x0000000000000456                FSMC_IRQHandler
                0x0000000000000458                SDIO_IRQHandler
                0x000000000000045a                TIM5_IRQHandler
                0x000000000000045c                SPI3_IRQHandler
                0x000000000000045e                UART4_IRQHandler
                0x0000000000000460                UART5_IRQHandler
                0x0000000000000462                TIM6_IRQHandler
                0x0000000000000464                TIM7_IRQHandler
                0x0000000000000466                DMA2_Channel1_IRQHandler
                0x0000000000000468                DMA2_Channel2_IRQHandler
                0x000000000000046a                DMA2_Channel3_IRQHandler
                0x000000000000046c                DMA2_Channel4_IRQHandler
                0x000000000000046e                DMA2_Channel5_IRQHandler
                0x0000000000000470                ETH_IRQHandler
                0x0000000000000472                ETH_WKUP_IRQHandler
                0x0000000000000474                CAN2_TX_IRQHandler
                0x0000000000000476                CAN2_RX0_IRQHandler
                0x0000000000000478                CAN2_RX1_IRQHandler
                0x000000000000047a                CAN2_SCE_IRQHandler
                0x000000000000047c                OTG_FS_IRQHandler
                0x000000000000047e                USBHSWakeup_IRQHandler
                0x0000000000000480                USBHS_IRQHandler
                0x0000000000000482                DVP_IRQHandler
                0x0000000000000484                UART6_IRQHandler
                0x0000000000000486                UART7_IRQHandler
                0x0000000000000488                UART8_IRQHandler
                0x000000000000048a                TIM9_BRK_IRQHandler
                0x000000000000048c                TIM9_UP_IRQHandler
                0x000000000000048e                TIM9_TRG_COM_IRQHandler
                0x0000000000000490                TIM9_CC_IRQHandler
                0x0000000000000492                TIM10_BRK_IRQHandler
                0x0000000000000494                TIM10_UP_IRQHandler
                0x0000000000000496                TIM10_TRG_COM_IRQHandler
                0x0000000000000498                TIM10_CC_IRQHandler
                0x000000000000049a                DMA2_Channel6_IRQHandler
                0x000000000000049c                DMA2_Channel7_IRQHandler
                0x000000000000049e                DMA2_Channel8_IRQHandler
                0x00000000000004a0                DMA2_Channel9_IRQHandler
                0x00000000000004a2                DMA2_Channel10_IRQHandler
                0x00000000000004a4                DMA2_Channel11_IRQHandler
 .text.handle_reset
                0x00000000000004a6       0x8a ./Startup/startup_ch32v30x_D8C.o
                0x00000000000004a6                handle_reset
 .text.GPIO_Init
                0x0000000000000530       0xc2 ./Peripheral/src/ch32v30x_gpio.o
                0x0000000000000530                GPIO_Init
 .text.GPIO_ResetBits
                0x00000000000005f2        0x4 ./Peripheral/src/ch32v30x_gpio.o
                0x00000000000005f2                GPIO_ResetBits
 .text.GPIO_WriteBit
                0x00000000000005f6        0xa ./Peripheral/src/ch32v30x_gpio.o
                0x00000000000005f6                GPIO_WriteBit
 .text.I2C_Init
                0x0000000000000600      0x11a ./Peripheral/src/ch32v30x_i2c.o
                0x0000000000000600                I2C_Init
 .text.I2C_Cmd  0x000000000000071a       0x1c ./Peripheral/src/ch32v30x_i2c.o
                0x000000000000071a                I2C_Cmd
 .text.I2C_GenerateSTART
                0x0000000000000736       0x1e ./Peripheral/src/ch32v30x_i2c.o
                0x0000000000000736                I2C_GenerateSTART
 .text.I2C_GenerateSTOP
                0x0000000000000754       0x1e ./Peripheral/src/ch32v30x_i2c.o
                0x0000000000000754                I2C_GenerateSTOP
 .text.I2C_AcknowledgeConfig
                0x0000000000000772       0x1e ./Peripheral/src/ch32v30x_i2c.o
                0x0000000000000772                I2C_AcknowledgeConfig
 .text.I2C_SendData
                0x0000000000000790        0x6 ./Peripheral/src/ch32v30x_i2c.o
                0x0000000000000790                I2C_SendData
 .text.I2C_ReceiveData
                0x0000000000000796        0xa ./Peripheral/src/ch32v30x_i2c.o
                0x0000000000000796                I2C_ReceiveData
 .text.I2C_Send7bitAddress
                0x00000000000007a0       0x14 ./Peripheral/src/ch32v30x_i2c.o
                0x00000000000007a0                I2C_Send7bitAddress
 .text.I2C_CheckEvent
                0x00000000000007b4       0x1a ./Peripheral/src/ch32v30x_i2c.o
                0x00000000000007b4                I2C_CheckEvent
 .text.I2C_GetFlagStatus
                0x00000000000007ce       0x32 ./Peripheral/src/ch32v30x_i2c.o
                0x00000000000007ce                I2C_GetFlagStatus
 .text.NVIC_PriorityGroupConfig
                0x0000000000000800        0x6 ./Peripheral/src/ch32v30x_misc.o
                0x0000000000000800                NVIC_PriorityGroupConfig
 .text.RCC_GetClocksFreq
                0x0000000000000806      0x10e ./Peripheral/src/ch32v30x_rcc.o
                0x0000000000000806                RCC_GetClocksFreq
 .text.RCC_APB2PeriphClockCmd
                0x0000000000000914       0x1e ./Peripheral/src/ch32v30x_rcc.o
                0x0000000000000914                RCC_APB2PeriphClockCmd
 .text.RCC_APB1PeriphClockCmd
                0x0000000000000932       0x1e ./Peripheral/src/ch32v30x_rcc.o
                0x0000000000000932                RCC_APB1PeriphClockCmd
 .text.SPI_Init
                0x0000000000000950       0x5a ./Peripheral/src/ch32v30x_spi.o
                0x0000000000000950                SPI_Init
 .text.SPI_Cmd  0x00000000000009aa       0x1e ./Peripheral/src/ch32v30x_spi.o
                0x00000000000009aa                SPI_Cmd
 .text.SPI_I2S_SendData
                0x00000000000009c8        0x6 ./Peripheral/src/ch32v30x_spi.o
                0x00000000000009c8                SPI_I2S_SendData
 .text.SPI_I2S_ReceiveData
                0x00000000000009ce        0x6 ./Peripheral/src/ch32v30x_spi.o
                0x00000000000009ce                SPI_I2S_ReceiveData
 .text.SPI_I2S_GetFlagStatus
                0x00000000000009d4        0xc ./Peripheral/src/ch32v30x_spi.o
                0x00000000000009d4                SPI_I2S_GetFlagStatus
 .text.USART_Init
                0x00000000000009e0       0xd8 ./Peripheral/src/ch32v30x_usart.o
                0x00000000000009e0                USART_Init
 .text.USART_Cmd
                0x0000000000000ab8       0x1c ./Peripheral/src/ch32v30x_usart.o
                0x0000000000000ab8                USART_Cmd
 .text.USART_SendData
                0x0000000000000ad4        0xa ./Peripheral/src/ch32v30x_usart.o
                0x0000000000000ad4                USART_SendData
 .text.USART_GetFlagStatus
                0x0000000000000ade        0xc ./Peripheral/src/ch32v30x_usart.o
                0x0000000000000ade                USART_GetFlagStatus
 .text.get_st_biases
                0x0000000000000aea      0x402 ./General_Files/eMPL/inv_mpu.o
 .text.set_int_enable
                0x0000000000000eec       0x6a ./General_Files/eMPL/inv_mpu.o
 .text.mpu_reset_fifo
                0x0000000000000f56      0x17e ./General_Files/eMPL/inv_mpu.o
                0x0000000000000f56                mpu_reset_fifo
 .text.mpu_get_gyro_fsr
                0x00000000000010d4       0x40 ./General_Files/eMPL/inv_mpu.o
                0x00000000000010d4                mpu_get_gyro_fsr
 .text.mpu_set_gyro_fsr
                0x0000000000001114       0x8e ./General_Files/eMPL/inv_mpu.o
                0x0000000000001114                mpu_set_gyro_fsr
 .text.mpu_get_accel_fsr
                0x00000000000011a2       0x50 ./General_Files/eMPL/inv_mpu.o
                0x00000000000011a2                mpu_get_accel_fsr
 .text.mpu_set_accel_fsr
                0x00000000000011f2       0x86 ./General_Files/eMPL/inv_mpu.o
                0x00000000000011f2                mpu_set_accel_fsr
 .text.mpu_get_lpf
                0x0000000000001278       0x4c ./General_Files/eMPL/inv_mpu.o
                0x0000000000001278                mpu_get_lpf
 .text.mpu_set_lpf
                0x00000000000012c4       0x90 ./General_Files/eMPL/inv_mpu.o
                0x00000000000012c4                mpu_set_lpf
 .text.mpu_get_sample_rate
                0x0000000000001354       0x1e ./General_Files/eMPL/inv_mpu.o
                0x0000000000001354                mpu_get_sample_rate
 .text.mpu_get_gyro_sens
                0x0000000000001372       0x4c ./General_Files/eMPL/inv_mpu.o
                0x0000000000001372                mpu_get_gyro_sens
 .text.mpu_get_accel_sens
                0x00000000000013be       0x58 ./General_Files/eMPL/inv_mpu.o
                0x00000000000013be                mpu_get_accel_sens
 .text.mpu_configure_fifo
                0x0000000000001416       0x6a ./General_Files/eMPL/inv_mpu.o
                0x0000000000001416                mpu_configure_fifo
 .text.mpu_read_fifo_stream
                0x0000000000001480       0xc2 ./General_Files/eMPL/inv_mpu.o
                0x0000000000001480                mpu_read_fifo_stream
 .text.mpu_set_bypass
                0x0000000000001542       0xf8 ./General_Files/eMPL/inv_mpu.o
                0x0000000000001542                mpu_set_bypass
 .text.mpu_set_int_latched
                0x000000000000163a       0x70 ./General_Files/eMPL/inv_mpu.o
                0x000000000000163a                mpu_set_int_latched
 .text.mpu_lp_accel_mode
                0x00000000000016aa       0xc6 ./General_Files/eMPL/inv_mpu.o
                0x00000000000016aa                mpu_lp_accel_mode
 .text.mpu_set_sample_rate
                0x0000000000001770       0xac ./General_Files/eMPL/inv_mpu.o
                0x0000000000001770                mpu_set_sample_rate
 .text.mpu_set_sensors
                0x000000000000181c       0xde ./General_Files/eMPL/inv_mpu.o
                0x000000000000181c                mpu_set_sensors
 .text.mpu_init
                0x00000000000018fa      0x158 ./General_Files/eMPL/inv_mpu.o
                0x00000000000018fa                mpu_init
 .text.mpu_write_mem
                0x0000000000001a52       0x7a ./General_Files/eMPL/inv_mpu.o
                0x0000000000001a52                mpu_write_mem
 .text.mpu_read_mem
                0x0000000000001acc       0x7a ./General_Files/eMPL/inv_mpu.o
                0x0000000000001acc                mpu_read_mem
 .text.mpu_load_firmware
                0x0000000000001b46       0xd6 ./General_Files/eMPL/inv_mpu.o
                0x0000000000001b46                mpu_load_firmware
 .text.mpu_set_dmp_state
                0x0000000000001c1c       0x8a ./General_Files/eMPL/inv_mpu.o
                0x0000000000001c1c                mpu_set_dmp_state
 .text.mpu_run_self_test
                0x0000000000001ca6      0x2fa ./General_Files/eMPL/inv_mpu.o
                0x0000000000001ca6                mpu_run_self_test
 .text.mget_ms  0x0000000000001fa0        0x2 ./General_Files/eMPL/inv_mpu.o
                0x0000000000001fa0                mget_ms
 .text.run_self_test
                0x0000000000001fa2       0x80 ./General_Files/eMPL/inv_mpu.o
                0x0000000000001fa2                run_self_test
 .text.inv_row_2_scale
                0x0000000000002022       0x30 ./General_Files/eMPL/inv_mpu.o
                0x0000000000002022                inv_row_2_scale
 .text.inv_orientation_matrix_to_scalar
                0x0000000000002052       0x3a ./General_Files/eMPL/inv_mpu.o
                0x0000000000002052                inv_orientation_matrix_to_scalar
 .text.mpu_dmp_init
                0x000000000000208c       0xa4 ./General_Files/eMPL/inv_mpu.o
                0x000000000000208c                mpu_dmp_init
 .text.mpu_dmp_get_data
                0x0000000000002130      0x10c ./General_Files/eMPL/inv_mpu.o
                0x0000000000002130                mpu_dmp_get_data
 .text.dmp_enable_gyro_cal.part.0
                0x000000000000223c       0x32 ./General_Files/eMPL/inv_mpu_dmp_motion_driver.o
 .text.dmp_load_motion_driver_firmware
                0x000000000000226e       0x18 ./General_Files/eMPL/inv_mpu_dmp_motion_driver.o
                0x000000000000226e                dmp_load_motion_driver_firmware
 .text.dmp_set_orientation
                0x0000000000002286      0x124 ./General_Files/eMPL/inv_mpu_dmp_motion_driver.o
                0x0000000000002286                dmp_set_orientation
 .text.dmp_set_gyro_bias
                0x00000000000023aa      0x110 ./General_Files/eMPL/inv_mpu_dmp_motion_driver.o
                0x00000000000023aa                dmp_set_gyro_bias
 .text.dmp_set_accel_bias
                0x00000000000024ba      0x112 ./General_Files/eMPL/inv_mpu_dmp_motion_driver.o
                0x00000000000024ba                dmp_set_accel_bias
 .text.dmp_set_fifo_rate
                0x00000000000025cc       0x5a ./General_Files/eMPL/inv_mpu_dmp_motion_driver.o
                0x00000000000025cc                dmp_set_fifo_rate
 .text.dmp_set_tap_thresh
                0x0000000000002626      0x172 ./General_Files/eMPL/inv_mpu_dmp_motion_driver.o
                0x0000000000002626                dmp_set_tap_thresh
 .text.dmp_set_tap_axes
                0x0000000000002798       0x4e ./General_Files/eMPL/inv_mpu_dmp_motion_driver.o
                0x0000000000002798                dmp_set_tap_axes
 .text.dmp_set_tap_count
                0x00000000000027e6       0x2e ./General_Files/eMPL/inv_mpu_dmp_motion_driver.o
                0x00000000000027e6                dmp_set_tap_count
 .text.dmp_set_tap_time
                0x0000000000002814       0x28 ./General_Files/eMPL/inv_mpu_dmp_motion_driver.o
                0x0000000000002814                dmp_set_tap_time
 .text.dmp_set_tap_time_multi
                0x000000000000283c       0x28 ./General_Files/eMPL/inv_mpu_dmp_motion_driver.o
                0x000000000000283c                dmp_set_tap_time_multi
 .text.dmp_set_shake_reject_thresh
                0x0000000000002864       0x42 ./General_Files/eMPL/inv_mpu_dmp_motion_driver.o
                0x0000000000002864                dmp_set_shake_reject_thresh
 .text.dmp_set_shake_reject_time
                0x00000000000028a6       0x28 ./General_Files/eMPL/inv_mpu_dmp_motion_driver.o
                0x00000000000028a6                dmp_set_shake_reject_time
 .text.dmp_set_shake_reject_timeout
                0x00000000000028ce       0x28 ./General_Files/eMPL/inv_mpu_dmp_motion_driver.o
                0x00000000000028ce                dmp_set_shake_reject_timeout
 .text.dmp_enable_gyro_cal
                0x00000000000028f6       0x2c ./General_Files/eMPL/inv_mpu_dmp_motion_driver.o
                0x00000000000028f6                dmp_enable_gyro_cal
 .text.dmp_enable_lp_quat
                0x0000000000002922       0x32 ./General_Files/eMPL/inv_mpu_dmp_motion_driver.o
                0x0000000000002922                dmp_enable_lp_quat
 .text.dmp_enable_6x_lp_quat
                0x0000000000002954       0x32 ./General_Files/eMPL/inv_mpu_dmp_motion_driver.o
                0x0000000000002954                dmp_enable_6x_lp_quat
 .text.dmp_enable_feature
                0x0000000000002986      0x1fc ./General_Files/eMPL/inv_mpu_dmp_motion_driver.o
                0x0000000000002986                dmp_enable_feature
 .text.dmp_read_fifo
                0x0000000000002b82      0x202 ./General_Files/eMPL/inv_mpu_dmp_motion_driver.o
                0x0000000000002b82                dmp_read_fifo
 .text.MPU6050_I2C_Mem_Write
                0x0000000000002d84       0xe8 ./General_Files/drivers/MPU6050.o
                0x0000000000002d84                MPU6050_I2C_Mem_Write
 .text.MPU6050_WriteByte
                0x0000000000002e6c       0x1c ./General_Files/drivers/MPU6050.o
 .text.MPU6050_Init
                0x0000000000002e88      0x106 ./General_Files/drivers/MPU6050.o
                0x0000000000002e88                MPU6050_Init
 .text.MPU6050_I2C_Mem_Read
                0x0000000000002f8e      0x14a ./General_Files/drivers/MPU6050.o
                0x0000000000002f8e                MPU6050_I2C_Mem_Read
 .text.MPU6050_Get_Data
                0x00000000000030d8       0x3e ./General_Files/drivers/MPU6050.o
                0x00000000000030d8                MPU6050_Get_Data
 .text.MPU6050_Get_Temp
                0x0000000000003116       0x30 ./General_Files/drivers/MPU6050.o
                0x0000000000003116                MPU6050_Get_Temp
 .text.MPU6050_MPU_DMP_GetData
                0x0000000000003146       0x4e ./General_Files/drivers/MPU6050.o
                0x0000000000003146                MPU6050_MPU_DMP_GetData
 .text.I8080_Write_Byte
                0x0000000000003194       0x78 ./General_Files/drivers/ST7789.o
 .text.I8080_Write_Byte16
                0x000000000000320c       0x20 ./General_Files/drivers/ST7789.o
 .text.ST7789_SetWindows
                0x000000000000322c       0x50 ./General_Files/drivers/ST7789.o
 .text.GT30L32S4W_SendADDR
                0x000000000000327c       0xbe ./General_Files/drivers/ST7789.o
 .text.GT30L32S4W_Read_Byte.constprop.2
                0x000000000000333a       0x62 ./General_Files/drivers/ST7789.o
 .text.GT30L32S4W_ReadData
                0x000000000000339c      0x43a ./General_Files/drivers/ST7789.o
 .text.ST7789_FillColor
                0x00000000000037d6       0x48 ./General_Files/drivers/ST7789.o
                0x00000000000037d6                ST7789_FillColor
 .text.ST7789_Init
                0x000000000000381e      0x39c ./General_Files/drivers/ST7789.o
                0x000000000000381e                ST7789_Init
 .text.ST7789_ShowCHN
                0x0000000000003bba      0x260 ./General_Files/drivers/ST7789.o
                0x0000000000003bba                ST7789_ShowCHN
 .text.ST7789_ShowChar
                0x0000000000003e1a      0x260 ./General_Files/drivers/ST7789.o
                0x0000000000003e1a                ST7789_ShowChar
 .text.ST7789_ShowString
                0x000000000000407a      0x104 ./General_Files/drivers/ST7789.o
                0x000000000000407a                ST7789_ShowString
 .text.System_Init
                0x000000000000417e       0x6e ./General_Files/system.o
                0x000000000000417e                System_Init
 .text.System_Loop
                0x00000000000041ec       0xa8 ./General_Files/system.o
                0x00000000000041ec                System_Loop
 .text.Delay_Init
                0x0000000000004294       0x2a ./Debug/debug.o
                0x0000000000004294                Delay_Init
 .text.Delay_Ms
                0x00000000000042be       0x36 ./Debug/debug.o
                0x00000000000042be                Delay_Ms
 .text.USART_Printf_Init
                0x00000000000042f4       0x5e ./Debug/debug.o
                0x00000000000042f4                USART_Printf_Init
 .text._write   0x0000000000004352       0x50 ./Debug/debug.o
                0x0000000000004352                _write
 .text.asinf    0x00000000000043a2       0xbe d:/mounriver/mounriver_studio/toolchain/risc-v embedded gcc/bin/../lib/gcc/riscv-none-embed/8.2.0/../../../../riscv-none-embed/lib/rv32imafc/ilp32f\libm.a(lib_a-wf_asin.o)
                0x00000000000043a2                asinf
 .text.atan2f   0x0000000000004460        0x2 d:/mounriver/mounriver_studio/toolchain/risc-v embedded gcc/bin/../lib/gcc/riscv-none-embed/8.2.0/../../../../riscv-none-embed/lib/rv32imafc/ilp32f\libm.a(lib_a-wf_atan2.o)
                0x0000000000004460                atan2f
 .text.__ieee754_asinf
                0x0000000000004462      0x252 d:/mounriver/mounriver_studio/toolchain/risc-v embedded gcc/bin/../lib/gcc/riscv-none-embed/8.2.0/../../../../riscv-none-embed/lib/rv32imafc/ilp32f\libm.a(lib_a-ef_asin.o)
                0x0000000000004462                __ieee754_asinf
 .text.__ieee754_atan2f
                0x00000000000046b4      0x1be d:/mounriver/mounriver_studio/toolchain/risc-v embedded gcc/bin/../lib/gcc/riscv-none-embed/8.2.0/../../../../riscv-none-embed/lib/rv32imafc/ilp32f\libm.a(lib_a-ef_atan2.o)
                0x00000000000046b4                __ieee754_atan2f
 .text.__ieee754_sqrtf
                0x0000000000004872       0xcc d:/mounriver/mounriver_studio/toolchain/risc-v embedded gcc/bin/../lib/gcc/riscv-none-embed/8.2.0/../../../../riscv-none-embed/lib/rv32imafc/ilp32f\libm.a(lib_a-ef_sqrt.o)
                0x0000000000004872                __ieee754_sqrtf
 .text.matherr  0x000000000000493e        0x4 d:/mounriver/mounriver_studio/toolchain/risc-v embedded gcc/bin/../lib/gcc/riscv-none-embed/8.2.0/../../../../riscv-none-embed/lib/rv32imafc/ilp32f\libm.a(lib_a-s_matherr.o)
                0x000000000000493e                matherr
 .text.nan      0x0000000000004942        0xe d:/mounriver/mounriver_studio/toolchain/risc-v embedded gcc/bin/../lib/gcc/riscv-none-embed/8.2.0/../../../../riscv-none-embed/lib/rv32imafc/ilp32f\libm.a(lib_a-s_nan.o)
                0x0000000000004942                nan
 .text.atanf    0x0000000000004950      0x204 d:/mounriver/mounriver_studio/toolchain/risc-v embedded gcc/bin/../lib/gcc/riscv-none-embed/8.2.0/../../../../riscv-none-embed/lib/rv32imafc/ilp32f\libm.a(lib_a-sf_atan.o)
                0x0000000000004950                atanf
 .text.fabsf    0x0000000000004b54        0xe d:/mounriver/mounriver_studio/toolchain/risc-v embedded gcc/bin/../lib/gcc/riscv-none-embed/8.2.0/../../../../riscv-none-embed/lib/rv32imafc/ilp32f\libm.a(lib_a-sf_fabs.o)
                0x0000000000004b54                fabsf
 .text.printchar
                0x0000000000004b62       0x4c d:/mounriver/mounriver_studio/toolchain/risc-v embedded gcc/bin/../lib/gcc/riscv-none-embed/8.2.0/../../../../riscv-none-embed/lib/rv32imafc/ilp32f\libprintfloat.a(printfloat.o)
                0x0000000000004b62                printchar
 .text.prints   0x0000000000004bae       0xe0 d:/mounriver/mounriver_studio/toolchain/risc-v embedded gcc/bin/../lib/gcc/riscv-none-embed/8.2.0/../../../../riscv-none-embed/lib/rv32imafc/ilp32f\libprintfloat.a(printfloat.o)
                0x0000000000004bae                prints
 .text.printInt
                0x0000000000004c8e       0xf4 d:/mounriver/mounriver_studio/toolchain/risc-v embedded gcc/bin/../lib/gcc/riscv-none-embed/8.2.0/../../../../riscv-none-embed/lib/rv32imafc/ilp32f\libprintfloat.a(printfloat.o)
                0x0000000000004c8e                printInt
 .text.printLongLongInt
                0x0000000000004d82      0x126 d:/mounriver/mounriver_studio/toolchain/risc-v embedded gcc/bin/../lib/gcc/riscv-none-embed/8.2.0/../../../../riscv-none-embed/lib/rv32imafc/ilp32f\libprintfloat.a(printfloat.o)
                0x0000000000004d82                printLongLongInt
 .text.printDouble
                0x0000000000004ea8      0x100 d:/mounriver/mounriver_studio/toolchain/risc-v embedded gcc/bin/../lib/gcc/riscv-none-embed/8.2.0/../../../../riscv-none-embed/lib/rv32imafc/ilp32f\libprintfloat.a(printfloat.o)
                0x0000000000004ea8                printDouble
 .text.print    0x0000000000004fa8      0x358 d:/mounriver/mounriver_studio/toolchain/risc-v embedded gcc/bin/../lib/gcc/riscv-none-embed/8.2.0/../../../../riscv-none-embed/lib/rv32imafc/ilp32f\libprintfloat.a(printfloat.o)
                0x0000000000004fa8                print
 .text.printf   0x0000000000005300       0x24 d:/mounriver/mounriver_studio/toolchain/risc-v embedded gcc/bin/../lib/gcc/riscv-none-embed/8.2.0/../../../../riscv-none-embed/lib/rv32imafc/ilp32f\libprintfloat.a(printfloat.o)
                0x0000000000005300                printf
 .text.puts     0x0000000000005324       0x54 d:/mounriver/mounriver_studio/toolchain/risc-v embedded gcc/bin/../lib/gcc/riscv-none-embed/8.2.0/../../../../riscv-none-embed/lib/rv32imafc/ilp32f\libprintfloat.a(printfloat.o)
                0x0000000000005324                puts
 .text.__divdi3
                0x0000000000005378      0x3d8 d:/mounriver/mounriver_studio/toolchain/risc-v embedded gcc/bin/../lib/gcc/riscv-none-embed/8.2.0/rv32imafc/ilp32f\libgcc.a(_divdi3.o)
                0x0000000000005378                __divdi3
 .text.__udivdi3
                0x0000000000005750      0x398 d:/mounriver/mounriver_studio/toolchain/risc-v embedded gcc/bin/../lib/gcc/riscv-none-embed/8.2.0/rv32imafc/ilp32f\libgcc.a(_udivdi3.o)
                0x0000000000005750                __udivdi3
 .text.__umoddi3
                0x0000000000005ae8      0x38e d:/mounriver/mounriver_studio/toolchain/risc-v embedded gcc/bin/../lib/gcc/riscv-none-embed/8.2.0/rv32imafc/ilp32f\libgcc.a(_umoddi3.o)
                0x0000000000005ae8                __umoddi3
 .text.__ledf2  0x0000000000005e76       0xb6 d:/mounriver/mounriver_studio/toolchain/risc-v embedded gcc/bin/../lib/gcc/riscv-none-embed/8.2.0/rv32imafc/ilp32f\libgcc.a(ledf2.o)
                0x0000000000005e76                __ledf2
                0x0000000000005e76                __ltdf2
 .text.__muldf3
                0x0000000000005f2c      0x656 d:/mounriver/mounriver_studio/toolchain/risc-v embedded gcc/bin/../lib/gcc/riscv-none-embed/8.2.0/rv32imafc/ilp32f\libgcc.a(muldf3.o)
                0x0000000000005f2c                __muldf3
 .text.__subdf3
                0x0000000000006582      0xa8c d:/mounriver/mounriver_studio/toolchain/risc-v embedded gcc/bin/../lib/gcc/riscv-none-embed/8.2.0/rv32imafc/ilp32f\libgcc.a(subdf3.o)
                0x0000000000006582                __subdf3
 .text.__fixdfdi
                0x000000000000700e      0x130 d:/mounriver/mounriver_studio/toolchain/risc-v embedded gcc/bin/../lib/gcc/riscv-none-embed/8.2.0/rv32imafc/ilp32f\libgcc.a(fixdfdi.o)
                0x000000000000700e                __fixdfdi
 .text.__floatdidf
                0x000000000000713e      0x21c d:/mounriver/mounriver_studio/toolchain/risc-v embedded gcc/bin/../lib/gcc/riscv-none-embed/8.2.0/rv32imafc/ilp32f\libgcc.a(floatdidf.o)
                0x000000000000713e                __floatdidf
 .text.__extendsfdf2
                0x000000000000735a       0xe8 d:/mounriver/mounriver_studio/toolchain/risc-v embedded gcc/bin/../lib/gcc/riscv-none-embed/8.2.0/rv32imafc/ilp32f\libgcc.a(extendsfdf2.o)
                0x000000000000735a                __extendsfdf2
 .text.__truncdfsf2
                0x0000000000007442      0x31e d:/mounriver/mounriver_studio/toolchain/risc-v embedded gcc/bin/../lib/gcc/riscv-none-embed/8.2.0/rv32imafc/ilp32f\libgcc.a(truncdfsf2.o)
                0x0000000000007442                __truncdfsf2
 .text.__clzsi2
                0x0000000000007760       0x76 d:/mounriver/mounriver_studio/toolchain/risc-v embedded gcc/bin/../lib/gcc/riscv-none-embed/8.2.0/rv32imafc/ilp32f\libgcc.a(_clzsi2.o)
                0x0000000000007760                __clzsi2
 .text.__errno  0x00000000000077d6        0x8 d:/mounriver/mounriver_studio/toolchain/risc-v embedded gcc/bin/../lib/gcc/riscv-none-embed/8.2.0/../../../../riscv-none-embed/lib/rv32imafc/ilp32f\libg_nano.a(lib_a-errno.o)
                0x00000000000077d6                __errno
 .text.memcmp   0x00000000000077de       0x26 d:/mounriver/mounriver_studio/toolchain/risc-v embedded gcc/bin/../lib/gcc/riscv-none-embed/8.2.0/../../../../riscv-none-embed/lib/rv32imafc/ilp32f\libg_nano.a(lib_a-memcmp.o)
                0x00000000000077de                memcmp
 .text.memcpy   0x0000000000007804       0xb6 d:/mounriver/mounriver_studio/toolchain/risc-v embedded gcc/bin/../lib/gcc/riscv-none-embed/8.2.0/../../../../riscv-none-embed/lib/rv32imafc/ilp32f\libg_nano.a(lib_a-memcpy.o)
                0x0000000000007804                memcpy
 *(.rodata)
 *fill*         0x00000000000078ba        0x2 
 .rodata        0x00000000000078bc       0x2f ./General_Files/eMPL/inv_mpu_dmp_motion_driver.o
 *(.rodata*)
 *fill*         0x00000000000078eb        0x1 
 .rodata.main.str1.4
                0x00000000000078ec       0x28 ./User/main.o
 .rodata.mpu_get_lpf
                0x0000000000007914       0x18 ./General_Files/eMPL/inv_mpu.o
 .rodata.hw     0x000000000000792c        0xc ./General_Files/eMPL/inv_mpu.o
                0x000000000000792c                hw
 .rodata.mpu_dmp_get_data.cst4
                0x0000000000007938        0xc ./General_Files/eMPL/inv_mpu.o
 .rodata.mpu_dmp_init.str1.4
                0x0000000000007944       0x12 ./General_Files/eMPL/inv_mpu.o
 *fill*         0x0000000000007956        0x2 
 .rodata.mpu_get_gyro_sens.cst4
                0x0000000000007958       0x10 ./General_Files/eMPL/inv_mpu.o
 .rodata.mpu_init.str1.4
                0x0000000000007968       0x91 ./General_Files/eMPL/inv_mpu.o
 *fill*         0x00000000000079f9        0x3 
 .rodata.mpu_run_self_test.cst4
                0x00000000000079fc       0x30 ./General_Files/eMPL/inv_mpu.o
 .rodata.reg    0x0000000000007a2c       0x1b ./General_Files/eMPL/inv_mpu.o
                0x0000000000007a2c                reg
 *fill*         0x0000000000007a47        0x1 
 .rodata.test   0x0000000000007a48       0x28 ./General_Files/eMPL/inv_mpu.o
                0x0000000000007a48                test
 .rodata.dmp_memory
                0x0000000000007a70      0xbf6 ./General_Files/eMPL/inv_mpu_dmp_motion_driver.o
 *fill*         0x0000000000008666        0x2 
 .rodata.dmp_set_tap_thresh.cst4
                0x0000000000008668       0x24 ./General_Files/eMPL/inv_mpu_dmp_motion_driver.o
 .rodata.MPU6050_Get_Temp.cst4
                0x000000000000868c        0x8 ./General_Files/drivers/MPU6050.o
 .rodata.MPU6050_Init.str1.4
                0x0000000000008694       0x1b ./General_Files/drivers/MPU6050.o
 *fill*         0x00000000000086af        0x1 
 .rodata.System_Init.str1.4
                0x00000000000086b0       0x39 ./General_Files/system.o
 *fill*         0x00000000000086e9        0x3 
 .rodata.System_Loop.str1.4
                0x00000000000086ec       0x5b ./General_Files/system.o
 .rodata.asinf.cst4
                0x0000000000008747        0x4 d:/mounriver/mounriver_studio/toolchain/risc-v embedded gcc/bin/../lib/gcc/riscv-none-embed/8.2.0/../../../../riscv-none-embed/lib/rv32imafc/ilp32f\libm.a(lib_a-wf_asin.o)
 *fill*         0x0000000000008747        0x1 
 .rodata.asinf.str1.4
                0x0000000000008748        0x6 d:/mounriver/mounriver_studio/toolchain/risc-v embedded gcc/bin/../lib/gcc/riscv-none-embed/8.2.0/../../../../riscv-none-embed/lib/rv32imafc/ilp32f\libm.a(lib_a-wf_asin.o)
                                          0x9 (size before relaxing)
 *fill*         0x000000000000874e        0x2 
 .rodata.__ieee754_asinf.cst4
                0x0000000000008750       0x44 d:/mounriver/mounriver_studio/toolchain/risc-v embedded gcc/bin/../lib/gcc/riscv-none-embed/8.2.0/../../../../riscv-none-embed/lib/rv32imafc/ilp32f\libm.a(lib_a-ef_asin.o)
                                         0x48 (size before relaxing)
 .rodata.__ieee754_atan2f.cst4
                0x0000000000008794       0x20 d:/mounriver/mounriver_studio/toolchain/risc-v embedded gcc/bin/../lib/gcc/riscv-none-embed/8.2.0/../../../../riscv-none-embed/lib/rv32imafc/ilp32f\libm.a(lib_a-ef_atan2.o)
                                         0x28 (size before relaxing)
 *fill*         0x00000000000087b4        0x4 
 .rodata.nan.cst8
                0x00000000000087b8        0x8 d:/mounriver/mounriver_studio/toolchain/risc-v embedded gcc/bin/../lib/gcc/riscv-none-embed/8.2.0/../../../../riscv-none-embed/lib/rv32imafc/ilp32f\libm.a(lib_a-s_nan.o)
 .rodata.atanf.cst4
                0x00000000000087c0       0x34 d:/mounriver/mounriver_studio/toolchain/risc-v embedded gcc/bin/../lib/gcc/riscv-none-embed/8.2.0/../../../../riscv-none-embed/lib/rv32imafc/ilp32f\libm.a(lib_a-sf_atan.o)
                                         0x48 (size before relaxing)
 .rodata.atanhi
                0x00000000000087f4       0x10 d:/mounriver/mounriver_studio/toolchain/risc-v embedded gcc/bin/../lib/gcc/riscv-none-embed/8.2.0/../../../../riscv-none-embed/lib/rv32imafc/ilp32f\libm.a(lib_a-sf_atan.o)
 .rodata.atanlo
                0x0000000000008804       0x10 d:/mounriver/mounriver_studio/toolchain/risc-v embedded gcc/bin/../lib/gcc/riscv-none-embed/8.2.0/../../../../riscv-none-embed/lib/rv32imafc/ilp32f\libm.a(lib_a-sf_atan.o)
 .rodata.print.str1.4
                0x0000000000008814        0x8 d:/mounriver/mounriver_studio/toolchain/risc-v embedded gcc/bin/../lib/gcc/riscv-none-embed/8.2.0/../../../../riscv-none-embed/lib/rv32imafc/ilp32f\libprintfloat.a(printfloat.o)
                                          0x7 (size before relaxing)
 .rodata.__muldf3
                0x000000000000881c       0x40 d:/mounriver/mounriver_studio/toolchain/risc-v embedded gcc/bin/../lib/gcc/riscv-none-embed/8.2.0/rv32imafc/ilp32f\libgcc.a(muldf3.o)
 .rodata.__clz_tab
                0x000000000000885c      0x100 d:/mounriver/mounriver_studio/toolchain/risc-v embedded gcc/bin/../lib/gcc/riscv-none-embed/8.2.0/rv32imafc/ilp32f\libgcc.a(_clz.o)
                0x000000000000885c                __clz_tab
 *(.glue_7)
 *(.glue_7t)
 *(.gnu.linkonce.t.*)
                0x000000000000895c                . = ALIGN (0x4)

.rela.dyn       0x000000000000895c        0x0
 .rela.text.startup.main
                0x000000000000895c        0x0 ./User/ch32v30x_it.o
 .rela.init     0x000000000000895c        0x0 ./User/ch32v30x_it.o
 .rela.vector   0x000000000000895c        0x0 ./User/ch32v30x_it.o
 .rela.text.handle_reset
                0x000000000000895c        0x0 ./User/ch32v30x_it.o
 .rela.text.mpu_init
                0x000000000000895c        0x0 ./User/ch32v30x_it.o
 .rela.text.mpu_dmp_init
                0x000000000000895c        0x0 ./User/ch32v30x_it.o
 .rela.text.MPU6050_Init
                0x000000000000895c        0x0 ./User/ch32v30x_it.o
 .rela.text.System_Init
                0x000000000000895c        0x0 ./User/ch32v30x_it.o
 .rela.text.System_Loop
                0x000000000000895c        0x0 ./User/ch32v30x_it.o
 .rela.text.prints
                0x000000000000895c        0x0 ./User/ch32v30x_it.o
 .rela.text.printInt
                0x000000000000895c        0x0 ./User/ch32v30x_it.o
 .rela.text.printLongLongInt
                0x000000000000895c        0x0 ./User/ch32v30x_it.o
 .rela.text.printDouble
                0x000000000000895c        0x0 ./User/ch32v30x_it.o
 .rela.text.print
                0x000000000000895c        0x0 ./User/ch32v30x_it.o
 .rela.text.printf
                0x000000000000895c        0x0 ./User/ch32v30x_it.o
 .rela.data.impure_data
                0x000000000000895c        0x0 ./User/ch32v30x_it.o

.fini           0x000000000000895c        0x0
 *(SORT_NONE(.fini))
                0x000000000000895c                . = ALIGN (0x4)
                [!provide]                        PROVIDE (_etext = .)
                [!provide]                        PROVIDE (_eitcm = .)

.preinit_array  0x000000000000895c        0x0
                [!provide]                        PROVIDE (__preinit_array_start = .)
 *(.preinit_array)
                [!provide]                        PROVIDE (__preinit_array_end = .)

.init_array     0x000000000000895c        0x0
                [!provide]                        PROVIDE (__init_array_start = .)
 *(SORT_BY_INIT_PRIORITY(.init_array.*) SORT_BY_INIT_PRIORITY(.ctors.*))
 *(.init_array EXCLUDE_FILE(*crtend?.o *crtend.o *crtbegin?.o *crtbegin.o) .ctors)
                [!provide]                        PROVIDE (__init_array_end = .)

.fini_array     0x000000000000895c        0x0
                [!provide]                        PROVIDE (__fini_array_start = .)
 *(SORT_BY_INIT_PRIORITY(.fini_array.*) SORT_BY_INIT_PRIORITY(.dtors.*))
 *(.fini_array EXCLUDE_FILE(*crtend?.o *crtend.o *crtbegin?.o *crtbegin.o) .dtors)
                [!provide]                        PROVIDE (__fini_array_end = .)

.ctors
 *crtbegin.o(.ctors)
 *crtbegin?.o(.ctors)
 *(EXCLUDE_FILE(*crtend?.o *crtend.o) .ctors)
 *(SORT_BY_NAME(.ctors.*))
 *(.ctors)

.dtors
 *crtbegin.o(.dtors)
 *crtbegin?.o(.dtors)
 *(EXCLUDE_FILE(*crtend?.o *crtend.o) .dtors)
 *(SORT_BY_NAME(.dtors.*))
 *(.dtors)

.dalign         0x0000000020000000        0x0 load address 0x000000000000895c
                0x0000000020000000                . = ALIGN (0x4)
                0x0000000020000000                PROVIDE (_data_vma = .)

.dlalign        0x000000000000895c        0x0
                0x000000000000895c                . = ALIGN (0x4)
                0x000000000000895c                PROVIDE (_data_lma = .)

.data           0x0000000020000000       0xb8 load address 0x000000000000895c
 *(.gnu.linkonce.r.*)
 *(.data .data.*)
 .data.APBAHBPrescTable
                0x0000000020000000       0x10 ./Peripheral/src/ch32v30x_rcc.o
 .data.gyro_orientation
                0x0000000020000010        0x9 ./General_Files/eMPL/inv_mpu.o
 *fill*         0x0000000020000019        0x3 
 .data.st       0x000000002000001c       0x2c ./General_Files/eMPL/inv_mpu.o
 .data.impure_data
                0x0000000020000048       0x60 d:/mounriver/mounriver_studio/toolchain/risc-v embedded gcc/bin/../lib/gcc/riscv-none-embed/8.2.0/../../../../riscv-none-embed/lib/rv32imafc/ilp32f\libg_nano.a(lib_a-impure.o)
 *(.gnu.linkonce.d.*)
                0x00000000200000a8                . = ALIGN (0x8)
                0x00000000200008a8                PROVIDE (__global_pointer$ = (. + 0x800))
 *(.sdata .sdata.*)
 .sdata.SystemCoreClock
                0x00000000200000a8        0x4 ./User/system_ch32v30x.o
                0x00000000200000a8                SystemCoreClock
 .sdata.ADCPrescTable
                0x00000000200000ac        0x4 ./Peripheral/src/ch32v30x_rcc.o
 .sdata.__fdlib_version
                0x00000000200000b0        0x4 d:/mounriver/mounriver_studio/toolchain/risc-v embedded gcc/bin/../lib/gcc/riscv-none-embed/8.2.0/../../../../riscv-none-embed/lib/rv32imafc/ilp32f\libm.a(lib_a-s_lib_ver.o)
                0x00000000200000b0                __fdlib_version
 .sdata._impure_ptr
                0x00000000200000b4        0x4 d:/mounriver/mounriver_studio/toolchain/risc-v embedded gcc/bin/../lib/gcc/riscv-none-embed/8.2.0/../../../../riscv-none-embed/lib/rv32imafc/ilp32f\libg_nano.a(lib_a-impure.o)
                0x00000000200000b4                _impure_ptr
 *(.sdata2.*)
 *(.gnu.linkonce.s.*)
                0x00000000200000b8                . = ALIGN (0x8)
 *(.srodata.cst16)
 *(.srodata.cst8)
 *(.srodata.cst4)
 *(.srodata.cst2)
 *(.srodata .srodata.*)
                0x00000000200000b8                . = ALIGN (0x4)
                0x00000000200000b8                PROVIDE (_edata = .)

.bss            0x00000000200000b8       0x2c load address 0x0000000000008a14
                0x00000000200000b8                . = ALIGN (0x4)
                0x00000000200000b8                PROVIDE (_sbss = .)
 *(.sbss*)
 .sbss.NVIC_Priority_Group
                0x00000000200000b8        0x4 ./Peripheral/src/ch32v30x_misc.o
                0x00000000200000b8                NVIC_Priority_Group
 .sbss.p_ms     0x00000000200000bc        0x2 ./Debug/debug.o
 .sbss.p_us     0x00000000200000be        0x1 ./Debug/debug.o
 *(.gnu.linkonce.sb.*)
 *(.bss*)
 *fill*         0x00000000200000bf        0x1 
 .bss.dmp       0x00000000200000c0       0x10 ./General_Files/eMPL/inv_mpu_dmp_motion_driver.o
 .bss.MPU6050_para
                0x00000000200000d0       0x14 ./General_Files/drivers/MPU6050.o
                0x00000000200000d0                MPU6050_para
 *(.gnu.linkonce.b.*)
 *(COMMON*)
                0x00000000200000e4                . = ALIGN (0x4)
                0x00000000200000e4                PROVIDE (_ebss = .)
                0x00000000200000e4                PROVIDE (_end = _ebss)
                [!provide]                        PROVIDE (end = .)

.stack          0x0000000020007800      0x800
                0x0000000020007800                PROVIDE (_heap_end = .)
                0x0000000020007800                . = ALIGN (0x4)
                [!provide]                        PROVIDE (_susrstack = .)
                0x0000000020008000                . = (. + __stack_size)
 *fill*         0x0000000020007800      0x800 
                0x0000000020008000                PROVIDE (_eusrstack = .)
OUTPUT(MPU6050 IMUÇý¶¯.elf elf32-littleriscv)

.debug_info     0x0000000000000000    0x151b3
 .debug_info    0x0000000000000000      0x962 ./User/ch32v30x_it.o
 .debug_info    0x0000000000000962      0xa1e ./User/main.o
 .debug_info    0x0000000000001380      0xb63 ./User/system_ch32v30x.o
 .debug_info    0x0000000000001ee3       0x22 ./Startup/startup_ch32v30x_D8C.o
 .debug_info    0x0000000000001f05     0x115e ./Peripheral/src/ch32v30x_gpio.o
 .debug_info    0x0000000000003063     0x1481 ./Peripheral/src/ch32v30x_i2c.o
 .debug_info    0x00000000000044e4      0xf6d ./Peripheral/src/ch32v30x_misc.o
 .debug_info    0x0000000000005451     0x155d ./Peripheral/src/ch32v30x_rcc.o
 .debug_info    0x00000000000069ae     0x12cd ./Peripheral/src/ch32v30x_spi.o
 .debug_info    0x0000000000007c7b     0x1420 ./Peripheral/src/ch32v30x_usart.o
 .debug_info    0x000000000000909b     0x434e ./General_Files/eMPL/inv_mpu.o
 .debug_info    0x000000000000d3e9     0x1b5d ./General_Files/eMPL/inv_mpu_dmp_motion_driver.o
 .debug_info    0x000000000000ef46     0x15e7 ./General_Files/drivers/MPU6050.o
 .debug_info    0x000000000001052d     0x3092 ./General_Files/drivers/ST7789.o
 .debug_info    0x00000000000135bf      0xcd8 ./General_Files/system.o
 .debug_info    0x0000000000014297      0xf1c ./Debug/debug.o

.debug_abbrev   0x0000000000000000     0x31b9
 .debug_abbrev  0x0000000000000000      0x1cf ./User/ch32v30x_it.o
 .debug_abbrev  0x00000000000001cf      0x21b ./User/main.o
 .debug_abbrev  0x00000000000003ea      0x2c0 ./User/system_ch32v30x.o
 .debug_abbrev  0x00000000000006aa       0x12 ./Startup/startup_ch32v30x_D8C.o
 .debug_abbrev  0x00000000000006bc      0x3e9 ./Peripheral/src/ch32v30x_gpio.o
 .debug_abbrev  0x0000000000000aa5      0x3aa ./Peripheral/src/ch32v30x_i2c.o
 .debug_abbrev  0x0000000000000e4f      0x2fb ./Peripheral/src/ch32v30x_misc.o
 .debug_abbrev  0x000000000000114a      0x351 ./Peripheral/src/ch32v30x_rcc.o
 .debug_abbrev  0x000000000000149b      0x325 ./Peripheral/src/ch32v30x_spi.o
 .debug_abbrev  0x00000000000017c0      0x325 ./Peripheral/src/ch32v30x_usart.o
 .debug_abbrev  0x0000000000001ae5      0x4bf ./General_Files/eMPL/inv_mpu.o
 .debug_abbrev  0x0000000000001fa4      0x3bb ./General_Files/eMPL/inv_mpu_dmp_motion_driver.o
 .debug_abbrev  0x000000000000235f      0x3d6 ./General_Files/drivers/MPU6050.o
 .debug_abbrev  0x0000000000002735      0x515 ./General_Files/drivers/ST7789.o
 .debug_abbrev  0x0000000000002c4a      0x276 ./General_Files/system.o
 .debug_abbrev  0x0000000000002ec0      0x2f9 ./Debug/debug.o

.debug_aranges  0x0000000000000000      0xa10
 .debug_aranges
                0x0000000000000000       0x28 ./User/ch32v30x_it.o
 .debug_aranges
                0x0000000000000028       0x20 ./User/main.o
 .debug_aranges
                0x0000000000000048       0x28 ./User/system_ch32v30x.o
 .debug_aranges
                0x0000000000000070       0x30 ./Startup/startup_ch32v30x_D8C.o
 .debug_aranges
                0x00000000000000a0       0xb0 ./Peripheral/src/ch32v30x_gpio.o
 .debug_aranges
                0x0000000000000150      0x110 ./Peripheral/src/ch32v30x_i2c.o
 .debug_aranges
                0x0000000000000260       0x28 ./Peripheral/src/ch32v30x_misc.o
 .debug_aranges
                0x0000000000000288      0x1a8 ./Peripheral/src/ch32v30x_rcc.o
 .debug_aranges
                0x0000000000000430       0xd0 ./Peripheral/src/ch32v30x_spi.o
 .debug_aranges
                0x0000000000000500      0x100 ./Peripheral/src/ch32v30x_usart.o
 .debug_aranges
                0x0000000000000600      0x1b0 ./General_Files/eMPL/inv_mpu.o
 .debug_aranges
                0x00000000000007b0       0xf8 ./General_Files/eMPL/inv_mpu_dmp_motion_driver.o
 .debug_aranges
                0x00000000000008a8       0x50 ./General_Files/drivers/MPU6050.o
 .debug_aranges
                0x00000000000008f8       0xa8 ./General_Files/drivers/ST7789.o
 .debug_aranges
                0x00000000000009a0       0x28 ./General_Files/system.o
 .debug_aranges
                0x00000000000009c8       0x48 ./Debug/debug.o

.debug_ranges   0x0000000000000000     0x1258
 .debug_ranges  0x0000000000000000       0x18 ./User/ch32v30x_it.o
 .debug_ranges  0x0000000000000018       0x10 ./User/main.o
 .debug_ranges  0x0000000000000028       0x38 ./User/system_ch32v30x.o
 .debug_ranges  0x0000000000000060       0x28 ./Startup/startup_ch32v30x_D8C.o
 .debug_ranges  0x0000000000000088       0xd0 ./Peripheral/src/ch32v30x_gpio.o
 .debug_ranges  0x0000000000000158      0x100 ./Peripheral/src/ch32v30x_i2c.o
 .debug_ranges  0x0000000000000258       0x48 ./Peripheral/src/ch32v30x_misc.o
 .debug_ranges  0x00000000000002a0      0x198 ./Peripheral/src/ch32v30x_rcc.o
 .debug_ranges  0x0000000000000438       0xc0 ./Peripheral/src/ch32v30x_spi.o
 .debug_ranges  0x00000000000004f8       0xf0 ./Peripheral/src/ch32v30x_usart.o
 .debug_ranges  0x00000000000005e8      0x860 ./General_Files/eMPL/inv_mpu.o
 .debug_ranges  0x0000000000000e48      0x120 ./General_Files/eMPL/inv_mpu_dmp_motion_driver.o
 .debug_ranges  0x0000000000000f68       0x88 ./General_Files/drivers/MPU6050.o
 .debug_ranges  0x0000000000000ff0      0x218 ./General_Files/drivers/ST7789.o
 .debug_ranges  0x0000000000001208       0x18 ./General_Files/system.o
 .debug_ranges  0x0000000000001220       0x38 ./Debug/debug.o

.debug_line     0x0000000000000000    0x127cc
 .debug_line    0x0000000000000000      0x247 ./User/ch32v30x_it.o
 .debug_line    0x0000000000000247      0x41b ./User/main.o
 .debug_line    0x0000000000000662      0x77f ./User/system_ch32v30x.o
 .debug_line    0x0000000000000de1      0x356 ./Startup/startup_ch32v30x_D8C.o
 .debug_line    0x0000000000001137      0xe97 ./Peripheral/src/ch32v30x_gpio.o
 .debug_line    0x0000000000001fce     0x11b9 ./Peripheral/src/ch32v30x_i2c.o
 .debug_line    0x0000000000003187      0x522 ./Peripheral/src/ch32v30x_misc.o
 .debug_line    0x00000000000036a9     0x1843 ./Peripheral/src/ch32v30x_rcc.o
 .debug_line    0x0000000000004eec      0xdf5 ./Peripheral/src/ch32v30x_spi.o
 .debug_line    0x0000000000005ce1     0x10fc ./Peripheral/src/ch32v30x_usart.o
 .debug_line    0x0000000000006ddd     0x50dc ./General_Files/eMPL/inv_mpu.o
 .debug_line    0x000000000000beb9     0x2376 ./General_Files/eMPL/inv_mpu_dmp_motion_driver.o
 .debug_line    0x000000000000e22f      0xd1e ./General_Files/drivers/MPU6050.o
 .debug_line    0x000000000000ef4d     0x2c42 ./General_Files/drivers/ST7789.o
 .debug_line    0x0000000000011b8f      0x4da ./General_Files/system.o
 .debug_line    0x0000000000012069      0x763 ./Debug/debug.o

.debug_str      0x0000000000000000     0x3716
 .debug_str     0x0000000000000000      0x557 ./User/ch32v30x_it.o
                                        0x5e1 (size before relaxing)
 .debug_str     0x0000000000000557       0x78 ./User/main.o
                                        0x62a (size before relaxing)
 .debug_str     0x00000000000005cf      0x104 ./User/system_ch32v30x.o
                                        0x6db (size before relaxing)
 .debug_str     0x00000000000006d3       0x2e ./Startup/startup_ch32v30x_D8C.o
                                         0x82 (size before relaxing)
 .debug_str     0x0000000000000701      0x3d8 ./Peripheral/src/ch32v30x_gpio.o
                                        0x9ab (size before relaxing)
 .debug_str     0x0000000000000ad9      0x4c0 ./Peripheral/src/ch32v30x_i2c.o
                                        0xb0b (size before relaxing)
 .debug_str     0x0000000000000f99      0x6a5 ./Peripheral/src/ch32v30x_misc.o
                                        0xcf6 (size before relaxing)
 .debug_str     0x000000000000163e      0x551 ./Peripheral/src/ch32v30x_rcc.o
                                        0xcec (size before relaxing)
 .debug_str     0x0000000000001b8f      0x35d ./Peripheral/src/ch32v30x_spi.o
                                        0xaba (size before relaxing)
 .debug_str     0x0000000000001eec      0x409 ./Peripheral/src/ch32v30x_usart.o
                                        0xb42 (size before relaxing)
 .debug_str     0x00000000000022f5      0xaf7 ./General_Files/eMPL/inv_mpu.o
                                       0x11e5 (size before relaxing)
 .debug_str     0x0000000000002dec      0x371 ./General_Files/eMPL/inv_mpu_dmp_motion_driver.o
                                        0xada (size before relaxing)
 .debug_str     0x000000000000315d       0xdd ./General_Files/drivers/MPU6050.o
                                        0xa81 (size before relaxing)
 .debug_str     0x000000000000323a      0x443 ./General_Files/drivers/ST7789.o
                                        0xdf6 (size before relaxing)
 .debug_str     0x000000000000367d       0x1a ./General_Files/system.o
                                        0x85f (size before relaxing)
 .debug_str     0x0000000000003697       0x7f ./Debug/debug.o
                                        0x92a (size before relaxing)

.comment        0x0000000000000000       0x33
 .comment       0x0000000000000000       0x33 ./User/ch32v30x_it.o
                                         0x34 (size before relaxing)
 .comment       0x0000000000000033       0x34 ./User/main.o
 .comment       0x0000000000000033       0x34 ./User/system_ch32v30x.o
 .comment       0x0000000000000033       0x34 ./Peripheral/src/ch32v30x_gpio.o
 .comment       0x0000000000000033       0x34 ./Peripheral/src/ch32v30x_i2c.o
 .comment       0x0000000000000033       0x34 ./Peripheral/src/ch32v30x_misc.o
 .comment       0x0000000000000033       0x34 ./Peripheral/src/ch32v30x_rcc.o
 .comment       0x0000000000000033       0x34 ./Peripheral/src/ch32v30x_spi.o
 .comment       0x0000000000000033       0x34 ./Peripheral/src/ch32v30x_usart.o
 .comment       0x0000000000000033       0x34 ./General_Files/eMPL/inv_mpu.o
 .comment       0x0000000000000033       0x34 ./General_Files/eMPL/inv_mpu_dmp_motion_driver.o
 .comment       0x0000000000000033       0x34 ./General_Files/drivers/MPU6050.o
 .comment       0x0000000000000033       0x34 ./General_Files/drivers/ST7789.o
 .comment       0x0000000000000033       0x34 ./General_Files/system.o
 .comment       0x0000000000000033       0x34 ./Debug/debug.o
 .comment       0x0000000000000033       0x34 d:/mounriver/mounriver_studio/toolchain/risc-v embedded gcc/bin/../lib/gcc/riscv-none-embed/8.2.0/../../../../riscv-none-embed/lib/rv32imafc/ilp32f\libprintfloat.a(printfloat.o)

.debug_frame    0x0000000000000000     0x2058
 .debug_frame   0x0000000000000000       0x30 ./User/ch32v30x_it.o
 .debug_frame   0x0000000000000030       0x28 ./User/main.o
 .debug_frame   0x0000000000000058       0x3c ./User/system_ch32v30x.o
 .debug_frame   0x0000000000000094      0x160 ./Peripheral/src/ch32v30x_gpio.o
 .debug_frame   0x00000000000001f4      0x25c ./Peripheral/src/ch32v30x_i2c.o
 .debug_frame   0x0000000000000450       0x30 ./Peripheral/src/ch32v30x_misc.o
 .debug_frame   0x0000000000000480      0x340 ./Peripheral/src/ch32v30x_rcc.o
 .debug_frame   0x00000000000007c0      0x1b8 ./Peripheral/src/ch32v30x_spi.o
 .debug_frame   0x0000000000000978      0x210 ./Peripheral/src/ch32v30x_usart.o
 .debug_frame   0x0000000000000b88      0x6f0 ./General_Files/eMPL/inv_mpu.o
 .debug_frame   0x0000000000001278      0x38c ./General_Files/eMPL/inv_mpu_dmp_motion_driver.o
 .debug_frame   0x0000000000001604      0x12c ./General_Files/drivers/MPU6050.o
 .debug_frame   0x0000000000001730      0x450 ./General_Files/drivers/ST7789.o
 .debug_frame   0x0000000000001b80       0x54 ./General_Files/system.o
 .debug_frame   0x0000000000001bd4       0xa4 ./Debug/debug.o
 .debug_frame   0x0000000000001c78       0x4c d:/mounriver/mounriver_studio/toolchain/risc-v embedded gcc/bin/../lib/gcc/riscv-none-embed/8.2.0/../../../../riscv-none-embed/lib/rv32imafc/ilp32f\libm.a(lib_a-wf_asin.o)
 .debug_frame   0x0000000000001cc4       0x20 d:/mounriver/mounriver_studio/toolchain/risc-v embedded gcc/bin/../lib/gcc/riscv-none-embed/8.2.0/../../../../riscv-none-embed/lib/rv32imafc/ilp32f\libm.a(lib_a-wf_atan2.o)
 .debug_frame   0x0000000000001ce4       0x4c d:/mounriver/mounriver_studio/toolchain/risc-v embedded gcc/bin/../lib/gcc/riscv-none-embed/8.2.0/../../../../riscv-none-embed/lib/rv32imafc/ilp32f\libm.a(lib_a-ef_asin.o)
 .debug_frame   0x0000000000001d30       0x44 d:/mounriver/mounriver_studio/toolchain/risc-v embedded gcc/bin/../lib/gcc/riscv-none-embed/8.2.0/../../../../riscv-none-embed/lib/rv32imafc/ilp32f\libm.a(lib_a-ef_atan2.o)
 .debug_frame   0x0000000000001d74       0x20 d:/mounriver/mounriver_studio/toolchain/risc-v embedded gcc/bin/../lib/gcc/riscv-none-embed/8.2.0/../../../../riscv-none-embed/lib/rv32imafc/ilp32f\libm.a(lib_a-ef_sqrt.o)
 .debug_frame   0x0000000000001d94       0x20 d:/mounriver/mounriver_studio/toolchain/risc-v embedded gcc/bin/../lib/gcc/riscv-none-embed/8.2.0/../../../../riscv-none-embed/lib/rv32imafc/ilp32f\libm.a(lib_a-s_matherr.o)
 .debug_frame   0x0000000000001db4       0x20 d:/mounriver/mounriver_studio/toolchain/risc-v embedded gcc/bin/../lib/gcc/riscv-none-embed/8.2.0/../../../../riscv-none-embed/lib/rv32imafc/ilp32f\libm.a(lib_a-s_nan.o)
 .debug_frame   0x0000000000001dd4       0x68 d:/mounriver/mounriver_studio/toolchain/risc-v embedded gcc/bin/../lib/gcc/riscv-none-embed/8.2.0/../../../../riscv-none-embed/lib/rv32imafc/ilp32f\libm.a(lib_a-sf_atan.o)
 .debug_frame   0x0000000000001e3c       0x20 d:/mounriver/mounriver_studio/toolchain/risc-v embedded gcc/bin/../lib/gcc/riscv-none-embed/8.2.0/../../../../riscv-none-embed/lib/rv32imafc/ilp32f\libm.a(lib_a-sf_fabs.o)
 .debug_frame   0x0000000000001e5c       0x20 d:/mounriver/mounriver_studio/toolchain/risc-v embedded gcc/bin/../lib/gcc/riscv-none-embed/8.2.0/rv32imafc/ilp32f\libgcc.a(ledf2.o)
 .debug_frame   0x0000000000001e7c       0x58 d:/mounriver/mounriver_studio/toolchain/risc-v embedded gcc/bin/../lib/gcc/riscv-none-embed/8.2.0/rv32imafc/ilp32f\libgcc.a(muldf3.o)
 .debug_frame   0x0000000000001ed4       0x44 d:/mounriver/mounriver_studio/toolchain/risc-v embedded gcc/bin/../lib/gcc/riscv-none-embed/8.2.0/rv32imafc/ilp32f\libgcc.a(subdf3.o)
 .debug_frame   0x0000000000001f18       0x20 d:/mounriver/mounriver_studio/toolchain/risc-v embedded gcc/bin/../lib/gcc/riscv-none-embed/8.2.0/rv32imafc/ilp32f\libgcc.a(fixdfdi.o)
 .debug_frame   0x0000000000001f38       0x48 d:/mounriver/mounriver_studio/toolchain/risc-v embedded gcc/bin/../lib/gcc/riscv-none-embed/8.2.0/rv32imafc/ilp32f\libgcc.a(floatdidf.o)
 .debug_frame   0x0000000000001f80       0x38 d:/mounriver/mounriver_studio/toolchain/risc-v embedded gcc/bin/../lib/gcc/riscv-none-embed/8.2.0/rv32imafc/ilp32f\libgcc.a(extendsfdf2.o)
 .debug_frame   0x0000000000001fb8       0x20 d:/mounriver/mounriver_studio/toolchain/risc-v embedded gcc/bin/../lib/gcc/riscv-none-embed/8.2.0/rv32imafc/ilp32f\libgcc.a(truncdfsf2.o)
 .debug_frame   0x0000000000001fd8       0x20 d:/mounriver/mounriver_studio/toolchain/risc-v embedded gcc/bin/../lib/gcc/riscv-none-embed/8.2.0/rv32imafc/ilp32f\libgcc.a(_clzsi2.o)
 .debug_frame   0x0000000000001ff8       0x20 d:/mounriver/mounriver_studio/toolchain/risc-v embedded gcc/bin/../lib/gcc/riscv-none-embed/8.2.0/../../../../riscv-none-embed/lib/rv32imafc/ilp32f\libg_nano.a(lib_a-errno.o)
 .debug_frame   0x0000000000002018       0x20 d:/mounriver/mounriver_studio/toolchain/risc-v embedded gcc/bin/../lib/gcc/riscv-none-embed/8.2.0/../../../../riscv-none-embed/lib/rv32imafc/ilp32f\libg_nano.a(lib_a-memcmp.o)
 .debug_frame   0x0000000000002038       0x20 d:/mounriver/mounriver_studio/toolchain/risc-v embedded gcc/bin/../lib/gcc/riscv-none-embed/8.2.0/../../../../riscv-none-embed/lib/rv32imafc/ilp32f\libg_nano.a(lib_a-memcpy.o)

.debug_loc      0x0000000000000000     0x91c4
 .debug_loc     0x0000000000000000       0xe5 ./User/system_ch32v30x.o
 .debug_loc     0x00000000000000e5      0x6fb ./Peripheral/src/ch32v30x_gpio.o
 .debug_loc     0x00000000000007e0      0x726 ./Peripheral/src/ch32v30x_i2c.o
 .debug_loc     0x0000000000000f06       0xce ./Peripheral/src/ch32v30x_misc.o
 .debug_loc     0x0000000000000fd4      0xa54 ./Peripheral/src/ch32v30x_rcc.o
 .debug_loc     0x0000000000001a28      0x5e2 ./Peripheral/src/ch32v30x_spi.o
 .debug_loc     0x000000000000200a      0x7f8 ./Peripheral/src/ch32v30x_usart.o
 .debug_loc     0x0000000000002802     0x3bdd ./General_Files/eMPL/inv_mpu.o
 .debug_loc     0x00000000000063df      0xa74 ./General_Files/eMPL/inv_mpu_dmp_motion_driver.o
 .debug_loc     0x0000000000006e53      0x222 ./General_Files/drivers/MPU6050.o
 .debug_loc     0x0000000000007075     0x1fa7 ./General_Files/drivers/ST7789.o
 .debug_loc     0x000000000000901c      0x1a8 ./Debug/debug.o
